-- hashes
sha1 a9993e364706816aba3e25717850c26c9cd0d89d
sha224 23097d223405d8228642a477bda255b32aadbce4bda0b3f7e36c9da7
sha256 ba7816bf8f01cfea414140de5dae2223b00361a396177a9cb410ff61f20015ad
sha256_empty e3b0c44298fc1c149afbf4c8996fb92427ae41e4649b934ca495991b7852b855
sha256_1000a 41edece42d63e8d9bf515a9ba6932e1c20cbc9f5a5d134645adb5db1b9737ea3
sha384 cb00753f45a35e8bb5a03d699ac65007272c32ab0eded1631a8b605a43ff5bed8086072ba1e7cc2358baeca134c825a7
sha512 ddaf35a193617abacc417349ae20413112e6fa4e89a97ea20a9eeee64b55d39a2192992a274fc1a836ba3c23a3feebbd454d4423643ce80e2a9ac94fa54ca49f
sha3_224 e642824c3f8cf24ad09234ee7d3c766fc9a3a5168d0c94ad73b46fdf
sha3_256 3a985da74fe225b2045c172d6bd390bd855f086e3e9d525b46bfe24511431532
sha3_384 ec01498288516fc926459f58e2c6ad8df9b473cb0fc08c2596da7cf0e49be4b298d88cea927ac7f539f1edf228376d25
sha3_512 b751850b1a57168a5693cd924b6b096e08f621827444f70d884f5d0240d2712e10e116e9192af3c91a7ec57647e3934057340b4cf408d5a56592f8274eec53f0
blake3_empty af1349b9f5f9a1a6a0404dea36dcc9499bcb25c9adc112b7cc9a93cae41f3262
blake3 6437b3ac38465133ffb63b75273a8db548c558465d79db03fd359c6cd5bd9d85
blake3_1024 42214739f095a406f3fc83deb889744ac00df831c10daa55189b5d121c855af7
blake3_1025 d00278ae47eb27b34faecf67b4fe263f82d5412916c1ffd97c8cb7fb814b8444
blake3_2049 5f4d72f40d7a5f82b15ca2b2e44b1de3c2ef86c426c95c1af0b6879522563030
hasher_sha256 ba7816bf8f01cfea414140de5dae2223b00361a396177a9cb410ff61f20015ad
-- mac and kdf
hmac_rfc4231_1 b0344c61d8db38535ca8afceaf0bf12b881dc200c9833da726e9376c2e32cff7
hmac_rfc4231_2 5bdcc146bf60754e6a042426089575c75a003f089d2739839dec58b964ec3843
hmac_rfc4231_6 60e431591ee0b67f0d8a26aacbf5b77f8e0bc6213728c5140546040f0ee37f54
hkdf_rfc5869_a1 true
pbkdf2_c1 120fb6cffcf8b32c43e7225256c4f837a86548c92ccc35480805987cb70be17b
pbkdf2_c2 ae4d0c95af6b46d32d0adff928f06dd02a303f8ef3c251dfd6e2d85a95474c43
pbkdf2_c4096 c5e478d59288c841aa530db6845c4c8d962893a001ce4e11a4963873aa98134a
ct_equal_bytes true false false
-- key agreement
x25519_public_alice 8520f0098930a754748b7ddcb43ef75a0dbf3a0d26381af4eba4a98eaa9b4e6a
x25519_shared 4a5d9d5ba4ce2de1728e3bf480350f25e07e21c947d19e3376f09b3c1e161742
x25519_shared_symmetric true
-- envelopes
x25519_recipient_text jetx255191s5s0qzvfxzn4gayt0hwtg0hhtgxm7wsdycup4a8t5j5ca25mfe4qe55x72
x25519_recipient_roundtrip true
x25519_recipient_uppercase true
seal_open true
open_wrong_aad OpenFailed
open_wrong_key Err
wrap_unwrap true
unwrap_wrong_key Err
-- signatures
ed25519_sig1 e5564300c360ac729086e2cc806e828a84877f1eb8e5d974d873e065224901555fb8821590a33bacc61e39701cf9b46bd25bf5f0595bbe24655141438e7a100b
ed25519_verify1 true
ed25519_sig2 92a009a9f0d4cab8720e820b5f642540a2b27b5416503f8fb3762223ebdb69da085ac1e43e15996e458f3613d0f11d8c387b2eaeb4302aeeb00d291612bb0c00
ed25519_verify2 true false
signing_public_key true
verify_key_from_short true
-- passwords
password_hash_with_salt $argon2id$v=19$m=65536,t=3,p=1$c2FsdHNhbHQ$pq+p3LZqU67wF5b5KbRQdbc/ij+Q3RIR9Du4YZ7OVZk
password_verify true false
-- expert
x25519_raw 4a5d9d5ba4ce2de1728e3bf480350f25e07e21c947d19e3376f09b3c1e161742
hkdf_raw_a1 3cb25f25faacd57a90434f64d0362f2a2d2d0a90cf1a5a4c5db02d56ecc4c5bf34007208d5b887185865
ed25519_sign_matches_typed true
ed25519_verify_strict true
aes256gcm_tc13 530f8afbc74536b9a963b4f1c4cb738b
aes256gcm_tc14 cea7403d4d606b6e074ec5d3baf39d18d0d1c8a799996bf0265b98b5d48ab919
aes256gcm_open true
xchacha_a31 bd6d179d3e83d43b9576579493c0e939572a1700252bfaccbed2902c21396cbb731c7f1b0b4aa6440bf3a82f4eda7e39ae64c6708c54c216cb96b72e1213b4522f8c9ba40db5d945b11b69b982c1bb9e3f3fac2bc369488f76b2383565d3fff921f9664c97637da9768812f615c68b13b52ec0875924c1c7987947deafd8780acf49
xchacha_open true
argon2id_m8192_t1_p1 1d152226c599f626f75a7642cb23423b
argon2id_m8192_t2_p2 d1e83aa7383f70873a171b453206a00daca5340f3505542e17b41ed62d3b110e
-- typed length errors
aes256gcm_short_key Length
aes256gcm_short_nonce Err
aes256gcm_short_box Err
xchacha_short_nonce Err
xchacha_short_box Err
ed25519_short_seed Err
ed25519_short_signature Err
x25519_raw_short_key Err
hkdf_raw_too_long Err
argon2id_short_salt Err
hkdf_too_long Length
pbkdf2_zero_iterations Length
x25519_public_short Err
x25519_long_public Err
sign_short_key KeyRejected
verify_short_signature KeyRejected
seal_no_recipients Err
password_short_salt Err
csprng_negative Err
csprng_len 32
