len 7
get 12017618986949271521 -> 12017618986949271521 has true
get 9223372036854775808 -> 9223372036854775808 has true
get 5000000000000000000 -> 5000000000000000000 has true
get 42 -> 42 has true
get -7 -> -7 has true
get -9223372036854775809 -> -9223372036854775809 has true
get 340282366920938463463374607431768211457 -> 340282366920938463463374607431768211457 has true
computed 12017618986949271521 -> 12017618986949271521
absent missing has false
keys [-9223372036854775809, -7, 42, 5000000000000000000, 9223372036854775808, 12017618986949271521, 340282366920938463463374607431768211457]
key -9223372036854775809
key -7
key 42
key 5000000000000000000
key 9223372036854775808
key 12017618986949271521
key 340282366920938463463374607431768211457
entry -9223372036854775809 -9223372036854775809
entry -7 -7
entry 42 42
entry 5000000000000000000 5000000000000000000
entry 9223372036854775808 9223372036854775808
entry 12017618986949271521 12017618986949271521
entry 340282366920938463463374607431768211457 340282366920938463463374607431768211457
replaced replaced len 7
removed 9223372036854775808
removed again missing
after [-9223372036854775809, -7, 42, 5000000000000000000, 12017618986949271521, 340282366920938463463374607431768211457] len 6
