operator sum: 13835058055282163712
list sum: 13835058055282163712
lazy sum: 13835058055282163712
past max: 9223372036854775808
operator product: 21267647932558653966460912964485513216
list product: 21267647932558653966460912964485513216
lazy product: 21267647932558653966460912964485513216
lazy len: 3
wide sum: 4
wide average: 1.0 1.0
int average: 3.0 3.0
float average: 2.5 2.5
empty sum: 0 product: 1
empty average: 0.0
empty min absent: true max absent: true
float min: 1.0 max is NaN: true
float max: 3.0
take 0: []
skip 0: [1, 2, 3, 4, 5]
take past end: [1, 2, 3, 4, 5]
skip past end: []
step 2: [1, 3, 5]
step past end: [1]
