new_empty: 0 cap=0
len: 4
has 2: true
has 5: false
after remove: len=3
union sorted: [1, 3, 4, 5]
intersection sorted: [3, 4]
difference sorted: [1]
symmetric difference sorted: [1, 5]
subset: true
superset: true
disjoint: true
copy_equal: true
to_set_equal: true
first_in_set: true
empty_first_none: true
capacity_ok: true
values sorted: [1, 3, 4]
all positive: true
filtered gt2 sorted: [3, 4]
each visited sorted: [1, 3, 4]
max: 4
min: 1
fold sum: 8
mapped doubled sorted: [2, 6, 8]
flat_map sorted: [1, 3, 4, 10, 30, 40]
sorted: [1, 3, 4]
shuffled len and contents (sorted for a stable golden): 3 [1, 3, 4]
pop existing: 3
has after pop: false
pop missing: true
sorted intersection: [3]
sorted difference: [1, 2]
sorted symmetric difference: [1, 2, 4]
sorted subset: true
sorted superset: true
sorted disjoint: true
sorted_new_empty: 0
is_empty: false
