warning: Git tree '/home/nate/Projects/Github/jet' is dirty
"/nix/store/.links/0y858j5xa73ykk5d83hmhl16hgrlkrlckjam8xnwjryv4rrsk2jz" has maximum number of links
"/nix/store/.links/0y858j5xa73ykk5d83hmhl16hgrlkrlckjam8xnwjryv4rrsk2jz" has maximum number of links
"/nix/store/.links/0y858j5xa73ykk5d83hmhl16hgrlkrlckjam8xnwjryv4rrsk2jz" has maximum number of links
"/nix/store/.links/0y858j5xa73ykk5d83hmhl16hgrlkrlckjam8xnwjryv4rrsk2jz" has maximum number of links
"/nix/store/.links/0y858j5xa73ykk5d83hmhl16hgrlkrlckjam8xnwjryv4rrsk2jz" has maximum number of links
"/nix/store/.links/0y858j5xa73ykk5d83hmhl16hgrlkrlckjam8xnwjryv4rrsk2jz" has maximum number of links
"/nix/store/.links/0y858j5xa73ykk5d83hmhl16hgrlkrlckjam8xnwjryv4rrsk2jz" has maximum number of links
"/nix/store/.links/0y858j5xa73ykk5d83hmhl16hgrlkrlckjam8xnwjryv4rrsk2jz" has maximum number of links
"/nix/store/.links/0y858j5xa73ykk5d83hmhl16hgrlkrlckjam8xnwjryv4rrsk2jz" has maximum number of links
"/nix/store/.links/0y858j5xa73ykk5d83hmhl16hgrlkrlckjam8xnwjryv4rrsk2jz" has maximum number of links
"/nix/store/.links/0y858j5xa73ykk5d83hmhl16hgrlkrlckjam8xnwjryv4rrsk2jz" has maximum number of links
"/nix/store/.links/0y858j5xa73ykk5d83hmhl16hgrlkrlckjam8xnwjryv4rrsk2jz" has maximum number of links
"/nix/store/.links/0y858j5xa73ykk5d83hmhl16hgrlkrlckjam8xnwjryv4rrsk2jz" has maximum number of links
"/nix/store/.links/0y858j5xa73ykk5d83hmhl16hgrlkrlckjam8xnwjryv4rrsk2jz" has maximum number of links
"/nix/store/.links/0y858j5xa73ykk5d83hmhl16hgrlkrlckjam8xnwjryv4rrsk2jz" has maximum number of links
"/nix/store/.links/0y858j5xa73ykk5d83hmhl16hgrlkrlckjam8xnwjryv4rrsk2jz" has maximum number of links
"/nix/store/.links/0y858j5xa73ykk5d83hmhl16hgrlkrlckjam8xnwjryv4rrsk2jz" has maximum number of links
"/nix/store/.links/0y858j5xa73ykk5d83hmhl16hgrlkrlckjam8xnwjryv4rrsk2jz" has maximum number of links
"/nix/store/.links/0y858j5xa73ykk5d83hmhl16hgrlkrlckjam8xnwjryv4rrsk2jz" has maximum number of links
"/nix/store/.links/0y858j5xa73ykk5d83hmhl16hgrlkrlckjam8xnwjryv4rrsk2jz" has maximum number of links
"/nix/store/.links/0y858j5xa73ykk5d83hmhl16hgrlkrlckjam8xnwjryv4rrsk2jz" has maximum number of links
"/nix/store/.links/0y858j5xa73ykk5d83hmhl16hgrlkrlckjam8xnwjryv4rrsk2jz" has maximum number of links
"/nix/store/.links/0y858j5xa73ykk5d83hmhl16hgrlkrlckjam8xnwjryv4rrsk2jz" has maximum number of links
"/nix/store/.links/0y858j5xa73ykk5d83hmhl16hgrlkrlckjam8xnwjryv4rrsk2jz" has maximum number of links
"/nix/store/.links/0y858j5xa73ykk5d83hmhl16hgrlkrlckjam8xnwjryv4rrsk2jz" has maximum number of links
"/nix/store/.links/0y858j5xa73ykk5d83hmhl16hgrlkrlckjam8xnwjryv4rrsk2jz" has maximum number of links
"/nix/store/.links/0y858j5xa73ykk5d83hmhl16hgrlkrlckjam8xnwjryv4rrsk2jz" has maximum number of links
"/nix/store/.links/0y858j5xa73ykk5d83hmhl16hgrlkrlckjam8xnwjryv4rrsk2jz" has maximum number of links
"/nix/store/.links/0y858j5xa73ykk5d83hmhl16hgrlkrlckjam8xnwjryv4rrsk2jz" has maximum number of links
"/nix/store/.links/0y858j5xa73ykk5d83hmhl16hgrlkrlckjam8xnwjryv4rrsk2jz" has maximum number of links
Jet dev shell
  build:    cargo build
  run:      jet run examples/features/basics/hello.jet
  package:  jetpack help
  search:   rg "pattern" docs Source tests
  LSP:      jet lsp        (tests: cargo test --test lsp)
  editor:   editors/vscode/install.sh   (Cursor/VS Code)
            editors/zed/install.sh        (Zed dev extension)
  debug:    jet debug <file.jet>  (native lldb backend: tests/debug.rs)
  release:  nix build .#jet
   Compiling jet v1.0.0 (/home/nate/Projects/Github/jet)
    Finished `dev` profile [unoptimized + debuginfo] target(s) in 3.61s
