    Blocking waiting for file lock on build directory
   Compiling jet v1.0.0 (/home/nate/Projects/Github/jet)
   Compiling jet-sema v1.0.0 (/home/nate/Projects/Github/jet/crates/jet-sema)
error: expected `,`, found `.`
   --> crates/jet-sema/src/Sema/CheckerCore/switches.rs:501:99
    |
501 |                         "this `{}` over `{}` has no `{}` arm — range arms can't cover every value".to_string(),
    |                                                                                                   ^ expected `,`

error: argument never used
   --> crates/jet-sema/src/Sema/CheckerCore/switches.rs:504:25
    |
501 |                         "this `{}` over `{}` has no `{}` arm — range arms can't cover every value".to_string(),
    |                         -------------------------------------------------------------------------- formatting specifier missing
...
504 |                         Syntax::KW_ELSE,
    |                         ^^^^^^^^^^^^^^^ argument never used

error: expected `,`, found `.`
   --> crates/jet-sema/src/Sema/CheckerCore/switches.rs:521:94
    |
521 | ...                   "this multi-head function doesn't cover every case — missing: {}".to_string(),
    |                                                                                        ^ expected `,`

error: argument never used
   --> crates/jet-sema/src/Sema/CheckerCore/switches.rs:522:29
    |
521 | ...                   "this multi-head function doesn't cover every case — missing: {}".to_string(),
    |                       ----------------------------------------------------------------- formatting specifier missing
522 | ...                   missing.join(", ")
    |                       ^^^^^^^^^^^^^^^^^^ argument never used

error: expected `,`, found `.`
   --> crates/jet-sema/src/Sema/CheckerCore/switches.rs:880:74
    |
880 | ...                   "this `{}` matches bytes but has no `{}` arm".to_string(),
    |                                                                    ^ expected `,`

error: argument never used
   --> crates/jet-sema/src/Sema/CheckerCore/switches.rs:882:29
    |
880 | ...                   "this `{}` matches bytes but has no `{}` arm".to_string(),
    |                       --------------------------------------------- formatting specifier missing
881 | ...                   Syntax::KW_IF,
882 | ...                   Syntax::KW_ELSE
    |                       ^^^^^^^^^^^^^^^ argument never used

error: expected `,`, found `.`
   --> crates/jet-sema/src/Sema/CheckerCore/switches.rs:896:73
    |
896 | ...                   "this `{}` matches text but has no `{}` arm".to_string(),
    |                                                                   ^ expected `,`

error: argument never used
   --> crates/jet-sema/src/Sema/CheckerCore/switches.rs:898:29
    |
896 | ...                   "this `{}` matches text but has no `{}` arm".to_string(),
    |                       -------------------------------------------- formatting specifier missing
897 | ...                   Syntax::KW_IF,
898 | ...                   Syntax::KW_ELSE
    |                       ^^^^^^^^^^^^^^^ argument never used

error: expected `,`, found `.`
   --> crates/jet-sema/src/Sema/CheckerCore/switches.rs:912:58
    |
912 | ...                   "this `{}` needs an `{}` arm".to_string(),
    |                                                    ^ expected `,`

error: argument never used
   --> crates/jet-sema/src/Sema/CheckerCore/switches.rs:914:29
    |
912 | ...                   "this `{}` needs an `{}` arm".to_string(),
    |                       ----------------------------- formatting specifier missing
913 | ...                   Syntax::KW_IF,
914 | ...                   Syntax::KW_ELSE
    |                       ^^^^^^^^^^^^^^^ argument never used

error: expected `,`, found `.`
    --> crates/jet-sema/src/Sema/CheckerCore/switches.rs:1114:108
     |
1114 | ...                   "readiness receive arms must share one element type, got {} and {}".to_string(),
     |                                                                                          ^ expected `,`

error: argument never used
    --> crates/jet-sema/src/Sema/CheckerCore/switches.rs:1116:41
     |
1114 | ...                   "readiness receive arms must share one element type, got {} and {}".to_string(),
     |                       ------------------------------------------------------------------- formatting specifier missing
1115 | ...                   previous.show(),
1116 | ...                   payload.show()
     |                       ^^^^^^^^^^^^^^ argument never used

error[E0425]: cannot find function `to_string` in this scope
   --> crates/jet-sema/src/Sema/CheckerCore/switches.rs:501:100
    |
501 |                         "this `{}` over `{}` has no `{}` arm — range arms can't cover every value".to_string(),
    |                                                                                                    ^^^^^^^^^ not found in this scope

error[E0425]: cannot find function `to_string` in this scope
   --> crates/jet-sema/src/Sema/CheckerCore/switches.rs:521:95
    |
521 | ...                   "this multi-head function doesn't cover every case — missing: {}".to_string(),
    |                                                                                         ^^^^^^^^^ not found in this scope

error[E0425]: cannot find function `to_string` in this scope
   --> crates/jet-sema/src/Sema/CheckerCore/switches.rs:880:75
    |
880 | ...                   "this `{}` matches bytes but has no `{}` arm".to_string(),
    |                                                                     ^^^^^^^^^ not found in this scope

error[E0425]: cannot find function `to_string` in this scope
   --> crates/jet-sema/src/Sema/CheckerCore/switches.rs:896:74
    |
896 | ...                   "this `{}` matches text but has no `{}` arm".to_string(),
    |                                                                    ^^^^^^^^^ not found in this scope

error[E0425]: cannot find function `to_string` in this scope
   --> crates/jet-sema/src/Sema/CheckerCore/switches.rs:912:59
    |
912 | ...                   "this `{}` needs an `{}` arm".to_string(),
    |                                                     ^^^^^^^^^ not found in this scope

error[E0425]: cannot find function `to_string` in this scope
    --> crates/jet-sema/src/Sema/CheckerCore/switches.rs:1114:109
     |
1114 | ...                   "readiness receive arms must share one element type, got {} and {}".to_string(),
     |                                                                                           ^^^^^^^^^ not found in this scope

error[E0308]: mismatched types
    --> crates/jet-sema/src/Sema/CheckerCore/switches.rs:1119:37
     |
1111 | ...                   self.diags.push(Diagnostic::error(
     |                                       ----------------- arguments to this function are incorrect
...
1119 | ...                       "use receivers with the same T, or split the table",
     |                           ^^^^^^^^^^^^^^^^^^^^^^^^^^^^^^^^^^^^^^^^^^^^^^^^^^^ expected `String`, found `&str`
     |
note: associated function defined here
    --> crates/jet-foundation/src/Diagnostics.rs:285:12
     |
 285 |     pub fn error(
     |            ^^^^^
help: try using a conversion method
     |
1119 |                                     "use receivers with the same T, or split the table".to_string(),
     |                                                                                        ++++++++++++

Some errors have detailed explanations: E0308, E0425.
For more information about an error, try `rustc --explain E0308`.
error: could not compile `jet-sema` (lib) due to 19 previous errors
