warning: trait `__jet_Display` should have an upper camel case name
 --> /jet/build/run.rs:4:11
  |
4 | pub trait __jet_Display {
  |           ^^^^^^^^^^^^^ help: convert the identifier to upper camel case: `JetDisplay`
  |
  = note: `#[warn(non_camel_case_types)]` (part of `#[warn(nonstandard_style)]`) on by default

warning: trait `__jet_Equatable` should have an upper camel case name
 --> /jet/build/run.rs:8:11
  |
8 | pub trait __jet_Equatable: Sized { fn equal(&self, rhs: &Self) -> bool; }
  |           ^^^^^^^^^^^^^^^ help: convert the identifier to upper camel case: `JetEquatable`

warning: type `__jet_Ordering` should have an upper camel case name
  --> /jet/build/run.rs:24:10
   |
24 | pub enum __jet_Ordering { __jet_Less, __jet_Equal, __jet_Greater }
   |          ^^^^^^^^^^^^^^ help: convert the identifier to upper camel case: `JetOrdering`

warning: variant `__jet_Less` should have an upper camel case name
  --> /jet/build/run.rs:24:27
   |
24 | pub enum __jet_Ordering { __jet_Less, __jet_Equal, __jet_Greater }
   |                           ^^^^^^^^^^ help: convert the identifier to upper camel case: `JetLess`

warning: variant `__jet_Equal` should have an upper camel case name
  --> /jet/build/run.rs:24:39
   |
24 | pub enum __jet_Ordering { __jet_Less, __jet_Equal, __jet_Greater }
   |                                       ^^^^^^^^^^^ help: convert the identifier to upper camel case: `JetEqual`

warning: variant `__jet_Greater` should have an upper camel case name
  --> /jet/build/run.rs:24:52
   |
24 | pub enum __jet_Ordering { __jet_Less, __jet_Equal, __jet_Greater }
   |                                                    ^^^^^^^^^^^^^ help: convert the identifier to upper camel case: `JetGreater`

warning: trait `__jet_Comparable` should have an upper camel case name
  --> /jet/build/run.rs:26:11
   |
26 | pub trait __jet_Comparable: Sized { fn compare(&self, rhs: &Self) -> __jet_Ordering; }
   |           ^^^^^^^^^^^^^^^^ help: convert the identifier to upper camel case: `JetComparable`

warning: trait `__jet_Add` should have an upper camel case name
  --> /jet/build/run.rs:38:11
   |
38 | pub trait __jet_Add<Rhs = Self>: Sized { type Output; fn add(&self, rhs: &Rhs) -> Self::Output; }
   |           ^^^^^^^^^ help: convert the identifier to upper camel case: `JetAdd`

warning: trait `__jet_Sub` should have an upper camel case name
  --> /jet/build/run.rs:39:11
   |
39 | pub trait __jet_Sub<Rhs = Self>: Sized { type Output; fn sub(&self, rhs: &Rhs) -> Self::Output; }
   |           ^^^^^^^^^ help: convert the identifier to upper camel case: `JetSub`

warning: trait `__jet_Mul` should have an upper camel case name
  --> /jet/build/run.rs:40:11
   |
40 | pub trait __jet_Mul<Rhs = Self>: Sized { type Output; fn mul(&self, rhs: &Rhs) -> Self::Output; }
   |           ^^^^^^^^^ help: convert the identifier to upper camel case: `JetMul`

warning: trait `__jet_Div` should have an upper camel case name
  --> /jet/build/run.rs:41:11
   |
41 | pub trait __jet_Div<Rhs = Self>: Sized { type Output; fn div(&self, rhs: &Rhs) -> Self::Output; }
   |           ^^^^^^^^^ help: convert the identifier to upper camel case: `JetDiv`

warning: trait `__jet_Index` should have an upper camel case name
  --> /jet/build/run.rs:42:11
   |
42 | pub trait __jet_Index {
   |           ^^^^^^^^^^^ help: convert the identifier to upper camel case: `JetIndex`

warning: associated type `__jet_Key` should have an upper camel case name
  --> /jet/build/run.rs:43:10
   |
43 |     type __jet_Key;
   |          ^^^^^^^^^ help: convert the identifier to upper camel case: `JetKey`

warning: associated type `__jet_Value` should have an upper camel case name
  --> /jet/build/run.rs:44:10
   |
44 |     type __jet_Value;
   |          ^^^^^^^^^^^ help: convert the identifier to upper camel case: `JetValue`

warning: trait `__jet_IndexMut` should have an upper camel case name
  --> /jet/build/run.rs:47:11
   |
47 | pub trait __jet_IndexMut: __jet_Index {
   |           ^^^^^^^^^^^^^^ help: convert the identifier to upper camel case: `JetIndexMut`

warning: trait `__jet_Serialize` should have an upper camel case name
     --> /jet/build/run.rs:41665:7
      |
41665 | trait __jet_Serialize {
      |       ^^^^^^^^^^^^^^^ help: convert the identifier to upper camel case: `JetSerialize`

warning: unused import: `Cell`
     --> /jet/build/run.rs:46190:21
      |
46190 |     use std::cell::{Cell, RefCell};
      |                     ^^^^
      |
      = note: `#[warn(unused_imports)]` (part of `#[warn(unused)]`) on by default

warning: unused import: `JetUninit`
     --> /jet/build/run.rs:46194:43
      |
46194 |     pub use super::jet_uninit_semantics::{JetUninit, JetUninitFixed};
      |                                           ^^^^^^^^^

warning: unused imports: `JetSentryFrame`, `JetSentryGuard`, `jet_sentry_current_frame`, `jet_sentry_fenced_scope`, `jet_sentry_frame`, `jet_sentry_policy_scope`, `jet_sentry_reset`, `jet_sentry_scope`, and `jet_sentry_set_hardened`
     --> /jet/build/run.rs:46207:35
      |
46207 |         jet_memory_ledger_record, jet_sentry_current_frame, jet_sentry_fenced_scope,
      |                                   ^^^^^^^^^^^^^^^^^^^^^^^^  ^^^^^^^^^^^^^^^^^^^^^^^
46208 |         jet_sentry_frame, jet_sentry_policy_scope, jet_sentry_reset, jet_sentry_scope,
      |         ^^^^^^^^^^^^^^^^  ^^^^^^^^^^^^^^^^^^^^^^^  ^^^^^^^^^^^^^^^^  ^^^^^^^^^^^^^^^^
46209 |         jet_sentry_set_hardened, JetSentryFrame, JetSentryGuard, MemoryLedgerWitness,
      |         ^^^^^^^^^^^^^^^^^^^^^^^  ^^^^^^^^^^^^^^  ^^^^^^^^^^^^^^

warning: unused import: `crate::jet_encoding_json::render_json`
     --> /jet/build/run.rs:66189:13
      |
66189 |     pub use crate::jet_encoding_json::render_json;
      |             ^^^^^^^^^^^^^^^^^^^^^^^^^^^^^^^^^^^^^

warning: unnecessary parentheses around block return value
     --> /jet/build/run.rs:70251:13
      |
70251 |             (((exponent as u64 + 1023) << 52) | (top & ((1u64 << 52) - 1)))
      |             ^                                                             ^
      |
      = note: `#[warn(unused_parens)]` (part of `#[warn(unused)]`) on by default
help: remove these parentheses
      |
70251 -             (((exponent as u64 + 1023) << 52) | (top & ((1u64 << 52) - 1)))
70251 +             ((exponent as u64 + 1023) << 52) | (top & ((1u64 << 52) - 1))
      |

warning: unused import: `crate::jet_int_compare_hot`
     --> /jet/build/run.rs:70596:9
      |
70596 | pub use crate::jet_int_compare_hot;
      |         ^^^^^^^^^^^^^^^^^^^^^^^^^^

warning: unused import: `crate::jet_int_add_hot`
     --> /jet/build/run.rs:70620:9
      |
70620 | pub use crate::jet_int_add_hot;
      |         ^^^^^^^^^^^^^^^^^^^^^^

warning: unused import: `crate::jet_int_sub_hot`
     --> /jet/build/run.rs:70644:9
      |
70644 | pub use crate::jet_int_sub_hot;
      |         ^^^^^^^^^^^^^^^^^^^^^^

warning: unused import: `crate::jet_int_mul_hot`
     --> /jet/build/run.rs:70668:9
      |
70668 | pub use crate::jet_int_mul_hot;
      |         ^^^^^^^^^^^^^^^^^^^^^^

warning: unused import: `crate::jet_int_add_inline`
     --> /jet/build/run.rs:70682:9
      |
70682 | pub use crate::jet_int_add_inline;
      |         ^^^^^^^^^^^^^^^^^^^^^^^^^

warning: unused import: `crate::jet_int_sub_inline`
     --> /jet/build/run.rs:70692:9
      |
70692 | pub use crate::jet_int_sub_inline;
      |         ^^^^^^^^^^^^^^^^^^^^^^^^^

warning: unused import: `crate::jet_int_mul_inline`
     --> /jet/build/run.rs:70702:9
      |
70702 | pub use crate::jet_int_mul_inline;
      |         ^^^^^^^^^^^^^^^^^^^^^^^^^

warning: unused import: `crate::jet_int_compare_inline`
     --> /jet/build/run.rs:70716:9
      |
70716 | pub use crate::jet_int_compare_inline;
      |         ^^^^^^^^^^^^^^^^^^^^^^^^^^^^^

warning: unused import: `crate::jet_int_neg_inline`
     --> /jet/build/run.rs:70725:9
      |
70725 | pub use crate::jet_int_neg_inline;
      |         ^^^^^^^^^^^^^^^^^^^^^^^^^

warning: unused import: `crate::jet_int_bit_and_hot`
     --> /jet/build/run.rs:70744:9
      |
70744 | pub use crate::jet_int_bit_and_hot;
      |         ^^^^^^^^^^^^^^^^^^^^^^^^^^

warning: unused import: `crate::jet_int_bit_or_hot`
     --> /jet/build/run.rs:70760:9
      |
70760 | pub use crate::jet_int_bit_or_hot;
      |         ^^^^^^^^^^^^^^^^^^^^^^^^^

warning: unused import: `crate::jet_int_bit_xor_hot`
     --> /jet/build/run.rs:70776:9
      |
70776 | pub use crate::jet_int_bit_xor_hot;
      |         ^^^^^^^^^^^^^^^^^^^^^^^^^^

warning: unused imports: `JetCellEditGuard` and `JetCellReadGuard`
     --> /jet/build/run.rs:77309:35
      |
77309 | pub use self::jet_cell::{JetCell, JetCellEditGuard, JetCellReadGuard};
      |                                   ^^^^^^^^^^^^^^^^  ^^^^^^^^^^^^^^^^

warning: unused imports: `JetStreamSender` and `jet_stream_task`
     --> /jet/build/run.rs:78250:21
      |
78250 |     pub use super::{jet_stream_task, JetStream, JetStreamSender};
      |                     ^^^^^^^^^^^^^^^             ^^^^^^^^^^^^^^^

warning: unused macro definition: `jet_plugin_bridge`
     --> /jet/build/run.rs:88514:14
      |
88514 | macro_rules! jet_plugin_bridge {
      |              ^^^^^^^^^^^^^^^^^
      |
      = note: `#[warn(unused_macros)]` (part of `#[warn(unused)]`) on by default

warning: unused import: `std::io::Write`
     --> /jet/build/run.rs:94472:13
      |
94472 |         use std::io::Write;
      |             ^^^^^^^^^^^^^^

warning: unused import: `core::cell::Cell`
      --> /jet/build/run.rs:115332:5
       |
115332 | use core::cell::Cell;
       |     ^^^^^^^^^^^^^^^^

warning: unused import: `jet_foundation::Devtools::JetDevtoolsEvent as JetWebStoreDevtoolsEvent`
      --> /jet/build/run.rs:115335:5
       |
115335 | use jet_foundation::Devtools::JetDevtoolsEvent as JetWebStoreDevtoolsEvent;
       |     ^^^^^^^^^^^^^^^^^^^^^^^^^^^^^^^^^^^^^^^^^^^^^^^^^^^^^^^^^^^^^^^^^^^^^^

warning: unused import: `TypeId as JetWebStoreTypeId`
      --> /jet/build/run.rs:115337:39
       |
115337 | use std::any::{Any as JetWebStoreAny, TypeId as JetWebStoreTypeId};
       |                                       ^^^^^^^^^^^^^^^^^^^^^^^^^^^

warning: unused imports: `BTreeMap as JetWebFormMap`, `BTreeMap as JetWebTablePages`, `BTreeMap`, `BTreeSet as JetWebTableSet`, `BTreeSet`, `HashMap as JetWebStoreMap`, and `VecDeque as JetWebStoreDeque`
      --> /jet/build/run.rs:115338:24
       |
115338 | ...::{BTreeMap, BTreeSet, HashMap, HashSet, BTreeMap as JetWebFormMap, VecDeque as JetWebStoreDeque, HashMap as JetWebStoreMap, BTreeMap as JetWebTablePages, BTreeSet as JetWebTableSet, V...
       |       ^^^^^^^^  ^^^^^^^^                    ^^^^^^^^^^^^^^^^^^^^^^^^^  ^^^^^^^^^^^^^^^^^^^^^^^^^^^^  ^^^^^^^^^^^^^^^^^^^^^^^^^  ^^^^^^^^^^^^^^^^^^^^^^^^^^^^  ^^^^^^^^^^^^^^^^^^^^^^^^^^

warning: unused import: `std::fs::OpenOptions`
      --> /jet/build/run.rs:115339:5
       |
115339 | use std::fs::OpenOptions;
       |     ^^^^^^^^^^^^^^^^^^^^

warning: unused import: `SeekFrom`
      --> /jet/build/run.rs:115340:27
       |
115340 | use std::io::{Read, Seek, SeekFrom, Write};
       |                           ^^^^^^^^

warning: unused imports: `Component`, `PathBuf`, and `Path`
      --> /jet/build/run.rs:115343:17
       |
115343 | use std::path::{Component, Path, PathBuf};
       |                 ^^^^^^^^^  ^^^^  ^^^^^^^

warning: unused imports: `Arc as JetDataPlotArc`, `Arc as JetWebFormArc`, `Arc as JetWebQueryArc`, `Arc as JetWebStoreArc`, `Arc as JetWebTableArc`, `Condvar as JetWebStoreCondvar`, `LazyLock as JetWebStoreLazyLock`, `LazyLock`, `Mutex as JetWebFormMutex`, `Mutex as JetWebQueryMutex`, `Mutex as JetWebStoreMutex`, and `Mutex as JetWebTableMutex`
      --> /jet/build/run.rs:115344:31
       |
115344 | ...r, Arc as JetDataPlotArc, Arc as JetWebFormArc, Mutex as JetWebFormMutex, Arc as JetWebQueryArc, Mutex as JetWebQueryMutex, Arc as JetWebStoreArc, Condvar as JetWebStoreCondvar, LazyLock as JetWebStoreLazyLock, Mutex as JetWebStoreMutex, Arc as JetWebTableArc, Mutex as JetWebTableMutex, LazyLock, M...
       |       ^^^^^^^^^^^^^^^^^^^^^  ^^^^^^^^^^^^^^^^^^^^  ^^^^^^^^^^^^^^^^^^^^^^^^  ^^^^^^^^^^^^^^^^^^^^^  ^^^^^^^^^^^^^^^^^^^^^^^^^  ^^^^^^^^^^^^^^^^^^^^^  ^^^^^^^^^^^^^^^^^^^^^^^^^^^^^  ^^^^^^^^^^^^^^^^^^^^^^^^^^^^^^^  ^^^^^^^^^^^^^^^^^^^^^^^^^  ^^^^^^^^^^^^^^^^^^^^^  ^^^^^^^^^^^^^^^^^^^^^^^^^  ^^^^^^^^

warning: unused import: `Ordering as JetWebFormOrdering`
      --> /jet/build/run.rs:115345:60
       |
115345 | use std::sync::atomic::{AtomicBool, AtomicU8, AtomicUsize, Ordering as JetWebFormOrdering};
       |                                                            ^^^^^^^^^^^^^^^^^^^^^^^^^^^^^^

warning: unused imports: `SystemTime as JetWebStoreSystemTime`, `SystemTime`, `UNIX_EPOCH as JetWebStoreUnixEpoch`, and `UNIX_EPOCH`
      --> /jet/build/run.rs:115346:36
       |
115346 | ...tion, Instant, SystemTime as JetWebStoreSystemTime, UNIX_EPOCH as JetWebStoreUnixEpoch, SystemTime, UNIX_EPOCH};
       |                   ^^^^^^^^^^^^^^^^^^^^^^^^^^^^^^^^^^^  ^^^^^^^^^^^^^^^^^^^^^^^^^^^^^^^^^^  ^^^^^^^^^^  ^^^^^^^^^^

warning: unused import: `JetFontStyle`
      --> /jet/build/run.rs:123163:30
       |
123163 |     use super::{JetFontFace, JetFontStyle, JetGlyph, JetGlyphRun, JetGlyphShaper};
       |                              ^^^^^^^^^^^^

warning: type `__jet__shome_snate_sProjects_sGithub_sjet_sgauntlet_sentries_sparallel_hgrep_sjet_c_crun_djet_c_cArgs` should have an upper camel case name
      --> /jet/build/run.rs:149501:8
       |
149501 | struct __jet__shome_snate_sProjects_sGithub_sjet_sgauntlet_sentries_sparallel_hgrep_sjet_c_crun_djet_c_cArgs {
       |        ^^^^^^^^^^^^^^^^^^^^^^^^^^^^^^^^^^^^^^^^^^^^^^^^^^^^^^^^^^^^^^^^^^^^^^^^^^^^^^^^^^^^^^^^^^^^^^^^^^^^^ help: convert the identifier to upper camel case: `JetShomeSnateSProjectsSGithubSjetSgauntletSentriesSparallelHgrepSjetCCrunDjetCCArgs`

warning: type `__jet_ParseError` should have an upper camel case name
      --> /jet/build/run.rs:149524:10
       |
149524 | pub type __jet_ParseError = String;
       |          ^^^^^^^^^^^^^^^^ help: convert the identifier to upper camel case: `JetParseError`

warning: unnecessary parentheses around function argument
      --> /jet/build/run.rs:149848:53
       |
149848 |                 __jet_v_13908637217560013066 = Some((!(*(__jet_v_12185010401758317212.as_ref().expect("MIR value")))));
       |                                                     ^                                                               ^
       |
help: remove these parentheses
       |
149848 -                 __jet_v_13908637217560013066 = Some((!(*(__jet_v_12185010401758317212.as_ref().expect("MIR value")))));
149848 +                 __jet_v_13908637217560013066 = Some(!(*(__jet_v_12185010401758317212.as_ref().expect("MIR value"))));
       |

warning: unnecessary parentheses around function argument
      --> /jet/build/run.rs:150036:52
       |
150036 |                 __jet_v_3621636051768763224 = Some((!(*(__jet_v_15732368338545630162.as_ref().expect("MIR value")))));
       |                                                    ^                                                               ^
       |
help: remove these parentheses
       |
150036 -                 __jet_v_3621636051768763224 = Some((!(*(__jet_v_15732368338545630162.as_ref().expect("MIR value")))));
150036 +                 __jet_v_3621636051768763224 = Some(!(*(__jet_v_15732368338545630162.as_ref().expect("MIR value"))));
       |

warning: unnecessary parentheses around function argument
      --> /jet/build/run.rs:150113:52
       |
150113 |                 __jet_v_2666102495873578214 = Some((!(*(__jet_v_11981528122797688850.as_ref().expect("MIR value")))));
       |                                                    ^                                                               ^
       |
help: remove these parentheses
       |
150113 -                 __jet_v_2666102495873578214 = Some((!(*(__jet_v_11981528122797688850.as_ref().expect("MIR value")))));
150113 +                 __jet_v_2666102495873578214 = Some(!(*(__jet_v_11981528122797688850.as_ref().expect("MIR value"))));
       |

warning: unnecessary parentheses around function argument
      --> /jet/build/run.rs:150273:53
       |
150273 |                 __jet_v_18193335915835147384 = Some((!(*(__jet_v_11536388412611567529.as_ref().expect("MIR value")))));
       |                                                     ^                                                               ^
       |
help: remove these parentheses
       |
150273 -                 __jet_v_18193335915835147384 = Some((!(*(__jet_v_11536388412611567529.as_ref().expect("MIR value")))));
150273 +                 __jet_v_18193335915835147384 = Some(!(*(__jet_v_11536388412611567529.as_ref().expect("MIR value"))));
       |

warning: unnecessary parentheses around function argument
      --> /jet/build/run.rs:150323:52
       |
150323 | ...me((((__jet_v_10406838483146504991.as_ref().expect("MIR value")).clone()) == ((__jet_v_17453062366611306723.as_ref().expect("MIR value")).clone())));
       |       ^                                                                                                                                              ^
       |
help: remove these parentheses
       |
150323 -                 __jet_v_7708214474994895211 = Some((((__jet_v_10406838483146504991.as_ref().expect("MIR value")).clone()) == ((__jet_v_17453062366611306723.as_ref().expect("MIR value")).clone())));
150323 +                 __jet_v_7708214474994895211 = Some(((__jet_v_10406838483146504991.as_ref().expect("MIR value")).clone()) == ((__jet_v_17453062366611306723.as_ref().expect("MIR value")).clone()));
       |

warning: unnecessary parentheses around function argument
      --> /jet/build/run.rs:150336:51
       |
150336 |                 __jet_v_682102061176015703 = Some((!(*(__jet_v_12512562794917344034.as_ref().expect("MIR value")))));
       |                                                   ^                                                               ^
       |
help: remove these parentheses
       |
150336 -                 __jet_v_682102061176015703 = Some((!(*(__jet_v_12512562794917344034.as_ref().expect("MIR value")))));
150336 +                 __jet_v_682102061176015703 = Some(!(*(__jet_v_12512562794917344034.as_ref().expect("MIR value"))));
       |

warning: unnecessary parentheses around function argument
      --> /jet/build/run.rs:150509:53
       |
150509 | ...me((((__jet_v_17249892675096891391.as_ref().expect("MIR value")).clone()) == ((__jet_v_13954595395575454190.as_ref().expect("MIR value")).clone())));
       |       ^                                                                                                                                              ^
       |
help: remove these parentheses
       |
150509 -                 __jet_v_15343150308928963473 = Some((((__jet_v_17249892675096891391.as_ref().expect("MIR value")).clone()) == ((__jet_v_13954595395575454190.as_ref().expect("MIR value")).clone())));
150509 +                 __jet_v_15343150308928963473 = Some(((__jet_v_17249892675096891391.as_ref().expect("MIR value")).clone()) == ((__jet_v_13954595395575454190.as_ref().expect("MIR value")).clone()));
       |

warning: unnecessary parentheses around function argument
      --> /jet/build/run.rs:150641:53
       |
150641 | ...me((((__jet_v_11931819981208694438.as_ref().expect("MIR value")).clone()) < ((__jet_v_2381842289660415808.as_ref().expect("MIR value")).clone())));
       |       ^                                                                                                                                            ^
       |
help: remove these parentheses
       |
150641 -                 __jet_v_10817467247843373173 = Some((((__jet_v_11931819981208694438.as_ref().expect("MIR value")).clone()) < ((__jet_v_2381842289660415808.as_ref().expect("MIR value")).clone())));
150641 +                 __jet_v_10817467247843373173 = Some(((__jet_v_11931819981208694438.as_ref().expect("MIR value")).clone()) < ((__jet_v_2381842289660415808.as_ref().expect("MIR value")).clone()));
       |

warning: unnecessary parentheses around function argument
      --> /jet/build/run.rs:150657:53
       |
150657 | ...me((((__jet_v_6728582967560890277.as_ref().expect("MIR value")).clone()) > ((__jet_v_18070629548125055816.as_ref().expect("MIR value")).clone())));
       |       ^                                                                                                                                            ^
       |
help: remove these parentheses
       |
150657 -                 __jet_v_12618869762618328201 = Some((((__jet_v_6728582967560890277.as_ref().expect("MIR value")).clone()) > ((__jet_v_18070629548125055816.as_ref().expect("MIR value")).clone())));
150657 +                 __jet_v_12618869762618328201 = Some(((__jet_v_6728582967560890277.as_ref().expect("MIR value")).clone()) > ((__jet_v_18070629548125055816.as_ref().expect("MIR value")).clone()));
       |

warning: unnecessary parentheses around function argument
      --> /jet/build/run.rs:150673:53
       |
150673 | ...me((((__jet_v_18168756469553064575.as_ref().expect("MIR value")).clone()) < ((__jet_v_10184722691110509479.as_ref().expect("MIR value")).clone())));
       |       ^                                                                                                                                             ^
       |
help: remove these parentheses
       |
150673 -                 __jet_v_16488703895602890373 = Some((((__jet_v_18168756469553064575.as_ref().expect("MIR value")).clone()) < ((__jet_v_10184722691110509479.as_ref().expect("MIR value")).clone())));
150673 +                 __jet_v_16488703895602890373 = Some(((__jet_v_18168756469553064575.as_ref().expect("MIR value")).clone()) < ((__jet_v_10184722691110509479.as_ref().expect("MIR value")).clone()));
       |

warning: unnecessary parentheses around function argument
      --> /jet/build/run.rs:150700:52
       |
150700 | ...me((((__jet_v_2169627688333010601.as_ref().expect("MIR value")).clone()) > ((__jet_v_8978881734370200619.as_ref().expect("MIR value")).clone())));
       |       ^                                                                                                                                           ^
       |
help: remove these parentheses
       |
150700 -                 __jet_v_8404880278011696107 = Some((((__jet_v_2169627688333010601.as_ref().expect("MIR value")).clone()) > ((__jet_v_8978881734370200619.as_ref().expect("MIR value")).clone())));
150700 +                 __jet_v_8404880278011696107 = Some(((__jet_v_2169627688333010601.as_ref().expect("MIR value")).clone()) > ((__jet_v_8978881734370200619.as_ref().expect("MIR value")).clone()));
       |

warning: unnecessary parentheses around function argument
      --> /jet/build/run.rs:150773:52
       |
150773 | ...me((((__jet_v_17473414975815328138.as_ref().expect("MIR value")).clone()) != ((__jet_v_4257029690129667227.as_ref().expect("MIR value")).clone())));
       |       ^                                                                                                                                             ^
       |
help: remove these parentheses
       |
150773 -                 __jet_v_2235247455001530374 = Some((((__jet_v_17473414975815328138.as_ref().expect("MIR value")).clone()) != ((__jet_v_4257029690129667227.as_ref().expect("MIR value")).clone())));
150773 +                 __jet_v_2235247455001530374 = Some(((__jet_v_17473414975815328138.as_ref().expect("MIR value")).clone()) != ((__jet_v_4257029690129667227.as_ref().expect("MIR value")).clone()));
       |

warning: unnecessary parentheses around function argument
      --> /jet/build/run.rs:150789:52
       |
150789 | ...me((((__jet_v_3604981418334420425.as_ref().expect("MIR value")).clone()) != ((__jet_v_3400209764574277937.as_ref().expect("MIR value")).clone())));
       |       ^                                                                                                                                            ^
       |
help: remove these parentheses
       |
150789 -                 __jet_v_3163810467809249036 = Some((((__jet_v_3604981418334420425.as_ref().expect("MIR value")).clone()) != ((__jet_v_3400209764574277937.as_ref().expect("MIR value")).clone())));
150789 +                 __jet_v_3163810467809249036 = Some(((__jet_v_3604981418334420425.as_ref().expect("MIR value")).clone()) != ((__jet_v_3400209764574277937.as_ref().expect("MIR value")).clone()));
       |

warning: unnecessary parentheses around function argument
      --> /jet/build/run.rs:151040:53
       |
151040 | ...me((((__jet_v_6074407901177768556.as_ref().expect("MIR value")).clone()) > ((__jet_v_17130236367904999063.as_ref().expect("MIR value")).clone())));
       |       ^                                                                                                                                            ^
       |
help: remove these parentheses
       |
151040 -                 __jet_v_13723490320623801275 = Some((((__jet_v_6074407901177768556.as_ref().expect("MIR value")).clone()) > ((__jet_v_17130236367904999063.as_ref().expect("MIR value")).clone())));
151040 +                 __jet_v_13723490320623801275 = Some(((__jet_v_6074407901177768556.as_ref().expect("MIR value")).clone()) > ((__jet_v_17130236367904999063.as_ref().expect("MIR value")).clone()));
       |

warning: unused label
      --> /jet/build/run.rs:151078:5
       |
151078 |     'mir_dispatch: loop {
       |     ^^^^^^^^^^^^^
       |
       = note: `#[warn(unused_labels)]` (part of `#[warn(unused)]`) on by default

warning: unused label
      --> /jet/build/run.rs:151099:5
       |
151099 |     'mir_dispatch: loop {
       |     ^^^^^^^^^^^^^

warning: unused label
      --> /jet/build/run.rs:151176:5
       |
151176 |     'mir_dispatch: loop {
       |     ^^^^^^^^^^^^^

warning: unused label
      --> /jet/build/run.rs:151199:5
       |
151199 |     'mir_dispatch: loop {
       |     ^^^^^^^^^^^^^

warning: unused label
      --> /jet/build/run.rs:151223:5
       |
151223 |     'mir_dispatch: loop {
       |     ^^^^^^^^^^^^^

warning: unreachable call
      --> /jet/build/run.rs:150956:46
       |
150956 | ... = Some(jet_panic_rich("run.jet", 12u32, "run", "  ...) { String::new() } else { String::new() }));
       |       ^^^^ -------------------------------------------...------------------------------------------- any code following this expression is unreachable
       |       |
       |       unreachable call
       |
       = note: `#[warn(unreachable_code)]` (part of `#[warn(unused)]`) on by default

error[E0308]: mismatched types
      --> /jet/build/run.rs:150976:788
       |
150976 | ...e((jet_list_para_map(__jet_v_5841230847703402497.take().expect("MIR value"), { let __jet_callback = std::rc::Rc::new(__jet_v_16602141869595985443.take().expect("MIR value")); let __jet_reader: std::rc::Rc<JetHistoryCaptureReader<'_>> = { let __jet_callback = __jet_callback.clone(); std::rc::Rc::new(move || jet_history_callback_captures(__jet_callback.as_ref().as_ref())) }; let __jet_keep = __jet_reader.clone(); let __jet_ticket = JetHistoryLocalTicket::default(); let __jet_life = __jet_ticket.0.clone(); let __jet_wrapper = Box::new(move |__jet_callback_arg_0: &Vec<String>| { let _ = (&__jet_keep, &__jet_ticket); __jet_callback(__jet_callback_arg_0) }); jet_history_register_callback(__jet_wrapper, &__jet_reader, &__jet_life) }, (__jet_v_68725811678180146.as_ref().expect("MIR value")).clone()))....
       |       ----------------- arguments to this function are incorrect                                                                                                                                                                                                                                                                                                                                                                                                                                                                                                                                                                                                                                                                                                    ^^^^^^^^^^^^^^^^^^^^^^^^^^^^^^^^^^^^^^^^^^^^^^^^^^^^^^^^^^^^^^^^ expected `i64`, found `JetInt`
       |
note: function defined here
      --> /jet/build/run.rs:29036:4
       |
 29036 | fn jet_list_para_map<T, U, F>(xs: Vec<T>, f: F, limit: i64) -> Vec<U>
       |    ^^^^^^^^^^^^^^^^^                            ----------

warning: unreachable call
      --> /jet/build/run.rs:151153:48
       |
151153 | ... = Some(jet_panic_rich("run.jet", 13u32, "run", "  ...) { String::new() } else { String::new() }));
       |       ^^^^ -------------------------------------------...------------------------------------------- any code following this expression is unreachable
       |       |
       |       unreachable call

error[E0277]: a value of type `jet_foundation_numeric::JetInt` cannot be made by summing an iterator over elements of type `jet_foundation_numeric::JetInt`
      --> /jet/build/run.rs:151232:95
       |
151232 | ...ned_from_native_result(jet_list_sum(__jet_v_6389139583441270750.take().expect("MIR value"))));
       |                           ^^^^^^^^^^^^^^^^^^^^^^^^^^^^^^^^^^^^^^^^^^^^^^^^^^^^^^^^^^^^^^^^^^^^ value of type `jet_foundation_numeric::JetInt` cannot be made by summing a `std::iter::Iterator<Item=jet_foundation_numeric::JetInt>`
       |
help: the trait `Sum` is not implemented for `jet_foundation_numeric::JetInt`
      --> /jet/build/run.rs:11159:1
       |
 11159 | pub struct JetInt(u64);
       | ^^^^^^^^^^^^^^^^^
       = help: the following other types implement trait `Sum<A>`:
                 `Option<T>` implements `Sum<Option<U>>`
                 `Result<T, E>` implements `Sum<Result<U, E>>`
                 `Saturating<u128>` implements `Sum<&'a Saturating<u128>>`
                 `Saturating<u128>` implements `Sum`
                 `Saturating<u16>` implements `Sum<&'a Saturating<u16>>`
                 `Saturating<u16>` implements `Sum`
                 `Saturating<u32>` implements `Sum<&'a Saturating<u32>>`
                 `Saturating<u32>` implements `Sum`
               and 88 others
note: required by a bound in `jet_list_sum`
      --> /jet/build/run.rs:34199:8
       |
 34196 | fn jet_list_sum<T, I>(xs: I) -> T
       |    ------------ required by a bound in this function
...
 34199 |     T: std::iter::Sum<T>,
       |        ^^^^^^^^^^^^^^^^^ required by this bound in `jet_list_sum`

warning: unused import: `Read`
      --> /jet/build/run.rs:115340:15
       |
115340 | use std::io::{Read, Seek, SeekFrom, Write};
       |               ^^^^

warning: unused import: `Write`
      --> /jet/build/run.rs:115340:37
       |
115340 | use std::io::{Read, Seek, SeekFrom, Write};
       |                                     ^^^^^

warning: unused import: `Any`
      --> /jet/build/run.rs:115337:16
       |
115337 | use std::any::{Any as JetWebStoreAny, TypeId as JetWebStoreTypeId};
       |                ^^^

warning: unused import: `Seek`
      --> /jet/build/run.rs:115340:21
       |
115340 | use std::io::{Read, Seek, SeekFrom, Write};
       |                     ^^^^

warning: value assigned to `cursor` is never read
      --> /jet/build/run.rs:122454:17
       |
122454 |                 cursor += 2;
       |                 ^^^^^^^^^^^ this value is reassigned later and never used
...
122457 |                 cursor += 1;
       |                 ----------- `cursor` is overwritten here before the previous value is read
       |
       = note: `#[warn(unused_assignments)]` (part of `#[warn(unused)]`) on by default

warning: value assigned to `cursor` is never read
      --> /jet/build/run.rs:122457:17
       |
122457 |                 cursor += 1;
       |                 ^^^^^^^^^^^
       |
       = help: maybe it is overwritten before being read?

error: aborting due to 2 previous errors; 77 warnings emitted

Some errors have detailed explanations: E0277, E0308.
For more information about an error, try `rustc --explain E0277`.
