inner rows: 5
inner: order 1 core -> Ada
inner: order 1 core -> Lin
inner: order 2 tools -> Grace
inner: order 3 core -> Ada
inner: order 3 core -> Lin
left rows: 6
left: order 1 -> Ada
left: order 1 -> Lin
left: order 2 -> Grace
left: order 3 -> Ada
left: order 3 -> Lin
left: order 4 -> <none>
reversed rows: 6
reversed: Ada -> order 1
reversed: Ada -> order 3
reversed: Lin -> order 1
reversed: Lin -> order 3
reversed: Grace -> order 2
reversed: Kay -> order <none>
max_join_rows: 1000000
limit: inner_join: max_join_rows exceeded
limit: left_join: max_join_rows exceeded
