empty_mean: Empty mean: mean of empty data is undefined
empty_quantile: Empty quantile: quantile of empty data is undefined
empty_variance: Empty variance: variance of empty data is undefined
missing_count: 3
dup_join_count: 5
pivot_cells: 2
pivot: row=a col=b|c sum=5.0
pivot: row=a|b col=c sum=12.0
tie_order: 3.0,1.0,2.0
nan_mean: NonFinite sum, index 1: numeric input must be finite
inf_sum: NonFinite sum, index 1: numeric input must be finite
signed_zero_sum: 0.0
signed_zero_mean: 0.0
cancellation_sum: 1.0
cancellation_mean: 0.3333333333333333
pop_variance: 0.6666666666666666
one_variance: 0.0
bad_quantile: InvalidArgument quantile: quantile q must be a finite value in 0.0 through 1.0
bad_window: InvalidArgument rolling_mean: rolling width must be positive
hostile_svg_escaped: true
large_limit: Limit group_mean: max_groups 1 exceeded
