error[E0252]: the name `HashMap` is defined multiple times
      --> /jet/build/_tmp_select_probe.rs:110944:44
       |
 35664 | use std::collections::HashMap;
       |     ------------------------- previous import of the type `HashMap` here
...
110944 | use std::collections::{BTreeMap, BTreeSet, HashMap, HashSet, BTreeMap as JetWebFormMap, VecDeque as JetWebStoreDeque, HashMap as...
       |                                            ^^^^^^^--
       |                                            |
       |                                            `HashMap` reimported here
       |                                            help: remove unnecessary import
       |
       = note: `HashMap` must be defined only once in the type namespace of this module

error[E0252]: the name `LazyLock` is defined multiple times
      --> /jet/build/_tmp_select_probe.rs:110950:316
       |
 35666 | ...::{LazyLock, Mutex as JetMemoMutex};
       |       -------- previous import of the type `LazyLock` here
...
110950 | ...::{Arc, Condvar, Arc as JetDataPlotArc, Arc as JetWebFormArc, Mutex as JetWebFormMutex, Arc as JetWebQueryArc, Mutex as JetWebQueryMutex, Arc as JetWebStoreArc, Condvar as JetWebStoreCondvar, LazyLock as JetWebStoreLazyLock, Mutex as JetWebStoreMutex, Arc as JetWebTableArc, Mutex as JetWebTableMutex, LazyLock, Mut...
       |                                                                                                                                                                                                                                                                                                                  ^^^^^^^^--
       |                                                                                                                                                                                                                                                                                                                  |
       |                                                                                                                                                                                                                                                                                                                  `LazyLock` reimported here
       |                                                                                                                                                                                                                                                                                                                  help: remove unnecessary import
       |
       = note: `LazyLock` must be defined only once in the type namespace of this module

warning: trait `__jet_Display` should have an upper camel case name
 --> /jet/build/_tmp_select_probe.rs:4:11
  |
4 | pub trait __jet_Display {
  |           ^^^^^^^^^^^^^ help: convert the identifier to upper camel case: `JetDisplay`
  |
  = note: `#[warn(non_camel_case_types)]` (part of `#[warn(nonstandard_style)]`) on by default

warning: trait `__jet_Equatable` should have an upper camel case name
 --> /jet/build/_tmp_select_probe.rs:8:11
  |
8 | pub trait __jet_Equatable: Sized { fn equal(&self, rhs: &Self) -> bool; }
  |           ^^^^^^^^^^^^^^^ help: convert the identifier to upper camel case: `JetEquatable`

warning: type `__jet_Ordering` should have an upper camel case name
  --> /jet/build/_tmp_select_probe.rs:24:10
   |
24 | pub enum __jet_Ordering { __jet_Less, __jet_Equal, __jet_Greater }
   |          ^^^^^^^^^^^^^^ help: convert the identifier to upper camel case: `JetOrdering`

warning: variant `__jet_Less` should have an upper camel case name
  --> /jet/build/_tmp_select_probe.rs:24:27
   |
24 | pub enum __jet_Ordering { __jet_Less, __jet_Equal, __jet_Greater }
   |                           ^^^^^^^^^^ help: convert the identifier to upper camel case: `JetLess`

warning: variant `__jet_Equal` should have an upper camel case name
  --> /jet/build/_tmp_select_probe.rs:24:39
   |
24 | pub enum __jet_Ordering { __jet_Less, __jet_Equal, __jet_Greater }
   |                                       ^^^^^^^^^^^ help: convert the identifier to upper camel case: `JetEqual`

warning: variant `__jet_Greater` should have an upper camel case name
  --> /jet/build/_tmp_select_probe.rs:24:52
   |
24 | pub enum __jet_Ordering { __jet_Less, __jet_Equal, __jet_Greater }
   |                                                    ^^^^^^^^^^^^^ help: convert the identifier to upper camel case: `JetGreater`

warning: trait `__jet_Comparable` should have an upper camel case name
  --> /jet/build/_tmp_select_probe.rs:26:11
   |
26 | pub trait __jet_Comparable: Sized { fn compare(&self, rhs: &Self) -> __jet_Ordering; }
   |           ^^^^^^^^^^^^^^^^ help: convert the identifier to upper camel case: `JetComparable`

warning: trait `__jet_Add` should have an upper camel case name
  --> /jet/build/_tmp_select_probe.rs:38:11
   |
38 | pub trait __jet_Add<Rhs = Self>: Sized { type Output; fn add(&self, rhs: &Rhs) -> Self::Output; }
   |           ^^^^^^^^^ help: convert the identifier to upper camel case: `JetAdd`

warning: trait `__jet_Sub` should have an upper camel case name
  --> /jet/build/_tmp_select_probe.rs:39:11
   |
39 | pub trait __jet_Sub<Rhs = Self>: Sized { type Output; fn sub(&self, rhs: &Rhs) -> Self::Output; }
   |           ^^^^^^^^^ help: convert the identifier to upper camel case: `JetSub`

warning: trait `__jet_Mul` should have an upper camel case name
  --> /jet/build/_tmp_select_probe.rs:40:11
   |
40 | pub trait __jet_Mul<Rhs = Self>: Sized { type Output; fn mul(&self, rhs: &Rhs) -> Self::Output; }
   |           ^^^^^^^^^ help: convert the identifier to upper camel case: `JetMul`

warning: trait `__jet_Div` should have an upper camel case name
  --> /jet/build/_tmp_select_probe.rs:41:11
   |
41 | pub trait __jet_Div<Rhs = Self>: Sized { type Output; fn div(&self, rhs: &Rhs) -> Self::Output; }
   |           ^^^^^^^^^ help: convert the identifier to upper camel case: `JetDiv`

warning: trait `__jet_Serialize` should have an upper camel case name
     --> /jet/build/_tmp_select_probe.rs:40368:7
      |
40368 | trait __jet_Serialize {
      |       ^^^^^^^^^^^^^^^ help: convert the identifier to upper camel case: `JetSerialize`

warning: unused import: `Cell`
     --> /jet/build/_tmp_select_probe.rs:44862:21
      |
44862 |     use std::cell::{Cell, RefCell};
      |                     ^^^^
      |
      = note: `#[warn(unused_imports)]` (part of `#[warn(unused)]`) on by default

warning: unused import: `JetUninit`
     --> /jet/build/_tmp_select_probe.rs:44866:43
      |
44866 |     pub use super::jet_uninit_semantics::{JetUninit, JetUninitFixed};
      |                                           ^^^^^^^^^

warning: unused imports: `JetSentryFrame`, `JetSentryGuard`, `jet_sentry_current_frame`, `jet_sentry_fenced_scope`, `jet_sentry_frame`, `jet_sentry_policy_scope`, `jet_sentry_reset`, `jet_sentry_scope`, and `jet_sentry_set_hardened`
     --> /jet/build/_tmp_select_probe.rs:44879:35
      |
44879 |         jet_memory_ledger_record, jet_sentry_current_frame, jet_sentry_fenced_scope,
      |                                   ^^^^^^^^^^^^^^^^^^^^^^^^  ^^^^^^^^^^^^^^^^^^^^^^^
44880 |         jet_sentry_frame, jet_sentry_policy_scope, jet_sentry_reset, jet_sentry_scope,
      |         ^^^^^^^^^^^^^^^^  ^^^^^^^^^^^^^^^^^^^^^^^  ^^^^^^^^^^^^^^^^  ^^^^^^^^^^^^^^^^
44881 |         jet_sentry_set_hardened, JetSentryFrame, JetSentryGuard, MemoryLedgerWitness,
      |         ^^^^^^^^^^^^^^^^^^^^^^^  ^^^^^^^^^^^^^^  ^^^^^^^^^^^^^^

warning: unused import: `crate::jet_encoding_json::render_json`
     --> /jet/build/_tmp_select_probe.rs:64855:13
      |
64855 |     pub use crate::jet_encoding_json::render_json;
      |             ^^^^^^^^^^^^^^^^^^^^^^^^^^^^^^^^^^^^^

warning: unnecessary parentheses around block return value
     --> /jet/build/_tmp_select_probe.rs:68844:13
      |
68844 |             (((exponent as u64 + 1023) << 52) | (top & ((1u64 << 52) - 1)))
      |             ^                                                             ^
      |
      = note: `#[warn(unused_parens)]` (part of `#[warn(unused)]`) on by default
help: remove these parentheses
      |
68844 -             (((exponent as u64 + 1023) << 52) | (top & ((1u64 << 52) - 1)))
68844 +             ((exponent as u64 + 1023) << 52) | (top & ((1u64 << 52) - 1))
      |

warning: unused import: `crate::jet_int_compare_hot`
     --> /jet/build/_tmp_select_probe.rs:69189:9
      |
69189 | pub use crate::jet_int_compare_hot;
      |         ^^^^^^^^^^^^^^^^^^^^^^^^^^

warning: unused import: `crate::jet_int_add_hot`
     --> /jet/build/_tmp_select_probe.rs:69213:9
      |
69213 | pub use crate::jet_int_add_hot;
      |         ^^^^^^^^^^^^^^^^^^^^^^

warning: unused import: `crate::jet_int_sub_hot`
     --> /jet/build/_tmp_select_probe.rs:69237:9
      |
69237 | pub use crate::jet_int_sub_hot;
      |         ^^^^^^^^^^^^^^^^^^^^^^

warning: unused import: `crate::jet_int_mul_hot`
     --> /jet/build/_tmp_select_probe.rs:69261:9
      |
69261 | pub use crate::jet_int_mul_hot;
      |         ^^^^^^^^^^^^^^^^^^^^^^

warning: unused import: `crate::jet_int_add_inline`
     --> /jet/build/_tmp_select_probe.rs:69275:9
      |
69275 | pub use crate::jet_int_add_inline;
      |         ^^^^^^^^^^^^^^^^^^^^^^^^^

warning: unused import: `crate::jet_int_sub_inline`
     --> /jet/build/_tmp_select_probe.rs:69285:9
      |
69285 | pub use crate::jet_int_sub_inline;
      |         ^^^^^^^^^^^^^^^^^^^^^^^^^

warning: unused import: `crate::jet_int_mul_inline`
     --> /jet/build/_tmp_select_probe.rs:69295:9
      |
69295 | pub use crate::jet_int_mul_inline;
      |         ^^^^^^^^^^^^^^^^^^^^^^^^^

warning: unused import: `crate::jet_int_compare_inline`
     --> /jet/build/_tmp_select_probe.rs:69309:9
      |
69309 | pub use crate::jet_int_compare_inline;
      |         ^^^^^^^^^^^^^^^^^^^^^^^^^^^^^

warning: unused import: `crate::jet_int_neg_inline`
     --> /jet/build/_tmp_select_probe.rs:69318:9
      |
69318 | pub use crate::jet_int_neg_inline;
      |         ^^^^^^^^^^^^^^^^^^^^^^^^^

warning: unused import: `crate::jet_int_bit_and_hot`
     --> /jet/build/_tmp_select_probe.rs:69337:9
      |
69337 | pub use crate::jet_int_bit_and_hot;
      |         ^^^^^^^^^^^^^^^^^^^^^^^^^^

warning: unused import: `crate::jet_int_bit_or_hot`
     --> /jet/build/_tmp_select_probe.rs:69353:9
      |
69353 | pub use crate::jet_int_bit_or_hot;
      |         ^^^^^^^^^^^^^^^^^^^^^^^^^

warning: unused import: `crate::jet_int_bit_xor_hot`
     --> /jet/build/_tmp_select_probe.rs:69369:9
      |
69369 | pub use crate::jet_int_bit_xor_hot;
      |         ^^^^^^^^^^^^^^^^^^^^^^^^^^

warning: unused imports: `JetCellEditGuard` and `JetCellReadGuard`
     --> /jet/build/_tmp_select_probe.rs:75123:35
      |
75123 | pub use self::jet_cell::{JetCell, JetCellEditGuard, JetCellReadGuard};
      |                                   ^^^^^^^^^^^^^^^^  ^^^^^^^^^^^^^^^^

warning: unused imports: `JetStreamSender` and `jet_stream_task`
     --> /jet/build/_tmp_select_probe.rs:76031:21
      |
76031 |     pub use super::{jet_stream_task, JetStream, JetStreamSender};
      |                     ^^^^^^^^^^^^^^^             ^^^^^^^^^^^^^^^

warning: unused import: `std::io::Write`
     --> /jet/build/_tmp_select_probe.rs:92145:13
      |
92145 |         use std::io::Write;
      |             ^^^^^^^^^^^^^^

warning: unused import: `core::cell::Cell`
      --> /jet/build/_tmp_select_probe.rs:110938:5
       |
110938 | use core::cell::Cell;
       |     ^^^^^^^^^^^^^^^^

warning: unused import: `jet_foundation::Devtools::JetDevtoolsEvent as JetWebStoreDevtoolsEvent`
      --> /jet/build/_tmp_select_probe.rs:110941:5
       |
110941 | use jet_foundation::Devtools::JetDevtoolsEvent as JetWebStoreDevtoolsEvent;
       |     ^^^^^^^^^^^^^^^^^^^^^^^^^^^^^^^^^^^^^^^^^^^^^^^^^^^^^^^^^^^^^^^^^^^^^^

warning: unused import: `TypeId as JetWebStoreTypeId`
      --> /jet/build/_tmp_select_probe.rs:110943:39
       |
110943 | use std::any::{Any as JetWebStoreAny, TypeId as JetWebStoreTypeId};
       |                                       ^^^^^^^^^^^^^^^^^^^^^^^^^^^

warning: unused imports: `BTreeMap as JetWebFormMap`, `BTreeMap as JetWebTablePages`, `BTreeMap`, `BTreeSet as JetWebTableSet`, `BTreeSet`, `HashMap as JetWebStoreMap`, `HashMap`, and `VecDeque as JetWebStoreDeque`
      --> /jet/build/_tmp_select_probe.rs:110944:24
       |
110944 | ...::{BTreeMap, BTreeSet, HashMap, HashSet, BTreeMap as JetWebFormMap, VecDeque as JetWebStoreDeque, HashMap as JetWebStoreMap, BTreeMap as JetWebTablePages, BTreeSet as JetWebTableSet, V...
       |       ^^^^^^^^  ^^^^^^^^  ^^^^^^^           ^^^^^^^^^^^^^^^^^^^^^^^^^  ^^^^^^^^^^^^^^^^^^^^^^^^^^^^  ^^^^^^^^^^^^^^^^^^^^^^^^^  ^^^^^^^^^^^^^^^^^^^^^^^^^^^^  ^^^^^^^^^^^^^^^^^^^^^^^^^^

warning: unused import: `std::fs::OpenOptions`
      --> /jet/build/_tmp_select_probe.rs:110945:5
       |
110945 | use std::fs::OpenOptions;
       |     ^^^^^^^^^^^^^^^^^^^^

warning: unused imports: `SeekFrom` and `Seek`
      --> /jet/build/_tmp_select_probe.rs:110946:21
       |
110946 | use std::io::{Read, Seek, SeekFrom, Write};
       |                     ^^^^  ^^^^^^^^

warning: unused imports: `Component`, `PathBuf`, and `Path`
      --> /jet/build/_tmp_select_probe.rs:110949:17
       |
110949 | use std::path::{Component, Path, PathBuf};
       |                 ^^^^^^^^^  ^^^^  ^^^^^^^

warning: unused imports: `Arc as JetDataPlotArc`, `Arc as JetWebFormArc`, `Arc as JetWebQueryArc`, `Arc as JetWebStoreArc`, `Arc as JetWebTableArc`, `Condvar as JetWebStoreCondvar`, `LazyLock as JetWebStoreLazyLock`, `LazyLock`, `Mutex as JetWebFormMutex`, `Mutex as JetWebQueryMutex`, `Mutex as JetWebStoreMutex`, and `Mutex as JetWebTableMutex`
      --> /jet/build/_tmp_select_probe.rs:110950:31
       |
110950 | ...r, Arc as JetDataPlotArc, Arc as JetWebFormArc, Mutex as JetWebFormMutex, Arc as JetWebQueryArc, Mutex as JetWebQueryMutex, Arc as JetWebStoreArc, Condvar as JetWebStoreCondvar, LazyLock as JetWebStoreLazyLock, Mutex as JetWebStoreMutex, Arc as JetWebTableArc, Mutex as JetWebTableMutex, LazyLock, M...
       |       ^^^^^^^^^^^^^^^^^^^^^  ^^^^^^^^^^^^^^^^^^^^  ^^^^^^^^^^^^^^^^^^^^^^^^  ^^^^^^^^^^^^^^^^^^^^^  ^^^^^^^^^^^^^^^^^^^^^^^^^  ^^^^^^^^^^^^^^^^^^^^^  ^^^^^^^^^^^^^^^^^^^^^^^^^^^^^  ^^^^^^^^^^^^^^^^^^^^^^^^^^^^^^^  ^^^^^^^^^^^^^^^^^^^^^^^^^  ^^^^^^^^^^^^^^^^^^^^^  ^^^^^^^^^^^^^^^^^^^^^^^^^  ^^^^^^^^

warning: unused import: `Ordering as JetWebFormOrdering`
      --> /jet/build/_tmp_select_probe.rs:110951:60
       |
110951 | use std::sync::atomic::{AtomicBool, AtomicU8, AtomicUsize, Ordering as JetWebFormOrdering};
       |                                                            ^^^^^^^^^^^^^^^^^^^^^^^^^^^^^^

warning: unused imports: `SystemTime as JetWebStoreSystemTime`, `SystemTime`, `UNIX_EPOCH as JetWebStoreUnixEpoch`, and `UNIX_EPOCH`
      --> /jet/build/_tmp_select_probe.rs:110952:36
       |
110952 | ...tion, Instant, SystemTime as JetWebStoreSystemTime, UNIX_EPOCH as JetWebStoreUnixEpoch, SystemTime, UNIX_EPOCH};
       |                   ^^^^^^^^^^^^^^^^^^^^^^^^^^^^^^^^^^^  ^^^^^^^^^^^^^^^^^^^^^^^^^^^^^^^^^^  ^^^^^^^^^^  ^^^^^^^^^^

warning: type `__jet_ParseError` should have an upper camel case name
      --> /jet/build/_tmp_select_probe.rs:120203:10
       |
120203 | pub type __jet_ParseError = String;
       |          ^^^^^^^^^^^^^^^^ help: convert the identifier to upper camel case: `JetParseError`

warning: unnecessary parentheses around function argument
      --> /jet/build/_tmp_select_probe.rs:120259:53
       |
120259 | ...me((((__jet_v_13210863449127599663.as_ref().expect("MIR value")).clone()) == ((__jet_v_13386921423625269360.as_ref().expect("MIR value")).clone())));
       |       ^                                                                                                                                              ^
       |
help: remove these parentheses
       |
120259 -                 __jet_v_11840216544303918338 = Some((((__jet_v_13210863449127599663.as_ref().expect("MIR value")).clone()) == ((__jet_v_13386921423625269360.as_ref().expect("MIR value")).clone())));
120259 +                 __jet_v_11840216544303918338 = Some(((__jet_v_13210863449127599663.as_ref().expect("MIR value")).clone()) == ((__jet_v_13386921423625269360.as_ref().expect("MIR value")).clone()));
       |

warning: unnecessary parentheses around function argument
      --> /jet/build/_tmp_select_probe.rs:120274:52
       |
120274 | ...me((((__jet_v_1427227189015936473.as_ref().expect("MIR value")).clone()) == ((__jet_v_12836969798831557315.as_ref().expect("MIR value")).clone())));
       |       ^                                                                                                                                             ^
       |
help: remove these parentheses
       |
120274 -                 __jet_v_8651679776666011189 = Some((((__jet_v_1427227189015936473.as_ref().expect("MIR value")).clone()) == ((__jet_v_12836969798831557315.as_ref().expect("MIR value")).clone())));
120274 +                 __jet_v_8651679776666011189 = Some(((__jet_v_1427227189015936473.as_ref().expect("MIR value")).clone()) == ((__jet_v_12836969798831557315.as_ref().expect("MIR value")).clone()));
       |

error[E0308]: arguments to this function are incorrect
      --> /jet/build/_tmp_select_probe.rs:120311:53
       |
120311 | ...   __jet_v_10211239742175667745 = Some(jet_std::jet_select_wait_tagged(__jet_v_6078722239055081739.take().expect("MIR value")...
       |                                           ^^^^^^^^^^^^^^^^^^^^^^^^^^^^^^^
       |
note: expected `&[JetReceiver<_>]`, found `Vec<JetReceiver<JetInt>>`
      --> /jet/build/_tmp_select_probe.rs:120311:85
       |
120311 | ...me(jet_std::jet_select_wait_tagged(__jet_v_6078722239055081739.take().expect("MIR value"), __jet_v_17903979922455497456.take(...
       |                                       ^^^^^^^^^^^^^^^^^^^^^^^^^^^^^^^^^^^^^^^^^^^^^^^^^^^^^^
       = note: expected reference `&[JetReceiver<_>]`
                     found struct `Vec<JetReceiver<jet_foundation_numeric::JetInt>>`
note: expected `Vec<i64>`, found `Vec<JetInt>`
      --> /jet/build/_tmp_select_probe.rs:120311:141
       |
120311 | ...081739.take().expect("MIR value"), __jet_v_17903979922455497456.take().expect("MIR value")) /* select=Wait */);
       |                                       ^^^^^^^^^^^^^^^^^^^^^^^^^^^^^^^^^^^^^^^^^^^^^^^^^^^^^^^
       = note: expected struct `Vec<i64>`
                  found struct `Vec<jet_foundation_numeric::JetInt>`
note: function defined here
      --> /jet/build/_tmp_select_probe.rs:75978:12
       |
 75978 |     pub fn jet_select_wait_tagged<T: Send + 'static>(
       |            ^^^^^^^^^^^^^^^^^^^^^^
 75979 |         recvs: &[JetReceiver<T>],
       |         ------------------------
 75980 |         after_ns: Vec<i64>,
       |         ------------------
help: consider borrowing here
       |
120311 |                 __jet_v_10211239742175667745 = Some(jet_std::jet_select_wait_tagged(&__jet_v_6078722239055081739.take().expect("MIR value"), __jet_v_17903979922455497456.take().expect("MIR value")) /* select=Wait */);
       |                                                                                     +

error[E0308]: mismatched types
      --> /jet/build/_tmp_select_probe.rs:120311:53
       |
120311 | ... = Some(jet_std::jet_select_wait_tagged(__jet_v_6078722239055081739.take().expect("MIR value"), __jet_v_17903979922455497456.take().expect("MIR value")) /*...
       |       ---- ^^^^^^^^^^^^^^^^^^^^^^^^^^^^^^^^^^^^^^^^^^^^^^^^^^^^^^^^^^^^^^^^^^^^^^^^^^^^^^^^^^^^^^^^^^^^^^^^^^^^^^^^^^^^^^^^^^^^^^^^^^^^^^^^^^^^^^^^^^^^^^^^ expected `(JetInt, Result<JetInt, JetAbsent>)`, found `(i64, Option<_>)`
       |       |
       |       arguments to this enum variant are incorrect
       |
       = note: expected tuple `(jet_foundation_numeric::JetInt, Result<jet_foundation_numeric::JetInt, JetAbsent>)`
                  found tuple `(i64, Option<_>)`
help: the type constructed contains `(i64, Option<_>)` due to the type of the argument passed
      --> /jet/build/_tmp_select_probe.rs:120311:48
       |
120311 | ... = Some(jet_std::jet_select_wait_tagged(__jet_v_6078722239055081739.take().expect("MIR value"), __jet_v_17903979922455497456.take().expect("MIR value")) /* select=Wait */);
       |       ^^^^^------------------------------------------------------------------------------------------------------------------------------------------------^^^^^^^^^^^^^^^^^^^
       |            |
       |            this argument influences the type of `Some`
note: tuple variant defined here
      --> /rustc/8bab26f4f68e0e26f0bb7960be334d5b520ea452/library/core/src/option.rs:605:4

warning: unused import: `Read`
      --> /jet/build/_tmp_select_probe.rs:110946:15
       |
110946 | use std::io::{Read, Seek, SeekFrom, Write};
       |               ^^^^

warning: unused import: `Write`
      --> /jet/build/_tmp_select_probe.rs:110946:37
       |
110946 | use std::io::{Read, Seek, SeekFrom, Write};
       |                                     ^^^^^

warning: unused import: `Any`
      --> /jet/build/_tmp_select_probe.rs:110943:16
       |
110943 | use std::any::{Any as JetWebStoreAny, TypeId as JetWebStoreTypeId};
       |                ^^^

warning: value assigned to `cursor` is never read
      --> /jet/build/_tmp_select_probe.rs:118056:17
       |
118056 |                 cursor += 2;
       |                 ^^^^^^^^^^^ this value is reassigned later and never used
...
118059 |                 cursor += 1;
       |                 ----------- `cursor` is overwritten here before the previous value is read
       |
       = note: `#[warn(unused_assignments)]` (part of `#[warn(unused)]`) on by default

warning: value assigned to `cursor` is never read
      --> /jet/build/_tmp_select_probe.rs:118059:17
       |
118059 |                 cursor += 1;
       |                 ^^^^^^^^^^^
       |
       = help: maybe it is overwritten before being read?

error: aborting due to 4 previous errors; 50 warnings emitted

Some errors have detailed explanations: E0252, E0308.
For more information about an error, try `rustc --explain E0252`.
