warning: trait `__jet_Display` should have an upper camel case name
 --> /jet/build/astra-pattern-scope.rs:4:11
  |
4 | pub trait __jet_Display {
  |           ^^^^^^^^^^^^^ help: convert the identifier to upper camel case: `JetDisplay`
  |
  = note: `#[warn(non_camel_case_types)]` (part of `#[warn(nonstandard_style)]`) on by default

warning: trait `__jet_Equatable` should have an upper camel case name
 --> /jet/build/astra-pattern-scope.rs:8:11
  |
8 | pub trait __jet_Equatable: Sized { fn equal(&self, rhs: &Self) -> bool; }
  |           ^^^^^^^^^^^^^^^ help: convert the identifier to upper camel case: `JetEquatable`

warning: type `__jet_Ordering` should have an upper camel case name
  --> /jet/build/astra-pattern-scope.rs:24:10
   |
24 | pub enum __jet_Ordering { __jet_Less, __jet_Equal, __jet_Greater }
   |          ^^^^^^^^^^^^^^ help: convert the identifier to upper camel case: `JetOrdering`

warning: variant `__jet_Less` should have an upper camel case name
  --> /jet/build/astra-pattern-scope.rs:24:27
   |
24 | pub enum __jet_Ordering { __jet_Less, __jet_Equal, __jet_Greater }
   |                           ^^^^^^^^^^ help: convert the identifier to upper camel case: `JetLess`

warning: variant `__jet_Equal` should have an upper camel case name
  --> /jet/build/astra-pattern-scope.rs:24:39
   |
24 | pub enum __jet_Ordering { __jet_Less, __jet_Equal, __jet_Greater }
   |                                       ^^^^^^^^^^^ help: convert the identifier to upper camel case: `JetEqual`

warning: variant `__jet_Greater` should have an upper camel case name
  --> /jet/build/astra-pattern-scope.rs:24:52
   |
24 | pub enum __jet_Ordering { __jet_Less, __jet_Equal, __jet_Greater }
   |                                                    ^^^^^^^^^^^^^ help: convert the identifier to upper camel case: `JetGreater`

warning: trait `__jet_Comparable` should have an upper camel case name
  --> /jet/build/astra-pattern-scope.rs:26:11
   |
26 | pub trait __jet_Comparable: Sized { fn compare(&self, rhs: &Self) -> __jet_Ordering; }
   |           ^^^^^^^^^^^^^^^^ help: convert the identifier to upper camel case: `JetComparable`

warning: trait `__jet_Add` should have an upper camel case name
  --> /jet/build/astra-pattern-scope.rs:38:11
   |
38 | pub trait __jet_Add<Rhs = Self>: Sized { type Output; fn add(&self, rhs: &Rhs) -> Self::Output; }
   |           ^^^^^^^^^ help: convert the identifier to upper camel case: `JetAdd`

warning: trait `__jet_Sub` should have an upper camel case name
  --> /jet/build/astra-pattern-scope.rs:39:11
   |
39 | pub trait __jet_Sub<Rhs = Self>: Sized { type Output; fn sub(&self, rhs: &Rhs) -> Self::Output; }
   |           ^^^^^^^^^ help: convert the identifier to upper camel case: `JetSub`

warning: trait `__jet_Mul` should have an upper camel case name
  --> /jet/build/astra-pattern-scope.rs:40:11
   |
40 | pub trait __jet_Mul<Rhs = Self>: Sized { type Output; fn mul(&self, rhs: &Rhs) -> Self::Output; }
   |           ^^^^^^^^^ help: convert the identifier to upper camel case: `JetMul`

warning: trait `__jet_Div` should have an upper camel case name
  --> /jet/build/astra-pattern-scope.rs:41:11
   |
41 | pub trait __jet_Div<Rhs = Self>: Sized { type Output; fn div(&self, rhs: &Rhs) -> Self::Output; }
   |           ^^^^^^^^^ help: convert the identifier to upper camel case: `JetDiv`

warning: trait `__jet_Serialize` should have an upper camel case name
     --> /jet/build/astra-pattern-scope.rs:39798:7
      |
39798 | trait __jet_Serialize {
      |       ^^^^^^^^^^^^^^^ help: convert the identifier to upper camel case: `JetSerialize`

warning: unused import: `Cell`
     --> /jet/build/astra-pattern-scope.rs:44272:21
      |
44272 |     use std::cell::{Cell, RefCell};
      |                     ^^^^
      |
      = note: `#[warn(unused_imports)]` (part of `#[warn(unused)]`) on by default

warning: unused import: `JetUninit`
     --> /jet/build/astra-pattern-scope.rs:44276:43
      |
44276 |     pub use super::jet_uninit_semantics::{JetUninit, JetUninitFixed};
      |                                           ^^^^^^^^^

warning: unused imports: `JetSentryFrame`, `JetSentryGuard`, `jet_sentry_current_frame`, `jet_sentry_fenced_scope`, `jet_sentry_frame`, `jet_sentry_policy_scope`, `jet_sentry_reset`, `jet_sentry_scope`, and `jet_sentry_set_hardened`
     --> /jet/build/astra-pattern-scope.rs:44289:35
      |
44289 |         jet_memory_ledger_record, jet_sentry_current_frame, jet_sentry_fenced_scope,
      |                                   ^^^^^^^^^^^^^^^^^^^^^^^^  ^^^^^^^^^^^^^^^^^^^^^^^
44290 |         jet_sentry_frame, jet_sentry_policy_scope, jet_sentry_reset, jet_sentry_scope,
      |         ^^^^^^^^^^^^^^^^  ^^^^^^^^^^^^^^^^^^^^^^^  ^^^^^^^^^^^^^^^^  ^^^^^^^^^^^^^^^^
44291 |         jet_sentry_set_hardened, JetSentryFrame, JetSentryGuard, MemoryLedgerWitness,
      |         ^^^^^^^^^^^^^^^^^^^^^^^  ^^^^^^^^^^^^^^  ^^^^^^^^^^^^^^

warning: unused import: `crate::jet_encoding_json::render_json`
     --> /jet/build/astra-pattern-scope.rs:64248:13
      |
64248 |     pub use crate::jet_encoding_json::render_json;
      |             ^^^^^^^^^^^^^^^^^^^^^^^^^^^^^^^^^^^^^

warning: unnecessary parentheses around block return value
     --> /jet/build/astra-pattern-scope.rs:68187:13
      |
68187 |             (((exponent as u64 + 1023) << 52) | (top & ((1u64 << 52) - 1)))
      |             ^                                                             ^
      |
      = note: `#[warn(unused_parens)]` (part of `#[warn(unused)]`) on by default
help: remove these parentheses
      |
68187 -             (((exponent as u64 + 1023) << 52) | (top & ((1u64 << 52) - 1)))
68187 +             ((exponent as u64 + 1023) << 52) | (top & ((1u64 << 52) - 1))
      |

warning: unused import: `crate::jet_int_compare_hot`
     --> /jet/build/astra-pattern-scope.rs:68525:9
      |
68525 | pub use crate::jet_int_compare_hot;
      |         ^^^^^^^^^^^^^^^^^^^^^^^^^^

warning: unused import: `crate::jet_int_add_hot`
     --> /jet/build/astra-pattern-scope.rs:68549:9
      |
68549 | pub use crate::jet_int_add_hot;
      |         ^^^^^^^^^^^^^^^^^^^^^^

warning: unused import: `crate::jet_int_sub_hot`
     --> /jet/build/astra-pattern-scope.rs:68573:9
      |
68573 | pub use crate::jet_int_sub_hot;
      |         ^^^^^^^^^^^^^^^^^^^^^^

warning: unused import: `crate::jet_int_mul_hot`
     --> /jet/build/astra-pattern-scope.rs:68597:9
      |
68597 | pub use crate::jet_int_mul_hot;
      |         ^^^^^^^^^^^^^^^^^^^^^^

warning: unused import: `crate::jet_int_add_inline`
     --> /jet/build/astra-pattern-scope.rs:68611:9
      |
68611 | pub use crate::jet_int_add_inline;
      |         ^^^^^^^^^^^^^^^^^^^^^^^^^

warning: unused import: `crate::jet_int_sub_inline`
     --> /jet/build/astra-pattern-scope.rs:68621:9
      |
68621 | pub use crate::jet_int_sub_inline;
      |         ^^^^^^^^^^^^^^^^^^^^^^^^^

warning: unused import: `crate::jet_int_mul_inline`
     --> /jet/build/astra-pattern-scope.rs:68631:9
      |
68631 | pub use crate::jet_int_mul_inline;
      |         ^^^^^^^^^^^^^^^^^^^^^^^^^

warning: unused import: `crate::jet_int_compare_inline`
     --> /jet/build/astra-pattern-scope.rs:68645:9
      |
68645 | pub use crate::jet_int_compare_inline;
      |         ^^^^^^^^^^^^^^^^^^^^^^^^^^^^^

warning: unused import: `crate::jet_int_neg_inline`
     --> /jet/build/astra-pattern-scope.rs:68654:9
      |
68654 | pub use crate::jet_int_neg_inline;
      |         ^^^^^^^^^^^^^^^^^^^^^^^^^

warning: unused import: `crate::jet_int_bit_and_hot`
     --> /jet/build/astra-pattern-scope.rs:68673:9
      |
68673 | pub use crate::jet_int_bit_and_hot;
      |         ^^^^^^^^^^^^^^^^^^^^^^^^^^

warning: unused import: `crate::jet_int_bit_or_hot`
     --> /jet/build/astra-pattern-scope.rs:68689:9
      |
68689 | pub use crate::jet_int_bit_or_hot;
      |         ^^^^^^^^^^^^^^^^^^^^^^^^^

warning: unused import: `crate::jet_int_bit_xor_hot`
     --> /jet/build/astra-pattern-scope.rs:68705:9
      |
68705 | pub use crate::jet_int_bit_xor_hot;
      |         ^^^^^^^^^^^^^^^^^^^^^^^^^^

warning: unused imports: `JetCellEditGuard` and `JetCellReadGuard`
     --> /jet/build/astra-pattern-scope.rs:74376:35
      |
74376 | pub use self::jet_cell::{JetCell, JetCellEditGuard, JetCellReadGuard};
      |                                   ^^^^^^^^^^^^^^^^  ^^^^^^^^^^^^^^^^

warning: unused imports: `JetStreamSender` and `jet_stream_task`
     --> /jet/build/astra-pattern-scope.rs:75279:21
      |
75279 |     pub use super::{jet_stream_task, JetStream, JetStreamSender};
      |                     ^^^^^^^^^^^^^^^             ^^^^^^^^^^^^^^^

warning: unused import: `std::io::Write`
     --> /jet/build/astra-pattern-scope.rs:94413:13
      |
94413 |         use std::io::Write;
      |             ^^^^^^^^^^^^^^

warning: unused import: `core::cell::Cell`
      --> /jet/build/astra-pattern-scope.rs:112618:5
       |
112618 | use core::cell::Cell;
       |     ^^^^^^^^^^^^^^^^

warning: unused import: `jet_foundation::Devtools::JetDevtoolsEvent as JetWebStoreDevtoolsEvent`
      --> /jet/build/astra-pattern-scope.rs:112621:5
       |
112621 | use jet_foundation::Devtools::JetDevtoolsEvent as JetWebStoreDevtoolsEvent;
       |     ^^^^^^^^^^^^^^^^^^^^^^^^^^^^^^^^^^^^^^^^^^^^^^^^^^^^^^^^^^^^^^^^^^^^^^

warning: unused import: `TypeId as JetWebStoreTypeId`
      --> /jet/build/astra-pattern-scope.rs:112623:39
       |
112623 | use std::any::{Any as JetWebStoreAny, TypeId as JetWebStoreTypeId};
       |                                       ^^^^^^^^^^^^^^^^^^^^^^^^^^^

warning: unused imports: `BTreeMap as JetWebFormMap`, `BTreeMap as JetWebTablePages`, `BTreeSet as JetWebTableSet`, `HashMap as JetWebStoreMap`, and `VecDeque as JetWebStoreDeque`
      --> /jet/build/astra-pattern-scope.rs:112624:62
       |
112624 | ...t, BTreeMap as JetWebFormMap, VecDeque as JetWebStoreDeque, HashMap as JetWebStoreMap, BTreeMap as JetWebTablePages, BTreeSet as JetWebTableSet, V...
       |       ^^^^^^^^^^^^^^^^^^^^^^^^^  ^^^^^^^^^^^^^^^^^^^^^^^^^^^^  ^^^^^^^^^^^^^^^^^^^^^^^^^  ^^^^^^^^^^^^^^^^^^^^^^^^^^^^  ^^^^^^^^^^^^^^^^^^^^^^^^^^

warning: unused import: `std::fs::OpenOptions`
      --> /jet/build/astra-pattern-scope.rs:112625:5
       |
112625 | use std::fs::OpenOptions;
       |     ^^^^^^^^^^^^^^^^^^^^

warning: unused imports: `SeekFrom` and `Seek`
      --> /jet/build/astra-pattern-scope.rs:112626:21
       |
112626 | use std::io::{Read, Seek, SeekFrom, Write};
       |                     ^^^^  ^^^^^^^^

warning: unused imports: `Component`, `PathBuf`, and `Path`
      --> /jet/build/astra-pattern-scope.rs:112629:17
       |
112629 | use std::path::{Component, Path, PathBuf};
       |                 ^^^^^^^^^  ^^^^  ^^^^^^^

warning: unused imports: `Arc as JetWebFormArc`, `Arc as JetWebQueryArc`, `Arc as JetWebStoreArc`, `Arc as JetWebTableArc`, `Condvar as JetWebStoreCondvar`, `LazyLock as JetWebStoreLazyLock`, `LazyLock`, `Mutex as JetWebFormMutex`, `Mutex as JetWebQueryMutex`, `Mutex as JetWebStoreMutex`, and `Mutex as JetWebTableMutex`
      --> /jet/build/astra-pattern-scope.rs:112630:54
       |
112630 | ...c, Arc as JetWebFormArc, Mutex as JetWebFormMutex, Arc as JetWebQueryArc, Mutex as JetWebQueryMutex, Arc as JetWebStoreArc, Condvar as JetWebStoreCondvar, LazyLock as JetWebStoreLazyLock, Mutex as JetWebStoreMutex, Arc as JetWebTableArc, Mutex as JetWebTableMutex, LazyLock, M...
       |       ^^^^^^^^^^^^^^^^^^^^  ^^^^^^^^^^^^^^^^^^^^^^^^  ^^^^^^^^^^^^^^^^^^^^^  ^^^^^^^^^^^^^^^^^^^^^^^^^  ^^^^^^^^^^^^^^^^^^^^^  ^^^^^^^^^^^^^^^^^^^^^^^^^^^^^  ^^^^^^^^^^^^^^^^^^^^^^^^^^^^^^^  ^^^^^^^^^^^^^^^^^^^^^^^^^  ^^^^^^^^^^^^^^^^^^^^^  ^^^^^^^^^^^^^^^^^^^^^^^^^  ^^^^^^^^

warning: unused import: `Ordering as JetWebFormOrdering`
      --> /jet/build/astra-pattern-scope.rs:112631:60
       |
112631 | use std::sync::atomic::{AtomicBool, AtomicU8, AtomicUsize, Ordering as JetWebFormOrdering};
       |                                                            ^^^^^^^^^^^^^^^^^^^^^^^^^^^^^^

warning: unused imports: `SystemTime as JetWebStoreSystemTime`, `SystemTime`, `UNIX_EPOCH as JetWebStoreUnixEpoch`, and `UNIX_EPOCH`
      --> /jet/build/astra-pattern-scope.rs:112632:36
       |
112632 | ...tion, Instant, SystemTime as JetWebStoreSystemTime, UNIX_EPOCH as JetWebStoreUnixEpoch, SystemTime, UNIX_EPOCH};
       |                   ^^^^^^^^^^^^^^^^^^^^^^^^^^^^^^^^^^^  ^^^^^^^^^^^^^^^^^^^^^^^^^^^^^^^^^^  ^^^^^^^^^^  ^^^^^^^^^^

warning: type `__jet__shome_snate_s_dcache_sjet_hluna_c_castra_hpattern_hscope_djet_c_cPayload` should have an upper camel case name
      --> /jet/build/astra-pattern-scope.rs:135327:6
       |
135327 | enum __jet__shome_snate_s_dcache_sjet_hluna_c_castra_hpattern_hscope_djet_c_cPayload {
       |      ^^^^^^^^^^^^^^^^^^^^^^^^^^^^^^^^^^^^^^^^^^^^^^^^^^^^^^^^^^^^^^^^^^^^^^^^^^^^^^^ help: convert the identifier to upper camel case: `JetShomeSnateSDcacheSjetHlunaCCastraHpatternHscopeDjetCCPayload`

warning: variant `__jet_Count` should have an upper camel case name
      --> /jet/build/astra-pattern-scope.rs:135328:5
       |
135328 |     __jet_Count(jet_foundation::Numeric::JetInt),
       |     ^^^^^^^^^^^ help: convert the identifier to upper camel case: `JetCount`

warning: variant `__jet_Text` should have an upper camel case name
      --> /jet/build/astra-pattern-scope.rs:135329:5
       |
135329 |     __jet_Text(String),
       |     ^^^^^^^^^^ help: convert the identifier to upper camel case: `JetText`

warning: unnecessary parentheses around function argument
      --> /jet/build/astra-pattern-scope.rs:135540:53
       |
135540 | ...me((((__jet_v_13650695790293852293.as_ref().expect("MIR value")).clone()) < ((__jet_v_6769192863253120295.as_ref().expect("MIR value")).clone())));
       |       ^                                                                                                                                            ^
       |
help: remove these parentheses
       |
135540 -                 __jet_v_10378776583286373367 = Some((((__jet_v_13650695790293852293.as_ref().expect("MIR value")).clone()) < ((__jet_v_6769192863253120295.as_ref().expect("MIR value")).clone())));
135540 +                 __jet_v_10378776583286373367 = Some(((__jet_v_13650695790293852293.as_ref().expect("MIR value")).clone()) < ((__jet_v_6769192863253120295.as_ref().expect("MIR value")).clone()));
       |

warning: unnecessary parentheses around function argument
      --> /jet/build/astra-pattern-scope.rs:135653:53
       |
135653 | ...me((((__jet_v_3120213517749878233.as_ref().expect("MIR value")).clone()) > ((__jet_v_8413493811855543315.as_ref().expect("MIR value")).clone())));
       |       ^                                                                                                                                           ^
       |
help: remove these parentheses
       |
135653 -                 __jet_v_13973252565942909983 = Some((((__jet_v_3120213517749878233.as_ref().expect("MIR value")).clone()) > ((__jet_v_8413493811855543315.as_ref().expect("MIR value")).clone())));
135653 +                 __jet_v_13973252565942909983 = Some(((__jet_v_3120213517749878233.as_ref().expect("MIR value")).clone()) > ((__jet_v_8413493811855543315.as_ref().expect("MIR value")).clone()));
       |

warning: unnecessary parentheses around function argument
      --> /jet/build/astra-pattern-scope.rs:135667:51
       |
135667 | ...me((((__jet_v_3732970506685796687.as_ref().expect("MIR value")).clone()) < ((__jet_v_13436576925980059317.as_ref().expect("MIR value")).clone())));
       |       ^                                                                                                                                            ^
       |
help: remove these parentheses
       |
135667 -                 __jet_v_477844553163462116 = Some((((__jet_v_3732970506685796687.as_ref().expect("MIR value")).clone()) < ((__jet_v_13436576925980059317.as_ref().expect("MIR value")).clone())));
135667 +                 __jet_v_477844553163462116 = Some(((__jet_v_3732970506685796687.as_ref().expect("MIR value")).clone()) < ((__jet_v_13436576925980059317.as_ref().expect("MIR value")).clone()));
       |

warning: unnecessary parentheses around function argument
      --> /jet/build/astra-pattern-scope.rs:135889:52
       |
135889 | ...me((((__jet_v_13426293514124162035.as_ref().expect("MIR value")).clone()) > ((__jet_v_1880132404921310849.as_ref().expect("MIR value")).clone())));
       |       ^                                                                                                                                            ^
       |
help: remove these parentheses
       |
135889 -                 __jet_v_6106361513714688392 = Some((((__jet_v_13426293514124162035.as_ref().expect("MIR value")).clone()) > ((__jet_v_1880132404921310849.as_ref().expect("MIR value")).clone())));
135889 +                 __jet_v_6106361513714688392 = Some(((__jet_v_13426293514124162035.as_ref().expect("MIR value")).clone()) > ((__jet_v_1880132404921310849.as_ref().expect("MIR value")).clone()));
       |

warning: unnecessary parentheses around function argument
      --> /jet/build/astra-pattern-scope.rs:136048:52
       |
136048 | ...me((((__jet_v_10818452968255413169.as_ref().expect("MIR value")).clone()) != ((__jet_v_14948795970002164050.as_ref().expect("MIR value")).clone())));
       |       ^                                                                                                                                              ^
       |
help: remove these parentheses
       |
136048 -                 __jet_v_6113759985454955231 = Some((((__jet_v_10818452968255413169.as_ref().expect("MIR value")).clone()) != ((__jet_v_14948795970002164050.as_ref().expect("MIR value")).clone())));
136048 +                 __jet_v_6113759985454955231 = Some(((__jet_v_10818452968255413169.as_ref().expect("MIR value")).clone()) != ((__jet_v_14948795970002164050.as_ref().expect("MIR value")).clone()));
       |

warning: unnecessary parentheses around function argument
      --> /jet/build/astra-pattern-scope.rs:136062:53
       |
136062 | ...me((((__jet_v_14167206003897369424.as_ref().expect("MIR value")).clone()) != ((__jet_v_7280515124454066013.as_ref().expect("MIR value")).clone())));
       |       ^                                                                                                                                             ^
       |
help: remove these parentheses
       |
136062 -                 __jet_v_13878972723696259514 = Some((((__jet_v_14167206003897369424.as_ref().expect("MIR value")).clone()) != ((__jet_v_7280515124454066013.as_ref().expect("MIR value")).clone())));
136062 +                 __jet_v_13878972723696259514 = Some(((__jet_v_14167206003897369424.as_ref().expect("MIR value")).clone()) != ((__jet_v_7280515124454066013.as_ref().expect("MIR value")).clone()));
       |

error[E0308]: mismatched types
      --> /jet/build/astra-pattern-scope.rs:135408:53
       |
135408 |                 __jet_v_14345609273593940664 = Some(__jet_l_14378765358166291881.as_ref().expect("MIR local").clone());
       |                                                ---- ^^^^^^^^^^^^^^^^^^^^^^^^^^^^^^^^^^^^^^^^^^^^^^^^^^^^^^^^^^^^^^^^^ expected `String`, found `JetInt`
       |                                                |
       |                                                arguments to this enum variant are incorrect
       |
help: the type constructed contains `jet_foundation_numeric::JetInt` due to the type of the argument passed
      --> /jet/build/astra-pattern-scope.rs:135408:48
       |
135408 |                 __jet_v_14345609273593940664 = Some(__jet_l_14378765358166291881.as_ref().expect("MIR local").clone());
       |                                                ^^^^^-----------------------------------------------------------------^
       |                                                     |
       |                                                     this argument influences the type of `Some`
note: tuple variant defined here
      --> /rustc/8bab26f4f68e0e26f0bb7960be334d5b520ea452/library/core/src/option.rs:605:4
help: try using a conversion method
       |
135408 -                 __jet_v_14345609273593940664 = Some(__jet_l_14378765358166291881.as_ref().expect("MIR local").clone());
135408 +                 __jet_v_14345609273593940664 = Some(__jet_l_14378765358166291881.as_ref().expect("MIR local").to_string());
       |

error[E0308]: mismatched types
      --> /jet/build/astra-pattern-scope.rs:135409:148
       |
135409 | ...me(jet_codec_encode::<String>((__jet_v_6142814600378245285.as_ref().expect("MIR value")).clone(), __jet_l_14378765358166291881.as_ref().expect("MIR local")));
       |       -------------------------- arguments to this function are incorrect                            ^^^^^^^^^^^^^^^^^^^^^^^^^^^^^^^^^^^^^^^^^^^^^^^^^^^^^^^^^ expected `&String`, found `&JetInt`
       |
       = note: expected reference `&String`
                  found reference `&jet_foundation_numeric::JetInt`
note: function defined here
      --> /jet/build/astra-pattern-scope.rs:92468:4
       |
 92468 | fn jet_codec_encode<T: __jet_Encode>(_kind: i64, value: &T) -> jet_std::DataTree {
       |    ^^^^^^^^^^^^^^^^                              ---------

error[E0308]: mismatched types
      --> /jet/build/astra-pattern-scope.rs:135445:53
       |
135445 |                 __jet_l_14378765358166291881 = Some(__jet_v_8024487183514806011.take().expect("MIR value"));
       |                                                ---- ^^^^^^^^^^^^^^^^^^^^^^^^^^^^^^^^^^^^^^^^^^^^^^^^^^^^^^ expected `JetInt`, found `String`
       |                                                |
       |                                                arguments to this enum variant are incorrect
       |
help: the type constructed contains `String` due to the type of the argument passed
      --> /jet/build/astra-pattern-scope.rs:135445:48
       |
135445 |                 __jet_l_14378765358166291881 = Some(__jet_v_8024487183514806011.take().expect("MIR value"));
       |                                                ^^^^^------------------------------------------------------^
       |                                                     |
       |                                                     this argument influences the type of `Some`
note: tuple variant defined here
      --> /rustc/8bab26f4f68e0e26f0bb7960be334d5b520ea452/library/core/src/option.rs:605:4

error[E0308]: mismatched types
      --> /jet/build/astra-pattern-scope.rs:135574:119
       |
135574 | ... = Some(matches!(__jet_v_3603436129123694198.as_ref().expect("MIR value"), jet_std::DataTree::Text(_)));
       |                     --------------------------------------------------------  ^^^^^^^^^^^^^^^^^^^^^^^^^^ expected `__jet__shome_snate_s_dcache_sjet_hluna_c_castra_hpattern_hscope_djet_c_cPayload`, found `DataTree`
       |                     |
       |                     this expression has type `&__jet__shome_snate_s_dcache_sjet_hluna_c_castra_hpattern_hscope_djet_c_cPayload`

error[E0308]: mismatched types
      --> /jet/build/astra-pattern-scope.rs:135704:119
       |
135704 | ... = Some(matches!(__jet_v_8892182085403559838.as_ref().expect("MIR value"), jet_std::DataTree::Text(_)));
       |                     --------------------------------------------------------  ^^^^^^^^^^^^^^^^^^^^^^^^^^ expected `__jet__shome_snate_s_dcache_sjet_hluna_c_castra_hpattern_hscope_djet_c_cPayload`, found `DataTree`
       |                     |
       |                     this expression has type `&__jet__shome_snate_s_dcache_sjet_hluna_c_castra_hpattern_hscope_djet_c_cPayload`

error[E0308]: mismatched types
      --> /jet/build/astra-pattern-scope.rs:135731:117
       |
135731 | ...= Some(match __jet_v_7751972259661322560.as_ref().expect("MIR value") { jet_std::DataTree::Text(payload) => payload.clone(), ...
       |                 --------------------------------------------------------   ^^^^^^^^^^^^^^^^^^^^^^^^^^^^^^^^ expected `__jet__shome_snate_s_dcache_sjet_hluna_c_castra_hpattern_hscope_djet_c_cPayload`, found `DataTree`
       |                 |
       |                 this expression has type `&__jet__shome_snate_s_dcache_sjet_hluna_c_castra_hpattern_hscope_djet_c_cPayload`

error[E0308]: mismatched types
      --> /jet/build/astra-pattern-scope.rs:135745:117
       |
135745 | ...= Some(match __jet_v_3603436129123694198.as_ref().expect("MIR value") { jet_std::DataTree::Text(payload) => payload.clone(), ...
       |                 --------------------------------------------------------   ^^^^^^^^^^^^^^^^^^^^^^^^^^^^^^^^ expected `__jet__shome_snate_s_dcache_sjet_hluna_c_castra_hpattern_hscope_djet_c_cPayload`, found `DataTree`
       |                 |
       |                 this expression has type `&__jet__shome_snate_s_dcache_sjet_hluna_c_castra_hpattern_hscope_djet_c_cPayload`

error[E0308]: mismatched types
      --> /jet/build/astra-pattern-scope.rs:135816:119
       |
135816 | ... = Some(matches!(__jet_v_7751972259661322560.as_ref().expect("MIR value"), jet_std::DataTree::Text(_)));
       |                     --------------------------------------------------------  ^^^^^^^^^^^^^^^^^^^^^^^^^^ expected `__jet__shome_snate_s_dcache_sjet_hluna_c_castra_hpattern_hscope_djet_c_cPayload`, found `DataTree`
       |                     |
       |                     this expression has type `&__jet__shome_snate_s_dcache_sjet_hluna_c_castra_hpattern_hscope_djet_c_cPayload`

error[E0308]: mismatched types
      --> /jet/build/astra-pattern-scope.rs:135861:117
       |
135861 | ...= Some(match __jet_v_8892182085403559838.as_ref().expect("MIR value") { jet_std::DataTree::Text(payload) => payload.clone(), ...
       |                 --------------------------------------------------------   ^^^^^^^^^^^^^^^^^^^^^^^^^^^^^^^^ expected `__jet__shome_snate_s_dcache_sjet_hluna_c_castra_hpattern_hscope_djet_c_cPayload`, found `DataTree`
       |                 |
       |                 this expression has type `&__jet__shome_snate_s_dcache_sjet_hluna_c_castra_hpattern_hscope_djet_c_cPayload`

error[E0308]: mismatched types
      --> /jet/build/astra-pattern-scope.rs:135970:119
       |
135970 | ... = Some(matches!(__jet_v_9425723506120201983.as_ref().expect("MIR value"), jet_std::DataTree::Text(_)));
       |                     --------------------------------------------------------  ^^^^^^^^^^^^^^^^^^^^^^^^^^ expected `__jet__shome_snate_s_dcache_sjet_hluna_c_castra_hpattern_hscope_djet_c_cPayload`, found `DataTree`
       |                     |
       |                     this expression has type `&__jet__shome_snate_s_dcache_sjet_hluna_c_castra_hpattern_hscope_djet_c_cPayload`

error[E0308]: mismatched types
      --> /jet/build/astra-pattern-scope.rs:136004:120
       |
136004 | ... = Some(matches!(__jet_v_6080976758873886859.as_ref().expect("MIR value"), jet_std::DataTree::Text(_)));
       |                     --------------------------------------------------------  ^^^^^^^^^^^^^^^^^^^^^^^^^^ expected `__jet__shome_snate_s_dcache_sjet_hluna_c_castra_hpattern_hscope_djet_c_cPayload`, found `DataTree`
       |                     |
       |                     this expression has type `&__jet__shome_snate_s_dcache_sjet_hluna_c_castra_hpattern_hscope_djet_c_cPayload`

error[E0308]: mismatched types
      --> /jet/build/astra-pattern-scope.rs:136016:119
       |
136016 | ...= Some(match __jet_v_12470332896161916689.as_ref().expect("MIR value") { jet_std::DataTree::Text(payload) => payload.clone(),...
       |                 ---------------------------------------------------------   ^^^^^^^^^^^^^^^^^^^^^^^^^^^^^^^^ expected `__jet__shome_snate_s_dcache_sjet_hluna_c_castra_hpattern_hscope_djet_c_cPayload`, found `DataTree`
       |                 |
       |                 this expression has type `&__jet__shome_snate_s_dcache_sjet_hluna_c_castra_hpattern_hscope_djet_c_cPayload`

error[E0308]: mismatched types
      --> /jet/build/astra-pattern-scope.rs:136096:120
       |
136096 | ... Some(matches!(__jet_v_12470332896161916689.as_ref().expect("MIR value"), jet_std::DataTree::Text(_)));
       |                   ---------------------------------------------------------  ^^^^^^^^^^^^^^^^^^^^^^^^^^ expected `__jet__shome_snate_s_dcache_sjet_hluna_c_castra_hpattern_hscope_djet_c_cPayload`, found `DataTree`
       |                   |
       |                   this expression has type `&__jet__shome_snate_s_dcache_sjet_hluna_c_castra_hpattern_hscope_djet_c_cPayload`

error[E0308]: mismatched types
      --> /jet/build/astra-pattern-scope.rs:136167:118
       |
136167 | ...= Some(match __jet_v_9425723506120201983.as_ref().expect("MIR value") { jet_std::DataTree::Text(payload) => payload.clone(), ...
       |                 --------------------------------------------------------   ^^^^^^^^^^^^^^^^^^^^^^^^^^^^^^^^ expected `__jet__shome_snate_s_dcache_sjet_hluna_c_castra_hpattern_hscope_djet_c_cPayload`, found `DataTree`
       |                 |
       |                 this expression has type `&__jet__shome_snate_s_dcache_sjet_hluna_c_castra_hpattern_hscope_djet_c_cPayload`

error[E0308]: mismatched types
      --> /jet/build/astra-pattern-scope.rs:136278:117
       |
136278 | ...= Some(match __jet_v_6080976758873886859.as_ref().expect("MIR value") { jet_std::DataTree::Text(payload) => payload.clone(), ...
       |                 --------------------------------------------------------   ^^^^^^^^^^^^^^^^^^^^^^^^^^^^^^^^ expected `__jet__shome_snate_s_dcache_sjet_hluna_c_castra_hpattern_hscope_djet_c_cPayload`, found `DataTree`
       |                 |
       |                 this expression has type `&__jet__shome_snate_s_dcache_sjet_hluna_c_castra_hpattern_hscope_djet_c_cPayload`

error[E0308]: mismatched types
      --> /jet/build/astra-pattern-scope.rs:136545:53
       |
136545 |                 __jet_v_10225438623233364744 = Some(__jet_l_8525932457981702829.as_ref().expect("MIR local").clone());
       |                                                ---- ^^^^^^^^^^^^^^^^^^^^^^^^^^^^^^^^^^^^^^^^^^^^^^^^^^^^^^^^^^^^^^^^ expected `String`, found `JetInt`
       |                                                |
       |                                                arguments to this enum variant are incorrect
       |
help: the type constructed contains `jet_foundation_numeric::JetInt` due to the type of the argument passed
      --> /jet/build/astra-pattern-scope.rs:136545:48
       |
136545 |                 __jet_v_10225438623233364744 = Some(__jet_l_8525932457981702829.as_ref().expect("MIR local").clone());
       |                                                ^^^^^----------------------------------------------------------------^
       |                                                     |
       |                                                     this argument influences the type of `Some`
note: tuple variant defined here
      --> /rustc/8bab26f4f68e0e26f0bb7960be334d5b520ea452/library/core/src/option.rs:605:4
help: try using a conversion method
       |
136545 -                 __jet_v_10225438623233364744 = Some(__jet_l_8525932457981702829.as_ref().expect("MIR local").clone());
136545 +                 __jet_v_10225438623233364744 = Some(__jet_l_8525932457981702829.as_ref().expect("MIR local").to_string());
       |

error[E0308]: mismatched types
      --> /jet/build/astra-pattern-scope.rs:136580:121
       |
136580 | ... Some(matches!(__jet_v_17228453638075478955.as_ref().expect("MIR value"), jet_std::DataTree::Text(_)));
       |                   ---------------------------------------------------------  ^^^^^^^^^^^^^^^^^^^^^^^^^^ expected `__jet__shome_snate_s_dcache_sjet_hluna_c_castra_hpattern_hscope_djet_c_cPayload`, found `DataTree`
       |                   |
       |                   this expression has type `&__jet__shome_snate_s_dcache_sjet_hluna_c_castra_hpattern_hscope_djet_c_cPayload`

error[E0308]: mismatched types
      --> /jet/build/astra-pattern-scope.rs:136609:119
       |
136609 | ...= Some(match __jet_v_17228453638075478955.as_ref().expect("MIR value") { jet_std::DataTree::Text(payload) => payload.clone(),...
       |                 ---------------------------------------------------------   ^^^^^^^^^^^^^^^^^^^^^^^^^^^^^^^^ expected `__jet__shome_snate_s_dcache_sjet_hluna_c_castra_hpattern_hscope_djet_c_cPayload`, found `DataTree`
       |                 |
       |                 this expression has type `&__jet__shome_snate_s_dcache_sjet_hluna_c_castra_hpattern_hscope_djet_c_cPayload`

error[E0308]: mismatched types
      --> /jet/build/astra-pattern-scope.rs:136610:52
       |
136610 |                 __jet_l_8525932457981702829 = Some(__jet_v_12052915135639097591.take().expect("MIR value"));
       |                                               ---- ^^^^^^^^^^^^^^^^^^^^^^^^^^^^^^^^^^^^^^^^^^^^^^^^^^^^^^^ expected `JetInt`, found `String`
       |                                               |
       |                                               arguments to this enum variant are incorrect
       |
help: the type constructed contains `String` due to the type of the argument passed
      --> /jet/build/astra-pattern-scope.rs:136610:47
       |
136610 |                 __jet_l_8525932457981702829 = Some(__jet_v_12052915135639097591.take().expect("MIR value"));
       |                                               ^^^^^-------------------------------------------------------^
       |                                                    |
       |                                                    this argument influences the type of `Some`
note: tuple variant defined here
      --> /rustc/8bab26f4f68e0e26f0bb7960be334d5b520ea452/library/core/src/option.rs:605:4

warning: unused import: `Read`
      --> /jet/build/astra-pattern-scope.rs:112626:15
       |
112626 | use std::io::{Read, Seek, SeekFrom, Write};
       |               ^^^^

warning: unused import: `Write`
      --> /jet/build/astra-pattern-scope.rs:112626:37
       |
112626 | use std::io::{Read, Seek, SeekFrom, Write};
       |                                     ^^^^^

warning: unused import: `Any`
      --> /jet/build/astra-pattern-scope.rs:112623:16
       |
112623 | use std::any::{Any as JetWebStoreAny, TypeId as JetWebStoreTypeId};
       |                ^^^

warning: value assigned to `cursor` is never read
      --> /jet/build/astra-pattern-scope.rs:119736:17
       |
119736 |                 cursor += 2;
       |                 ^^^^^^^^^^^ this value is reassigned later and never used
...
119739 |                 cursor += 1;
       |                 ----------- `cursor` is overwritten here before the previous value is read
       |
       = note: `#[warn(unused_assignments)]` (part of `#[warn(unused)]`) on by default

warning: value assigned to `cursor` is never read
      --> /jet/build/astra-pattern-scope.rs:119739:17
       |
119739 |                 cursor += 1;
       |                 ^^^^^^^^^^^
       |
       = help: maybe it is overwritten before being read?

warning: unused variable: `prior`
      --> /jet/build/astra-pattern-scope.rs:129872:9
       |
129872 |         prior: &[jet_std::DataWatchEntry<jet_std::GroupValue<K, V>>],
       |         ^^^^^ help: if this is intentional, prefix it with an underscore: `_prior`
       |
       = note: `#[warn(unused_variables)]` (part of `#[warn(unused)]`) on by default

error: aborting due to 19 previous errors; 57 warnings emitted

For more information about this error, try `rustc --explain E0308`.
