warning: trait `__jet_Display` should have an upper camel case name
 --> /jet/build/bounded_spsc_atomic.rs:4:11
  |
4 | pub trait __jet_Display {
  |           ^^^^^^^^^^^^^ help: convert the identifier to upper camel case: `JetDisplay`
  |
  = note: `#[warn(non_camel_case_types)]` (part of `#[warn(nonstandard_style)]`) on by default

warning: trait `__jet_Equatable` should have an upper camel case name
 --> /jet/build/bounded_spsc_atomic.rs:8:11
  |
8 | pub trait __jet_Equatable: Sized { fn equal(&self, rhs: &Self) -> bool; }
  |           ^^^^^^^^^^^^^^^ help: convert the identifier to upper camel case: `JetEquatable`

warning: type `__jet_Ordering` should have an upper camel case name
  --> /jet/build/bounded_spsc_atomic.rs:24:10
   |
24 | pub enum __jet_Ordering { __jet_Less, __jet_Equal, __jet_Greater }
   |          ^^^^^^^^^^^^^^ help: convert the identifier to upper camel case: `JetOrdering`

warning: variant `__jet_Less` should have an upper camel case name
  --> /jet/build/bounded_spsc_atomic.rs:24:27
   |
24 | pub enum __jet_Ordering { __jet_Less, __jet_Equal, __jet_Greater }
   |                           ^^^^^^^^^^ help: convert the identifier to upper camel case: `JetLess`

warning: variant `__jet_Equal` should have an upper camel case name
  --> /jet/build/bounded_spsc_atomic.rs:24:39
   |
24 | pub enum __jet_Ordering { __jet_Less, __jet_Equal, __jet_Greater }
   |                                       ^^^^^^^^^^^ help: convert the identifier to upper camel case: `JetEqual`

warning: variant `__jet_Greater` should have an upper camel case name
  --> /jet/build/bounded_spsc_atomic.rs:24:52
   |
24 | pub enum __jet_Ordering { __jet_Less, __jet_Equal, __jet_Greater }
   |                                                    ^^^^^^^^^^^^^ help: convert the identifier to upper camel case: `JetGreater`

warning: trait `__jet_Comparable` should have an upper camel case name
  --> /jet/build/bounded_spsc_atomic.rs:26:11
   |
26 | pub trait __jet_Comparable: Sized { fn compare(&self, rhs: &Self) -> __jet_Ordering; }
   |           ^^^^^^^^^^^^^^^^ help: convert the identifier to upper camel case: `JetComparable`

warning: trait `__jet_Add` should have an upper camel case name
  --> /jet/build/bounded_spsc_atomic.rs:38:11
   |
38 | pub trait __jet_Add<Rhs = Self>: Sized { type Output; fn add(&self, rhs: &Rhs) -> Self::Output; }
   |           ^^^^^^^^^ help: convert the identifier to upper camel case: `JetAdd`

warning: trait `__jet_Sub` should have an upper camel case name
  --> /jet/build/bounded_spsc_atomic.rs:39:11
   |
39 | pub trait __jet_Sub<Rhs = Self>: Sized { type Output; fn sub(&self, rhs: &Rhs) -> Self::Output; }
   |           ^^^^^^^^^ help: convert the identifier to upper camel case: `JetSub`

warning: trait `__jet_Mul` should have an upper camel case name
  --> /jet/build/bounded_spsc_atomic.rs:40:11
   |
40 | pub trait __jet_Mul<Rhs = Self>: Sized { type Output; fn mul(&self, rhs: &Rhs) -> Self::Output; }
   |           ^^^^^^^^^ help: convert the identifier to upper camel case: `JetMul`

warning: trait `__jet_Div` should have an upper camel case name
  --> /jet/build/bounded_spsc_atomic.rs:41:11
   |
41 | pub trait __jet_Div<Rhs = Self>: Sized { type Output; fn div(&self, rhs: &Rhs) -> Self::Output; }
   |           ^^^^^^^^^ help: convert the identifier to upper camel case: `JetDiv`

warning: trait `__jet_Index` should have an upper camel case name
  --> /jet/build/bounded_spsc_atomic.rs:42:11
   |
42 | pub trait __jet_Index {
   |           ^^^^^^^^^^^ help: convert the identifier to upper camel case: `JetIndex`

warning: associated type `__jet_Key` should have an upper camel case name
  --> /jet/build/bounded_spsc_atomic.rs:43:10
   |
43 |     type __jet_Key;
   |          ^^^^^^^^^ help: convert the identifier to upper camel case: `JetKey`

warning: associated type `__jet_Value` should have an upper camel case name
  --> /jet/build/bounded_spsc_atomic.rs:44:10
   |
44 |     type __jet_Value;
   |          ^^^^^^^^^^^ help: convert the identifier to upper camel case: `JetValue`

warning: trait `__jet_IndexMut` should have an upper camel case name
  --> /jet/build/bounded_spsc_atomic.rs:47:11
   |
47 | pub trait __jet_IndexMut: __jet_Index {
   |           ^^^^^^^^^^^^^^ help: convert the identifier to upper camel case: `JetIndexMut`

warning: trait `__jet_Serialize` should have an upper camel case name
     --> /jet/build/bounded_spsc_atomic.rs:41731:7
      |
41731 | trait __jet_Serialize {
      |       ^^^^^^^^^^^^^^^ help: convert the identifier to upper camel case: `JetSerialize`

warning: unused import: `Cell`
     --> /jet/build/bounded_spsc_atomic.rs:46256:21
      |
46256 |     use std::cell::{Cell, RefCell};
      |                     ^^^^
      |
      = note: `#[warn(unused_imports)]` (part of `#[warn(unused)]`) on by default

warning: unused import: `JetUninit`
     --> /jet/build/bounded_spsc_atomic.rs:46260:43
      |
46260 |     pub use super::jet_uninit_semantics::{JetUninit, JetUninitFixed};
      |                                           ^^^^^^^^^

warning: unused imports: `JetSentryFrame`, `JetSentryGuard`, `jet_sentry_current_frame`, `jet_sentry_fenced_scope`, `jet_sentry_frame`, `jet_sentry_policy_scope`, `jet_sentry_reset`, `jet_sentry_scope`, and `jet_sentry_set_hardened`
     --> /jet/build/bounded_spsc_atomic.rs:46273:35
      |
46273 |         jet_memory_ledger_record, jet_sentry_current_frame, jet_sentry_fenced_scope,
      |                                   ^^^^^^^^^^^^^^^^^^^^^^^^  ^^^^^^^^^^^^^^^^^^^^^^^
46274 |         jet_sentry_frame, jet_sentry_policy_scope, jet_sentry_reset, jet_sentry_scope,
      |         ^^^^^^^^^^^^^^^^  ^^^^^^^^^^^^^^^^^^^^^^^  ^^^^^^^^^^^^^^^^  ^^^^^^^^^^^^^^^^
46275 |         jet_sentry_set_hardened, JetSentryFrame, JetSentryGuard, MemoryLedgerWitness,
      |         ^^^^^^^^^^^^^^^^^^^^^^^  ^^^^^^^^^^^^^^  ^^^^^^^^^^^^^^

warning: unused import: `crate::jet_encoding_json::render_json`
     --> /jet/build/bounded_spsc_atomic.rs:66275:13
      |
66275 |     pub use crate::jet_encoding_json::render_json;
      |             ^^^^^^^^^^^^^^^^^^^^^^^^^^^^^^^^^^^^^

warning: unnecessary parentheses around block return value
     --> /jet/build/bounded_spsc_atomic.rs:70337:13
      |
70337 |             (((exponent as u64 + 1023) << 52) | (top & ((1u64 << 52) - 1)))
      |             ^                                                             ^
      |
      = note: `#[warn(unused_parens)]` (part of `#[warn(unused)]`) on by default
help: remove these parentheses
      |
70337 -             (((exponent as u64 + 1023) << 52) | (top & ((1u64 << 52) - 1)))
70337 +             ((exponent as u64 + 1023) << 52) | (top & ((1u64 << 52) - 1))
      |

warning: unused import: `crate::jet_int_compare_hot`
     --> /jet/build/bounded_spsc_atomic.rs:70688:9
      |
70688 | pub use crate::jet_int_compare_hot;
      |         ^^^^^^^^^^^^^^^^^^^^^^^^^^

warning: unused import: `crate::jet_int_add_hot`
     --> /jet/build/bounded_spsc_atomic.rs:70712:9
      |
70712 | pub use crate::jet_int_add_hot;
      |         ^^^^^^^^^^^^^^^^^^^^^^

warning: unused import: `crate::jet_int_sub_hot`
     --> /jet/build/bounded_spsc_atomic.rs:70736:9
      |
70736 | pub use crate::jet_int_sub_hot;
      |         ^^^^^^^^^^^^^^^^^^^^^^

warning: unused import: `crate::jet_int_mul_hot`
     --> /jet/build/bounded_spsc_atomic.rs:70760:9
      |
70760 | pub use crate::jet_int_mul_hot;
      |         ^^^^^^^^^^^^^^^^^^^^^^

warning: unused import: `crate::jet_int_add_inline`
     --> /jet/build/bounded_spsc_atomic.rs:70774:9
      |
70774 | pub use crate::jet_int_add_inline;
      |         ^^^^^^^^^^^^^^^^^^^^^^^^^

warning: unused import: `crate::jet_int_sub_inline`
     --> /jet/build/bounded_spsc_atomic.rs:70784:9
      |
70784 | pub use crate::jet_int_sub_inline;
      |         ^^^^^^^^^^^^^^^^^^^^^^^^^

warning: unused import: `crate::jet_int_mul_inline`
     --> /jet/build/bounded_spsc_atomic.rs:70794:9
      |
70794 | pub use crate::jet_int_mul_inline;
      |         ^^^^^^^^^^^^^^^^^^^^^^^^^

warning: unused import: `crate::jet_int_compare_inline`
     --> /jet/build/bounded_spsc_atomic.rs:70808:9
      |
70808 | pub use crate::jet_int_compare_inline;
      |         ^^^^^^^^^^^^^^^^^^^^^^^^^^^^^

warning: unused import: `crate::jet_int_neg_inline`
     --> /jet/build/bounded_spsc_atomic.rs:70817:9
      |
70817 | pub use crate::jet_int_neg_inline;
      |         ^^^^^^^^^^^^^^^^^^^^^^^^^

warning: unused import: `crate::jet_int_bit_and_hot`
     --> /jet/build/bounded_spsc_atomic.rs:70836:9
      |
70836 | pub use crate::jet_int_bit_and_hot;
      |         ^^^^^^^^^^^^^^^^^^^^^^^^^^

warning: unused import: `crate::jet_int_bit_or_hot`
     --> /jet/build/bounded_spsc_atomic.rs:70852:9
      |
70852 | pub use crate::jet_int_bit_or_hot;
      |         ^^^^^^^^^^^^^^^^^^^^^^^^^

warning: unused import: `crate::jet_int_bit_xor_hot`
     --> /jet/build/bounded_spsc_atomic.rs:70868:9
      |
70868 | pub use crate::jet_int_bit_xor_hot;
      |         ^^^^^^^^^^^^^^^^^^^^^^^^^^

warning: unused imports: `JetCellEditGuard` and `JetCellReadGuard`
     --> /jet/build/bounded_spsc_atomic.rs:76700:35
      |
76700 | pub use self::jet_cell::{JetCell, JetCellEditGuard, JetCellReadGuard};
      |                                   ^^^^^^^^^^^^^^^^  ^^^^^^^^^^^^^^^^

warning: unused imports: `JetStreamSender` and `jet_stream_task`
     --> /jet/build/bounded_spsc_atomic.rs:77641:21
      |
77641 |     pub use super::{jet_stream_task, JetStream, JetStreamSender};
      |                     ^^^^^^^^^^^^^^^             ^^^^^^^^^^^^^^^

warning: unused macro definition: `jet_plugin_bridge`
     --> /jet/build/bounded_spsc_atomic.rs:87915:14
      |
87915 | macro_rules! jet_plugin_bridge {
      |              ^^^^^^^^^^^^^^^^^
      |
      = note: `#[warn(unused_macros)]` (part of `#[warn(unused)]`) on by default

warning: unused import: `std::io::Write`
     --> /jet/build/bounded_spsc_atomic.rs:93873:13
      |
93873 |         use std::io::Write;
      |             ^^^^^^^^^^^^^^

warning: unused import: `core::cell::Cell`
      --> /jet/build/bounded_spsc_atomic.rs:114733:5
       |
114733 | use core::cell::Cell;
       |     ^^^^^^^^^^^^^^^^

warning: unused import: `jet_foundation::Devtools::JetDevtoolsEvent as JetWebStoreDevtoolsEvent`
      --> /jet/build/bounded_spsc_atomic.rs:114736:5
       |
114736 | use jet_foundation::Devtools::JetDevtoolsEvent as JetWebStoreDevtoolsEvent;
       |     ^^^^^^^^^^^^^^^^^^^^^^^^^^^^^^^^^^^^^^^^^^^^^^^^^^^^^^^^^^^^^^^^^^^^^^

warning: unused import: `TypeId as JetWebStoreTypeId`
      --> /jet/build/bounded_spsc_atomic.rs:114738:39
       |
114738 | use std::any::{Any as JetWebStoreAny, TypeId as JetWebStoreTypeId};
       |                                       ^^^^^^^^^^^^^^^^^^^^^^^^^^^

warning: unused imports: `BTreeMap as JetWebFormMap`, `BTreeMap as JetWebTablePages`, `BTreeMap`, `BTreeSet as JetWebTableSet`, `BTreeSet`, `HashMap as JetWebStoreMap`, and `VecDeque as JetWebStoreDeque`
      --> /jet/build/bounded_spsc_atomic.rs:114739:24
       |
114739 | ...::{BTreeMap, BTreeSet, HashMap, HashSet, BTreeMap as JetWebFormMap, VecDeque as JetWebStoreDeque, HashMap as JetWebStoreMap, BTreeMap as JetWebTablePages, BTreeSet as JetWebTableSet, V...
       |       ^^^^^^^^  ^^^^^^^^                    ^^^^^^^^^^^^^^^^^^^^^^^^^  ^^^^^^^^^^^^^^^^^^^^^^^^^^^^  ^^^^^^^^^^^^^^^^^^^^^^^^^  ^^^^^^^^^^^^^^^^^^^^^^^^^^^^  ^^^^^^^^^^^^^^^^^^^^^^^^^^

warning: unused import: `std::fs::OpenOptions`
      --> /jet/build/bounded_spsc_atomic.rs:114740:5
       |
114740 | use std::fs::OpenOptions;
       |     ^^^^^^^^^^^^^^^^^^^^

warning: unused imports: `SeekFrom` and `Seek`
      --> /jet/build/bounded_spsc_atomic.rs:114741:21
       |
114741 | use std::io::{Read, Seek, SeekFrom, Write};
       |                     ^^^^  ^^^^^^^^

warning: unused imports: `Component`, `PathBuf`, and `Path`
      --> /jet/build/bounded_spsc_atomic.rs:114744:17
       |
114744 | use std::path::{Component, Path, PathBuf};
       |                 ^^^^^^^^^  ^^^^  ^^^^^^^

warning: unused imports: `Arc as JetDataPlotArc`, `Arc as JetWebFormArc`, `Arc as JetWebQueryArc`, `Arc as JetWebStoreArc`, `Arc as JetWebTableArc`, `Condvar as JetWebStoreCondvar`, `LazyLock as JetWebStoreLazyLock`, `LazyLock`, `Mutex as JetWebFormMutex`, `Mutex as JetWebQueryMutex`, `Mutex as JetWebStoreMutex`, and `Mutex as JetWebTableMutex`
      --> /jet/build/bounded_spsc_atomic.rs:114745:31
       |
114745 | ...r, Arc as JetDataPlotArc, Arc as JetWebFormArc, Mutex as JetWebFormMutex, Arc as JetWebQueryArc, Mutex as JetWebQueryMutex, Arc as JetWebStoreArc, Condvar as JetWebStoreCondvar, LazyLock as JetWebStoreLazyLock, Mutex as JetWebStoreMutex, Arc as JetWebTableArc, Mutex as JetWebTableMutex, LazyLock, M...
       |       ^^^^^^^^^^^^^^^^^^^^^  ^^^^^^^^^^^^^^^^^^^^  ^^^^^^^^^^^^^^^^^^^^^^^^  ^^^^^^^^^^^^^^^^^^^^^  ^^^^^^^^^^^^^^^^^^^^^^^^^  ^^^^^^^^^^^^^^^^^^^^^  ^^^^^^^^^^^^^^^^^^^^^^^^^^^^^  ^^^^^^^^^^^^^^^^^^^^^^^^^^^^^^^  ^^^^^^^^^^^^^^^^^^^^^^^^^  ^^^^^^^^^^^^^^^^^^^^^  ^^^^^^^^^^^^^^^^^^^^^^^^^  ^^^^^^^^

warning: unused import: `Ordering as JetWebFormOrdering`
      --> /jet/build/bounded_spsc_atomic.rs:114746:60
       |
114746 | use std::sync::atomic::{AtomicBool, AtomicU8, AtomicUsize, Ordering as JetWebFormOrdering};
       |                                                            ^^^^^^^^^^^^^^^^^^^^^^^^^^^^^^

warning: unused imports: `SystemTime as JetWebStoreSystemTime`, `SystemTime`, `UNIX_EPOCH as JetWebStoreUnixEpoch`, and `UNIX_EPOCH`
      --> /jet/build/bounded_spsc_atomic.rs:114747:36
       |
114747 | ...tion, Instant, SystemTime as JetWebStoreSystemTime, UNIX_EPOCH as JetWebStoreUnixEpoch, SystemTime, UNIX_EPOCH};
       |                   ^^^^^^^^^^^^^^^^^^^^^^^^^^^^^^^^^^^  ^^^^^^^^^^^^^^^^^^^^^^^^^^^^^^^^^^  ^^^^^^^^^^  ^^^^^^^^^^

warning: type `__jet__shome_snate_sProjects_sGithub_sjet_sexamples_sfeatures_sconcurrency_c_cbounded_uspsc_uatomic_djet_c_cTime` should have an upper camel case name
      --> /jet/build/bounded_spsc_atomic.rs:124052:10
       |
124052 | pub enum __jet__shome_snate_sProjects_sGithub_sjet_sexamples_sfeatures_sconcurrency_c_cbounded_uspsc_uatomic_djet_c_cTime {
       |          ^^^^^^^^^^^^^^^^^^^^^^^^^^^^^^^^^^^^^^^^^^^^^^^^^^^^^^^^^^^^^^^^^^^^^^^^^^^^^^^^^^^^^^^^^^^^^^^^^^^^^^^^^^^^^^^^ help: convert the identifier to upper camel case: `JetShomeSnateSProjectsSGithubSjetSexamplesSfeaturesSconcurrencyCCboundedUspscUatomicDjetCCTime`

warning: type `__jet_ParseError` should have an upper camel case name
      --> /jet/build/bounded_spsc_atomic.rs:124055:10
       |
124055 | pub type __jet_ParseError = String;
       |          ^^^^^^^^^^^^^^^^ help: convert the identifier to upper camel case: `JetParseError`

warning: unused label
      --> /jet/build/bounded_spsc_atomic.rs:124082:5
       |
124082 |     'mir_dispatch: loop {
       |     ^^^^^^^^^^^^^
       |
       = note: `#[warn(unused_labels)]` (part of `#[warn(unused)]`) on by default

error[E0308]: mismatched types
      --> /jet/build/bounded_spsc_atomic.rs:126449:53
       |
126449 |                 __jet_v_16688494788098395230 = Some(__jet_l_1297942154072481819.as_ref().expect("MIR local").clone());
       |                                                ---- ^^^^^^^^^^^^^^^^^^^^^^^^^^^^^^^^^^^^^^^^^^^^^^^^^^^^^^^^^^^^^^^^ expected `__jet__shome_snate_sProjects_sGithub_sjet_sexamples_sfeatures_sconcurrency_c_cbounded_uspsc_uatomic_djet_c_cSpscState`, found `&...`
       |                                                |
       |                                                arguments to this enum variant are incorrect
       |
note: `__jet__shome_snate_sProjects_sGithub_sjet_sexamples_sfeatures_sconcurrency_c_cbounded_uspsc_uatomic_djet_c_cSpscState` does not implement `Clone`, so `&__jet__shome_snate_sProjects_sGithub_sjet_sexamples_sfeatures_sconcurrency_c_cbounded_uspsc_uatomic_djet_c_cSpscState` was cloned instead
      --> /jet/build/bounded_spsc_atomic.rs:126449:53
       |
126449 |                 __jet_v_16688494788098395230 = Some(__jet_l_1297942154072481819.as_ref().expect("MIR local").clone());
       |                                                     ^^^^^^^^^^^^^^^^^^^^^^^^^^^^^^^^^^^^^^^^^^^^^^^^^^^^^^^^
help: the type constructed contains `&__jet__shome_snate_sProjects_sGithub_sjet_sexamples_sfeatures_sconcurrency_c_cbounded_uspsc_uatomic_djet_c_cSpscState` due to the type of the argument passed
      --> /jet/build/bounded_spsc_atomic.rs:126449:48
       |
126449 |                 __jet_v_16688494788098395230 = Some(__jet_l_1297942154072481819.as_ref().expect("MIR local").clone());
       |                                                ^^^^^----------------------------------------------------------------^
       |                                                     |
       |                                                     this argument influences the type of `Some`
note: tuple variant defined here
      --> /rustc/8bab26f4f68e0e26f0bb7960be334d5b520ea452/library/core/src/option.rs:605:4
help: consider annotating `__jet__shome_snate_sProjects_sGithub_sjet_sexamples_sfeatures_sconcurrency_c_cbounded_uspsc_uatomic_djet_c_cSpscState` with `#[derive(Clone)]`
       |
124058 + #[derive(Clone)]
124059 | struct __jet__shome_snate_sProjects_sGithub_sjet_sexamples_sfeatures_sconcurrency_c_cbounded_uspsc_uatomic_djet_c_cSpscState {
       |

warning: unreachable call
      --> /jet/build/bounded_spsc_atomic.rs:126477:48
       |
126477 | ... = Some(jet_panic_rich("bounded_spsc_atomic.jet", 4...e()).jet_debug()) } else { String::new() }));
       |       ^^^^ -------------------------------------------...------------------------------------------- any code following this expression is unreachable
       |       |
       |       unreachable call
       |
       = note: `#[warn(unreachable_code)]` (part of `#[warn(unused)]`) on by default

warning: unreachable expression
      --> /jet/build/bounded_spsc_atomic.rs:126496:2
       |
126494 |  let __jet_history_owner = std::sync::Arc::new(std::sync::Mutex::new((__jet_capture_0, __jet_history_types.clone(),))); let __jet_history_reader: std::sync::Arc<JetHistorySendCaptureReader<'_>> = { let __jet_history_owner = __jet_history_owner.clone(); std::sync::Arc::new(move || { let __jet_history_guard = __jet_history_owner.try_lock().map_err(|_| "history captures are busy".to_string())?; let __jet_history_env = &*__jet_history_guard; let __jet_history_types = &__jet_history_env.1; let __jet_history_depth = 0usize; let __jet_history_capture_value_0 = { return Err("history capture is opaque or redacted".to_string()) };
       |                                                                                                                                                                                                                                                                                                                                                                                                                                                                                                                                                                                   --------------------------------------------------------------- any code following this expression is unreachable
126495 |
126496 |  Ok(jet_std::DataTree::Object(vec![("functio...ay(vec![__jet_history_capture_value_0]))])) }) }; let __jet_history_keep = __jet_history_reader.clone(); let __jet_history_ticket = JetHistorySendTicket::default(); let __jet_history_life = __jet_history_ticket.0.clone(); let __jet_history_callback = std::sync::Arc::new(move || { let _ = (&__jet_history_keep, &__jet_history_ticket); let mut...
       |  ^^^^^^^^^^^^^^^^^^^^^^^^^^^^^^^^^^^^^^^^^^^...^^^^^^^^^^^^^^^^^^^^^^^^^^^^^^^^^^^^^^^^^^^ unreachable expression

warning: unreachable expression
      --> /jet/build/bounded_spsc_atomic.rs:126506:2
       |
126504 |  let __jet_history_owner = std::sync::Arc::new(std::sync::Mutex::new((__jet_capture_0, __jet_history_types.clone(),))); let __jet_history_reader: std::sync::Arc<JetHistorySendCaptureReader<'_>> = { let __jet_history_owner = __jet_history_owner.clone(); std::sync::Arc::new(move || { let __jet_history_guard = __jet_history_owner.try_lock().map_err(|_| "history captures are busy".to_string())?; let __jet_history_env = &*__jet_history_guard; let __jet_history_types = &__jet_history_env.1; let __jet_history_depth = 0usize; let __jet_history_capture_value_0 = { return Err("history capture is opaque or redacted".to_string()) };
       |                                                                                                                                                                                                                                                                                                                                                                                                                                                                                                                                                                                   --------------------------------------------------------------- any code following this expression is unreachable
126505 |
126506 |  Ok(jet_std::DataTree::Object(vec![("functio...ay(vec![__jet_history_capture_value_0]))])) }) }; let __jet_history_keep = __jet_history_reader.clone(); let __jet_history_ticket = JetHistorySendTicket::default(); let __jet_history_life = __jet_history_ticket.0.clone(); let __jet_history_callback = std::sync::Arc::new(move || { let _ = (&__jet_history_keep, &__jet_history_ticket); let mut...
       |  ^^^^^^^^^^^^^^^^^^^^^^^^^^^^^^^^^^^^^^^^^^^...^^^^^^^^^^^^^^^^^^^^^^^^^^^^^^^^^^^^^^^^^^^ unreachable expression

warning: unreachable call
      --> /jet/build/bounded_spsc_atomic.rs:126526:47
       |
126526 | ... = Some(jet_panic_rich("bounded_spsc_atomic.jet", 4...) { String::new() } else { String::new() }));
       |       ^^^^ -------------------------------------------...------------------------------------------- any code following this expression is unreachable
       |       |
       |       unreachable call

warning: unused import: `Read`
      --> /jet/build/bounded_spsc_atomic.rs:114741:15
       |
114741 | use std::io::{Read, Seek, SeekFrom, Write};
       |               ^^^^

warning: unused import: `Write`
      --> /jet/build/bounded_spsc_atomic.rs:114741:37
       |
114741 | use std::io::{Read, Seek, SeekFrom, Write};
       |                                     ^^^^^

warning: unused import: `Any`
      --> /jet/build/bounded_spsc_atomic.rs:114738:16
       |
114738 | use std::any::{Any as JetWebStoreAny, TypeId as JetWebStoreTypeId};
       |                ^^^

warning: value assigned to `cursor` is never read
      --> /jet/build/bounded_spsc_atomic.rs:121855:17
       |
121855 |                 cursor += 2;
       |                 ^^^^^^^^^^^ this value is reassigned later and never used
...
121858 |                 cursor += 1;
       |                 ----------- `cursor` is overwritten here before the previous value is read
       |
       = note: `#[warn(unused_assignments)]` (part of `#[warn(unused)]`) on by default

warning: value assigned to `cursor` is never read
      --> /jet/build/bounded_spsc_atomic.rs:121858:17
       |
121858 |                 cursor += 1;
       |                 ^^^^^^^^^^^
       |
       = help: maybe it is overwritten before being read?

error: aborting due to 1 previous error; 59 warnings emitted

For more information about this error, try `rustc --explain E0308`.
