error[E0425]: cannot find type `HTML` in module `jet_std`
      --> /jet/build/checked_text_sql.rs:123970:130
       |
123970 | ...ked_utext_usql_djet_c_crender(__jet_h: &jet_std::HTML) -> JetOutcome<(), JetErr> {
       |                                                     ^^^^ not found in `jet_std`

error[E0425]: cannot find type `HTML` in module `jet_std`
      --> /jet/build/checked_text_sql.rs:123972:58
       |
123972 |     let mut __jet_l_3965003613174287327: Option<jet_std::HTML> = None;
       |                                                          ^^^^ not found in `jet_std`

error[E0425]: cannot find type `HTML` in module `jet_std`
      --> /jet/build/checked_text_sql.rs:123977:59
       |
123977 |     let mut __jet_v_14221681867857309933: Option<jet_std::HTML> = None;
       |                                                           ^^^^ not found in `jet_std`

error[E0425]: cannot find type `HTML` in module `jet_std`
      --> /jet/build/checked_text_sql.rs:123999:58
       |
123999 |     let mut __jet_l_3263375229437670422: Option<jet_std::HTML> = None;
       |                                                          ^^^^ not found in `jet_std`

error[E0425]: cannot find type `HTML` in module `jet_std`
      --> /jet/build/checked_text_sql.rs:124000:58
       |
124000 |     let mut __jet_l_5846317901132585015: Option<jet_std::HTML> = None;
       |                                                          ^^^^ not found in `jet_std`

error[E0425]: cannot find type `HTML` in module `jet_std`
      --> /jet/build/checked_text_sql.rs:124001:58
       |
124001 |     let mut __jet_l_6712274096689017799: Option<jet_std::HTML> = None;
       |                                                          ^^^^ not found in `jet_std`

error[E0425]: cannot find type `HTML` in module `jet_std`
      --> /jet/build/checked_text_sql.rs:124002:58
       |
124002 |     let mut __jet_l_8634345342890937387: Option<jet_std::HTML> = None;
       |                                                          ^^^^ not found in `jet_std`

error[E0425]: cannot find type `HTML` in module `jet_std`
      --> /jet/build/checked_text_sql.rs:124005:56
       |
124005 |     let mut __jet_v_49605517624619508: Option<jet_std::HTML> = None;
       |                                                        ^^^^ not found in `jet_std`

error[E0425]: cannot find type `HTML` in module `jet_std`
      --> /jet/build/checked_text_sql.rs:124036:59
       |
124036 |     let mut __jet_v_11238710898211552829: Option<jet_std::HTML> = None;
       |                                                           ^^^^ not found in `jet_std`

error[E0425]: cannot find type `HTML` in module `jet_std`
      --> /jet/build/checked_text_sql.rs:124047:59
       |
124047 |     let mut __jet_v_13393982417817270015: Option<jet_std::HTML> = None;
       |                                                           ^^^^ not found in `jet_std`

error[E0425]: cannot find type `HTML` in module `jet_std`
      --> /jet/build/checked_text_sql.rs:124055:59
       |
124055 |     let mut __jet_v_16188660458446049494: Option<jet_std::HTML> = None;
       |                                                           ^^^^ not found in `jet_std`

error[E0425]: cannot find type `HTML` in module `jet_std`
      --> /jet/build/checked_text_sql.rs:124057:59
       |
124057 |     let mut __jet_v_16785330385525888865: Option<jet_std::HTML> = None;
       |                                                           ^^^^ not found in `jet_std`

error[E0425]: cannot find type `HTML` in module `jet_std`
      --> /jet/build/checked_text_sql.rs:124060:59
       |
124060 |     let mut __jet_v_17191892976908648505: Option<jet_std::HTML> = None;
       |                                                           ^^^^ not found in `jet_std`

error[E0425]: cannot find type `HTML` in module `jet_std`
      --> /jet/build/checked_text_sql.rs:124065:59
       |
124065 |     let mut __jet_v_18408785010228013456: Option<jet_std::HTML> = None;
       |                                                           ^^^^ not found in `jet_std`

warning: trait `__jet_Display` should have an upper camel case name
 --> /jet/build/checked_text_sql.rs:4:11
  |
4 | pub trait __jet_Display {
  |           ^^^^^^^^^^^^^ help: convert the identifier to upper camel case: `JetDisplay`
  |
  = note: `#[warn(non_camel_case_types)]` (part of `#[warn(nonstandard_style)]`) on by default

warning: trait `__jet_Equatable` should have an upper camel case name
 --> /jet/build/checked_text_sql.rs:8:11
  |
8 | pub trait __jet_Equatable: Sized { fn equal(&self, rhs: &Self) -> bool; }
  |           ^^^^^^^^^^^^^^^ help: convert the identifier to upper camel case: `JetEquatable`

warning: type `__jet_Ordering` should have an upper camel case name
  --> /jet/build/checked_text_sql.rs:24:10
   |
24 | pub enum __jet_Ordering { __jet_Less, __jet_Equal, __jet_Greater }
   |          ^^^^^^^^^^^^^^ help: convert the identifier to upper camel case: `JetOrdering`

warning: variant `__jet_Less` should have an upper camel case name
  --> /jet/build/checked_text_sql.rs:24:27
   |
24 | pub enum __jet_Ordering { __jet_Less, __jet_Equal, __jet_Greater }
   |                           ^^^^^^^^^^ help: convert the identifier to upper camel case: `JetLess`

warning: variant `__jet_Equal` should have an upper camel case name
  --> /jet/build/checked_text_sql.rs:24:39
   |
24 | pub enum __jet_Ordering { __jet_Less, __jet_Equal, __jet_Greater }
   |                                       ^^^^^^^^^^^ help: convert the identifier to upper camel case: `JetEqual`

warning: variant `__jet_Greater` should have an upper camel case name
  --> /jet/build/checked_text_sql.rs:24:52
   |
24 | pub enum __jet_Ordering { __jet_Less, __jet_Equal, __jet_Greater }
   |                                                    ^^^^^^^^^^^^^ help: convert the identifier to upper camel case: `JetGreater`

warning: trait `__jet_Comparable` should have an upper camel case name
  --> /jet/build/checked_text_sql.rs:26:11
   |
26 | pub trait __jet_Comparable: Sized { fn compare(&self, rhs: &Self) -> __jet_Ordering; }
   |           ^^^^^^^^^^^^^^^^ help: convert the identifier to upper camel case: `JetComparable`

warning: trait `__jet_Add` should have an upper camel case name
  --> /jet/build/checked_text_sql.rs:38:11
   |
38 | pub trait __jet_Add<Rhs = Self>: Sized { type Output; fn add(&self, rhs: &Rhs) -> Self::Output; }
   |           ^^^^^^^^^ help: convert the identifier to upper camel case: `JetAdd`

warning: trait `__jet_Sub` should have an upper camel case name
  --> /jet/build/checked_text_sql.rs:39:11
   |
39 | pub trait __jet_Sub<Rhs = Self>: Sized { type Output; fn sub(&self, rhs: &Rhs) -> Self::Output; }
   |           ^^^^^^^^^ help: convert the identifier to upper camel case: `JetSub`

warning: trait `__jet_Mul` should have an upper camel case name
  --> /jet/build/checked_text_sql.rs:40:11
   |
40 | pub trait __jet_Mul<Rhs = Self>: Sized { type Output; fn mul(&self, rhs: &Rhs) -> Self::Output; }
   |           ^^^^^^^^^ help: convert the identifier to upper camel case: `JetMul`

warning: trait `__jet_Div` should have an upper camel case name
  --> /jet/build/checked_text_sql.rs:41:11
   |
41 | pub trait __jet_Div<Rhs = Self>: Sized { type Output; fn div(&self, rhs: &Rhs) -> Self::Output; }
   |           ^^^^^^^^^ help: convert the identifier to upper camel case: `JetDiv`

warning: trait `__jet_Index` should have an upper camel case name
  --> /jet/build/checked_text_sql.rs:42:11
   |
42 | pub trait __jet_Index {
   |           ^^^^^^^^^^^ help: convert the identifier to upper camel case: `JetIndex`

warning: associated type `__jet_Key` should have an upper camel case name
  --> /jet/build/checked_text_sql.rs:43:10
   |
43 |     type __jet_Key;
   |          ^^^^^^^^^ help: convert the identifier to upper camel case: `JetKey`

warning: associated type `__jet_Value` should have an upper camel case name
  --> /jet/build/checked_text_sql.rs:44:10
   |
44 |     type __jet_Value;
   |          ^^^^^^^^^^^ help: convert the identifier to upper camel case: `JetValue`

warning: trait `__jet_IndexMut` should have an upper camel case name
  --> /jet/build/checked_text_sql.rs:47:11
   |
47 | pub trait __jet_IndexMut: __jet_Index {
   |           ^^^^^^^^^^^^^^ help: convert the identifier to upper camel case: `JetIndexMut`

warning: trait `__jet_Serialize` should have an upper camel case name
     --> /jet/build/checked_text_sql.rs:41665:7
      |
41665 | trait __jet_Serialize {
      |       ^^^^^^^^^^^^^^^ help: convert the identifier to upper camel case: `JetSerialize`

warning: unused import: `Cell`
     --> /jet/build/checked_text_sql.rs:46190:21
      |
46190 |     use std::cell::{Cell, RefCell};
      |                     ^^^^
      |
      = note: `#[warn(unused_imports)]` (part of `#[warn(unused)]`) on by default

warning: unused import: `JetUninit`
     --> /jet/build/checked_text_sql.rs:46194:43
      |
46194 |     pub use super::jet_uninit_semantics::{JetUninit, JetUninitFixed};
      |                                           ^^^^^^^^^

warning: unused imports: `JetSentryFrame`, `JetSentryGuard`, `jet_sentry_current_frame`, `jet_sentry_fenced_scope`, `jet_sentry_frame`, `jet_sentry_policy_scope`, `jet_sentry_reset`, `jet_sentry_scope`, and `jet_sentry_set_hardened`
     --> /jet/build/checked_text_sql.rs:46207:35
      |
46207 |         jet_memory_ledger_record, jet_sentry_current_frame, jet_sentry_fenced_scope,
      |                                   ^^^^^^^^^^^^^^^^^^^^^^^^  ^^^^^^^^^^^^^^^^^^^^^^^
46208 |         jet_sentry_frame, jet_sentry_policy_scope, jet_sentry_reset, jet_sentry_scope,
      |         ^^^^^^^^^^^^^^^^  ^^^^^^^^^^^^^^^^^^^^^^^  ^^^^^^^^^^^^^^^^  ^^^^^^^^^^^^^^^^
46209 |         jet_sentry_set_hardened, JetSentryFrame, JetSentryGuard, MemoryLedgerWitness,
      |         ^^^^^^^^^^^^^^^^^^^^^^^  ^^^^^^^^^^^^^^  ^^^^^^^^^^^^^^

warning: unused import: `crate::jet_encoding_json::render_json`
     --> /jet/build/checked_text_sql.rs:66189:13
      |
66189 |     pub use crate::jet_encoding_json::render_json;
      |             ^^^^^^^^^^^^^^^^^^^^^^^^^^^^^^^^^^^^^

warning: unnecessary parentheses around block return value
     --> /jet/build/checked_text_sql.rs:70251:13
      |
70251 |             (((exponent as u64 + 1023) << 52) | (top & ((1u64 << 52) - 1)))
      |             ^                                                             ^
      |
      = note: `#[warn(unused_parens)]` (part of `#[warn(unused)]`) on by default
help: remove these parentheses
      |
70251 -             (((exponent as u64 + 1023) << 52) | (top & ((1u64 << 52) - 1)))
70251 +             ((exponent as u64 + 1023) << 52) | (top & ((1u64 << 52) - 1))
      |

warning: unused import: `crate::jet_int_compare_hot`
     --> /jet/build/checked_text_sql.rs:70596:9
      |
70596 | pub use crate::jet_int_compare_hot;
      |         ^^^^^^^^^^^^^^^^^^^^^^^^^^

warning: unused import: `crate::jet_int_add_hot`
     --> /jet/build/checked_text_sql.rs:70620:9
      |
70620 | pub use crate::jet_int_add_hot;
      |         ^^^^^^^^^^^^^^^^^^^^^^

warning: unused import: `crate::jet_int_sub_hot`
     --> /jet/build/checked_text_sql.rs:70644:9
      |
70644 | pub use crate::jet_int_sub_hot;
      |         ^^^^^^^^^^^^^^^^^^^^^^

warning: unused import: `crate::jet_int_mul_hot`
     --> /jet/build/checked_text_sql.rs:70668:9
      |
70668 | pub use crate::jet_int_mul_hot;
      |         ^^^^^^^^^^^^^^^^^^^^^^

warning: unused import: `crate::jet_int_add_inline`
     --> /jet/build/checked_text_sql.rs:70682:9
      |
70682 | pub use crate::jet_int_add_inline;
      |         ^^^^^^^^^^^^^^^^^^^^^^^^^

warning: unused import: `crate::jet_int_sub_inline`
     --> /jet/build/checked_text_sql.rs:70692:9
      |
70692 | pub use crate::jet_int_sub_inline;
      |         ^^^^^^^^^^^^^^^^^^^^^^^^^

warning: unused import: `crate::jet_int_mul_inline`
     --> /jet/build/checked_text_sql.rs:70702:9
      |
70702 | pub use crate::jet_int_mul_inline;
      |         ^^^^^^^^^^^^^^^^^^^^^^^^^

warning: unused import: `crate::jet_int_compare_inline`
     --> /jet/build/checked_text_sql.rs:70716:9
      |
70716 | pub use crate::jet_int_compare_inline;
      |         ^^^^^^^^^^^^^^^^^^^^^^^^^^^^^

warning: unused import: `crate::jet_int_neg_inline`
     --> /jet/build/checked_text_sql.rs:70725:9
      |
70725 | pub use crate::jet_int_neg_inline;
      |         ^^^^^^^^^^^^^^^^^^^^^^^^^

warning: unused import: `crate::jet_int_bit_and_hot`
     --> /jet/build/checked_text_sql.rs:70744:9
      |
70744 | pub use crate::jet_int_bit_and_hot;
      |         ^^^^^^^^^^^^^^^^^^^^^^^^^^

warning: unused import: `crate::jet_int_bit_or_hot`
     --> /jet/build/checked_text_sql.rs:70760:9
      |
70760 | pub use crate::jet_int_bit_or_hot;
      |         ^^^^^^^^^^^^^^^^^^^^^^^^^

warning: unused import: `crate::jet_int_bit_xor_hot`
     --> /jet/build/checked_text_sql.rs:70776:9
      |
70776 | pub use crate::jet_int_bit_xor_hot;
      |         ^^^^^^^^^^^^^^^^^^^^^^^^^^

warning: unused imports: `JetCellEditGuard` and `JetCellReadGuard`
     --> /jet/build/checked_text_sql.rs:76604:35
      |
76604 | pub use self::jet_cell::{JetCell, JetCellEditGuard, JetCellReadGuard};
      |                                   ^^^^^^^^^^^^^^^^  ^^^^^^^^^^^^^^^^

warning: unused imports: `JetStreamSender` and `jet_stream_task`
     --> /jet/build/checked_text_sql.rs:77545:21
      |
77545 |     pub use super::{jet_stream_task, JetStream, JetStreamSender};
      |                     ^^^^^^^^^^^^^^^             ^^^^^^^^^^^^^^^

warning: unused macro definition: `jet_plugin_bridge`
     --> /jet/build/checked_text_sql.rs:87809:14
      |
87809 | macro_rules! jet_plugin_bridge {
      |              ^^^^^^^^^^^^^^^^^
      |
      = note: `#[warn(unused_macros)]` (part of `#[warn(unused)]`) on by default

warning: unused import: `std::io::Write`
     --> /jet/build/checked_text_sql.rs:93749:13
      |
93749 |         use std::io::Write;
      |             ^^^^^^^^^^^^^^

warning: unused import: `core::cell::Cell`
      --> /jet/build/checked_text_sql.rs:114609:5
       |
114609 | use core::cell::Cell;
       |     ^^^^^^^^^^^^^^^^

warning: unused import: `jet_foundation::Devtools::JetDevtoolsEvent as JetWebStoreDevtoolsEvent`
      --> /jet/build/checked_text_sql.rs:114612:5
       |
114612 | use jet_foundation::Devtools::JetDevtoolsEvent as JetWebStoreDevtoolsEvent;
       |     ^^^^^^^^^^^^^^^^^^^^^^^^^^^^^^^^^^^^^^^^^^^^^^^^^^^^^^^^^^^^^^^^^^^^^^

warning: unused import: `TypeId as JetWebStoreTypeId`
      --> /jet/build/checked_text_sql.rs:114614:39
       |
114614 | use std::any::{Any as JetWebStoreAny, TypeId as JetWebStoreTypeId};
       |                                       ^^^^^^^^^^^^^^^^^^^^^^^^^^^

warning: unused imports: `BTreeMap as JetWebFormMap`, `BTreeMap as JetWebTablePages`, `BTreeMap`, `BTreeSet as JetWebTableSet`, `BTreeSet`, `HashMap as JetWebStoreMap`, and `VecDeque as JetWebStoreDeque`
      --> /jet/build/checked_text_sql.rs:114615:24
       |
114615 | ...::{BTreeMap, BTreeSet, HashMap, HashSet, BTreeMap as JetWebFormMap, VecDeque as JetWebStoreDeque, HashMap as JetWebStoreMap, BTreeMap as JetWebTablePages, BTreeSet as JetWebTableSet, V...
       |       ^^^^^^^^  ^^^^^^^^                    ^^^^^^^^^^^^^^^^^^^^^^^^^  ^^^^^^^^^^^^^^^^^^^^^^^^^^^^  ^^^^^^^^^^^^^^^^^^^^^^^^^  ^^^^^^^^^^^^^^^^^^^^^^^^^^^^  ^^^^^^^^^^^^^^^^^^^^^^^^^^

warning: unused import: `std::fs::OpenOptions`
      --> /jet/build/checked_text_sql.rs:114616:5
       |
114616 | use std::fs::OpenOptions;
       |     ^^^^^^^^^^^^^^^^^^^^

warning: unused imports: `SeekFrom` and `Seek`
      --> /jet/build/checked_text_sql.rs:114617:21
       |
114617 | use std::io::{Read, Seek, SeekFrom, Write};
       |                     ^^^^  ^^^^^^^^

warning: unused imports: `Component`, `PathBuf`, and `Path`
      --> /jet/build/checked_text_sql.rs:114620:17
       |
114620 | use std::path::{Component, Path, PathBuf};
       |                 ^^^^^^^^^  ^^^^  ^^^^^^^

warning: unused imports: `Arc as JetDataPlotArc`, `Arc as JetWebFormArc`, `Arc as JetWebQueryArc`, `Arc as JetWebStoreArc`, `Arc as JetWebTableArc`, `Condvar as JetWebStoreCondvar`, `LazyLock as JetWebStoreLazyLock`, `LazyLock`, `Mutex as JetWebFormMutex`, `Mutex as JetWebQueryMutex`, `Mutex as JetWebStoreMutex`, and `Mutex as JetWebTableMutex`
      --> /jet/build/checked_text_sql.rs:114621:31
       |
114621 | ...r, Arc as JetDataPlotArc, Arc as JetWebFormArc, Mutex as JetWebFormMutex, Arc as JetWebQueryArc, Mutex as JetWebQueryMutex, Arc as JetWebStoreArc, Condvar as JetWebStoreCondvar, LazyLock as JetWebStoreLazyLock, Mutex as JetWebStoreMutex, Arc as JetWebTableArc, Mutex as JetWebTableMutex, LazyLock, M...
       |       ^^^^^^^^^^^^^^^^^^^^^  ^^^^^^^^^^^^^^^^^^^^  ^^^^^^^^^^^^^^^^^^^^^^^^  ^^^^^^^^^^^^^^^^^^^^^  ^^^^^^^^^^^^^^^^^^^^^^^^^  ^^^^^^^^^^^^^^^^^^^^^  ^^^^^^^^^^^^^^^^^^^^^^^^^^^^^  ^^^^^^^^^^^^^^^^^^^^^^^^^^^^^^^  ^^^^^^^^^^^^^^^^^^^^^^^^^  ^^^^^^^^^^^^^^^^^^^^^  ^^^^^^^^^^^^^^^^^^^^^^^^^  ^^^^^^^^

warning: unused import: `Ordering as JetWebFormOrdering`
      --> /jet/build/checked_text_sql.rs:114622:60
       |
114622 | use std::sync::atomic::{AtomicBool, AtomicU8, AtomicUsize, Ordering as JetWebFormOrdering};
       |                                                            ^^^^^^^^^^^^^^^^^^^^^^^^^^^^^^

warning: unused imports: `SystemTime as JetWebStoreSystemTime`, `SystemTime`, `UNIX_EPOCH as JetWebStoreUnixEpoch`, and `UNIX_EPOCH`
      --> /jet/build/checked_text_sql.rs:114623:36
       |
114623 | ...tion, Instant, SystemTime as JetWebStoreSystemTime, UNIX_EPOCH as JetWebStoreUnixEpoch, SystemTime, UNIX_EPOCH};
       |                   ^^^^^^^^^^^^^^^^^^^^^^^^^^^^^^^^^^^  ^^^^^^^^^^^^^^^^^^^^^^^^^^^^^^^^^^  ^^^^^^^^^^  ^^^^^^^^^^

warning: type `__jet__shome_snate_sProjects_sGithub_sjet_sexamples_sfeatures_ssafety_c_cchecked_utext_usql_djet_c_cTime` should have an upper camel case name
      --> /jet/build/checked_text_sql.rs:123928:10
       |
123928 | pub enum __jet__shome_snate_sProjects_sGithub_sjet_sexamples_sfeatures_ssafety_c_cchecked_utext_usql_djet_c_cTime {
       |          ^^^^^^^^^^^^^^^^^^^^^^^^^^^^^^^^^^^^^^^^^^^^^^^^^^^^^^^^^^^^^^^^^^^^^^^^^^^^^^^^^^^^^^^^^^^^^^^^^^^^^^^^ help: convert the identifier to upper camel case: `JetShomeSnateSProjectsSGithubSjetSexamplesSfeaturesSsafetyCCcheckedUtextUsqlDjetCCTime`

warning: type `__jet_ParseError` should have an upper camel case name
      --> /jet/build/checked_text_sql.rs:123931:10
       |
123931 | pub type __jet_ParseError = String;
       |          ^^^^^^^^^^^^^^^^ help: convert the identifier to upper camel case: `JetParseError`

warning: unused label
      --> /jet/build/checked_text_sql.rs:123951:5
       |
123951 |     'mir_dispatch: loop {
       |     ^^^^^^^^^^^^^
       |
       = note: `#[warn(unused_labels)]` (part of `#[warn(unused)]`) on by default

warning: unused label
      --> /jet/build/checked_text_sql.rs:123981:5
       |
123981 |     'mir_dispatch: loop {
       |     ^^^^^^^^^^^^^

error[E0308]: mismatched types
      --> /jet/build/checked_text_sql.rs:124116:98
       |
124116 | ...3644984 = Some(jet_typed_sql_interpolate::<jet_std::DBValue>(["select * from incidents where id = ", ""], vec![jet_std::DBVal...
       |                   --------------------------------------------- ^^^^^^^^^^^^^^^^^^^^^^^^^^^^^^^^^^^^^^^^^^^ expected `&[&str]`, found `[&str; 2]`
       |                   |
       |                   arguments to this function are incorrect
       |
note: function defined here
      --> /jet/build/checked_text_sql.rs:32535:8
       |
 32535 | pub fn jet_typed_sql_interpolate<T>(
       |        ^^^^^^^^^^^^^^^^^^^^^^^^^
 32536 |     literals: &[&str],
       |     -----------------
help: consider borrowing here
       |
124116 |                 __jet_v_4089330053353644984 = Some(jet_typed_sql_interpolate::<jet_std::DBValue>(&["select * from incidents where id = ", ""], vec![jet_std::DBValue::Int(jet_std::jet_int_owned_to_i64(&((__jet_v_16985357417621585414.as_ref().expect("MIR value")).clone())).expect("SQL Int exceeds i64 wire range"))]));
       |                                                                                                  +

warning: unused import: `Write`
      --> /jet/build/checked_text_sql.rs:114617:37
       |
114617 | use std::io::{Read, Seek, SeekFrom, Write};
       |                                     ^^^^^

warning: unused import: `Any`
      --> /jet/build/checked_text_sql.rs:114614:16
       |
114614 | use std::any::{Any as JetWebStoreAny, TypeId as JetWebStoreTypeId};
       |                ^^^

warning: value assigned to `cursor` is never read
      --> /jet/build/checked_text_sql.rs:121731:17
       |
121731 |                 cursor += 2;
       |                 ^^^^^^^^^^^ this value is reassigned later and never used
...
121734 |                 cursor += 1;
       |                 ----------- `cursor` is overwritten here before the previous value is read
       |
       = note: `#[warn(unused_assignments)]` (part of `#[warn(unused)]`) on by default

warning: value assigned to `cursor` is never read
      --> /jet/build/checked_text_sql.rs:121734:17
       |
121734 |                 cursor += 1;
       |                 ^^^^^^^^^^^
       |
       = help: maybe it is overwritten before being read?

error: aborting due to 15 previous errors; 55 warnings emitted

Some errors have detailed explanations: E0308, E0425.
For more information about an error, try `rustc --explain E0308`.
