warning: trait `__jet_Display` should have an upper camel case name
 --> /jet/build/compute_autodiff.rs:4:11
  |
4 | pub trait __jet_Display {
  |           ^^^^^^^^^^^^^ help: convert the identifier to upper camel case: `JetDisplay`
  |
  = note: `#[warn(non_camel_case_types)]` (part of `#[warn(nonstandard_style)]`) on by default

warning: trait `__jet_Equatable` should have an upper camel case name
 --> /jet/build/compute_autodiff.rs:8:11
  |
8 | pub trait __jet_Equatable: Sized { fn equal(&self, rhs: &Self) -> bool; }
  |           ^^^^^^^^^^^^^^^ help: convert the identifier to upper camel case: `JetEquatable`

warning: type `__jet_Ordering` should have an upper camel case name
  --> /jet/build/compute_autodiff.rs:24:10
   |
24 | pub enum __jet_Ordering { __jet_Less, __jet_Equal, __jet_Greater }
   |          ^^^^^^^^^^^^^^ help: convert the identifier to upper camel case: `JetOrdering`

warning: variant `__jet_Less` should have an upper camel case name
  --> /jet/build/compute_autodiff.rs:24:27
   |
24 | pub enum __jet_Ordering { __jet_Less, __jet_Equal, __jet_Greater }
   |                           ^^^^^^^^^^ help: convert the identifier to upper camel case: `JetLess`

warning: variant `__jet_Equal` should have an upper camel case name
  --> /jet/build/compute_autodiff.rs:24:39
   |
24 | pub enum __jet_Ordering { __jet_Less, __jet_Equal, __jet_Greater }
   |                                       ^^^^^^^^^^^ help: convert the identifier to upper camel case: `JetEqual`

warning: variant `__jet_Greater` should have an upper camel case name
  --> /jet/build/compute_autodiff.rs:24:52
   |
24 | pub enum __jet_Ordering { __jet_Less, __jet_Equal, __jet_Greater }
   |                                                    ^^^^^^^^^^^^^ help: convert the identifier to upper camel case: `JetGreater`

warning: trait `__jet_Comparable` should have an upper camel case name
  --> /jet/build/compute_autodiff.rs:26:11
   |
26 | pub trait __jet_Comparable: Sized { fn compare(&self, rhs: &Self) -> __jet_Ordering; }
   |           ^^^^^^^^^^^^^^^^ help: convert the identifier to upper camel case: `JetComparable`

warning: trait `__jet_Add` should have an upper camel case name
  --> /jet/build/compute_autodiff.rs:38:11
   |
38 | pub trait __jet_Add<Rhs = Self>: Sized { type Output; fn add(&self, rhs: &Rhs) -> Self::Output; }
   |           ^^^^^^^^^ help: convert the identifier to upper camel case: `JetAdd`

warning: trait `__jet_Sub` should have an upper camel case name
  --> /jet/build/compute_autodiff.rs:39:11
   |
39 | pub trait __jet_Sub<Rhs = Self>: Sized { type Output; fn sub(&self, rhs: &Rhs) -> Self::Output; }
   |           ^^^^^^^^^ help: convert the identifier to upper camel case: `JetSub`

warning: trait `__jet_Mul` should have an upper camel case name
  --> /jet/build/compute_autodiff.rs:40:11
   |
40 | pub trait __jet_Mul<Rhs = Self>: Sized { type Output; fn mul(&self, rhs: &Rhs) -> Self::Output; }
   |           ^^^^^^^^^ help: convert the identifier to upper camel case: `JetMul`

warning: trait `__jet_Div` should have an upper camel case name
  --> /jet/build/compute_autodiff.rs:41:11
   |
41 | pub trait __jet_Div<Rhs = Self>: Sized { type Output; fn div(&self, rhs: &Rhs) -> Self::Output; }
   |           ^^^^^^^^^ help: convert the identifier to upper camel case: `JetDiv`

warning: trait `__jet_Serialize` should have an upper camel case name
     --> /jet/build/compute_autodiff.rs:39798:7
      |
39798 | trait __jet_Serialize {
      |       ^^^^^^^^^^^^^^^ help: convert the identifier to upper camel case: `JetSerialize`

warning: unused import: `Cell`
     --> /jet/build/compute_autodiff.rs:44272:21
      |
44272 |     use std::cell::{Cell, RefCell};
      |                     ^^^^
      |
      = note: `#[warn(unused_imports)]` (part of `#[warn(unused)]`) on by default

warning: unused import: `JetUninit`
     --> /jet/build/compute_autodiff.rs:44276:43
      |
44276 |     pub use super::jet_uninit_semantics::{JetUninit, JetUninitFixed};
      |                                           ^^^^^^^^^

warning: unused imports: `JetSentryFrame`, `JetSentryGuard`, `jet_sentry_current_frame`, `jet_sentry_fenced_scope`, `jet_sentry_frame`, `jet_sentry_policy_scope`, `jet_sentry_reset`, `jet_sentry_scope`, and `jet_sentry_set_hardened`
     --> /jet/build/compute_autodiff.rs:44289:35
      |
44289 |         jet_memory_ledger_record, jet_sentry_current_frame, jet_sentry_fenced_scope,
      |                                   ^^^^^^^^^^^^^^^^^^^^^^^^  ^^^^^^^^^^^^^^^^^^^^^^^
44290 |         jet_sentry_frame, jet_sentry_policy_scope, jet_sentry_reset, jet_sentry_scope,
      |         ^^^^^^^^^^^^^^^^  ^^^^^^^^^^^^^^^^^^^^^^^  ^^^^^^^^^^^^^^^^  ^^^^^^^^^^^^^^^^
44291 |         jet_sentry_set_hardened, JetSentryFrame, JetSentryGuard, MemoryLedgerWitness,
      |         ^^^^^^^^^^^^^^^^^^^^^^^  ^^^^^^^^^^^^^^  ^^^^^^^^^^^^^^

warning: unused import: `crate::jet_encoding_json::render_json`
     --> /jet/build/compute_autodiff.rs:64246:13
      |
64246 |     pub use crate::jet_encoding_json::render_json;
      |             ^^^^^^^^^^^^^^^^^^^^^^^^^^^^^^^^^^^^^

warning: unnecessary parentheses around block return value
     --> /jet/build/compute_autodiff.rs:68185:13
      |
68185 |             (((exponent as u64 + 1023) << 52) | (top & ((1u64 << 52) - 1)))
      |             ^                                                             ^
      |
      = note: `#[warn(unused_parens)]` (part of `#[warn(unused)]`) on by default
help: remove these parentheses
      |
68185 -             (((exponent as u64 + 1023) << 52) | (top & ((1u64 << 52) - 1)))
68185 +             ((exponent as u64 + 1023) << 52) | (top & ((1u64 << 52) - 1))
      |

warning: unused import: `crate::jet_int_compare_hot`
     --> /jet/build/compute_autodiff.rs:68523:9
      |
68523 | pub use crate::jet_int_compare_hot;
      |         ^^^^^^^^^^^^^^^^^^^^^^^^^^

warning: unused import: `crate::jet_int_add_hot`
     --> /jet/build/compute_autodiff.rs:68547:9
      |
68547 | pub use crate::jet_int_add_hot;
      |         ^^^^^^^^^^^^^^^^^^^^^^

warning: unused import: `crate::jet_int_sub_hot`
     --> /jet/build/compute_autodiff.rs:68571:9
      |
68571 | pub use crate::jet_int_sub_hot;
      |         ^^^^^^^^^^^^^^^^^^^^^^

warning: unused import: `crate::jet_int_mul_hot`
     --> /jet/build/compute_autodiff.rs:68595:9
      |
68595 | pub use crate::jet_int_mul_hot;
      |         ^^^^^^^^^^^^^^^^^^^^^^

warning: unused import: `crate::jet_int_add_inline`
     --> /jet/build/compute_autodiff.rs:68609:9
      |
68609 | pub use crate::jet_int_add_inline;
      |         ^^^^^^^^^^^^^^^^^^^^^^^^^

warning: unused import: `crate::jet_int_sub_inline`
     --> /jet/build/compute_autodiff.rs:68619:9
      |
68619 | pub use crate::jet_int_sub_inline;
      |         ^^^^^^^^^^^^^^^^^^^^^^^^^

warning: unused import: `crate::jet_int_mul_inline`
     --> /jet/build/compute_autodiff.rs:68629:9
      |
68629 | pub use crate::jet_int_mul_inline;
      |         ^^^^^^^^^^^^^^^^^^^^^^^^^

warning: unused import: `crate::jet_int_compare_inline`
     --> /jet/build/compute_autodiff.rs:68643:9
      |
68643 | pub use crate::jet_int_compare_inline;
      |         ^^^^^^^^^^^^^^^^^^^^^^^^^^^^^

warning: unused import: `crate::jet_int_neg_inline`
     --> /jet/build/compute_autodiff.rs:68652:9
      |
68652 | pub use crate::jet_int_neg_inline;
      |         ^^^^^^^^^^^^^^^^^^^^^^^^^

warning: unused import: `crate::jet_int_bit_and_hot`
     --> /jet/build/compute_autodiff.rs:68671:9
      |
68671 | pub use crate::jet_int_bit_and_hot;
      |         ^^^^^^^^^^^^^^^^^^^^^^^^^^

warning: unused import: `crate::jet_int_bit_or_hot`
     --> /jet/build/compute_autodiff.rs:68687:9
      |
68687 | pub use crate::jet_int_bit_or_hot;
      |         ^^^^^^^^^^^^^^^^^^^^^^^^^

warning: unused import: `crate::jet_int_bit_xor_hot`
     --> /jet/build/compute_autodiff.rs:68703:9
      |
68703 | pub use crate::jet_int_bit_xor_hot;
      |         ^^^^^^^^^^^^^^^^^^^^^^^^^^

warning: unused imports: `JetCellEditGuard` and `JetCellReadGuard`
     --> /jet/build/compute_autodiff.rs:74374:35
      |
74374 | pub use self::jet_cell::{JetCell, JetCellEditGuard, JetCellReadGuard};
      |                                   ^^^^^^^^^^^^^^^^  ^^^^^^^^^^^^^^^^

warning: unused imports: `JetStreamSender` and `jet_stream_task`
     --> /jet/build/compute_autodiff.rs:75277:21
      |
75277 |     pub use super::{jet_stream_task, JetStream, JetStreamSender};
      |                     ^^^^^^^^^^^^^^^             ^^^^^^^^^^^^^^^

warning: unused import: `std::io::Write`
     --> /jet/build/compute_autodiff.rs:91360:13
      |
91360 |         use std::io::Write;
      |             ^^^^^^^^^^^^^^

warning: unused import: `core::cell::Cell`
      --> /jet/build/compute_autodiff.rs:109565:5
       |
109565 | use core::cell::Cell;
       |     ^^^^^^^^^^^^^^^^

warning: unused import: `jet_foundation::Devtools::JetDevtoolsEvent as JetWebStoreDevtoolsEvent`
      --> /jet/build/compute_autodiff.rs:109568:5
       |
109568 | use jet_foundation::Devtools::JetDevtoolsEvent as JetWebStoreDevtoolsEvent;
       |     ^^^^^^^^^^^^^^^^^^^^^^^^^^^^^^^^^^^^^^^^^^^^^^^^^^^^^^^^^^^^^^^^^^^^^^

warning: unused import: `TypeId as JetWebStoreTypeId`
      --> /jet/build/compute_autodiff.rs:109570:39
       |
109570 | use std::any::{Any as JetWebStoreAny, TypeId as JetWebStoreTypeId};
       |                                       ^^^^^^^^^^^^^^^^^^^^^^^^^^^

warning: unused imports: `BTreeMap as JetWebFormMap`, `BTreeMap as JetWebTablePages`, `BTreeMap`, `BTreeSet as JetWebTableSet`, `BTreeSet`, `HashMap as JetWebStoreMap`, and `VecDeque as JetWebStoreDeque`
      --> /jet/build/compute_autodiff.rs:109571:24
       |
109571 | ...::{BTreeMap, BTreeSet, HashMap, HashSet, BTreeMap as JetWebFormMap, VecDeque as JetWebStoreDeque, HashMap as JetWebStoreMap, BTreeMap as JetWebTablePages, BTreeSet as JetWebTableSet, V...
       |       ^^^^^^^^  ^^^^^^^^                    ^^^^^^^^^^^^^^^^^^^^^^^^^  ^^^^^^^^^^^^^^^^^^^^^^^^^^^^  ^^^^^^^^^^^^^^^^^^^^^^^^^  ^^^^^^^^^^^^^^^^^^^^^^^^^^^^  ^^^^^^^^^^^^^^^^^^^^^^^^^^

warning: unused import: `std::fs::OpenOptions`
      --> /jet/build/compute_autodiff.rs:109572:5
       |
109572 | use std::fs::OpenOptions;
       |     ^^^^^^^^^^^^^^^^^^^^

warning: unused imports: `SeekFrom` and `Seek`
      --> /jet/build/compute_autodiff.rs:109573:21
       |
109573 | use std::io::{Read, Seek, SeekFrom, Write};
       |                     ^^^^  ^^^^^^^^

warning: unused imports: `Component`, `PathBuf`, and `Path`
      --> /jet/build/compute_autodiff.rs:109576:17
       |
109576 | use std::path::{Component, Path, PathBuf};
       |                 ^^^^^^^^^  ^^^^  ^^^^^^^

warning: unused imports: `Arc as JetDataPlotArc`, `Arc as JetWebFormArc`, `Arc as JetWebQueryArc`, `Arc as JetWebStoreArc`, `Arc as JetWebTableArc`, `Condvar as JetWebStoreCondvar`, `LazyLock as JetWebStoreLazyLock`, `LazyLock`, `Mutex as JetWebFormMutex`, `Mutex as JetWebQueryMutex`, `Mutex as JetWebStoreMutex`, and `Mutex as JetWebTableMutex`
      --> /jet/build/compute_autodiff.rs:109577:31
       |
109577 | ...r, Arc as JetDataPlotArc, Arc as JetWebFormArc, Mutex as JetWebFormMutex, Arc as JetWebQueryArc, Mutex as JetWebQueryMutex, Arc as JetWebStoreArc, Condvar as JetWebStoreCondvar, LazyLock as JetWebStoreLazyLock, Mutex as JetWebStoreMutex, Arc as JetWebTableArc, Mutex as JetWebTableMutex, LazyLock, M...
       |       ^^^^^^^^^^^^^^^^^^^^^  ^^^^^^^^^^^^^^^^^^^^  ^^^^^^^^^^^^^^^^^^^^^^^^  ^^^^^^^^^^^^^^^^^^^^^  ^^^^^^^^^^^^^^^^^^^^^^^^^  ^^^^^^^^^^^^^^^^^^^^^  ^^^^^^^^^^^^^^^^^^^^^^^^^^^^^  ^^^^^^^^^^^^^^^^^^^^^^^^^^^^^^^  ^^^^^^^^^^^^^^^^^^^^^^^^^  ^^^^^^^^^^^^^^^^^^^^^  ^^^^^^^^^^^^^^^^^^^^^^^^^  ^^^^^^^^

warning: unused import: `Ordering as JetWebFormOrdering`
      --> /jet/build/compute_autodiff.rs:109578:60
       |
109578 | use std::sync::atomic::{AtomicBool, AtomicU8, AtomicUsize, Ordering as JetWebFormOrdering};
       |                                                            ^^^^^^^^^^^^^^^^^^^^^^^^^^^^^^

warning: unused imports: `SystemTime as JetWebStoreSystemTime`, `SystemTime`, `UNIX_EPOCH as JetWebStoreUnixEpoch`, and `UNIX_EPOCH`
      --> /jet/build/compute_autodiff.rs:109579:36
       |
109579 | ...tion, Instant, SystemTime as JetWebStoreSystemTime, UNIX_EPOCH as JetWebStoreUnixEpoch, SystemTime, UNIX_EPOCH};
       |                   ^^^^^^^^^^^^^^^^^^^^^^^^^^^^^^^^^^^  ^^^^^^^^^^^^^^^^^^^^^^^^^^^^^^^^^^  ^^^^^^^^^^  ^^^^^^^^^^

warning: type `__jet__shome_snate_s_dcache_sjet_hluna_sdx2_sml_htraining_sprobes_c_ccompute_uautodiff_djet_c_cTime` should have an upper camel case name
      --> /jet/build/compute_autodiff.rs:128950:10
       |
128950 | pub enum __jet__shome_snate_s_dcache_sjet_hluna_sdx2_sml_htraining_sprobes_c_ccompute_uautodiff_djet_c_cTime {
       |          ^^^^^^^^^^^^^^^^^^^^^^^^^^^^^^^^^^^^^^^^^^^^^^^^^^^^^^^^^^^^^^^^^^^^^^^^^^^^^^^^^^^^^^^^^^^^^^^^^^^ help: convert the identifier to upper camel case: `JetShomeSnateSDcacheSjetHlunaSdx2SmlHtrainingSprobesCCcomputeUautodiffDjetCCTime`

warning: unreachable call
      --> /jet/build/compute_autodiff.rs:129532:47
       |
129532 | ... = Some(jet_panic_rich("compute_autodiff.jet", 25u32, "run", "    tw :: compute.ones([1]) ?? panic(\"tw\")", 32u32, 5u32, &((__jet_v_1382282489814869913.as_ref().expect("MIR value")).clone()), &if cfg!(debug_assertions) { String::new() } else { String::new() }));
       |       ^^^^ ------------------------------------------------------------------------------------------------------------------------------------------------------------------------------------------------------------------------------------------------------------- any code following this expression is unreachable
       |       |
       |       unreachable call
       |
       = note: `#[warn(unreachable_code)]` (part of `#[warn(unused)]`) on by default

warning: unreachable call
      --> /jet/build/compute_autodiff.rs:129668:47
       |
129668 | ... = Some(jet_panic_rich("compute_autodiff.jet", 57u3...) { String::new() } else { String::new() }));
       |       ^^^^ -------------------------------------------...------------------------------------------- any code following this expression is unreachable
       |       |
       |       unreachable call

warning: unreachable call
      --> /jet/build/compute_autodiff.rs:129729:48
       |
129729 | ... = Some(jet_panic_rich("compute_autodiff.jet", 50u32, "run", "    compute.set(&m, [1, 1], 2.0) ?? panic(\"set\")", 37u32, 5u32, &((__jet_v_7952306760713378580.as_ref().expect("MIR value")).clone()), &if cfg!(debug_assertions) { String::new() } else { String::new() }));
       |       ^^^^ ------------------------------------------------------------------------------------------------------------------------------------------------------------------------------------------------------------------------------------------------------------------- any code following this expression is unreachable
       |       |
       |       unreachable call

warning: unreachable call
      --> /jet/build/compute_autodiff.rs:129734:48
       |
129734 | ... = Some(jet_panic_rich("compute_autodiff.jet", 7u32, "run", "    w :: compute.from_list([2.0]) ?? panic(\"w\")", 38u32, 5u32, &((__jet_v_2496499067010621944.as_ref().expect("MIR value")).clone()), &if cfg!(debug_assertions) { String::new() } else { String::new() }));
       |       ^^^^ ----------------------------------------------------------------------------------------------------------------------------------------------------------------------------------------------------------------------------------------------------------------- any code following this expression is unreachable
       |       |
       |       unreachable call

warning: unreachable call
      --> /jet/build/compute_autodiff.rs:129873:46
       |
129873 | ... = Some(jet_panic_rich("compute_autodiff.jet", 51u32, "run", "    sp :: compute.to_sparse(m) ?? panic(\"sparse\")", 35u32, 5u32, &((__jet_v_4462225673130882123.as_ref().expect("MIR value")).clone()), &if cfg!(debug_assertions) { String::new() } else { String::new() }));
       |       ^^^^ -------------------------------------------------------------------------------------------------------------------------------------------------------------------------------------------------------------------------------------------------------------------- any code following this expression is unreachable
       |       |
       |       unreachable call

warning: unreachable call
      --> /jet/build/compute_autodiff.rs:129878:48
       |
129878 | ... = Some(jet_panic_rich("compute_autodiff.jet", 49u32, "run", "    compute.set(&m, [0, 0], 1.0) ?? panic(\"set\")", 37u32, 5u32, &((__jet_v_10560450395388912340.as_ref().expect("MIR value")).clone()), &if cfg!(debug_assertions) { String::new() } else { String::new() }));
       |       ^^^^ -------------------------------------------------------------------------------------------------------------------------------------------------------------------------------------------------------------------------------------------------------------------- any code following this expression is unreachable
       |       |
       |       unreachable call

warning: unreachable call
      --> /jet/build/compute_autodiff.rs:129895:47
       |
129895 | ... = Some(jet_panic_rich("compute_autodiff.jet", 54u32, "run", "    mv :: compute.sparse_mv(sp, v) ?? panic(\"mv\")", 39u32, 5u32, &((__jet_v_9548102133802745975.as_ref().expect("MIR value")).clone()), &if cfg!(debug_assertions) { String::new() } else { String::new() }));
       |       ^^^^ -------------------------------------------------------------------------------------------------------------------------------------------------------------------------------------------------------------------------------------------------------------------- any code following this expression is unreachable
       |       |
       |       unreachable call

warning: unreachable call
      --> /jet/build/compute_autodiff.rs:129981:48
       |
129981 | ... = Some(jet_panic_rich("compute_autodiff.jet", 26u32, "run", "    tx :: compute.ones([1]) ?? panic(\"tx\")", 32u32, 5u32, &((__jet_v_15463976725649223304.as_ref().expect("MIR value")).clone()), &if cfg!(debug_assertions) { String::new() } else { String::new() }));
       |       ^^^^ -------------------------------------------------------------------------------------------------------------------------------------------------------------------------------------------------------------------------------------------------------------- any code following this expression is unreachable
       |       |
       |       unreachable call

warning: unreachable call
      --> /jet/build/compute_autodiff.rs:130008:47
       |
130008 | ... = Some(jet_panic_rich("compute_autodiff.jet", 48u32, "run", "    m := compute.matrix(2, 2, 0.0) ?? panic(\"m\")", 39u32, 5u32, &((__jet_v_11836114856474061518.as_ref().expect("MIR value")).clone()), &if cfg!(debug_assertions) { String::new() } else { String::new() }));
       |       ^^^^ -------------------------------------------------------------------------------------------------------------------------------------------------------------------------------------------------------------------------------------------------------------------- any code following this expression is unreachable
       |       |
       |       unreachable call

warning: unreachable call
      --> /jet/build/compute_autodiff.rs:130092:48
       |
130092 | ... = Some(jet_panic_rich("compute_autodiff.jet", 53u3...) { String::new() } else { String::new() }));
       |       ^^^^ -------------------------------------------...------------------------------------------- any code following this expression is unreachable
       |       |
       |       unreachable call

warning: unreachable call
      --> /jet/build/compute_autodiff.rs:130104:47
       |
130104 | ... = Some(jet_panic_rich("compute_autodiff.jet", 62u32, "run", "    compute.stream_sync(stream) ?? panic(\"sync\")", 36u32, 5u32, &((__jet_v_16807896995632613169.as_ref().expect("MIR value")).clone()), &if cfg!(debug_assertions) { String::new() } else { String::new() }));
       |       ^^^^ -------------------------------------------------------------------------------------------------------------------------------------------------------------------------------------------------------------------------------------------------------------------- any code following this expression is unreachable
       |       |
       |       unreachable call

warning: unreachable call
      --> /jet/build/compute_autodiff.rs:130109:47
       |
130109 | ... = Some(jet_panic_rich("compute_autodiff.jet", 8u32, "run", "    x :: compute.from_list([4.0]) ?? panic(\"x\")", 38u32, 5u32, &((__jet_v_11830828069646068811.as_ref().expect("MIR value")).clone()), &if cfg!(debug_assertions) { String::new() } else { String::new() }));
       |       ^^^^ ------------------------------------------------------------------------------------------------------------------------------------------------------------------------------------------------------------------------------------------------------------------ any code following this expression is unreachable
       |       |
       |       unreachable call

warning: unreachable call
      --> /jet/build/compute_autodiff.rs:130138:48
       |
130138 | ... = Some(jet_panic_rich("compute_autodiff.jet", 4u32...) { String::new() } else { String::new() }));
       |       ^^^^ -------------------------------------------...------------------------------------------- any code following this expression is unreachable
       |       |
       |       unreachable call

warning: unused import: `Read`
      --> /jet/build/compute_autodiff.rs:109573:15
       |
109573 | use std::io::{Read, Seek, SeekFrom, Write};
       |               ^^^^

warning: unused import: `Write`
      --> /jet/build/compute_autodiff.rs:109573:37
       |
109573 | use std::io::{Read, Seek, SeekFrom, Write};
       |                                     ^^^^^

warning: unused import: `Any`
      --> /jet/build/compute_autodiff.rs:109570:16
       |
109570 | use std::any::{Any as JetWebStoreAny, TypeId as JetWebStoreTypeId};
       |                ^^^

warning: value assigned to `cursor` is never read
      --> /jet/build/compute_autodiff.rs:116683:17
       |
116683 |                 cursor += 2;
       |                 ^^^^^^^^^^^ this value is reassigned later and never used
...
116686 |                 cursor += 1;
       |                 ----------- `cursor` is overwritten here before the previous value is read
       |
       = note: `#[warn(unused_assignments)]` (part of `#[warn(unused)]`) on by default

warning: value assigned to `cursor` is never read
      --> /jet/build/compute_autodiff.rs:116686:17
       |
116686 |                 cursor += 1;
       |                 ^^^^^^^^^^^
       |
       = help: maybe it is overwritten before being read?

error[E0382]: use of moved value: `__jet_v_8936485264157241195`
      --> /jet/build/compute_autodiff.rs:130050:155
       |
129149 | ...et mut __jet_v_8936485264157241195: Option<Box<dyn JetHistoryFn2<'_, JetTensor, JetTensor, (JetTensor, JetTensor)> + '_>> = None;
       |       ------------------------------- move occurs because `__jet_v_8936485264157241195` has type `Option<Box<dyn JetHistoryFn2<'_, JetTensor, JetTensor, (JetTensor, JetTensor)>>>`, which does not implement the `Copy` trait
...
129382 | ...mir_dispatch: loop {
       |                  ---- inside of this loop
...
130050 | ...           __jet_v_6441058626143580715 = Some({ let __jet_compute_handle = JetComputeHandle::new(jet_compute_curried_new(JetComputeBase::new(2usize, move |__jet_compute_inputs: &[JetTensor]| { let __jet_compute_callable = (__jet_v_8936485264157241195.as...
       |                                                                                                                                                         ^^^^^^^^^^^^^^^^^^^^^^^^^^^^^^^^^^^^^^^^^                                 --------------------------- use occurs due to use in closure
       |                                                                                                                                                         |
       |                                                                                                                                                         value moved into closure here, in previous iteration of loop
       |
help: consider cloning the value before moving it into the closure
       |
130050 ~                 __jet_v_6441058626143580715 = Some({ let value = __jet_v_8936485264157241195.clone();
130051 ~                 let __jet_compute_handle = JetComputeHandle::new(jet_compute_curried_new(JetComputeBase::new(2usize, move |__jet_compute_inputs: &[JetTensor]| { let __jet_compute_callable = (value.as_ref().expect("MIR value")).clone(); let __jet_compute_value = (__jet_compute_callable)(__jet_compute_inputs[0].clone(), __jet_compute_inputs[1].clone()); Ok(JetComputeBaseResult::TensorTuple(vec![__jet_compute_value.0, __jet_compute_value.1])) }), JetComputeTransformKind::Gradient, &((__jet_v_12893199185775922340.as_ref().expect("MIR value")).clone()).iter().map(|value| jet_std::jet_int_owned_to_i64(value).expect("checked autodiff target index")).collect::<Vec<_>>(), JetComputeResultShape::TensorTuple(2usize))); Box::new(move |__jet_compute_arg_0: JetTensor, __jet_compute_arg_1: JetTensor| { let __jet_compute_result = jet_compute_call_curried_or_panic(__jet_compute_handle.raw(), JetComputeInputPack::from_flat(vec![__jet_compute_arg_0, __jet_compute_arg_1]), "core.compute.gradient"); match __jet_compute_result { JetComputeCurriedResult::Gradient(__jet_gradients) => ((__jet_gradients[0][0].clone(), __jet_gradients[0][1].clone()), (__jet_gradients[1][0].clone(), __jet_gradients[1][1].clone())), _ => unreachable!("MIR compute.gradient result shape mismatch") } }) });
       |

error: aborting due to 1 previous error; 61 warnings emitted

For more information about this error, try `rustc --explain E0382`.
