warning: trait `__jet_Display` should have an upper camel case name
 --> /jet/build/computed_field.rs:4:11
  |
4 | pub trait __jet_Display {
  |           ^^^^^^^^^^^^^ help: convert the identifier to upper camel case: `JetDisplay`
  |
  = note: `#[warn(non_camel_case_types)]` (part of `#[warn(nonstandard_style)]`) on by default

warning: trait `__jet_Equatable` should have an upper camel case name
 --> /jet/build/computed_field.rs:8:11
  |
8 | pub trait __jet_Equatable: Sized { fn equal(&self, rhs: &Self) -> bool; }
  |           ^^^^^^^^^^^^^^^ help: convert the identifier to upper camel case: `JetEquatable`

warning: type `__jet_Ordering` should have an upper camel case name
  --> /jet/build/computed_field.rs:24:10
   |
24 | pub enum __jet_Ordering { __jet_Less, __jet_Equal, __jet_Greater }
   |          ^^^^^^^^^^^^^^ help: convert the identifier to upper camel case: `JetOrdering`

warning: variant `__jet_Less` should have an upper camel case name
  --> /jet/build/computed_field.rs:24:27
   |
24 | pub enum __jet_Ordering { __jet_Less, __jet_Equal, __jet_Greater }
   |                           ^^^^^^^^^^ help: convert the identifier to upper camel case: `JetLess`

warning: variant `__jet_Equal` should have an upper camel case name
  --> /jet/build/computed_field.rs:24:39
   |
24 | pub enum __jet_Ordering { __jet_Less, __jet_Equal, __jet_Greater }
   |                                       ^^^^^^^^^^^ help: convert the identifier to upper camel case: `JetEqual`

warning: variant `__jet_Greater` should have an upper camel case name
  --> /jet/build/computed_field.rs:24:52
   |
24 | pub enum __jet_Ordering { __jet_Less, __jet_Equal, __jet_Greater }
   |                                                    ^^^^^^^^^^^^^ help: convert the identifier to upper camel case: `JetGreater`

warning: trait `__jet_Comparable` should have an upper camel case name
  --> /jet/build/computed_field.rs:26:11
   |
26 | pub trait __jet_Comparable: Sized { fn compare(&self, rhs: &Self) -> __jet_Ordering; }
   |           ^^^^^^^^^^^^^^^^ help: convert the identifier to upper camel case: `JetComparable`

warning: trait `__jet_Serialize` should have an upper camel case name
     --> /jet/build/computed_field.rs:35240:7
      |
35240 | trait __jet_Serialize {
      |       ^^^^^^^^^^^^^^^ help: convert the identifier to upper camel case: `JetSerialize`

warning: unused import: `Cell`
     --> /jet/build/computed_field.rs:39668:21
      |
39668 |     use std::cell::{Cell, RefCell};
      |                     ^^^^
      |
      = note: `#[warn(unused_imports)]` (part of `#[warn(unused)]`) on by default

warning: unused import: `JetUninit`
     --> /jet/build/computed_field.rs:39672:43
      |
39672 |     pub use super::jet_uninit_semantics::{JetUninit, JetUninitFixed};
      |                                           ^^^^^^^^^

warning: unused imports: `JetSentryFrame`, `JetSentryGuard`, `jet_sentry_current_frame`, `jet_sentry_fenced_scope`, `jet_sentry_frame`, `jet_sentry_policy_scope`, `jet_sentry_reset`, `jet_sentry_scope`, and `jet_sentry_set_hardened`
     --> /jet/build/computed_field.rs:39685:35
      |
39685 |         jet_memory_ledger_record, jet_sentry_current_frame, jet_sentry_fenced_scope,
      |                                   ^^^^^^^^^^^^^^^^^^^^^^^^  ^^^^^^^^^^^^^^^^^^^^^^^
39686 |         jet_sentry_frame, jet_sentry_policy_scope, jet_sentry_reset, jet_sentry_scope,
      |         ^^^^^^^^^^^^^^^^  ^^^^^^^^^^^^^^^^^^^^^^^  ^^^^^^^^^^^^^^^^  ^^^^^^^^^^^^^^^^
39687 |         jet_sentry_set_hardened, JetSentryFrame, JetSentryGuard, MemoryLedgerWitness,
      |         ^^^^^^^^^^^^^^^^^^^^^^^  ^^^^^^^^^^^^^^  ^^^^^^^^^^^^^^

warning: unused import: `crate::jet_encoding_json::render_json`
     --> /jet/build/computed_field.rs:59648:13
      |
59648 |     pub use crate::jet_encoding_json::render_json;
      |             ^^^^^^^^^^^^^^^^^^^^^^^^^^^^^^^^^^^^^

warning: unnecessary parentheses around block return value
     --> /jet/build/computed_field.rs:63587:13
      |
63587 |             (((exponent as u64 + 1023) << 52) | (top & ((1u64 << 52) - 1)))
      |             ^                                                             ^
      |
      = note: `#[warn(unused_parens)]` (part of `#[warn(unused)]`) on by default
help: remove these parentheses
      |
63587 -             (((exponent as u64 + 1023) << 52) | (top & ((1u64 << 52) - 1)))
63587 +             ((exponent as u64 + 1023) << 52) | (top & ((1u64 << 52) - 1))
      |

warning: unused import: `crate::jet_int_compare_hot`
     --> /jet/build/computed_field.rs:63925:9
      |
63925 | pub use crate::jet_int_compare_hot;
      |         ^^^^^^^^^^^^^^^^^^^^^^^^^^

warning: unused import: `crate::jet_int_add_hot`
     --> /jet/build/computed_field.rs:63949:9
      |
63949 | pub use crate::jet_int_add_hot;
      |         ^^^^^^^^^^^^^^^^^^^^^^

warning: unused import: `crate::jet_int_sub_hot`
     --> /jet/build/computed_field.rs:63973:9
      |
63973 | pub use crate::jet_int_sub_hot;
      |         ^^^^^^^^^^^^^^^^^^^^^^

warning: unused import: `crate::jet_int_mul_hot`
     --> /jet/build/computed_field.rs:63997:9
      |
63997 | pub use crate::jet_int_mul_hot;
      |         ^^^^^^^^^^^^^^^^^^^^^^

warning: unused import: `crate::jet_int_add_inline`
     --> /jet/build/computed_field.rs:64011:9
      |
64011 | pub use crate::jet_int_add_inline;
      |         ^^^^^^^^^^^^^^^^^^^^^^^^^

warning: unused import: `crate::jet_int_sub_inline`
     --> /jet/build/computed_field.rs:64021:9
      |
64021 | pub use crate::jet_int_sub_inline;
      |         ^^^^^^^^^^^^^^^^^^^^^^^^^

warning: unused import: `crate::jet_int_mul_inline`
     --> /jet/build/computed_field.rs:64031:9
      |
64031 | pub use crate::jet_int_mul_inline;
      |         ^^^^^^^^^^^^^^^^^^^^^^^^^

warning: unused import: `crate::jet_int_compare_inline`
     --> /jet/build/computed_field.rs:64045:9
      |
64045 | pub use crate::jet_int_compare_inline;
      |         ^^^^^^^^^^^^^^^^^^^^^^^^^^^^^

warning: unused import: `crate::jet_int_neg_inline`
     --> /jet/build/computed_field.rs:64054:9
      |
64054 | pub use crate::jet_int_neg_inline;
      |         ^^^^^^^^^^^^^^^^^^^^^^^^^

warning: unused import: `crate::jet_int_bit_and_hot`
     --> /jet/build/computed_field.rs:64073:9
      |
64073 | pub use crate::jet_int_bit_and_hot;
      |         ^^^^^^^^^^^^^^^^^^^^^^^^^^

warning: unused import: `crate::jet_int_bit_or_hot`
     --> /jet/build/computed_field.rs:64089:9
      |
64089 | pub use crate::jet_int_bit_or_hot;
      |         ^^^^^^^^^^^^^^^^^^^^^^^^^

warning: unused import: `crate::jet_int_bit_xor_hot`
     --> /jet/build/computed_field.rs:64105:9
      |
64105 | pub use crate::jet_int_bit_xor_hot;
      |         ^^^^^^^^^^^^^^^^^^^^^^^^^^

warning: unused imports: `JetCellEditGuard` and `JetCellReadGuard`
     --> /jet/build/computed_field.rs:69518:35
      |
69518 | pub use self::jet_cell::{JetCell, JetCellEditGuard, JetCellReadGuard};
      |                                   ^^^^^^^^^^^^^^^^  ^^^^^^^^^^^^^^^^

warning: unused imports: `JetStreamSender` and `jet_stream_task`
     --> /jet/build/computed_field.rs:70421:21
      |
70421 |     pub use super::{jet_stream_task, JetStream, JetStreamSender};
      |                     ^^^^^^^^^^^^^^^             ^^^^^^^^^^^^^^^

warning: unused import: `std::io::Write`
     --> /jet/build/computed_field.rs:85938:13
      |
85938 |         use std::io::Write;
      |             ^^^^^^^^^^^^^^

warning: unused import: `core::cell::Cell`
     --> /jet/build/computed_field.rs:97503:5
      |
97503 | use core::cell::Cell;
      |     ^^^^^^^^^^^^^^^^

warning: unused import: `jet_foundation::Devtools::JetDevtoolsEvent as JetWebStoreDevtoolsEvent`
     --> /jet/build/computed_field.rs:97506:5
      |
97506 | use jet_foundation::Devtools::JetDevtoolsEvent as JetWebStoreDevtoolsEvent;
      |     ^^^^^^^^^^^^^^^^^^^^^^^^^^^^^^^^^^^^^^^^^^^^^^^^^^^^^^^^^^^^^^^^^^^^^^

warning: unused import: `TypeId as JetWebStoreTypeId`
     --> /jet/build/computed_field.rs:97508:39
      |
97508 | use std::any::{Any as JetWebStoreAny, TypeId as JetWebStoreTypeId};
      |                                       ^^^^^^^^^^^^^^^^^^^^^^^^^^^

warning: unused imports: `BTreeMap as JetWebFormMap`, `BTreeMap as JetWebTablePages`, `BTreeMap`, `BTreeSet as JetWebTableSet`, `BTreeSet`, `HashMap as JetWebStoreMap`, and `VecDeque as JetWebStoreDeque`
     --> /jet/build/computed_field.rs:97509:24
      |
97509 | ...::{BTreeMap, BTreeSet, HashMap, HashSet, BTreeMap as JetWebFormMap, VecDeque as JetWebStoreDeque, HashMap as JetWebStoreMap, BTreeMap as JetWebTablePages, BTreeSet as JetWebTableSet, V...
      |       ^^^^^^^^  ^^^^^^^^                    ^^^^^^^^^^^^^^^^^^^^^^^^^  ^^^^^^^^^^^^^^^^^^^^^^^^^^^^  ^^^^^^^^^^^^^^^^^^^^^^^^^  ^^^^^^^^^^^^^^^^^^^^^^^^^^^^  ^^^^^^^^^^^^^^^^^^^^^^^^^^

warning: unused import: `std::fs::OpenOptions`
     --> /jet/build/computed_field.rs:97510:5
      |
97510 | use std::fs::OpenOptions;
      |     ^^^^^^^^^^^^^^^^^^^^

warning: unused imports: `SeekFrom` and `Seek`
     --> /jet/build/computed_field.rs:97511:21
      |
97511 | use std::io::{Read, Seek, SeekFrom, Write};
      |                     ^^^^  ^^^^^^^^

warning: unused imports: `Component`, `PathBuf`, and `Path`
     --> /jet/build/computed_field.rs:97514:17
      |
97514 | use std::path::{Component, Path, PathBuf};
      |                 ^^^^^^^^^  ^^^^  ^^^^^^^

warning: unused imports: `Arc as JetWebFormArc`, `Arc as JetWebQueryArc`, `Arc as JetWebStoreArc`, `Arc as JetWebTableArc`, `Condvar as JetWebStoreCondvar`, `LazyLock as JetWebStoreLazyLock`, `LazyLock`, `Mutex as JetWebFormMutex`, `Mutex as JetWebQueryMutex`, `Mutex as JetWebStoreMutex`, and `Mutex as JetWebTableMutex`
     --> /jet/build/computed_field.rs:97515:31
      |
97515 | ...r, Arc as JetWebFormArc, Mutex as JetWebFormMutex, Arc as JetWebQueryArc, Mutex as JetWebQueryMutex, Arc as JetWebStoreArc, Condvar as JetWebStoreCondvar, LazyLock as JetWebStoreLazyLock, Mutex as JetWebStoreMutex, Arc as JetWebTableArc, Mutex as JetWebTableMutex, LazyLock, M...
      |       ^^^^^^^^^^^^^^^^^^^^  ^^^^^^^^^^^^^^^^^^^^^^^^  ^^^^^^^^^^^^^^^^^^^^^  ^^^^^^^^^^^^^^^^^^^^^^^^^  ^^^^^^^^^^^^^^^^^^^^^  ^^^^^^^^^^^^^^^^^^^^^^^^^^^^^  ^^^^^^^^^^^^^^^^^^^^^^^^^^^^^^^  ^^^^^^^^^^^^^^^^^^^^^^^^^  ^^^^^^^^^^^^^^^^^^^^^  ^^^^^^^^^^^^^^^^^^^^^^^^^  ^^^^^^^^

warning: unused import: `Ordering as JetWebFormOrdering`
     --> /jet/build/computed_field.rs:97516:60
      |
97516 | use std::sync::atomic::{AtomicBool, AtomicU8, AtomicUsize, Ordering as JetWebFormOrdering};
      |                                                            ^^^^^^^^^^^^^^^^^^^^^^^^^^^^^^

warning: unused imports: `SystemTime as JetWebStoreSystemTime`, `SystemTime`, `UNIX_EPOCH as JetWebStoreUnixEpoch`, and `UNIX_EPOCH`
     --> /jet/build/computed_field.rs:97517:36
      |
97517 | use std::time::{Duration, Instant, SystemTime as JetWebStoreSystemTime, UNIX_EPOCH as JetWebStoreUnixEpoch, SystemTime, UNIX_EPOCH};
      |                                    ^^^^^^^^^^^^^^^^^^^^^^^^^^^^^^^^^^^  ^^^^^^^^^^^^^^^^^^^^^^^^^^^^^^^^^^  ^^^^^^^^^^  ^^^^^^^^^^

warning: type `__jet__shome_snate_sProjects_sGithub_sjet_sexamples_sfeatures_stypes_c_ccomputed_ufield_djet_c_cStats` should have an upper camel case name
      --> /jet/build/computed_field.rs:110192:8
       |
110192 | struct __jet__shome_snate_sProjects_sGithub_sjet_sexamples_sfeatures_stypes_c_ccomputed_ufield_djet_c_cStats {
       |        ^^^^^^^^^^^^^^^^^^^^^^^^^^^^^^^^^^^^^^^^^^^^^^^^^^^^^^^^^^^^^^^^^^^^^^^^^^^^^^^^^^^^^^^^^^^^^^^^^^^^^ help: convert the identifier to upper camel case: `JetShomeSnateSProjectsSGithubSjetSexamplesSfeaturesStypesCCcomputedUfieldDjetCCStats`

warning: unnecessary parentheses around function argument
      --> /jet/build/computed_field.rs:110223:52
       |
110223 | ...me((((__jet_v_17642320623736355081.as_ref().expect("MIR value")).clone()) != ((__jet_v_5589093704027102922.as_ref().expect("MIR value")).clone())));
       |       ^                                                                                                                                             ^
       |
help: remove these parentheses
       |
110223 -                 __jet_v_8080072038997922707 = Some((((__jet_v_17642320623736355081.as_ref().expect("MIR value")).clone()) != ((__jet_v_5589093704027102922.as_ref().expect("MIR value")).clone())));
110223 +                 __jet_v_8080072038997922707 = Some(((__jet_v_17642320623736355081.as_ref().expect("MIR value")).clone()) != ((__jet_v_5589093704027102922.as_ref().expect("MIR value")).clone()));
       |

warning: unnecessary parentheses around function argument
      --> /jet/build/computed_field.rs:110247:53
       |
110247 | ...me((((__jet_v_904087145097221521.as_ref().expect("MIR value")).clone()) != ((__jet_v_1614435335551598372.as_ref().expect("MIR value")).clone())));
       |       ^                                                                                                                                           ^
       |
help: remove these parentheses
       |
110247 -                 __jet_v_10132380660610513467 = Some((((__jet_v_904087145097221521.as_ref().expect("MIR value")).clone()) != ((__jet_v_1614435335551598372.as_ref().expect("MIR value")).clone())));
110247 +                 __jet_v_10132380660610513467 = Some(((__jet_v_904087145097221521.as_ref().expect("MIR value")).clone()) != ((__jet_v_1614435335551598372.as_ref().expect("MIR value")).clone()));
       |

warning: unused label
      --> /jet/build/computed_field.rs:110359:5
       |
110359 |     'mir_dispatch: loop {
       |     ^^^^^^^^^^^^^
       |
       = note: `#[warn(unused_labels)]` (part of `#[warn(unused)]`) on by default

warning: unnecessary parentheses around function argument
      --> /jet/build/computed_field.rs:110426:53
       |
110426 | ...me((((__jet_v_12088219409924232411.as_ref().expect("MIR value")).clone()) < ((__jet_v_89212560595027217.as_ref().expect("MIR value")).clone())));
       |       ^                                                                                                                                          ^
       |
help: remove these parentheses
       |
110426 -                 __jet_v_11832529142972628239 = Some((((__jet_v_12088219409924232411.as_ref().expect("MIR value")).clone()) < ((__jet_v_89212560595027217.as_ref().expect("MIR value")).clone())));
110426 +                 __jet_v_11832529142972628239 = Some(((__jet_v_12088219409924232411.as_ref().expect("MIR value")).clone()) < ((__jet_v_89212560595027217.as_ref().expect("MIR value")).clone()));
       |

warning: unnecessary parentheses around function argument
      --> /jet/build/computed_field.rs:110442:52
       |
110442 | ...me((((__jet_v_11806222766360225897.as_ref().expect("MIR value")).clone()) < ((__jet_v_16693625903256304565.as_ref().expect("MIR value")).clone())));
       |       ^                                                                                                                                             ^
       |
help: remove these parentheses
       |
110442 -                 __jet_v_4599733201223124583 = Some((((__jet_v_11806222766360225897.as_ref().expect("MIR value")).clone()) < ((__jet_v_16693625903256304565.as_ref().expect("MIR value")).clone())));
110442 +                 __jet_v_4599733201223124583 = Some(((__jet_v_11806222766360225897.as_ref().expect("MIR value")).clone()) < ((__jet_v_16693625903256304565.as_ref().expect("MIR value")).clone()));
       |

warning: unnecessary parentheses around function argument
      --> /jet/build/computed_field.rs:110458:53
       |
110458 | ...me((((__jet_v_16860758075667286940.as_ref().expect("MIR value")).clone()) > ((__jet_v_15937954700584401237.as_ref().expect("MIR value")).clone())));
       |       ^                                                                                                                                             ^
       |
help: remove these parentheses
       |
110458 -                 __jet_v_15616267306513580801 = Some((((__jet_v_16860758075667286940.as_ref().expect("MIR value")).clone()) > ((__jet_v_15937954700584401237.as_ref().expect("MIR value")).clone())));
110458 +                 __jet_v_15616267306513580801 = Some(((__jet_v_16860758075667286940.as_ref().expect("MIR value")).clone()) > ((__jet_v_15937954700584401237.as_ref().expect("MIR value")).clone()));
       |

warning: unnecessary parentheses around function argument
      --> /jet/build/computed_field.rs:110487:53
       |
110487 | ...me((((__jet_v_3447648669674511891.as_ref().expect("MIR value")).clone()) > ((__jet_v_6866833648870941364.as_ref().expect("MIR value")).clone())));
       |       ^                                                                                                                                           ^
       |
help: remove these parentheses
       |
110487 -                 __jet_v_18170380105059138319 = Some((((__jet_v_3447648669674511891.as_ref().expect("MIR value")).clone()) > ((__jet_v_6866833648870941364.as_ref().expect("MIR value")).clone())));
110487 +                 __jet_v_18170380105059138319 = Some(((__jet_v_3447648669674511891.as_ref().expect("MIR value")).clone()) > ((__jet_v_6866833648870941364.as_ref().expect("MIR value")).clone()));
       |

error[E0046]: not all trait items implemented, missing: `jet_decode`
      --> /jet/build/computed_field.rs:110379:1
       |
 83501 |     fn jet_decode(tree: &jet_std::DataTree) -> Result<Self, Vec<jet_std::FieldError>>;
       |     ---------------------------------------------------------------------------------- `jet_decode` from trait
...
110379 | impl __jet_Decode for __jet__shome_snate_sProjects_sGithub_sjet_sexamples_sfeatures_stypes_c_ccomputed_ufield_djet_c_cStats {
       | ^^^^^^^^^^^^^^^^^^^^^^^^^^^^^^^^^^^^^^^^^^^^^^^^^^^^^^^^^^^^^^^^^^^^^^^^^^^^^^^^^^^^^^^^^^^^^^^^^^^^^^^^^^^^^^^^^^^^^^^^^^^ missing `jet_decode` in implementation

error[E0046]: not all trait items implemented, missing: `jet_encode`
      --> /jet/build/computed_field.rs:110382:1
       |
 83488 |     fn jet_encode(&self) -> jet_std::DataTree;
       |     ------------------------------------------ `jet_encode` from trait
...
110382 | impl __jet_Encode for __jet__shome_snate_sProjects_sGithub_sjet_sexamples_sfeatures_stypes_c_ccomputed_ufield_djet_c_cStats {
       | ^^^^^^^^^^^^^^^^^^^^^^^^^^^^^^^^^^^^^^^^^^^^^^^^^^^^^^^^^^^^^^^^^^^^^^^^^^^^^^^^^^^^^^^^^^^^^^^^^^^^^^^^^^^^^^^^^^^^^^^^^^^ missing `jet_encode` in implementation

error[E0425]: cannot find function `jet_data_query` in this scope
      --> /jet/build/computed_field.rs:108761:8
       |
108761 |     Ok(jet_data_query(&selected).with_step("sql"))
       |        ^^^^^^^^^^^^^^ not found in this scope

error[E0609]: no field `fields` on type `&Vec<String>`
      --> /jet/build/computed_field.rs:108773:24
       |
108773 |         .map(|row| row.fields.clone())
       |                        ^^^^^^ unknown field

warning: unused import: `Read`
     --> /jet/build/computed_field.rs:97511:15
      |
97511 | use std::io::{Read, Seek, SeekFrom, Write};
      |               ^^^^

warning: unused import: `Write`
     --> /jet/build/computed_field.rs:97511:37
      |
97511 | use std::io::{Read, Seek, SeekFrom, Write};
      |                                     ^^^^^

warning: unused import: `Any`
     --> /jet/build/computed_field.rs:97508:16
      |
97508 | use std::any::{Any as JetWebStoreAny, TypeId as JetWebStoreTypeId};
      |                ^^^

warning: value assigned to `cursor` is never read
      --> /jet/build/computed_field.rs:104615:17
       |
104615 |                 cursor += 2;
       |                 ^^^^^^^^^^^ this value is reassigned later and never used
...
104618 |                 cursor += 1;
       |                 ----------- `cursor` is overwritten here before the previous value is read
       |
       = note: `#[warn(unused_assignments)]` (part of `#[warn(unused)]`) on by default

warning: value assigned to `cursor` is never read
      --> /jet/build/computed_field.rs:104618:17
       |
104618 |                 cursor += 1;
       |                 ^^^^^^^^^^^
       |
       = help: maybe it is overwritten before being read?

error: aborting due to 4 previous errors; 51 warnings emitted

Some errors have detailed explanations: E0046, E0425, E0609.
For more information about an error, try `rustc --explain E0046`.
