error[E0432]: unresolved imports `jet_devtools_control::JetDevtoolsGameControlCallbackGuard`, `jet_devtools_control::jet_devtools_install_game_control_callback`, `jet_devtools_control::jet_devtools_take_game_control_relays`, `jet_devtools_control::jet_devtools_clear_game_control_relays`
      --> /jet/build/core_game_headless.rs:132541:137
       |
132541 | ...t, JetDevtoolsGameControlCallbackGuard,jet_devtools_install_game_control_callback, jet_devtools_clear_commands,jet_devtools_enqueue_command, jet_devtools_requeue_command_front,jet_devtools_command_count, jet_devtools_poll_command,jet_devtools_poll_database_explain, jet_devtools_enqueue_game_control,jet_devtools_poll_game_control, jet_devtools_record_command_receipt,jet_devtools_update_command_receipt, jet_devtools_poll_command_receipt,jet_devtools_command_receipt_count, jet_devtools_clear_command_receipts,jet_devtools_take_game_control_relays, jet_devtools_clear_game_control_relays};
       |       ^^^^^^^^^^^^^^^^^^^^^^^^^^^^^^^^^^^ ^^^^^^^^^^^^^^^^^^^^^^^^^^^^^^^^^^^^^^^^^^                                                                                                                                                                                                                                                                                                                                                                                                                                              ^^^^^^^^^^^^^^^^^^^^^^^^^^^^^^^^^^^^^  ^^^^^^^^^^^^^^^^^^^^^^^^^^^^^^^^^^^^^^ no `jet_devtools_clear_game_control_relays` in `jet_devtools_control`
       |       |                                   |                                                                                                                                                                                                                                                                                                                                                                                                                                                                                       |
       |       |                                   no `jet_devtools_install_game_control_callback` in `jet_devtools_control`                                                                                                                                                                                                                                                                                                                                                                                                               no `jet_devtools_take_game_control_relays` in `jet_devtools_control`
       |       no `JetDevtoolsGameControlCallbackGuard` in `jet_devtools_control`
       |
       = help: consider importing this struct through its public re-export instead:
               crate::jet_foundation::StreamCursor::JetDevtoolsGameControlCallbackGuard
help: a similar name exists in the module
       |
132541 - pub use jet_devtools_control::{JetDevtoolsCommand, JetDevtoolsCommandReceipt, JetDevtoolsGameControlKind,JetDevtoolsGameControlRequest, JetDevtoolsGameControlCallbackGuard,jet_devtools_install_game_control_callback, jet_devtools_clear_commands,jet_devtools_enqueue_command, jet_devtools_requeue_command_front,jet_devtools_command_count, jet_devtools_poll_command,jet_devtools_poll_database_explain, jet_devtools_enqueue_game_control,jet_devtools_poll_game_control, jet_devtools_record_command_receipt,jet_devtools_update_command_receipt, jet_devtools_poll_command_receipt,jet_devtools_command_receipt_count, jet_devtools_clear_command_receipts,jet_devtools_take_game_control_relays, jet_devtools_clear_game_control_relays};
132541 + pub use jet_devtools_control::{JetDevtoolsCommand, JetDevtoolsCommandReceipt, JetDevtoolsGameControlKind,JetDevtoolsGameControlRequest, JetDevtoolsGameControlCallbackGuard,jet_devtools_poll_game_control, jet_devtools_clear_commands,jet_devtools_enqueue_command, jet_devtools_requeue_command_front,jet_devtools_command_count, jet_devtools_poll_command,jet_devtools_poll_database_explain, jet_devtools_enqueue_game_control,jet_devtools_poll_game_control, jet_devtools_record_command_receipt,jet_devtools_update_command_receipt, jet_devtools_poll_command_receipt,jet_devtools_command_receipt_count, jet_devtools_clear_command_receipts,jet_devtools_take_game_control_relays, jet_devtools_clear_game_control_relays};
       |
help: a similar name exists in the module
       |
132541 - pub use jet_devtools_control::{JetDevtoolsCommand, JetDevtoolsCommandReceipt, JetDevtoolsGameControlKind,JetDevtoolsGameControlRequest, JetDevtoolsGameControlCallbackGuard,jet_devtools_install_game_control_callback, jet_devtools_clear_commands,jet_devtools_enqueue_command, jet_devtools_requeue_command_front,jet_devtools_command_count, jet_devtools_poll_command,jet_devtools_poll_database_explain, jet_devtools_enqueue_game_control,jet_devtools_poll_game_control, jet_devtools_record_command_receipt,jet_devtools_update_command_receipt, jet_devtools_poll_command_receipt,jet_devtools_command_receipt_count, jet_devtools_clear_command_receipts,jet_devtools_take_game_control_relays, jet_devtools_clear_game_control_relays};
132541 + pub use jet_devtools_control::{JetDevtoolsCommand, JetDevtoolsCommandReceipt, JetDevtoolsGameControlKind,JetDevtoolsGameControlRequest, JetDevtoolsGameControlCallbackGuard,jet_devtools_install_game_control_callback, jet_devtools_clear_commands,jet_devtools_enqueue_command, jet_devtools_requeue_command_front,jet_devtools_command_count, jet_devtools_poll_command,jet_devtools_poll_database_explain, jet_devtools_enqueue_game_control,jet_devtools_poll_game_control, jet_devtools_record_command_receipt,jet_devtools_update_command_receipt, jet_devtools_poll_command_receipt,jet_devtools_command_receipt_count, jet_devtools_clear_command_receipts,jet_devtools_poll_game_control, jet_devtools_clear_game_control_relays};
       |
help: a similar name exists in the module
       |
132541 - pub use jet_devtools_control::{JetDevtoolsCommand, JetDevtoolsCommandReceipt, JetDevtoolsGameControlKind,JetDevtoolsGameControlRequest, JetDevtoolsGameControlCallbackGuard,jet_devtools_install_game_control_callback, jet_devtools_clear_commands,jet_devtools_enqueue_command, jet_devtools_requeue_command_front,jet_devtools_command_count, jet_devtools_poll_command,jet_devtools_poll_database_explain, jet_devtools_enqueue_game_control,jet_devtools_poll_game_control, jet_devtools_record_command_receipt,jet_devtools_update_command_receipt, jet_devtools_poll_command_receipt,jet_devtools_command_receipt_count, jet_devtools_clear_command_receipts,jet_devtools_take_game_control_relays, jet_devtools_clear_game_control_relays};
132541 + pub use jet_devtools_control::{JetDevtoolsCommand, JetDevtoolsCommandReceipt, JetDevtoolsGameControlKind,JetDevtoolsGameControlRequest, JetDevtoolsGameControlCallbackGuard,jet_devtools_install_game_control_callback, jet_devtools_clear_commands,jet_devtools_enqueue_command, jet_devtools_requeue_command_front,jet_devtools_command_count, jet_devtools_poll_command,jet_devtools_poll_database_explain, jet_devtools_enqueue_game_control,jet_devtools_poll_game_control, jet_devtools_record_command_receipt,jet_devtools_update_command_receipt, jet_devtools_poll_command_receipt,jet_devtools_command_receipt_count, jet_devtools_clear_command_receipts,jet_devtools_take_game_control_relays, jet_devtools_poll_game_control};
       |

error[E0425]: cannot find type `__jet_GameScene` in this scope
      --> /jet/build/core_game_headless.rs:143896:48
       |
143896 |     let mut __jet_l_842483486419876259: Option<__jet_GameScene> = None;
       |                                                ^^^^^^^^^^^^^^^ not found in this scope
       |
help: you might be missing a type parameter
       |
143894 | fn __jet__shome_snate_sProjects_sGithub_sjet_sexamples_sfeatures_sgame_c_ccore_ugame_uheadless_djet_c_crun<__jet_GameScene>() -> JetOutcome<(), JetErr> {
       |                                                                                                           +++++++++++++++++

error[E0425]: cannot find type `__jet_GameSound` in this scope
      --> /jet/build/core_game_headless.rs:143897:49
       |
143897 |     let mut __jet_l_2241442960896539792: Option<__jet_GameSound> = None;
       |                                                 ^^^^^^^^^^^^^^^ not found in this scope
       |
help: you might be missing a type parameter
       |
143894 | fn __jet__shome_snate_sProjects_sGithub_sjet_sexamples_sfeatures_sgame_c_ccore_ugame_uheadless_djet_c_crun<__jet_GameSound>() -> JetOutcome<(), JetErr> {
       |                                                                                                           +++++++++++++++++

error[E0425]: cannot find type `__jet_GameReplay` in this scope
      --> /jet/build/core_game_headless.rs:143899:49
       |
122503 | pub struct JetGameReplay {
       | ------------------------ similarly named struct `JetGameReplay` defined here
...
143899 |     let mut __jet_l_8709105351540003721: Option<__jet_GameReplay> = None;
       |                                                 ^^^^^^^^^^^^^^^^
       |
help: a struct with a similar name exists
       |
143899 -     let mut __jet_l_8709105351540003721: Option<__jet_GameReplay> = None;
143899 +     let mut __jet_l_8709105351540003721: Option<JetGameReplay> = None;
       |
help: you might be missing a type parameter
       |
143894 | fn __jet__shome_snate_sProjects_sGithub_sjet_sexamples_sfeatures_sgame_c_ccore_ugame_uheadless_djet_c_crun<__jet_GameReplay>() -> JetOutcome<(), JetErr> {
       |                                                                                                           ++++++++++++++++++

error[E0425]: cannot find type `__jet_GameImage` in this scope
      --> /jet/build/core_game_headless.rs:143900:50
       |
143900 |     let mut __jet_l_10575348336250975200: Option<__jet_GameImage> = None;
       |                                                  ^^^^^^^^^^^^^^^ not found in this scope
       |
help: you might be missing a type parameter
       |
143894 | fn __jet__shome_snate_sProjects_sGithub_sjet_sexamples_sfeatures_sgame_c_ccore_ugame_uheadless_djet_c_crun<__jet_GameImage>() -> JetOutcome<(), JetErr> {
       |                                                                                                           +++++++++++++++++

error[E0425]: cannot find type `__jet_GameAssets` in this scope
      --> /jet/build/core_game_headless.rs:143904:47
       |
143904 |     let mut __jet_v_87080178380382277: Option<__jet_GameAssets> = None;
       |                                               ^^^^^^^^^^^^^^^^ not found in this scope
       |
help: you might be missing a type parameter
       |
143894 | fn __jet__shome_snate_sProjects_sGithub_sjet_sexamples_sfeatures_sgame_c_ccore_ugame_uheadless_djet_c_crun<__jet_GameAssets>() -> JetOutcome<(), JetErr> {
       |                                                                                                           ++++++++++++++++++

error[E0425]: cannot find type `__jet_GameSound` in this scope
      --> /jet/build/core_game_headless.rs:143905:48
       |
143905 |     let mut __jet_v_256606780562279421: Option<__jet_GameSound> = None;
       |                                                ^^^^^^^^^^^^^^^ not found in this scope
       |
help: you might be missing a type parameter
       |
143894 | fn __jet__shome_snate_sProjects_sGithub_sjet_sexamples_sfeatures_sgame_c_ccore_ugame_uheadless_djet_c_crun<__jet_GameSound>() -> JetOutcome<(), JetErr> {
       |                                                                                                           +++++++++++++++++

error[E0425]: cannot find type `__jet_GameSound` in this scope
      --> /jet/build/core_game_headless.rs:143906:59
       |
143906 |     let mut __jet_v_306067461314289465: Option<JetOutcome<__jet_GameSound, String>> = None;
       |                                                           ^^^^^^^^^^^^^^^ not found in this scope
       |
help: you might be missing a type parameter
       |
143894 | fn __jet__shome_snate_sProjects_sGithub_sjet_sexamples_sfeatures_sgame_c_ccore_ugame_uheadless_djet_c_crun<__jet_GameSound>() -> JetOutcome<(), JetErr> {
       |                                                                                                           +++++++++++++++++

error[E0425]: cannot find type `__jet_GameSound` in this scope
      --> /jet/build/core_game_headless.rs:143908:49
       |
143908 |     let mut __jet_v_1310998249081275716: Option<__jet_GameSound> = None;
       |                                                 ^^^^^^^^^^^^^^^ not found in this scope
       |
help: you might be missing a type parameter
       |
143894 | fn __jet__shome_snate_sProjects_sGithub_sjet_sexamples_sfeatures_sgame_c_ccore_ugame_uheadless_djet_c_crun<__jet_GameSound>() -> JetOutcome<(), JetErr> {
       |                                                                                                           +++++++++++++++++

error[E0425]: cannot find type `__jet_GameScene` in this scope
      --> /jet/build/core_game_headless.rs:143910:49
       |
143910 |     let mut __jet_v_1524540595002864184: Option<__jet_GameScene> = None;
       |                                                 ^^^^^^^^^^^^^^^ not found in this scope
       |
help: you might be missing a type parameter
       |
143894 | fn __jet__shome_snate_sProjects_sGithub_sjet_sexamples_sfeatures_sgame_c_ccore_ugame_uheadless_djet_c_crun<__jet_GameScene>() -> JetOutcome<(), JetErr> {
       |                                                                                                           +++++++++++++++++

error[E0425]: cannot find type `__jet_GameScene` in this scope
      --> /jet/build/core_game_headless.rs:143913:49
       |
143913 |     let mut __jet_v_2968253835661653239: Option<__jet_GameScene> = None;
       |                                                 ^^^^^^^^^^^^^^^ not found in this scope
       |
help: you might be missing a type parameter
       |
143894 | fn __jet__shome_snate_sProjects_sGithub_sjet_sexamples_sfeatures_sgame_c_ccore_ugame_uheadless_djet_c_crun<__jet_GameScene>() -> JetOutcome<(), JetErr> {
       |                                                                                                           +++++++++++++++++

error[E0425]: cannot find type `__jet_GameReplay` in this scope
      --> /jet/build/core_game_headless.rs:143914:49
       |
122503 | pub struct JetGameReplay {
       | ------------------------ similarly named struct `JetGameReplay` defined here
...
143914 |     let mut __jet_v_3142392028046460242: Option<__jet_GameReplay> = None;
       |                                                 ^^^^^^^^^^^^^^^^
       |
help: a struct with a similar name exists
       |
143914 -     let mut __jet_v_3142392028046460242: Option<__jet_GameReplay> = None;
143914 +     let mut __jet_v_3142392028046460242: Option<JetGameReplay> = None;
       |
help: you might be missing a type parameter
       |
143894 | fn __jet__shome_snate_sProjects_sGithub_sjet_sexamples_sfeatures_sgame_c_ccore_ugame_uheadless_djet_c_crun<__jet_GameReplay>() -> JetOutcome<(), JetErr> {
       |                                                                                                           ++++++++++++++++++

error[E0425]: cannot find type `__jet_GameImage` in this scope
      --> /jet/build/core_game_headless.rs:143915:60
       |
143915 |     let mut __jet_v_3158875402169879611: Option<JetOutcome<__jet_GameImage, String>> = None;
       |                                                            ^^^^^^^^^^^^^^^ not found in this scope
       |
help: you might be missing a type parameter
       |
143894 | fn __jet__shome_snate_sProjects_sGithub_sjet_sexamples_sfeatures_sgame_c_ccore_ugame_uheadless_djet_c_crun<__jet_GameImage>() -> JetOutcome<(), JetErr> {
       |                                                                                                           +++++++++++++++++

error[E0425]: cannot find type `__jet_GameImage` in this scope
      --> /jet/build/core_game_headless.rs:143918:49
       |
143918 |     let mut __jet_v_4178877443781456719: Option<__jet_GameImage> = None;
       |                                                 ^^^^^^^^^^^^^^^ not found in this scope
       |
help: you might be missing a type parameter
       |
143894 | fn __jet__shome_snate_sProjects_sGithub_sjet_sexamples_sfeatures_sgame_c_ccore_ugame_uheadless_djet_c_crun<__jet_GameImage>() -> JetOutcome<(), JetErr> {
       |                                                                                                           +++++++++++++++++

error[E0425]: cannot find type `__jet_GameScene` in this scope
      --> /jet/build/core_game_headless.rs:143919:49
       |
143919 |     let mut __jet_v_4374817415019518216: Option<__jet_GameScene> = None;
       |                                                 ^^^^^^^^^^^^^^^ not found in this scope
       |
help: you might be missing a type parameter
       |
143894 | fn __jet__shome_snate_sProjects_sGithub_sjet_sexamples_sfeatures_sgame_c_ccore_ugame_uheadless_djet_c_crun<__jet_GameScene>() -> JetOutcome<(), JetErr> {
       |                                                                                                           +++++++++++++++++

error[E0425]: cannot find type `__jet_GameImage` in this scope
      --> /jet/build/core_game_headless.rs:143921:49
       |
143921 |     let mut __jet_v_4905183422708689160: Option<__jet_GameImage> = None;
       |                                                 ^^^^^^^^^^^^^^^ not found in this scope
       |
help: you might be missing a type parameter
       |
143894 | fn __jet__shome_snate_sProjects_sGithub_sjet_sexamples_sfeatures_sgame_c_ccore_ugame_uheadless_djet_c_crun<__jet_GameImage>() -> JetOutcome<(), JetErr> {
       |                                                                                                           +++++++++++++++++

error[E0425]: cannot find type `__jet_GameSound` in this scope
      --> /jet/build/core_game_headless.rs:143928:49
       |
143928 |     let mut __jet_v_6469935680769451661: Option<__jet_GameSound> = None;
       |                                                 ^^^^^^^^^^^^^^^ not found in this scope
       |
help: you might be missing a type parameter
       |
143894 | fn __jet__shome_snate_sProjects_sGithub_sjet_sexamples_sfeatures_sgame_c_ccore_ugame_uheadless_djet_c_crun<__jet_GameSound>() -> JetOutcome<(), JetErr> {
       |                                                                                                           +++++++++++++++++

error[E0425]: cannot find type `__jet_GameFrame` in this scope
      --> /jet/build/core_game_headless.rs:143931:75
       |
143931 |     let mut __jet_v_6976013545100505255: Option<Box<dyn JetHistoryFn1<'_, __jet_GameFrame, ()> + '_>> = None;
       |                                                                           ^^^^^^^^^^^^^^^ not found in this scope
       |
help: you might be missing a type parameter
       |
143894 | fn __jet__shome_snate_sProjects_sGithub_sjet_sexamples_sfeatures_sgame_c_ccore_ugame_uheadless_djet_c_crun<__jet_GameFrame>() -> JetOutcome<(), JetErr> {
       |                                                                                                           +++++++++++++++++

error[E0425]: cannot find type `__jet_GameImage` in this scope
      --> /jet/build/core_game_headless.rs:143932:49
       |
143932 |     let mut __jet_v_7215058125817301342: Option<__jet_GameImage> = None;
       |                                                 ^^^^^^^^^^^^^^^ not found in this scope
       |
help: you might be missing a type parameter
       |
143894 | fn __jet__shome_snate_sProjects_sGithub_sjet_sexamples_sfeatures_sgame_c_ccore_ugame_uheadless_djet_c_crun<__jet_GameImage>() -> JetOutcome<(), JetErr> {
       |                                                                                                           +++++++++++++++++

error[E0425]: cannot find type `__jet_GameScene` in this scope
      --> /jet/build/core_game_headless.rs:143934:49
       |
143934 |     let mut __jet_v_7994987659299923349: Option<__jet_GameScene> = None;
       |                                                 ^^^^^^^^^^^^^^^ not found in this scope
       |
help: you might be missing a type parameter
       |
143894 | fn __jet__shome_snate_sProjects_sGithub_sjet_sexamples_sfeatures_sgame_c_ccore_ugame_uheadless_djet_c_crun<__jet_GameScene>() -> JetOutcome<(), JetErr> {
       |                                                                                                           +++++++++++++++++

error[E0425]: cannot find type `__jet_GameImage` in this scope
      --> /jet/build/core_game_headless.rs:143935:49
       |
143935 |     let mut __jet_v_8707831860158930995: Option<__jet_GameImage> = None;
       |                                                 ^^^^^^^^^^^^^^^ not found in this scope
       |
help: you might be missing a type parameter
       |
143894 | fn __jet__shome_snate_sProjects_sGithub_sjet_sexamples_sfeatures_sgame_c_ccore_ugame_uheadless_djet_c_crun<__jet_GameImage>() -> JetOutcome<(), JetErr> {
       |                                                                                                           +++++++++++++++++

error[E0425]: cannot find type `__jet_GameScene` in this scope
      --> /jet/build/core_game_headless.rs:143938:50
       |
143938 |     let mut __jet_v_10106557685000191206: Option<__jet_GameScene> = None;
       |                                                  ^^^^^^^^^^^^^^^ not found in this scope
       |
help: you might be missing a type parameter
       |
143894 | fn __jet__shome_snate_sProjects_sGithub_sjet_sexamples_sfeatures_sgame_c_ccore_ugame_uheadless_djet_c_crun<__jet_GameScene>() -> JetOutcome<(), JetErr> {
       |                                                                                                           +++++++++++++++++

error[E0425]: cannot find type `__jet_GameScene` in this scope
      --> /jet/build/core_game_headless.rs:143940:50
       |
143940 |     let mut __jet_v_10250976211839834059: Option<__jet_GameScene> = None;
       |                                                  ^^^^^^^^^^^^^^^ not found in this scope
       |
help: you might be missing a type parameter
       |
143894 | fn __jet__shome_snate_sProjects_sGithub_sjet_sexamples_sfeatures_sgame_c_ccore_ugame_uheadless_djet_c_crun<__jet_GameScene>() -> JetOutcome<(), JetErr> {
       |                                                                                                           +++++++++++++++++

error[E0425]: cannot find type `__jet_GameScene` in this scope
      --> /jet/build/core_game_headless.rs:143943:50
       |
143943 |     let mut __jet_v_10541526753212461375: Option<__jet_GameScene> = None;
       |                                                  ^^^^^^^^^^^^^^^ not found in this scope
       |
help: you might be missing a type parameter
       |
143894 | fn __jet__shome_snate_sProjects_sGithub_sjet_sexamples_sfeatures_sgame_c_ccore_ugame_uheadless_djet_c_crun<__jet_GameScene>() -> JetOutcome<(), JetErr> {
       |                                                                                                           +++++++++++++++++

error[E0425]: cannot find type `__jet_GameInputMap` in this scope
      --> /jet/build/core_game_headless.rs:143946:50
       |
136584 | struct GameInputMap {
       | ------------------- similarly named struct `GameInputMap` defined here
...
143946 |     let mut __jet_v_11204769637797486236: Option<__jet_GameInputMap> = None;
       |                                                  ^^^^^^^^^^^^^^^^^^
       |
help: a struct with a similar name exists
       |
143946 -     let mut __jet_v_11204769637797486236: Option<__jet_GameInputMap> = None;
143946 +     let mut __jet_v_11204769637797486236: Option<GameInputMap> = None;
       |
help: you might be missing a type parameter
       |
143894 | fn __jet__shome_snate_sProjects_sGithub_sjet_sexamples_sfeatures_sgame_c_ccore_ugame_uheadless_djet_c_crun<__jet_GameInputMap>() -> JetOutcome<(), JetErr> {
       |                                                                                                           ++++++++++++++++++++

error[E0425]: cannot find type `__jet_GameScene` in this scope
      --> /jet/build/core_game_headless.rs:143947:50
       |
143947 |     let mut __jet_v_11257997525085446935: Option<__jet_GameScene> = None;
       |                                                  ^^^^^^^^^^^^^^^ not found in this scope
       |
help: you might be missing a type parameter
       |
143894 | fn __jet__shome_snate_sProjects_sGithub_sjet_sexamples_sfeatures_sgame_c_ccore_ugame_uheadless_djet_c_crun<__jet_GameScene>() -> JetOutcome<(), JetErr> {
       |                                                                                                           +++++++++++++++++

error[E0425]: cannot find type `__jet_GameAssets` in this scope
      --> /jet/build/core_game_headless.rs:143953:50
       |
143953 |     let mut __jet_v_13803468796692089125: Option<__jet_GameAssets> = None;
       |                                                  ^^^^^^^^^^^^^^^^ not found in this scope
       |
help: you might be missing a type parameter
       |
143894 | fn __jet__shome_snate_sProjects_sGithub_sjet_sexamples_sfeatures_sgame_c_ccore_ugame_uheadless_djet_c_crun<__jet_GameAssets>() -> JetOutcome<(), JetErr> {
       |                                                                                                           ++++++++++++++++++

error[E0425]: cannot find type `__jet_GameReplay` in this scope
      --> /jet/build/core_game_headless.rs:143954:50
       |
122503 | pub struct JetGameReplay {
       | ------------------------ similarly named struct `JetGameReplay` defined here
...
143954 |     let mut __jet_v_14332511717341425685: Option<__jet_GameReplay> = None;
       |                                                  ^^^^^^^^^^^^^^^^
       |
help: a struct with a similar name exists
       |
143954 -     let mut __jet_v_14332511717341425685: Option<__jet_GameReplay> = None;
143954 +     let mut __jet_v_14332511717341425685: Option<JetGameReplay> = None;
       |
help: you might be missing a type parameter
       |
143894 | fn __jet__shome_snate_sProjects_sGithub_sjet_sexamples_sfeatures_sgame_c_ccore_ugame_uheadless_djet_c_crun<__jet_GameReplay>() -> JetOutcome<(), JetErr> {
       |                                                                                                           ++++++++++++++++++

error[E0425]: cannot find type `__jet_GameReplay` in this scope
      --> /jet/build/core_game_headless.rs:143958:61
       |
122503 | pub struct JetGameReplay {
       | ------------------------ similarly named struct `JetGameReplay` defined here
...
143958 |     let mut __jet_v_15582466770803059907: Option<JetOutcome<__jet_GameReplay, JetAbsent>> = None;
       |                                                             ^^^^^^^^^^^^^^^^
       |
help: a struct with a similar name exists
       |
143958 -     let mut __jet_v_15582466770803059907: Option<JetOutcome<__jet_GameReplay, JetAbsent>> = None;
143958 +     let mut __jet_v_15582466770803059907: Option<JetOutcome<JetGameReplay, JetAbsent>> = None;
       |
help: you might be missing a type parameter
       |
143894 | fn __jet__shome_snate_sProjects_sGithub_sjet_sexamples_sfeatures_sgame_c_ccore_ugame_uheadless_djet_c_crun<__jet_GameReplay>() -> JetOutcome<(), JetErr> {
       |                                                                                                           ++++++++++++++++++

error[E0425]: cannot find type `__jet_GameBackend` in this scope
      --> /jet/build/core_game_headless.rs:143965:61
       |
143965 |     let mut __jet_v_17395361319606207703: Option<JetOutcome<__jet_GameBackend, JetAbsent>> = None;
       |                                                             ^^^^^^^^^^^^^^^^^ not found in this scope
       |
help: you might be missing a type parameter
       |
143894 | fn __jet__shome_snate_sProjects_sGithub_sjet_sexamples_sfeatures_sgame_c_ccore_ugame_uheadless_djet_c_crun<__jet_GameBackend>() -> JetOutcome<(), JetErr> {
       |                                                                                                           +++++++++++++++++++

error[E0425]: cannot find type `__jet_GameScene` in this scope
      --> /jet/build/core_game_headless.rs:143967:50
       |
143967 |     let mut __jet_v_17785544424646189652: Option<__jet_GameScene> = None;
       |                                                  ^^^^^^^^^^^^^^^ not found in this scope
       |
help: you might be missing a type parameter
       |
143894 | fn __jet__shome_snate_sProjects_sGithub_sjet_sexamples_sfeatures_sgame_c_ccore_ugame_uheadless_djet_c_crun<__jet_GameScene>() -> JetOutcome<(), JetErr> {
       |                                                                                                           +++++++++++++++++

error[E0425]: cannot find type `__jet_GameSound` in this scope
      --> /jet/build/core_game_headless.rs:143968:50
       |
143968 |     let mut __jet_v_18057931275778732624: Option<__jet_GameSound> = None;
       |                                                  ^^^^^^^^^^^^^^^ not found in this scope
       |
help: you might be missing a type parameter
       |
143894 | fn __jet__shome_snate_sProjects_sGithub_sjet_sexamples_sfeatures_sgame_c_ccore_ugame_uheadless_djet_c_crun<__jet_GameSound>() -> JetOutcome<(), JetErr> {
       |                                                                                                           +++++++++++++++++

error[E0425]: cannot find type `__jet_GameFrame` in this scope
      --> /jet/build/core_game_headless.rs:144018:1085
       |
144018 | ...callback = Box::new(move |mut __jet_frame: __jet_GameFrame| { let _ = (&__jet_history_keep, &__jet_history_ticket); let mut _...
       |                                               ^^^^^^^^^^^^^^^ not found in this scope

error[E0425]: cannot find type `__jet_GameFrame` in this scope
      --> /jet/build/core_game_headless.rs:144088:151
       |
144088 | ...c_clambda_x401213_d_d1304(mut __jet_frame: __jet_GameFrame) -> () {
       |                                               ^^^^^^^^^^^^^^^ not found in this scope

error[E0425]: cannot find type `__jet_GameFrame` in this scope
      --> /jet/build/core_game_headless.rs:144090:50
       |
144090 |     let mut __jet_l_14725080784777159277: Option<__jet_GameFrame> = None;
       |                                                  ^^^^^^^^^^^^^^^ not found in this scope
       |
help: you might be missing a type parameter
       |
144088 | fn __jet__shome_snate_sProjects_sGithub_sjet_sexamples_sfeatures_sgame_c_ccore_ugame_uheadless_djet_c_crun_c_clambda_x401213_d_d1304<__jet_GameFrame>(mut __jet_frame: __jet_GameFrame) -> () {
       |                                                                                                                                     +++++++++++++++++

error[E0425]: cannot find type `__jet_GameFrame` in this scope
      --> /jet/build/core_game_headless.rs:144092:49
       |
144092 |     let mut __jet_v_4111640413627761475: Option<__jet_GameFrame> = None;
       |                                                 ^^^^^^^^^^^^^^^ not found in this scope
       |
help: you might be missing a type parameter
       |
144088 | fn __jet__shome_snate_sProjects_sGithub_sjet_sexamples_sfeatures_sgame_c_ccore_ugame_uheadless_djet_c_crun_c_clambda_x401213_d_d1304<__jet_GameFrame>(mut __jet_frame: __jet_GameFrame) -> () {
       |                                                                                                                                     +++++++++++++++++

error[E0425]: cannot find type `__jet_GameFrame` in this scope
      --> /jet/build/core_game_headless.rs:144097:50
       |
144097 |     let mut __jet_v_10761621522887186147: Option<__jet_GameFrame> = None;
       |                                                  ^^^^^^^^^^^^^^^ not found in this scope
       |
help: you might be missing a type parameter
       |
144088 | fn __jet__shome_snate_sProjects_sGithub_sjet_sexamples_sfeatures_sgame_c_ccore_ugame_uheadless_djet_c_crun_c_clambda_x401213_d_d1304<__jet_GameFrame>(mut __jet_frame: __jet_GameFrame) -> () {
       |                                                                                                                                     +++++++++++++++++

error[E0425]: cannot find type `__jet_GameInputSnapshot` in this scope
      --> /jet/build/core_game_headless.rs:144098:50
       |
136675 | struct GameInputSnapshot {
       | ------------------------ similarly named struct `GameInputSnapshot` defined here
...
144098 |     let mut __jet_v_13869857328479215324: Option<__jet_GameInputSnapshot> = None;
       |                                                  ^^^^^^^^^^^^^^^^^^^^^^^
       |
help: a struct with a similar name exists
       |
144098 -     let mut __jet_v_13869857328479215324: Option<__jet_GameInputSnapshot> = None;
144098 +     let mut __jet_v_13869857328479215324: Option<GameInputSnapshot> = None;
       |
help: you might be missing a type parameter
       |
144088 | fn __jet__shome_snate_sProjects_sGithub_sjet_sexamples_sfeatures_sgame_c_ccore_ugame_uheadless_djet_c_crun_c_clambda_x401213_d_d1304<__jet_GameInputSnapshot>(mut __jet_frame: __jet_GameFrame) -> () {
       |                                                                                                                                     +++++++++++++++++++++++++

warning: trait `__jet_Display` should have an upper camel case name
 --> /jet/build/core_game_headless.rs:4:11
  |
4 | pub trait __jet_Display {
  |           ^^^^^^^^^^^^^ help: convert the identifier to upper camel case: `JetDisplay`
  |
  = note: `#[warn(non_camel_case_types)]` (part of `#[warn(nonstandard_style)]`) on by default

warning: trait `__jet_Equatable` should have an upper camel case name
 --> /jet/build/core_game_headless.rs:8:11
  |
8 | pub trait __jet_Equatable: Sized { fn equal(&self, rhs: &Self) -> bool; }
  |           ^^^^^^^^^^^^^^^ help: convert the identifier to upper camel case: `JetEquatable`

warning: type `__jet_Ordering` should have an upper camel case name
  --> /jet/build/core_game_headless.rs:24:10
   |
24 | pub enum __jet_Ordering { __jet_Less, __jet_Equal, __jet_Greater }
   |          ^^^^^^^^^^^^^^ help: convert the identifier to upper camel case: `JetOrdering`

warning: variant `__jet_Less` should have an upper camel case name
  --> /jet/build/core_game_headless.rs:24:27
   |
24 | pub enum __jet_Ordering { __jet_Less, __jet_Equal, __jet_Greater }
   |                           ^^^^^^^^^^ help: convert the identifier to upper camel case: `JetLess`

warning: variant `__jet_Equal` should have an upper camel case name
  --> /jet/build/core_game_headless.rs:24:39
   |
24 | pub enum __jet_Ordering { __jet_Less, __jet_Equal, __jet_Greater }
   |                                       ^^^^^^^^^^^ help: convert the identifier to upper camel case: `JetEqual`

warning: variant `__jet_Greater` should have an upper camel case name
  --> /jet/build/core_game_headless.rs:24:52
   |
24 | pub enum __jet_Ordering { __jet_Less, __jet_Equal, __jet_Greater }
   |                                                    ^^^^^^^^^^^^^ help: convert the identifier to upper camel case: `JetGreater`

warning: trait `__jet_Comparable` should have an upper camel case name
  --> /jet/build/core_game_headless.rs:26:11
   |
26 | pub trait __jet_Comparable: Sized { fn compare(&self, rhs: &Self) -> __jet_Ordering; }
   |           ^^^^^^^^^^^^^^^^ help: convert the identifier to upper camel case: `JetComparable`

warning: trait `__jet_Add` should have an upper camel case name
  --> /jet/build/core_game_headless.rs:38:11
   |
38 | pub trait __jet_Add<Rhs = Self>: Sized { type Output; fn add(&self, rhs: &Rhs) -> Self::Output; }
   |           ^^^^^^^^^ help: convert the identifier to upper camel case: `JetAdd`

warning: trait `__jet_Sub` should have an upper camel case name
  --> /jet/build/core_game_headless.rs:39:11
   |
39 | pub trait __jet_Sub<Rhs = Self>: Sized { type Output; fn sub(&self, rhs: &Rhs) -> Self::Output; }
   |           ^^^^^^^^^ help: convert the identifier to upper camel case: `JetSub`

warning: trait `__jet_Mul` should have an upper camel case name
  --> /jet/build/core_game_headless.rs:40:11
   |
40 | pub trait __jet_Mul<Rhs = Self>: Sized { type Output; fn mul(&self, rhs: &Rhs) -> Self::Output; }
   |           ^^^^^^^^^ help: convert the identifier to upper camel case: `JetMul`

warning: trait `__jet_Div` should have an upper camel case name
  --> /jet/build/core_game_headless.rs:41:11
   |
41 | pub trait __jet_Div<Rhs = Self>: Sized { type Output; fn div(&self, rhs: &Rhs) -> Self::Output; }
   |           ^^^^^^^^^ help: convert the identifier to upper camel case: `JetDiv`

warning: trait `__jet_Index` should have an upper camel case name
  --> /jet/build/core_game_headless.rs:42:11
   |
42 | pub trait __jet_Index {
   |           ^^^^^^^^^^^ help: convert the identifier to upper camel case: `JetIndex`

warning: associated type `__jet_Key` should have an upper camel case name
  --> /jet/build/core_game_headless.rs:43:10
   |
43 |     type __jet_Key;
   |          ^^^^^^^^^ help: convert the identifier to upper camel case: `JetKey`

warning: associated type `__jet_Value` should have an upper camel case name
  --> /jet/build/core_game_headless.rs:44:10
   |
44 |     type __jet_Value;
   |          ^^^^^^^^^^^ help: convert the identifier to upper camel case: `JetValue`

warning: trait `__jet_IndexMut` should have an upper camel case name
  --> /jet/build/core_game_headless.rs:47:11
   |
47 | pub trait __jet_IndexMut: __jet_Index {
   |           ^^^^^^^^^^^^^^ help: convert the identifier to upper camel case: `JetIndexMut`

warning: trait `__jet_Serialize` should have an upper camel case name
     --> /jet/build/core_game_headless.rs:41750:7
      |
41750 | trait __jet_Serialize {
      |       ^^^^^^^^^^^^^^^ help: convert the identifier to upper camel case: `JetSerialize`

warning: unused import: `Cell`
     --> /jet/build/core_game_headless.rs:46275:21
      |
46275 |     use std::cell::{Cell, RefCell};
      |                     ^^^^
      |
      = note: `#[warn(unused_imports)]` (part of `#[warn(unused)]`) on by default

warning: unused import: `JetUninit`
     --> /jet/build/core_game_headless.rs:46279:43
      |
46279 |     pub use super::jet_uninit_semantics::{JetUninit, JetUninitFixed};
      |                                           ^^^^^^^^^

warning: unused imports: `JetSentryFrame`, `JetSentryGuard`, `jet_sentry_current_frame`, `jet_sentry_fenced_scope`, `jet_sentry_frame`, `jet_sentry_policy_scope`, `jet_sentry_reset`, `jet_sentry_scope`, and `jet_sentry_set_hardened`
     --> /jet/build/core_game_headless.rs:46292:35
      |
46292 |         jet_memory_ledger_record, jet_sentry_current_frame, jet_sentry_fenced_scope,
      |                                   ^^^^^^^^^^^^^^^^^^^^^^^^  ^^^^^^^^^^^^^^^^^^^^^^^
46293 |         jet_sentry_frame, jet_sentry_policy_scope, jet_sentry_reset, jet_sentry_scope,
      |         ^^^^^^^^^^^^^^^^  ^^^^^^^^^^^^^^^^^^^^^^^  ^^^^^^^^^^^^^^^^  ^^^^^^^^^^^^^^^^
46294 |         jet_sentry_set_hardened, JetSentryFrame, JetSentryGuard, MemoryLedgerWitness,
      |         ^^^^^^^^^^^^^^^^^^^^^^^  ^^^^^^^^^^^^^^  ^^^^^^^^^^^^^^

warning: unnecessary parentheses around block return value
     --> /jet/build/core_game_headless.rs:70356:13
      |
70356 |             (((exponent as u64 + 1023) << 52) | (top & ((1u64 << 52) - 1)))
      |             ^                                                             ^
      |
      = note: `#[warn(unused_parens)]` (part of `#[warn(unused)]`) on by default
help: remove these parentheses
      |
70356 -             (((exponent as u64 + 1023) << 52) | (top & ((1u64 << 52) - 1)))
70356 +             ((exponent as u64 + 1023) << 52) | (top & ((1u64 << 52) - 1))
      |

warning: unused import: `crate::jet_int_compare_hot`
     --> /jet/build/core_game_headless.rs:70707:9
      |
70707 | pub use crate::jet_int_compare_hot;
      |         ^^^^^^^^^^^^^^^^^^^^^^^^^^

warning: unused import: `crate::jet_int_add_hot`
     --> /jet/build/core_game_headless.rs:70731:9
      |
70731 | pub use crate::jet_int_add_hot;
      |         ^^^^^^^^^^^^^^^^^^^^^^

warning: unused import: `crate::jet_int_sub_hot`
     --> /jet/build/core_game_headless.rs:70755:9
      |
70755 | pub use crate::jet_int_sub_hot;
      |         ^^^^^^^^^^^^^^^^^^^^^^

warning: unused import: `crate::jet_int_mul_hot`
     --> /jet/build/core_game_headless.rs:70779:9
      |
70779 | pub use crate::jet_int_mul_hot;
      |         ^^^^^^^^^^^^^^^^^^^^^^

warning: unused import: `crate::jet_int_add_inline`
     --> /jet/build/core_game_headless.rs:70793:9
      |
70793 | pub use crate::jet_int_add_inline;
      |         ^^^^^^^^^^^^^^^^^^^^^^^^^

warning: unused import: `crate::jet_int_sub_inline`
     --> /jet/build/core_game_headless.rs:70803:9
      |
70803 | pub use crate::jet_int_sub_inline;
      |         ^^^^^^^^^^^^^^^^^^^^^^^^^

warning: unused import: `crate::jet_int_mul_inline`
     --> /jet/build/core_game_headless.rs:70813:9
      |
70813 | pub use crate::jet_int_mul_inline;
      |         ^^^^^^^^^^^^^^^^^^^^^^^^^

warning: unused import: `crate::jet_int_compare_inline`
     --> /jet/build/core_game_headless.rs:70827:9
      |
70827 | pub use crate::jet_int_compare_inline;
      |         ^^^^^^^^^^^^^^^^^^^^^^^^^^^^^

warning: unused import: `crate::jet_int_neg_inline`
     --> /jet/build/core_game_headless.rs:70836:9
      |
70836 | pub use crate::jet_int_neg_inline;
      |         ^^^^^^^^^^^^^^^^^^^^^^^^^

warning: unused import: `crate::jet_int_bit_and_hot`
     --> /jet/build/core_game_headless.rs:70855:9
      |
70855 | pub use crate::jet_int_bit_and_hot;
      |         ^^^^^^^^^^^^^^^^^^^^^^^^^^

warning: unused import: `crate::jet_int_bit_or_hot`
     --> /jet/build/core_game_headless.rs:70871:9
      |
70871 | pub use crate::jet_int_bit_or_hot;
      |         ^^^^^^^^^^^^^^^^^^^^^^^^^

warning: unused import: `crate::jet_int_bit_xor_hot`
     --> /jet/build/core_game_headless.rs:70887:9
      |
70887 | pub use crate::jet_int_bit_xor_hot;
      |         ^^^^^^^^^^^^^^^^^^^^^^^^^^

warning: unused imports: `JetCellEditGuard` and `JetCellReadGuard`
     --> /jet/build/core_game_headless.rs:76719:35
      |
76719 | pub use self::jet_cell::{JetCell, JetCellEditGuard, JetCellReadGuard};
      |                                   ^^^^^^^^^^^^^^^^  ^^^^^^^^^^^^^^^^

warning: unused imports: `JetStreamSender` and `jet_stream_task`
     --> /jet/build/core_game_headless.rs:77660:21
      |
77660 |     pub use super::{jet_stream_task, JetStream, JetStreamSender};
      |                     ^^^^^^^^^^^^^^^             ^^^^^^^^^^^^^^^

warning: unused macro definition: `jet_plugin_bridge`
     --> /jet/build/core_game_headless.rs:87934:14
      |
87934 | macro_rules! jet_plugin_bridge {
      |              ^^^^^^^^^^^^^^^^^
      |
      = note: `#[warn(unused_macros)]` (part of `#[warn(unused)]`) on by default

warning: unused import: `std::io::Write`
     --> /jet/build/core_game_headless.rs:93892:13
      |
93892 |         use std::io::Write;
      |             ^^^^^^^^^^^^^^

warning: unused import: `core::cell::Cell`
      --> /jet/build/core_game_headless.rs:114752:5
       |
114752 | use core::cell::Cell;
       |     ^^^^^^^^^^^^^^^^

warning: unused import: `jet_foundation::Devtools::JetDevtoolsEvent as JetWebStoreDevtoolsEvent`
      --> /jet/build/core_game_headless.rs:114755:5
       |
114755 | use jet_foundation::Devtools::JetDevtoolsEvent as JetWebStoreDevtoolsEvent;
       |     ^^^^^^^^^^^^^^^^^^^^^^^^^^^^^^^^^^^^^^^^^^^^^^^^^^^^^^^^^^^^^^^^^^^^^^

warning: unused import: `TypeId as JetWebStoreTypeId`
      --> /jet/build/core_game_headless.rs:114757:39
       |
114757 | use std::any::{Any as JetWebStoreAny, TypeId as JetWebStoreTypeId};
       |                                       ^^^^^^^^^^^^^^^^^^^^^^^^^^^

warning: unused imports: `BTreeMap as JetWebFormMap`, `BTreeMap as JetWebTablePages`, `BTreeSet as JetWebTableSet`, `HashMap as JetWebStoreMap`, and `VecDeque as JetWebStoreDeque`
      --> /jet/build/core_game_headless.rs:114758:62
       |
114758 | ...t, BTreeMap as JetWebFormMap, VecDeque as JetWebStoreDeque, HashMap as JetWebStoreMap, BTreeMap as JetWebTablePages, BTreeSet as JetWebTableSet, V...
       |       ^^^^^^^^^^^^^^^^^^^^^^^^^  ^^^^^^^^^^^^^^^^^^^^^^^^^^^^  ^^^^^^^^^^^^^^^^^^^^^^^^^  ^^^^^^^^^^^^^^^^^^^^^^^^^^^^  ^^^^^^^^^^^^^^^^^^^^^^^^^^

warning: unused import: `std::fs::OpenOptions`
      --> /jet/build/core_game_headless.rs:114759:5
       |
114759 | use std::fs::OpenOptions;
       |     ^^^^^^^^^^^^^^^^^^^^

warning: unused imports: `SeekFrom` and `Seek`
      --> /jet/build/core_game_headless.rs:114760:21
       |
114760 | use std::io::{Read, Seek, SeekFrom, Write};
       |                     ^^^^  ^^^^^^^^

warning: unused imports: `Component`, `PathBuf`, and `Path`
      --> /jet/build/core_game_headless.rs:114763:17
       |
114763 | use std::path::{Component, Path, PathBuf};
       |                 ^^^^^^^^^  ^^^^  ^^^^^^^

warning: unused imports: `Arc as JetDataPlotArc`, `Arc as JetWebFormArc`, `Arc as JetWebQueryArc`, `Arc as JetWebStoreArc`, `Arc as JetWebTableArc`, `Condvar as JetWebStoreCondvar`, `LazyLock as JetWebStoreLazyLock`, `LazyLock`, `Mutex as JetWebFormMutex`, `Mutex as JetWebQueryMutex`, `Mutex as JetWebStoreMutex`, and `Mutex as JetWebTableMutex`
      --> /jet/build/core_game_headless.rs:114764:31
       |
114764 | ...r, Arc as JetDataPlotArc, Arc as JetWebFormArc, Mutex as JetWebFormMutex, Arc as JetWebQueryArc, Mutex as JetWebQueryMutex, Arc as JetWebStoreArc, Condvar as JetWebStoreCondvar, LazyLock as JetWebStoreLazyLock, Mutex as JetWebStoreMutex, Arc as JetWebTableArc, Mutex as JetWebTableMutex, LazyLock, M...
       |       ^^^^^^^^^^^^^^^^^^^^^  ^^^^^^^^^^^^^^^^^^^^  ^^^^^^^^^^^^^^^^^^^^^^^^  ^^^^^^^^^^^^^^^^^^^^^  ^^^^^^^^^^^^^^^^^^^^^^^^^  ^^^^^^^^^^^^^^^^^^^^^  ^^^^^^^^^^^^^^^^^^^^^^^^^^^^^  ^^^^^^^^^^^^^^^^^^^^^^^^^^^^^^^  ^^^^^^^^^^^^^^^^^^^^^^^^^  ^^^^^^^^^^^^^^^^^^^^^  ^^^^^^^^^^^^^^^^^^^^^^^^^  ^^^^^^^^

warning: unused import: `Ordering as JetWebFormOrdering`
      --> /jet/build/core_game_headless.rs:114765:60
       |
114765 | use std::sync::atomic::{AtomicBool, AtomicU8, AtomicUsize, Ordering as JetWebFormOrdering};
       |                                                            ^^^^^^^^^^^^^^^^^^^^^^^^^^^^^^

warning: unused imports: `SystemTime as JetWebStoreSystemTime`, `SystemTime`, `UNIX_EPOCH as JetWebStoreUnixEpoch`, and `UNIX_EPOCH`
      --> /jet/build/core_game_headless.rs:114766:36
       |
114766 | ...tion, Instant, SystemTime as JetWebStoreSystemTime, UNIX_EPOCH as JetWebStoreUnixEpoch, SystemTime, UNIX_EPOCH};
       |                   ^^^^^^^^^^^^^^^^^^^^^^^^^^^^^^^^^^^  ^^^^^^^^^^^^^^^^^^^^^^^^^^^^^^^^^^  ^^^^^^^^^^  ^^^^^^^^^^

warning: type `__jet__shome_snate_sProjects_sGithub_sjet_sexamples_sfeatures_sgame_c_ccore_ugame_uheadless_djet_c_cTime` should have an upper camel case name
      --> /jet/build/core_game_headless.rs:142166:10
       |
142166 | pub enum __jet__shome_snate_sProjects_sGithub_sjet_sexamples_sfeatures_sgame_c_ccore_ugame_uheadless_djet_c_cTime {
       |          ^^^^^^^^^^^^^^^^^^^^^^^^^^^^^^^^^^^^^^^^^^^^^^^^^^^^^^^^^^^^^^^^^^^^^^^^^^^^^^^^^^^^^^^^^^^^^^^^^^^^^^^^ help: convert the identifier to upper camel case: `JetShomeSnateSProjectsSGithubSjetSexamplesSfeaturesSgameCCcoreUgameUheadlessDjetCCTime`

warning: type `__jet__shome_snate_sProjects_sGithub_sjet_sexamples_sfeatures_sgame_c_ccore_ugame_uheadless_djet_c_cVelocity` should have an upper camel case name
      --> /jet/build/core_game_headless.rs:142170:8
       |
142170 | struct __jet__shome_snate_sProjects_sGithub_sjet_sexamples_sfeatures_sgame_c_ccore_ugame_uheadless_djet_c_cVelocity {
       |        ^^^^^^^^^^^^^^^^^^^^^^^^^^^^^^^^^^^^^^^^^^^^^^^^^^^^^^^^^^^^^^^^^^^^^^^^^^^^^^^^^^^^^^^^^^^^^^^^^^^^^^^^^^^^ help: convert the identifier to upper camel case: `JetShomeSnateSProjectsSGithubSjetSexamplesSfeaturesSgameCCcoreUgameUheadlessDjetCCVelocity`

warning: type `__jet_ParseError` should have an upper camel case name
      --> /jet/build/core_game_headless.rs:142190:10
       |
142190 | pub type __jet_ParseError = String;
       |          ^^^^^^^^^^^^^^^^ help: convert the identifier to upper camel case: `JetParseError`

warning: type `__jet__shome_snate_sProjects_sGithub_sjet_sexamples_sfeatures_sgame_c_ccore_ugame_uheadless_djet_c_cPosition` should have an upper camel case name
      --> /jet/build/core_game_headless.rs:142193:8
       |
142193 | struct __jet__shome_snate_sProjects_sGithub_sjet_sexamples_sfeatures_sgame_c_ccore_ugame_uheadless_djet_c_cPosition {
       |        ^^^^^^^^^^^^^^^^^^^^^^^^^^^^^^^^^^^^^^^^^^^^^^^^^^^^^^^^^^^^^^^^^^^^^^^^^^^^^^^^^^^^^^^^^^^^^^^^^^^^^^^^^^^^ help: convert the identifier to upper camel case: `JetShomeSnateSProjectsSGithubSjetSexamplesSfeaturesSgameCCcoreUgameUheadlessDjetCCPosition`

warning: unnecessary parentheses around function argument
      --> /jet/build/core_game_headless.rs:142467:52
       |
142467 |                 __jet_v_5335563723152730751 = Some((!(*(__jet_v_3893414562564469171.as_ref().expect("MIR value")))));
       |                                                    ^                                                              ^
       |
help: remove these parentheses
       |
142467 -                 __jet_v_5335563723152730751 = Some((!(*(__jet_v_3893414562564469171.as_ref().expect("MIR value")))));
142467 +                 __jet_v_5335563723152730751 = Some(!(*(__jet_v_3893414562564469171.as_ref().expect("MIR value"))));
       |

warning: unnecessary parentheses around function argument
      --> /jet/build/core_game_headless.rs:142609:52
       |
142609 |                 __jet_v_3373870213215720347 = Some((!(*(__jet_v_8586437265273844351.as_ref().expect("MIR value")))));
       |                                                    ^                                                              ^
       |
help: remove these parentheses
       |
142609 -                 __jet_v_3373870213215720347 = Some((!(*(__jet_v_8586437265273844351.as_ref().expect("MIR value")))));
142609 +                 __jet_v_3373870213215720347 = Some(!(*(__jet_v_8586437265273844351.as_ref().expect("MIR value"))));
       |

warning: unnecessary parentheses around function argument
      --> /jet/build/core_game_headless.rs:142704:53
       |
142704 |                 __jet_v_13517456373294312733 = Some((!(*(__jet_v_70309187520100523.as_ref().expect("MIR value")))));
       |                                                     ^                                                            ^
       |
help: remove these parentheses
       |
142704 -                 __jet_v_13517456373294312733 = Some((!(*(__jet_v_70309187520100523.as_ref().expect("MIR value")))));
142704 +                 __jet_v_13517456373294312733 = Some(!(*(__jet_v_70309187520100523.as_ref().expect("MIR value"))));
       |

warning: unnecessary parentheses around function argument
      --> /jet/build/core_game_headless.rs:142784:52
       |
142784 | ...me((((__jet_v_11450709932088976149.as_ref().expect("MIR value")).clone()) == ((__jet_v_12569993235949465192.as_ref().expect("MIR value")).clone())));
       |       ^                                                                                                                                              ^
       |
help: remove these parentheses
       |
142784 -                 __jet_v_9652802138550664683 = Some((((__jet_v_11450709932088976149.as_ref().expect("MIR value")).clone()) == ((__jet_v_12569993235949465192.as_ref().expect("MIR value")).clone())));
142784 +                 __jet_v_9652802138550664683 = Some(((__jet_v_11450709932088976149.as_ref().expect("MIR value")).clone()) == ((__jet_v_12569993235949465192.as_ref().expect("MIR value")).clone()));
       |

warning: unnecessary parentheses around function argument
      --> /jet/build/core_game_headless.rs:142839:53
       |
142839 | ...me((((__jet_v_5178108248426506888.as_ref().expect("MIR value")).clone()) != ((__jet_v_7644192832706773075.as_ref().expect("MIR value")).clone())));
       |       ^                                                                                                                                            ^
       |
help: remove these parentheses
       |
142839 -                 __jet_v_16230995605641873258 = Some((((__jet_v_5178108248426506888.as_ref().expect("MIR value")).clone()) != ((__jet_v_7644192832706773075.as_ref().expect("MIR value")).clone())));
142839 +                 __jet_v_16230995605641873258 = Some(((__jet_v_5178108248426506888.as_ref().expect("MIR value")).clone()) != ((__jet_v_7644192832706773075.as_ref().expect("MIR value")).clone()));
       |

warning: unnecessary parentheses around function argument
      --> /jet/build/core_game_headless.rs:142900:53
       |
142900 | ...me((((__jet_v_6020671844758231325.as_ref().expect("MIR value")).clone()) != ((__jet_v_2396150601301659513.as_ref().expect("MIR value")).clone())));
       |       ^                                                                                                                                            ^
       |
help: remove these parentheses
       |
142900 -                 __jet_v_11048221524610312471 = Some((((__jet_v_6020671844758231325.as_ref().expect("MIR value")).clone()) != ((__jet_v_2396150601301659513.as_ref().expect("MIR value")).clone())));
142900 +                 __jet_v_11048221524610312471 = Some(((__jet_v_6020671844758231325.as_ref().expect("MIR value")).clone()) != ((__jet_v_2396150601301659513.as_ref().expect("MIR value")).clone()));
       |

warning: unnecessary parentheses around function argument
      --> /jet/build/core_game_headless.rs:142964:52
       |
142964 | ...me((((__jet_v_17675975147637817963.as_ref().expect("MIR value")).clone()) > ((__jet_v_7873758367409039773.as_ref().expect("MIR value")).clone())));
       |       ^                                                                                                                                            ^
       |
help: remove these parentheses
       |
142964 -                 __jet_v_1821290102506254458 = Some((((__jet_v_17675975147637817963.as_ref().expect("MIR value")).clone()) > ((__jet_v_7873758367409039773.as_ref().expect("MIR value")).clone())));
142964 +                 __jet_v_1821290102506254458 = Some(((__jet_v_17675975147637817963.as_ref().expect("MIR value")).clone()) > ((__jet_v_7873758367409039773.as_ref().expect("MIR value")).clone()));
       |

warning: unnecessary parentheses around function argument
      --> /jet/build/core_game_headless.rs:143002:52
       |
143002 | ...me((((__jet_v_8290299634623409380.as_ref().expect("MIR value")).clone()) < ((__jet_v_405364651664074878.as_ref().expect("MIR value")).clone())));
       |       ^                                                                                                                                          ^
       |
help: remove these parentheses
       |
143002 -                 __jet_v_1724296376282031062 = Some((((__jet_v_8290299634623409380.as_ref().expect("MIR value")).clone()) < ((__jet_v_405364651664074878.as_ref().expect("MIR value")).clone())));
143002 +                 __jet_v_1724296376282031062 = Some(((__jet_v_8290299634623409380.as_ref().expect("MIR value")).clone()) < ((__jet_v_405364651664074878.as_ref().expect("MIR value")).clone()));
       |

warning: unnecessary parentheses around function argument
      --> /jet/build/core_game_headless.rs:143065:52
       |
143065 | ...me((((__jet_v_15522189520007432182.as_ref().expect("MIR value")).clone()) > ((__jet_v_16653197094266900893.as_ref().expect("MIR value")).clone())));
       |       ^                                                                                                                                             ^
       |
help: remove these parentheses
       |
143065 -                 __jet_v_9299261225847142609 = Some((((__jet_v_15522189520007432182.as_ref().expect("MIR value")).clone()) > ((__jet_v_16653197094266900893.as_ref().expect("MIR value")).clone())));
143065 +                 __jet_v_9299261225847142609 = Some(((__jet_v_15522189520007432182.as_ref().expect("MIR value")).clone()) > ((__jet_v_16653197094266900893.as_ref().expect("MIR value")).clone()));
       |

warning: unnecessary parentheses around function argument
      --> /jet/build/core_game_headless.rs:143081:53
       |
143081 | ...me((((__jet_v_10089792682095107036.as_ref().expect("MIR value")).clone()) < ((__jet_v_8075137137032675209.as_ref().expect("MIR value")).clone())));
       |       ^                                                                                                                                            ^
       |
help: remove these parentheses
       |
143081 -                 __jet_v_12560511859521597782 = Some((((__jet_v_10089792682095107036.as_ref().expect("MIR value")).clone()) < ((__jet_v_8075137137032675209.as_ref().expect("MIR value")).clone())));
143081 +                 __jet_v_12560511859521597782 = Some(((__jet_v_10089792682095107036.as_ref().expect("MIR value")).clone()) < ((__jet_v_8075137137032675209.as_ref().expect("MIR value")).clone()));
       |

warning: unnecessary parentheses around function argument
      --> /jet/build/core_game_headless.rs:143525:52
       |
143525 |                 __jet_v_2399167304161108286 = Some((!(*(__jet_v_2302351626107568896.as_ref().expect("MIR value")))));
       |                                                    ^                                                              ^
       |
help: remove these parentheses
       |
143525 -                 __jet_v_2399167304161108286 = Some((!(*(__jet_v_2302351626107568896.as_ref().expect("MIR value")))));
143525 +                 __jet_v_2399167304161108286 = Some(!(*(__jet_v_2302351626107568896.as_ref().expect("MIR value"))));
       |

warning: unnecessary parentheses around function argument
      --> /jet/build/core_game_headless.rs:143588:51
       |
143588 |                 __jet_v_760111381071194260 = Some((!(*(__jet_v_12950097033044549821.as_ref().expect("MIR value")))));
       |                                                   ^                                                               ^
       |
help: remove these parentheses
       |
143588 -                 __jet_v_760111381071194260 = Some((!(*(__jet_v_12950097033044549821.as_ref().expect("MIR value")))));
143588 +                 __jet_v_760111381071194260 = Some(!(*(__jet_v_12950097033044549821.as_ref().expect("MIR value"))));
       |

warning: unnecessary parentheses around function argument
      --> /jet/build/core_game_headless.rs:143774:53
       |
143774 | ...me((((__jet_v_5957428399473650325.as_ref().expect("MIR value")).clone()) == ((__jet_v_17697460498578764798.as_ref().expect("MIR value")).clone())));
       |       ^                                                                                                                                             ^
       |
help: remove these parentheses
       |
143774 -                 __jet_v_13373667807047515421 = Some((((__jet_v_5957428399473650325.as_ref().expect("MIR value")).clone()) == ((__jet_v_17697460498578764798.as_ref().expect("MIR value")).clone())));
143774 +                 __jet_v_13373667807047515421 = Some(((__jet_v_5957428399473650325.as_ref().expect("MIR value")).clone()) == ((__jet_v_17697460498578764798.as_ref().expect("MIR value")).clone()));
       |

warning: unnecessary parentheses around function argument
      --> /jet/build/core_game_headless.rs:143787:53
       |
143787 |                 __jet_v_14424262179718861727 = Some((!(*(__jet_v_16665835101695306898.as_ref().expect("MIR value")))));
       |                                                     ^                                                               ^
       |
help: remove these parentheses
       |
143787 -                 __jet_v_14424262179718861727 = Some((!(*(__jet_v_16665835101695306898.as_ref().expect("MIR value")))));
143787 +                 __jet_v_14424262179718861727 = Some(!(*(__jet_v_16665835101695306898.as_ref().expect("MIR value"))));
       |

warning: unreachable call
      --> /jet/build/core_game_headless.rs:143986:47
       |
143986 | ... = Some(jet_panic_rich("core_game_headless.jet", 17...) { String::new() } else { String::new() }));
       |       ^^^^ -------------------------------------------...------------------------------------------- any code following this expression is unreachable
       |       |
       |       unreachable call
       |
       = note: `#[warn(unreachable_code)]` (part of `#[warn(unused)]`) on by default

error[E0308]: mismatched types
      --> /jet/build/core_game_headless.rs:144027:241
       |
144027 | ...me(jet_game_run(__jet_l_842483486419876259.as_ref().expect("MIR local"), __jet_v_15582466770803059907.as_ref().expect("MIR value"), __jet_v_17395361319606207703.as_ref().expect("MIR value"), __jet_v_10129085772833096695.as_ref().expect("MIR value")));
       |       ------------ arguments to this function are incorrect                                                                                                                                       ^^^^^^^^^^^^^^^^^^^^^^^^^^^^^^^^^^^^^^^^^^^^^^^^^^^^^^^^^ expected `Option<&i64>`, found `&Result<JetInt, JetAbsent>`
       |
       = note:   expected enum `Option<&i64>`
               found reference `&Result<jet_foundation_numeric::JetInt, JetAbsent>`
note: function defined here
      --> /jet/build/core_game_headless.rs:137032:4
       |
137032 | fn jet_game_run(
       |    ^^^^^^^^^^^^
...
137036 |     frames: Option<&i64>,
       |     --------------------

warning: unreachable call
      --> /jet/build/core_game_headless.rs:144043:47
       |
144043 | ... = Some(jet_panic_rich("core_game_headless.jet", 18...) { String::new() } else { String::new() }));
       |       ^^^^ -------------------------------------------...------------------------------------------- any code following this expression is unreachable
       |       |
       |       unreachable call

warning: unused import: `Write`
      --> /jet/build/core_game_headless.rs:114760:37
       |
114760 | use std::io::{Read, Seek, SeekFrom, Write};
       |                                     ^^^^^

warning: unused import: `Any`
      --> /jet/build/core_game_headless.rs:114757:16
       |
114757 | use std::any::{Any as JetWebStoreAny, TypeId as JetWebStoreTypeId};
       |                ^^^

warning: value assigned to `cursor` is never read
      --> /jet/build/core_game_headless.rs:121874:17
       |
121874 |                 cursor += 2;
       |                 ^^^^^^^^^^^ this value is reassigned later and never used
...
121877 |                 cursor += 1;
       |                 ----------- `cursor` is overwritten here before the previous value is read
       |
       = note: `#[warn(unused_assignments)]` (part of `#[warn(unused)]`) on by default

warning: value assigned to `cursor` is never read
      --> /jet/build/core_game_headless.rs:121877:17
       |
121877 |                 cursor += 1;
       |                 ^^^^^^^^^^^
       |
       = help: maybe it is overwritten before being read?

warning: variable does not need to be mutable
      --> /jet/build/core_game_headless.rs:137146:9
       |
137146 |     let mut frame_idx: i64 = 0;
       |         ----^^^^^^^^^
       |         |
       |         help: remove this `mut`
       |
       = note: `#[warn(unused_mut)]` (part of `#[warn(unused)]`) on by default

warning: unused variable: `index`
      --> /jet/build/core_game_headless.rs:137149:20
       |
137149 |     while let Some(index) = frame_plan.next_frame() {
       |                    ^^^^^ help: if this is intentional, prefix it with an underscore: `_index`
       |
       = note: `#[warn(unused_variables)]` (part of `#[warn(unused)]`) on by default

error: aborting due to 39 previous errors; 72 warnings emitted

Some errors have detailed explanations: E0308, E0425, E0432.
For more information about an error, try `rustc --explain E0308`.
