error[E0422]: cannot find struct, variant or union type `__jet_DataColumn` in this scope
      --> /jet/build/data_schema.rs:150818:57
       |
150818 | ...   __jet_v_5637703496420577986 = Some(vec![__jet_DataColumn { __jet_id: "column-ed14b1fd5790663e".to_string(), __jet_name: "t...
       |                                               ^^^^^^^^^^^^^^^^ not found in this scope

error[E0422]: cannot find struct, variant or union type `__jet_DataColumn` in this scope
      --> /jet/build/data_schema.rs:150818:221
       |
150818 | ...ng".to_string(), __jet_nullable: false }, __jet_DataColumn { __jet_id: "column-52b8ce3bb4ec8b96".to_string(), __jet_name: "mi...
       |                                              ^^^^^^^^^^^^^^^^ not found in this scope

warning: trait `__jet_Display` should have an upper camel case name
 --> /jet/build/data_schema.rs:4:11
  |
4 | pub trait __jet_Display {
  |           ^^^^^^^^^^^^^ help: convert the identifier to upper camel case: `JetDisplay`
  |
  = note: `#[warn(non_camel_case_types)]` (part of `#[warn(nonstandard_style)]`) on by default

warning: trait `__jet_Equatable` should have an upper camel case name
 --> /jet/build/data_schema.rs:8:11
  |
8 | pub trait __jet_Equatable: Sized { fn equal(&self, rhs: &Self) -> bool; }
  |           ^^^^^^^^^^^^^^^ help: convert the identifier to upper camel case: `JetEquatable`

warning: type `__jet_Ordering` should have an upper camel case name
  --> /jet/build/data_schema.rs:24:10
   |
24 | pub enum __jet_Ordering { __jet_Less, __jet_Equal, __jet_Greater }
   |          ^^^^^^^^^^^^^^ help: convert the identifier to upper camel case: `JetOrdering`

warning: variant `__jet_Less` should have an upper camel case name
  --> /jet/build/data_schema.rs:24:27
   |
24 | pub enum __jet_Ordering { __jet_Less, __jet_Equal, __jet_Greater }
   |                           ^^^^^^^^^^ help: convert the identifier to upper camel case: `JetLess`

warning: variant `__jet_Equal` should have an upper camel case name
  --> /jet/build/data_schema.rs:24:39
   |
24 | pub enum __jet_Ordering { __jet_Less, __jet_Equal, __jet_Greater }
   |                                       ^^^^^^^^^^^ help: convert the identifier to upper camel case: `JetEqual`

warning: variant `__jet_Greater` should have an upper camel case name
  --> /jet/build/data_schema.rs:24:52
   |
24 | pub enum __jet_Ordering { __jet_Less, __jet_Equal, __jet_Greater }
   |                                                    ^^^^^^^^^^^^^ help: convert the identifier to upper camel case: `JetGreater`

warning: trait `__jet_Comparable` should have an upper camel case name
  --> /jet/build/data_schema.rs:26:11
   |
26 | pub trait __jet_Comparable: Sized { fn compare(&self, rhs: &Self) -> __jet_Ordering; }
   |           ^^^^^^^^^^^^^^^^ help: convert the identifier to upper camel case: `JetComparable`

warning: trait `__jet_Add` should have an upper camel case name
  --> /jet/build/data_schema.rs:38:11
   |
38 | pub trait __jet_Add<Rhs = Self>: Sized { type Output; fn add(&self, rhs: &Rhs) -> Self::Output; }
   |           ^^^^^^^^^ help: convert the identifier to upper camel case: `JetAdd`

warning: trait `__jet_Sub` should have an upper camel case name
  --> /jet/build/data_schema.rs:39:11
   |
39 | pub trait __jet_Sub<Rhs = Self>: Sized { type Output; fn sub(&self, rhs: &Rhs) -> Self::Output; }
   |           ^^^^^^^^^ help: convert the identifier to upper camel case: `JetSub`

warning: trait `__jet_Mul` should have an upper camel case name
  --> /jet/build/data_schema.rs:40:11
   |
40 | pub trait __jet_Mul<Rhs = Self>: Sized { type Output; fn mul(&self, rhs: &Rhs) -> Self::Output; }
   |           ^^^^^^^^^ help: convert the identifier to upper camel case: `JetMul`

warning: trait `__jet_Div` should have an upper camel case name
  --> /jet/build/data_schema.rs:41:11
   |
41 | pub trait __jet_Div<Rhs = Self>: Sized { type Output; fn div(&self, rhs: &Rhs) -> Self::Output; }
   |           ^^^^^^^^^ help: convert the identifier to upper camel case: `JetDiv`

warning: trait `__jet_Serialize` should have an upper camel case name
     --> /jet/build/data_schema.rs:39876:7
      |
39876 | trait __jet_Serialize {
      |       ^^^^^^^^^^^^^^^ help: convert the identifier to upper camel case: `JetSerialize`

warning: unused import: `Cell`
     --> /jet/build/data_schema.rs:44350:21
      |
44350 |     use std::cell::{Cell, RefCell};
      |                     ^^^^
      |
      = note: `#[warn(unused_imports)]` (part of `#[warn(unused)]`) on by default

warning: unused import: `JetUninit`
     --> /jet/build/data_schema.rs:44354:43
      |
44354 |     pub use super::jet_uninit_semantics::{JetUninit, JetUninitFixed};
      |                                           ^^^^^^^^^

warning: unused imports: `JetSentryFrame`, `JetSentryGuard`, `jet_sentry_current_frame`, `jet_sentry_fenced_scope`, `jet_sentry_frame`, `jet_sentry_policy_scope`, `jet_sentry_reset`, `jet_sentry_scope`, and `jet_sentry_set_hardened`
     --> /jet/build/data_schema.rs:44367:35
      |
44367 |         jet_memory_ledger_record, jet_sentry_current_frame, jet_sentry_fenced_scope,
      |                                   ^^^^^^^^^^^^^^^^^^^^^^^^  ^^^^^^^^^^^^^^^^^^^^^^^
44368 |         jet_sentry_frame, jet_sentry_policy_scope, jet_sentry_reset, jet_sentry_scope,
      |         ^^^^^^^^^^^^^^^^  ^^^^^^^^^^^^^^^^^^^^^^^  ^^^^^^^^^^^^^^^^  ^^^^^^^^^^^^^^^^
44369 |         jet_sentry_set_hardened, JetSentryFrame, JetSentryGuard, MemoryLedgerWitness,
      |         ^^^^^^^^^^^^^^^^^^^^^^^  ^^^^^^^^^^^^^^  ^^^^^^^^^^^^^^

warning: unused import: `crate::jet_encoding_json::render_json`
     --> /jet/build/data_schema.rs:64328:13
      |
64328 |     pub use crate::jet_encoding_json::render_json;
      |             ^^^^^^^^^^^^^^^^^^^^^^^^^^^^^^^^^^^^^

warning: unnecessary parentheses around block return value
     --> /jet/build/data_schema.rs:68317:13
      |
68317 |             (((exponent as u64 + 1023) << 52) | (top & ((1u64 << 52) - 1)))
      |             ^                                                             ^
      |
      = note: `#[warn(unused_parens)]` (part of `#[warn(unused)]`) on by default
help: remove these parentheses
      |
68317 -             (((exponent as u64 + 1023) << 52) | (top & ((1u64 << 52) - 1)))
68317 +             ((exponent as u64 + 1023) << 52) | (top & ((1u64 << 52) - 1))
      |

warning: unused import: `crate::jet_int_compare_hot`
     --> /jet/build/data_schema.rs:68655:9
      |
68655 | pub use crate::jet_int_compare_hot;
      |         ^^^^^^^^^^^^^^^^^^^^^^^^^^

warning: unused import: `crate::jet_int_add_hot`
     --> /jet/build/data_schema.rs:68679:9
      |
68679 | pub use crate::jet_int_add_hot;
      |         ^^^^^^^^^^^^^^^^^^^^^^

warning: unused import: `crate::jet_int_sub_hot`
     --> /jet/build/data_schema.rs:68703:9
      |
68703 | pub use crate::jet_int_sub_hot;
      |         ^^^^^^^^^^^^^^^^^^^^^^

warning: unused import: `crate::jet_int_mul_hot`
     --> /jet/build/data_schema.rs:68727:9
      |
68727 | pub use crate::jet_int_mul_hot;
      |         ^^^^^^^^^^^^^^^^^^^^^^

warning: unused import: `crate::jet_int_add_inline`
     --> /jet/build/data_schema.rs:68741:9
      |
68741 | pub use crate::jet_int_add_inline;
      |         ^^^^^^^^^^^^^^^^^^^^^^^^^

warning: unused import: `crate::jet_int_sub_inline`
     --> /jet/build/data_schema.rs:68751:9
      |
68751 | pub use crate::jet_int_sub_inline;
      |         ^^^^^^^^^^^^^^^^^^^^^^^^^

warning: unused import: `crate::jet_int_mul_inline`
     --> /jet/build/data_schema.rs:68761:9
      |
68761 | pub use crate::jet_int_mul_inline;
      |         ^^^^^^^^^^^^^^^^^^^^^^^^^

warning: unused import: `crate::jet_int_compare_inline`
     --> /jet/build/data_schema.rs:68775:9
      |
68775 | pub use crate::jet_int_compare_inline;
      |         ^^^^^^^^^^^^^^^^^^^^^^^^^^^^^

warning: unused import: `crate::jet_int_neg_inline`
     --> /jet/build/data_schema.rs:68784:9
      |
68784 | pub use crate::jet_int_neg_inline;
      |         ^^^^^^^^^^^^^^^^^^^^^^^^^

warning: unused import: `crate::jet_int_bit_and_hot`
     --> /jet/build/data_schema.rs:68803:9
      |
68803 | pub use crate::jet_int_bit_and_hot;
      |         ^^^^^^^^^^^^^^^^^^^^^^^^^^

warning: unused import: `crate::jet_int_bit_or_hot`
     --> /jet/build/data_schema.rs:68819:9
      |
68819 | pub use crate::jet_int_bit_or_hot;
      |         ^^^^^^^^^^^^^^^^^^^^^^^^^

warning: unused import: `crate::jet_int_bit_xor_hot`
     --> /jet/build/data_schema.rs:68835:9
      |
68835 | pub use crate::jet_int_bit_xor_hot;
      |         ^^^^^^^^^^^^^^^^^^^^^^^^^^

warning: unused imports: `JetCellEditGuard` and `JetCellReadGuard`
     --> /jet/build/data_schema.rs:75215:35
      |
75215 | pub use self::jet_cell::{JetCell, JetCellEditGuard, JetCellReadGuard};
      |                                   ^^^^^^^^^^^^^^^^  ^^^^^^^^^^^^^^^^

warning: unused imports: `JetStreamSender` and `jet_stream_task`
     --> /jet/build/data_schema.rs:76123:21
      |
76123 |     pub use super::{jet_stream_task, JetStream, JetStreamSender};
      |                     ^^^^^^^^^^^^^^^             ^^^^^^^^^^^^^^^

warning: unused import: `std::io::Write`
     --> /jet/build/data_schema.rs:95249:13
      |
95249 |         use std::io::Write;
      |             ^^^^^^^^^^^^^^

warning: unused import: `core::cell::Cell`
      --> /jet/build/data_schema.rs:113461:5
       |
113461 | use core::cell::Cell;
       |     ^^^^^^^^^^^^^^^^

warning: unused import: `jet_foundation::Devtools::JetDevtoolsEvent as JetWebStoreDevtoolsEvent`
      --> /jet/build/data_schema.rs:113464:5
       |
113464 | use jet_foundation::Devtools::JetDevtoolsEvent as JetWebStoreDevtoolsEvent;
       |     ^^^^^^^^^^^^^^^^^^^^^^^^^^^^^^^^^^^^^^^^^^^^^^^^^^^^^^^^^^^^^^^^^^^^^^

warning: unused import: `TypeId as JetWebStoreTypeId`
      --> /jet/build/data_schema.rs:113466:39
       |
113466 | use std::any::{Any as JetWebStoreAny, TypeId as JetWebStoreTypeId};
       |                                       ^^^^^^^^^^^^^^^^^^^^^^^^^^^

warning: unused imports: `BTreeMap as JetWebFormMap`, `BTreeMap as JetWebTablePages`, `BTreeSet as JetWebTableSet`, `HashMap as JetWebStoreMap`, and `VecDeque as JetWebStoreDeque`
      --> /jet/build/data_schema.rs:113467:62
       |
113467 | ...t, BTreeMap as JetWebFormMap, VecDeque as JetWebStoreDeque, HashMap as JetWebStoreMap, BTreeMap as JetWebTablePages, BTreeSet as JetWebTableSet, V...
       |       ^^^^^^^^^^^^^^^^^^^^^^^^^  ^^^^^^^^^^^^^^^^^^^^^^^^^^^^  ^^^^^^^^^^^^^^^^^^^^^^^^^  ^^^^^^^^^^^^^^^^^^^^^^^^^^^^  ^^^^^^^^^^^^^^^^^^^^^^^^^^

warning: unused import: `std::fs::OpenOptions`
      --> /jet/build/data_schema.rs:113468:5
       |
113468 | use std::fs::OpenOptions;
       |     ^^^^^^^^^^^^^^^^^^^^

warning: unused import: `SeekFrom`
      --> /jet/build/data_schema.rs:113469:27
       |
113469 | use std::io::{Read, Seek, SeekFrom, Write};
       |                           ^^^^^^^^

warning: unused imports: `Component`, `PathBuf`, and `Path`
      --> /jet/build/data_schema.rs:113472:17
       |
113472 | use std::path::{Component, Path, PathBuf};
       |                 ^^^^^^^^^  ^^^^  ^^^^^^^

warning: unused imports: `Arc as JetWebFormArc`, `Arc as JetWebQueryArc`, `Arc as JetWebStoreArc`, `Arc as JetWebTableArc`, `Condvar as JetWebStoreCondvar`, `LazyLock as JetWebStoreLazyLock`, `LazyLock`, `Mutex as JetWebFormMutex`, `Mutex as JetWebQueryMutex`, `Mutex as JetWebStoreMutex`, and `Mutex as JetWebTableMutex`
      --> /jet/build/data_schema.rs:113473:54
       |
113473 | ...c, Arc as JetWebFormArc, Mutex as JetWebFormMutex, Arc as JetWebQueryArc, Mutex as JetWebQueryMutex, Arc as JetWebStoreArc, Condvar as JetWebStoreCondvar, LazyLock as JetWebStoreLazyLock, Mutex as JetWebStoreMutex, Arc as JetWebTableArc, Mutex as JetWebTableMutex, LazyLock, M...
       |       ^^^^^^^^^^^^^^^^^^^^  ^^^^^^^^^^^^^^^^^^^^^^^^  ^^^^^^^^^^^^^^^^^^^^^  ^^^^^^^^^^^^^^^^^^^^^^^^^  ^^^^^^^^^^^^^^^^^^^^^  ^^^^^^^^^^^^^^^^^^^^^^^^^^^^^  ^^^^^^^^^^^^^^^^^^^^^^^^^^^^^^^  ^^^^^^^^^^^^^^^^^^^^^^^^^  ^^^^^^^^^^^^^^^^^^^^^  ^^^^^^^^^^^^^^^^^^^^^^^^^  ^^^^^^^^

warning: unused import: `Ordering as JetWebFormOrdering`
      --> /jet/build/data_schema.rs:113474:60
       |
113474 | use std::sync::atomic::{AtomicBool, AtomicU8, AtomicUsize, Ordering as JetWebFormOrdering};
       |                                                            ^^^^^^^^^^^^^^^^^^^^^^^^^^^^^^

warning: unused imports: `SystemTime as JetWebStoreSystemTime`, `SystemTime`, `UNIX_EPOCH as JetWebStoreUnixEpoch`, and `UNIX_EPOCH`
      --> /jet/build/data_schema.rs:113475:36
       |
113475 | ...tion, Instant, SystemTime as JetWebStoreSystemTime, UNIX_EPOCH as JetWebStoreUnixEpoch, SystemTime, UNIX_EPOCH};
       |                   ^^^^^^^^^^^^^^^^^^^^^^^^^^^^^^^^^^^  ^^^^^^^^^^^^^^^^^^^^^^^^^^^^^^^^^^  ^^^^^^^^^^  ^^^^^^^^^^

warning: type `__jet__shome_snate_sProjects_sGithub_sjet_sexamples_sfeatures_stooling_c_cdata_uschema_djet_c_cTime` should have an upper camel case name
      --> /jet/build/data_schema.rs:149653:10
       |
149653 | pub enum __jet__shome_snate_sProjects_sGithub_sjet_sexamples_sfeatures_stooling_c_cdata_uschema_djet_c_cTime {
       |          ^^^^^^^^^^^^^^^^^^^^^^^^^^^^^^^^^^^^^^^^^^^^^^^^^^^^^^^^^^^^^^^^^^^^^^^^^^^^^^^^^^^^^^^^^^^^^^^^^^^ help: convert the identifier to upper camel case: `JetShomeSnateSProjectsSGithubSjetSexamplesSfeaturesStoolingCCdataUschemaDjetCCTime`

warning: type `__jet__shome_snate_sProjects_sGithub_sjet_sexamples_sfeatures_stooling_c_cdata_uschema_djet_c_cTicket` should have an upper camel case name
      --> /jet/build/data_schema.rs:149657:8
       |
149657 | struct __jet__shome_snate_sProjects_sGithub_sjet_sexamples_sfeatures_stooling_c_cdata_uschema_djet_c_cTicket {
       |        ^^^^^^^^^^^^^^^^^^^^^^^^^^^^^^^^^^^^^^^^^^^^^^^^^^^^^^^^^^^^^^^^^^^^^^^^^^^^^^^^^^^^^^^^^^^^^^^^^^^^^ help: convert the identifier to upper camel case: `JetShomeSnateSProjectsSGithubSjetSexamplesSfeaturesStoolingCCdataUschemaDjetCCTicket`

warning: unnecessary parentheses around function argument
      --> /jet/build/data_schema.rs:149703:51
       |
149703 | ...me((((__jet_v_17035503820159075321.as_ref().expect("MIR value")).clone()) != ((__jet_v_12408305480194990517.as_ref().expect("MIR value")).clone())));
       |       ^                                                                                                                                              ^
       |
help: remove these parentheses
       |
149703 -                 __jet_v_565108247449530422 = Some((((__jet_v_17035503820159075321.as_ref().expect("MIR value")).clone()) != ((__jet_v_12408305480194990517.as_ref().expect("MIR value")).clone())));
149703 +                 __jet_v_565108247449530422 = Some(((__jet_v_17035503820159075321.as_ref().expect("MIR value")).clone()) != ((__jet_v_12408305480194990517.as_ref().expect("MIR value")).clone()));
       |

warning: unnecessary parentheses around function argument
      --> /jet/build/data_schema.rs:149737:52
       |
149737 | ...me((((__jet_v_967797339569599703.as_ref().expect("MIR value")).clone()) != ((__jet_v_14073077661382498464.as_ref().expect("MIR value")).clone())));
       |       ^                                                                                                                                            ^
       |
help: remove these parentheses
       |
149737 -                 __jet_v_1002750178825452724 = Some((((__jet_v_967797339569599703.as_ref().expect("MIR value")).clone()) != ((__jet_v_14073077661382498464.as_ref().expect("MIR value")).clone())));
149737 +                 __jet_v_1002750178825452724 = Some(((__jet_v_967797339569599703.as_ref().expect("MIR value")).clone()) != ((__jet_v_14073077661382498464.as_ref().expect("MIR value")).clone()));
       |

warning: unnecessary parentheses around function argument
      --> /jet/build/data_schema.rs:150121:52
       |
150121 |                 __jet_v_4584972538943048655 = Some((!(*(__jet_v_5891016170835012739.as_ref().expect("MIR value")))));
       |                                                    ^                                                              ^
       |
help: remove these parentheses
       |
150121 -                 __jet_v_4584972538943048655 = Some((!(*(__jet_v_5891016170835012739.as_ref().expect("MIR value")))));
150121 +                 __jet_v_4584972538943048655 = Some(!(*(__jet_v_5891016170835012739.as_ref().expect("MIR value"))));
       |

warning: unnecessary parentheses around function argument
      --> /jet/build/data_schema.rs:150135:51
       |
150135 | ...me((((__jet_v_17709791436277014175.as_ref().expect("MIR value")).clone()) == ((__jet_v_17601505282839836258.as_ref().expect("MIR value")).clone())));
       |       ^                                                                                                                                              ^
       |
help: remove these parentheses
       |
150135 -                 __jet_v_343264732809035611 = Some((((__jet_v_17709791436277014175.as_ref().expect("MIR value")).clone()) == ((__jet_v_17601505282839836258.as_ref().expect("MIR value")).clone())));
150135 +                 __jet_v_343264732809035611 = Some(((__jet_v_17709791436277014175.as_ref().expect("MIR value")).clone()) == ((__jet_v_17601505282839836258.as_ref().expect("MIR value")).clone()));
       |

warning: unnecessary parentheses around function argument
      --> /jet/build/data_schema.rs:150184:53
       |
150184 |                 __jet_v_11973197619827509403 = Some((!(*(__jet_v_17217015042221681608.as_ref().expect("MIR value")))));
       |                                                     ^                                                               ^
       |
help: remove these parentheses
       |
150184 -                 __jet_v_11973197619827509403 = Some((!(*(__jet_v_17217015042221681608.as_ref().expect("MIR value")))));
150184 +                 __jet_v_11973197619827509403 = Some(!(*(__jet_v_17217015042221681608.as_ref().expect("MIR value"))));
       |

warning: unnecessary parentheses around function argument
      --> /jet/build/data_schema.rs:150276:52
       |
150276 | ...me((((__jet_v_15166916496827615103.as_ref().expect("MIR value")).clone()) == ((__jet_v_3248849278455332354.as_ref().expect("MIR value")).clone())));
       |       ^                                                                                                                                             ^
       |
help: remove these parentheses
       |
150276 -                 __jet_v_8731506270618688382 = Some((((__jet_v_15166916496827615103.as_ref().expect("MIR value")).clone()) == ((__jet_v_3248849278455332354.as_ref().expect("MIR value")).clone())));
150276 +                 __jet_v_8731506270618688382 = Some(((__jet_v_15166916496827615103.as_ref().expect("MIR value")).clone()) == ((__jet_v_3248849278455332354.as_ref().expect("MIR value")).clone()));
       |

warning: unnecessary parentheses around function argument
      --> /jet/build/data_schema.rs:150311:53
       |
150311 |                 __jet_v_14762055373172113546 = Some((!(*(__jet_v_4333712667095830447.as_ref().expect("MIR value")))));
       |                                                     ^                                                              ^
       |
help: remove these parentheses
       |
150311 -                 __jet_v_14762055373172113546 = Some((!(*(__jet_v_4333712667095830447.as_ref().expect("MIR value")))));
150311 +                 __jet_v_14762055373172113546 = Some(!(*(__jet_v_4333712667095830447.as_ref().expect("MIR value"))));
       |

warning: unnecessary parentheses around function argument
      --> /jet/build/data_schema.rs:150475:52
       |
150475 |                 __jet_v_9198106468250464905 = Some((!(*(__jet_v_5499164733727903843.as_ref().expect("MIR value")))));
       |                                                    ^                                                              ^
       |
help: remove these parentheses
       |
150475 -                 __jet_v_9198106468250464905 = Some((!(*(__jet_v_5499164733727903843.as_ref().expect("MIR value")))));
150475 +                 __jet_v_9198106468250464905 = Some(!(*(__jet_v_5499164733727903843.as_ref().expect("MIR value"))));
       |

warning: unnecessary parentheses around function argument
      --> /jet/build/data_schema.rs:150500:53
       |
150500 |                 __jet_v_17452911407643128954 = Some((!(*(__jet_v_2749026172522150186.as_ref().expect("MIR value")))));
       |                                                     ^                                                              ^
       |
help: remove these parentheses
       |
150500 -                 __jet_v_17452911407643128954 = Some((!(*(__jet_v_2749026172522150186.as_ref().expect("MIR value")))));
150500 +                 __jet_v_17452911407643128954 = Some(!(*(__jet_v_2749026172522150186.as_ref().expect("MIR value"))));
       |

warning: unused label
      --> /jet/build/data_schema.rs:150703:5
       |
150703 |     'mir_dispatch: loop {
       |     ^^^^^^^^^^^^^
       |
       = note: `#[warn(unused_labels)]` (part of `#[warn(unused)]`) on by default

warning: unused label
      --> /jet/build/data_schema.rs:151000:5
       |
151000 |     'mir_dispatch: loop {
       |     ^^^^^^^^^^^^^

warning: unnecessary parentheses around function argument
      --> /jet/build/data_schema.rs:151006:53
       |
151006 | ...me((((__jet_v_10909588293212530764.as_ref().expect("MIR value")).clone()) >= ((__jet_v_10881405911455734255.as_ref().expect("MIR value")).clone())));
       |       ^                                                                                                                                              ^
       |
help: remove these parentheses
       |
151006 -                 __jet_v_15220343355044563241 = Some((((__jet_v_10909588293212530764.as_ref().expect("MIR value")).clone()) >= ((__jet_v_10881405911455734255.as_ref().expect("MIR value")).clone())));
151006 +                 __jet_v_15220343355044563241 = Some(((__jet_v_10909588293212530764.as_ref().expect("MIR value")).clone()) >= ((__jet_v_10881405911455734255.as_ref().expect("MIR value")).clone()));
       |

warning: unreachable call
      --> /jet/build/data_schema.rs:150930:47
       |
150930 | ... = Some(jet_panic_rich("data_schema.jet", 12u32, "run", "    rows :: data.csv<Ticket>(raw) ?? panic(\"bad csv\")", 38u32, 5u32, &((__jet_v_14110853764321962069.as_ref().expect("MIR value")).clone()), &if cfg!(debug_assertions) { String::new() } else { String::new() }));
       |       ^^^^ -------------------------------------------------------------------------------------------------------------------------------------------------------------------------------------------------------------------------------------------------------------------- any code following this expression is unreachable
       |       |
       |       unreachable call
       |
       = note: `#[warn(unreachable_code)]` (part of `#[warn(unused)]`) on by default

warning: unreachable call
      --> /jet/build/data_schema.rs:150954:47
       |
150954 | ... = Some(jet_panic_rich("data_schema.jet", 16u32, "r...) { String::new() } else { String::new() }));
       |       ^^^^ -------------------------------------------...------------------------------------------- any code following this expression is unreachable
       |       |
       |       unreachable call

warning: unused import: `Read`
      --> /jet/build/data_schema.rs:113469:15
       |
113469 | use std::io::{Read, Seek, SeekFrom, Write};
       |               ^^^^

warning: unused import: `Write`
      --> /jet/build/data_schema.rs:113469:37
       |
113469 | use std::io::{Read, Seek, SeekFrom, Write};
       |                                     ^^^^^

warning: unused import: `Any`
      --> /jet/build/data_schema.rs:113466:16
       |
113466 | use std::any::{Any as JetWebStoreAny, TypeId as JetWebStoreTypeId};
       |                ^^^

warning: unused import: `Seek`
      --> /jet/build/data_schema.rs:113469:21
       |
113469 | use std::io::{Read, Seek, SeekFrom, Write};
       |                     ^^^^

warning: value assigned to `cursor` is never read
      --> /jet/build/data_schema.rs:120579:17
       |
120579 |                 cursor += 2;
       |                 ^^^^^^^^^^^ this value is reassigned later and never used
...
120582 |                 cursor += 1;
       |                 ----------- `cursor` is overwritten here before the previous value is read
       |
       = note: `#[warn(unused_assignments)]` (part of `#[warn(unused)]`) on by default

warning: value assigned to `cursor` is never read
      --> /jet/build/data_schema.rs:120582:17
       |
120582 |                 cursor += 1;
       |                 ^^^^^^^^^^^
       |
       = help: maybe it is overwritten before being read?

warning: unused variable: `prior`
      --> /jet/build/data_schema.rs:142357:9
       |
142357 |         prior: &[jet_std::DataWatchEntry<jet_std::GroupValue<K, V>>],
       |         ^^^^^ help: if this is intentional, prefix it with an underscore: `_prior`
       |
       = note: `#[warn(unused_variables)]` (part of `#[warn(unused)]`) on by default

error: aborting due to 2 previous errors; 65 warnings emitted

For more information about this error, try `rustc --explain E0422`.
