warning: trait `__jet_Display` should have an upper camel case name
 --> /jet/build/data_pipeline.rs:4:11
  |
4 | pub trait __jet_Display {
  |           ^^^^^^^^^^^^^ help: convert the identifier to upper camel case: `JetDisplay`
  |
  = note: `#[warn(non_camel_case_types)]` (part of `#[warn(nonstandard_style)]`) on by default

warning: trait `__jet_Equatable` should have an upper camel case name
 --> /jet/build/data_pipeline.rs:8:11
  |
8 | pub trait __jet_Equatable: Sized { fn equal(&self, rhs: &Self) -> bool; }
  |           ^^^^^^^^^^^^^^^ help: convert the identifier to upper camel case: `JetEquatable`

warning: type `__jet_Ordering` should have an upper camel case name
  --> /jet/build/data_pipeline.rs:24:10
   |
24 | pub enum __jet_Ordering { __jet_Less, __jet_Equal, __jet_Greater }
   |          ^^^^^^^^^^^^^^ help: convert the identifier to upper camel case: `JetOrdering`

warning: variant `__jet_Less` should have an upper camel case name
  --> /jet/build/data_pipeline.rs:24:27
   |
24 | pub enum __jet_Ordering { __jet_Less, __jet_Equal, __jet_Greater }
   |                           ^^^^^^^^^^ help: convert the identifier to upper camel case: `JetLess`

warning: variant `__jet_Equal` should have an upper camel case name
  --> /jet/build/data_pipeline.rs:24:39
   |
24 | pub enum __jet_Ordering { __jet_Less, __jet_Equal, __jet_Greater }
   |                                       ^^^^^^^^^^^ help: convert the identifier to upper camel case: `JetEqual`

warning: variant `__jet_Greater` should have an upper camel case name
  --> /jet/build/data_pipeline.rs:24:52
   |
24 | pub enum __jet_Ordering { __jet_Less, __jet_Equal, __jet_Greater }
   |                                                    ^^^^^^^^^^^^^ help: convert the identifier to upper camel case: `JetGreater`

warning: trait `__jet_Comparable` should have an upper camel case name
  --> /jet/build/data_pipeline.rs:26:11
   |
26 | pub trait __jet_Comparable: Sized { fn compare(&self, rhs: &Self) -> __jet_Ordering; }
   |           ^^^^^^^^^^^^^^^^ help: convert the identifier to upper camel case: `JetComparable`

warning: trait `__jet_Add` should have an upper camel case name
  --> /jet/build/data_pipeline.rs:38:11
   |
38 | pub trait __jet_Add<Rhs = Self>: Sized { type Output; fn add(&self, rhs: &Rhs) -> Self::Output; }
   |           ^^^^^^^^^ help: convert the identifier to upper camel case: `JetAdd`

warning: trait `__jet_Sub` should have an upper camel case name
  --> /jet/build/data_pipeline.rs:39:11
   |
39 | pub trait __jet_Sub<Rhs = Self>: Sized { type Output; fn sub(&self, rhs: &Rhs) -> Self::Output; }
   |           ^^^^^^^^^ help: convert the identifier to upper camel case: `JetSub`

warning: trait `__jet_Mul` should have an upper camel case name
  --> /jet/build/data_pipeline.rs:40:11
   |
40 | pub trait __jet_Mul<Rhs = Self>: Sized { type Output; fn mul(&self, rhs: &Rhs) -> Self::Output; }
   |           ^^^^^^^^^ help: convert the identifier to upper camel case: `JetMul`

warning: trait `__jet_Div` should have an upper camel case name
  --> /jet/build/data_pipeline.rs:41:11
   |
41 | pub trait __jet_Div<Rhs = Self>: Sized { type Output; fn div(&self, rhs: &Rhs) -> Self::Output; }
   |           ^^^^^^^^^ help: convert the identifier to upper camel case: `JetDiv`

warning: trait `__jet_Serialize` should have an upper camel case name
     --> /jet/build/data_pipeline.rs:39812:7
      |
39812 | trait __jet_Serialize {
      |       ^^^^^^^^^^^^^^^ help: convert the identifier to upper camel case: `JetSerialize`

warning: unused import: `Cell`
     --> /jet/build/data_pipeline.rs:44286:21
      |
44286 |     use std::cell::{Cell, RefCell};
      |                     ^^^^
      |
      = note: `#[warn(unused_imports)]` (part of `#[warn(unused)]`) on by default

warning: unused import: `JetUninit`
     --> /jet/build/data_pipeline.rs:44290:43
      |
44290 |     pub use super::jet_uninit_semantics::{JetUninit, JetUninitFixed};
      |                                           ^^^^^^^^^

warning: unused imports: `JetSentryFrame`, `JetSentryGuard`, `jet_sentry_current_frame`, `jet_sentry_fenced_scope`, `jet_sentry_frame`, `jet_sentry_policy_scope`, `jet_sentry_reset`, `jet_sentry_scope`, and `jet_sentry_set_hardened`
     --> /jet/build/data_pipeline.rs:44303:35
      |
44303 |         jet_memory_ledger_record, jet_sentry_current_frame, jet_sentry_fenced_scope,
      |                                   ^^^^^^^^^^^^^^^^^^^^^^^^  ^^^^^^^^^^^^^^^^^^^^^^^
44304 |         jet_sentry_frame, jet_sentry_policy_scope, jet_sentry_reset, jet_sentry_scope,
      |         ^^^^^^^^^^^^^^^^  ^^^^^^^^^^^^^^^^^^^^^^^  ^^^^^^^^^^^^^^^^  ^^^^^^^^^^^^^^^^
44305 |         jet_sentry_set_hardened, JetSentryFrame, JetSentryGuard, MemoryLedgerWitness,
      |         ^^^^^^^^^^^^^^^^^^^^^^^  ^^^^^^^^^^^^^^  ^^^^^^^^^^^^^^

warning: unused import: `crate::jet_encoding_json::render_json`
     --> /jet/build/data_pipeline.rs:64262:13
      |
64262 |     pub use crate::jet_encoding_json::render_json;
      |             ^^^^^^^^^^^^^^^^^^^^^^^^^^^^^^^^^^^^^

warning: unnecessary parentheses around block return value
     --> /jet/build/data_pipeline.rs:68201:13
      |
68201 |             (((exponent as u64 + 1023) << 52) | (top & ((1u64 << 52) - 1)))
      |             ^                                                             ^
      |
      = note: `#[warn(unused_parens)]` (part of `#[warn(unused)]`) on by default
help: remove these parentheses
      |
68201 -             (((exponent as u64 + 1023) << 52) | (top & ((1u64 << 52) - 1)))
68201 +             ((exponent as u64 + 1023) << 52) | (top & ((1u64 << 52) - 1))
      |

warning: unused import: `crate::jet_int_compare_hot`
     --> /jet/build/data_pipeline.rs:68539:9
      |
68539 | pub use crate::jet_int_compare_hot;
      |         ^^^^^^^^^^^^^^^^^^^^^^^^^^

warning: unused import: `crate::jet_int_add_hot`
     --> /jet/build/data_pipeline.rs:68563:9
      |
68563 | pub use crate::jet_int_add_hot;
      |         ^^^^^^^^^^^^^^^^^^^^^^

warning: unused import: `crate::jet_int_sub_hot`
     --> /jet/build/data_pipeline.rs:68587:9
      |
68587 | pub use crate::jet_int_sub_hot;
      |         ^^^^^^^^^^^^^^^^^^^^^^

warning: unused import: `crate::jet_int_mul_hot`
     --> /jet/build/data_pipeline.rs:68611:9
      |
68611 | pub use crate::jet_int_mul_hot;
      |         ^^^^^^^^^^^^^^^^^^^^^^

warning: unused import: `crate::jet_int_add_inline`
     --> /jet/build/data_pipeline.rs:68625:9
      |
68625 | pub use crate::jet_int_add_inline;
      |         ^^^^^^^^^^^^^^^^^^^^^^^^^

warning: unused import: `crate::jet_int_sub_inline`
     --> /jet/build/data_pipeline.rs:68635:9
      |
68635 | pub use crate::jet_int_sub_inline;
      |         ^^^^^^^^^^^^^^^^^^^^^^^^^

warning: unused import: `crate::jet_int_mul_inline`
     --> /jet/build/data_pipeline.rs:68645:9
      |
68645 | pub use crate::jet_int_mul_inline;
      |         ^^^^^^^^^^^^^^^^^^^^^^^^^

warning: unused import: `crate::jet_int_compare_inline`
     --> /jet/build/data_pipeline.rs:68659:9
      |
68659 | pub use crate::jet_int_compare_inline;
      |         ^^^^^^^^^^^^^^^^^^^^^^^^^^^^^

warning: unused import: `crate::jet_int_neg_inline`
     --> /jet/build/data_pipeline.rs:68668:9
      |
68668 | pub use crate::jet_int_neg_inline;
      |         ^^^^^^^^^^^^^^^^^^^^^^^^^

warning: unused import: `crate::jet_int_bit_and_hot`
     --> /jet/build/data_pipeline.rs:68687:9
      |
68687 | pub use crate::jet_int_bit_and_hot;
      |         ^^^^^^^^^^^^^^^^^^^^^^^^^^

warning: unused import: `crate::jet_int_bit_or_hot`
     --> /jet/build/data_pipeline.rs:68703:9
      |
68703 | pub use crate::jet_int_bit_or_hot;
      |         ^^^^^^^^^^^^^^^^^^^^^^^^^

warning: unused import: `crate::jet_int_bit_xor_hot`
     --> /jet/build/data_pipeline.rs:68719:9
      |
68719 | pub use crate::jet_int_bit_xor_hot;
      |         ^^^^^^^^^^^^^^^^^^^^^^^^^^

warning: unused imports: `JetCellEditGuard` and `JetCellReadGuard`
     --> /jet/build/data_pipeline.rs:75095:35
      |
75095 | pub use self::jet_cell::{JetCell, JetCellEditGuard, JetCellReadGuard};
      |                                   ^^^^^^^^^^^^^^^^  ^^^^^^^^^^^^^^^^

warning: unused imports: `JetStreamSender` and `jet_stream_task`
     --> /jet/build/data_pipeline.rs:75998:21
      |
75998 |     pub use super::{jet_stream_task, JetStream, JetStreamSender};
      |                     ^^^^^^^^^^^^^^^             ^^^^^^^^^^^^^^^

warning: unused import: `std::io::Write`
     --> /jet/build/data_pipeline.rs:95132:13
      |
95132 |         use std::io::Write;
      |             ^^^^^^^^^^^^^^

warning: unused import: `core::cell::Cell`
      --> /jet/build/data_pipeline.rs:113337:5
       |
113337 | use core::cell::Cell;
       |     ^^^^^^^^^^^^^^^^

warning: unused import: `jet_foundation::Devtools::JetDevtoolsEvent as JetWebStoreDevtoolsEvent`
      --> /jet/build/data_pipeline.rs:113340:5
       |
113340 | use jet_foundation::Devtools::JetDevtoolsEvent as JetWebStoreDevtoolsEvent;
       |     ^^^^^^^^^^^^^^^^^^^^^^^^^^^^^^^^^^^^^^^^^^^^^^^^^^^^^^^^^^^^^^^^^^^^^^

warning: unused import: `TypeId as JetWebStoreTypeId`
      --> /jet/build/data_pipeline.rs:113342:39
       |
113342 | use std::any::{Any as JetWebStoreAny, TypeId as JetWebStoreTypeId};
       |                                       ^^^^^^^^^^^^^^^^^^^^^^^^^^^

warning: unused imports: `BTreeMap as JetWebFormMap`, `BTreeMap as JetWebTablePages`, `BTreeSet as JetWebTableSet`, `HashMap as JetWebStoreMap`, and `VecDeque as JetWebStoreDeque`
      --> /jet/build/data_pipeline.rs:113343:62
       |
113343 | ...t, BTreeMap as JetWebFormMap, VecDeque as JetWebStoreDeque, HashMap as JetWebStoreMap, BTreeMap as JetWebTablePages, BTreeSet as JetWebTableSet, V...
       |       ^^^^^^^^^^^^^^^^^^^^^^^^^  ^^^^^^^^^^^^^^^^^^^^^^^^^^^^  ^^^^^^^^^^^^^^^^^^^^^^^^^  ^^^^^^^^^^^^^^^^^^^^^^^^^^^^  ^^^^^^^^^^^^^^^^^^^^^^^^^^

warning: unused import: `std::fs::OpenOptions`
      --> /jet/build/data_pipeline.rs:113344:5
       |
113344 | use std::fs::OpenOptions;
       |     ^^^^^^^^^^^^^^^^^^^^

warning: unused import: `SeekFrom`
      --> /jet/build/data_pipeline.rs:113345:27
       |
113345 | use std::io::{Read, Seek, SeekFrom, Write};
       |                           ^^^^^^^^

warning: unused imports: `Component`, `PathBuf`, and `Path`
      --> /jet/build/data_pipeline.rs:113348:17
       |
113348 | use std::path::{Component, Path, PathBuf};
       |                 ^^^^^^^^^  ^^^^  ^^^^^^^

warning: unused imports: `Arc as JetWebFormArc`, `Arc as JetWebQueryArc`, `Arc as JetWebStoreArc`, `Arc as JetWebTableArc`, `Condvar as JetWebStoreCondvar`, `LazyLock as JetWebStoreLazyLock`, `LazyLock`, `Mutex as JetWebFormMutex`, `Mutex as JetWebQueryMutex`, `Mutex as JetWebStoreMutex`, and `Mutex as JetWebTableMutex`
      --> /jet/build/data_pipeline.rs:113349:54
       |
113349 | ...c, Arc as JetWebFormArc, Mutex as JetWebFormMutex, Arc as JetWebQueryArc, Mutex as JetWebQueryMutex, Arc as JetWebStoreArc, Condvar as JetWebStoreCondvar, LazyLock as JetWebStoreLazyLock, Mutex as JetWebStoreMutex, Arc as JetWebTableArc, Mutex as JetWebTableMutex, LazyLock, M...
       |       ^^^^^^^^^^^^^^^^^^^^  ^^^^^^^^^^^^^^^^^^^^^^^^  ^^^^^^^^^^^^^^^^^^^^^  ^^^^^^^^^^^^^^^^^^^^^^^^^  ^^^^^^^^^^^^^^^^^^^^^  ^^^^^^^^^^^^^^^^^^^^^^^^^^^^^  ^^^^^^^^^^^^^^^^^^^^^^^^^^^^^^^  ^^^^^^^^^^^^^^^^^^^^^^^^^  ^^^^^^^^^^^^^^^^^^^^^  ^^^^^^^^^^^^^^^^^^^^^^^^^  ^^^^^^^^

warning: unused import: `Ordering as JetWebFormOrdering`
      --> /jet/build/data_pipeline.rs:113350:60
       |
113350 | use std::sync::atomic::{AtomicBool, AtomicU8, AtomicUsize, Ordering as JetWebFormOrdering};
       |                                                            ^^^^^^^^^^^^^^^^^^^^^^^^^^^^^^

warning: unused imports: `SystemTime as JetWebStoreSystemTime`, `SystemTime`, `UNIX_EPOCH as JetWebStoreUnixEpoch`, and `UNIX_EPOCH`
      --> /jet/build/data_pipeline.rs:113351:36
       |
113351 | ...tion, Instant, SystemTime as JetWebStoreSystemTime, UNIX_EPOCH as JetWebStoreUnixEpoch, SystemTime, UNIX_EPOCH};
       |                   ^^^^^^^^^^^^^^^^^^^^^^^^^^^^^^^^^^^  ^^^^^^^^^^^^^^^^^^^^^^^^^^^^^^^^^^  ^^^^^^^^^^  ^^^^^^^^^^

warning: type `__jet__shome_snate_sProjects_sGithub_sjet_sexamples_sfeatures_stooling_c_cdata_upipeline_djet_c_cTicket` should have an upper camel case name
      --> /jet/build/data_pipeline.rs:149438:8
       |
149438 | struct __jet__shome_snate_sProjects_sGithub_sjet_sexamples_sfeatures_stooling_c_cdata_upipeline_djet_c_cTicket {
       |        ^^^^^^^^^^^^^^^^^^^^^^^^^^^^^^^^^^^^^^^^^^^^^^^^^^^^^^^^^^^^^^^^^^^^^^^^^^^^^^^^^^^^^^^^^^^^^^^^^^^^^^^ help: convert the identifier to upper camel case: `JetShomeSnateSProjectsSGithubSjetSexamplesSfeaturesStoolingCCdataUpipelineDjetCCTicket`

warning: type `__jet__shome_snate_sProjects_sGithub_sjet_sexamples_sfeatures_stooling_c_cdata_upipeline_djet_c_cBudget` should have an upper camel case name
      --> /jet/build/data_pipeline.rs:149453:8
       |
149453 | struct __jet__shome_snate_sProjects_sGithub_sjet_sexamples_sfeatures_stooling_c_cdata_upipeline_djet_c_cBudget {
       |        ^^^^^^^^^^^^^^^^^^^^^^^^^^^^^^^^^^^^^^^^^^^^^^^^^^^^^^^^^^^^^^^^^^^^^^^^^^^^^^^^^^^^^^^^^^^^^^^^^^^^^^^ help: convert the identifier to upper camel case: `JetShomeSnateSProjectsSGithubSjetSexamplesSfeaturesStoolingCCdataUpipelineDjetCCBudget`

warning: unnecessary parentheses around function argument
      --> /jet/build/data_pipeline.rs:149657:52
       |
149657 |                 __jet_v_8976486805359882428 = Some((!(*(__jet_v_17705078204523287958.as_ref().expect("MIR value")))));
       |                                                    ^                                                               ^
       |
help: remove these parentheses
       |
149657 -                 __jet_v_8976486805359882428 = Some((!(*(__jet_v_17705078204523287958.as_ref().expect("MIR value")))));
149657 +                 __jet_v_8976486805359882428 = Some(!(*(__jet_v_17705078204523287958.as_ref().expect("MIR value"))));
       |

warning: unnecessary parentheses around function argument
      --> /jet/build/data_pipeline.rs:149799:52
       |
149799 |                 __jet_v_3863335417166220114 = Some((!(*(__jet_v_14231977333577702422.as_ref().expect("MIR value")))));
       |                                                    ^                                                               ^
       |
help: remove these parentheses
       |
149799 -                 __jet_v_3863335417166220114 = Some((!(*(__jet_v_14231977333577702422.as_ref().expect("MIR value")))));
149799 +                 __jet_v_3863335417166220114 = Some(!(*(__jet_v_14231977333577702422.as_ref().expect("MIR value"))));
       |

warning: unnecessary parentheses around function argument
      --> /jet/build/data_pipeline.rs:149973:52
       |
149973 |                 __jet_v_5374653335846236517 = Some((!(*(__jet_v_3639872715831831202.as_ref().expect("MIR value")))));
       |                                                    ^                                                              ^
       |
help: remove these parentheses
       |
149973 -                 __jet_v_5374653335846236517 = Some((!(*(__jet_v_3639872715831831202.as_ref().expect("MIR value")))));
149973 +                 __jet_v_5374653335846236517 = Some(!(*(__jet_v_3639872715831831202.as_ref().expect("MIR value"))));
       |

warning: unnecessary parentheses around function argument
      --> /jet/build/data_pipeline.rs:150004:52
       |
150004 | ...me((((__jet_v_1730275321571781343.as_ref().expect("MIR value")).clone()) == ((__jet_v_582201159840694983.as_ref().expect("MIR value")).clone())));
       |       ^                                                                                                                                           ^
       |
help: remove these parentheses
       |
150004 -                 __jet_v_7629275316875724743 = Some((((__jet_v_1730275321571781343.as_ref().expect("MIR value")).clone()) == ((__jet_v_582201159840694983.as_ref().expect("MIR value")).clone())));
150004 +                 __jet_v_7629275316875724743 = Some(((__jet_v_1730275321571781343.as_ref().expect("MIR value")).clone()) == ((__jet_v_582201159840694983.as_ref().expect("MIR value")).clone()));
       |

warning: unnecessary parentheses around function argument
      --> /jet/build/data_pipeline.rs:150036:52
       |
150036 |                 __jet_v_9006195458321408751 = Some((!(*(__jet_v_10207712766259141321.as_ref().expect("MIR value")))));
       |                                                    ^                                                               ^
       |
help: remove these parentheses
       |
150036 -                 __jet_v_9006195458321408751 = Some((!(*(__jet_v_10207712766259141321.as_ref().expect("MIR value")))));
150036 +                 __jet_v_9006195458321408751 = Some(!(*(__jet_v_10207712766259141321.as_ref().expect("MIR value"))));
       |

warning: unnecessary parentheses around function argument
      --> /jet/build/data_pipeline.rs:150060:52
       |
150060 | ...me((((__jet_v_14054674152805022143.as_ref().expect("MIR value")).clone()) == ((__jet_v_12433450502057655699.as_ref().expect("MIR value")).clone())));
       |       ^                                                                                                                                              ^
       |
help: remove these parentheses
       |
150060 -                 __jet_v_5164041123574370672 = Some((((__jet_v_14054674152805022143.as_ref().expect("MIR value")).clone()) == ((__jet_v_12433450502057655699.as_ref().expect("MIR value")).clone())));
150060 +                 __jet_v_5164041123574370672 = Some(((__jet_v_14054674152805022143.as_ref().expect("MIR value")).clone()) == ((__jet_v_12433450502057655699.as_ref().expect("MIR value")).clone()));
       |

warning: unnecessary parentheses around function argument
      --> /jet/build/data_pipeline.rs:150090:53
       |
150090 |                 __jet_v_14534559152157585010 = Some((!(*(__jet_v_6234393735419781248.as_ref().expect("MIR value")))));
       |                                                     ^                                                              ^
       |
help: remove these parentheses
       |
150090 -                 __jet_v_14534559152157585010 = Some((!(*(__jet_v_6234393735419781248.as_ref().expect("MIR value")))));
150090 +                 __jet_v_14534559152157585010 = Some(!(*(__jet_v_6234393735419781248.as_ref().expect("MIR value"))));
       |

warning: unused label
      --> /jet/build/data_pipeline.rs:150408:5
       |
150408 |     'mir_dispatch: loop {
       |     ^^^^^^^^^^^^^
       |
       = note: `#[warn(unused_labels)]` (part of `#[warn(unused)]`) on by default

warning: unnecessary parentheses around function argument
      --> /jet/build/data_pipeline.rs:150489:53
       |
150489 | ...me((((__jet_v_11860527565400327752.as_ref().expect("MIR value")).clone()) > ((__jet_v_4282236076674225385.as_ref().expect("MIR value")).clone())));
       |       ^                                                                                                                                            ^
       |
help: remove these parentheses
       |
150489 -                 __jet_v_11873988128597712646 = Some((((__jet_v_11860527565400327752.as_ref().expect("MIR value")).clone()) > ((__jet_v_4282236076674225385.as_ref().expect("MIR value")).clone())));
150489 +                 __jet_v_11873988128597712646 = Some(((__jet_v_11860527565400327752.as_ref().expect("MIR value")).clone()) > ((__jet_v_4282236076674225385.as_ref().expect("MIR value")).clone()));
       |

warning: unnecessary parentheses around function argument
      --> /jet/build/data_pipeline.rs:150515:52
       |
150515 | ...me((((__jet_v_12688281039754867788.as_ref().expect("MIR value")).clone()) < ((__jet_v_11784179624759658642.as_ref().expect("MIR value")).clone())));
       |       ^                                                                                                                                             ^
       |
help: remove these parentheses
       |
150515 -                 __jet_v_4305480880314663775 = Some((((__jet_v_12688281039754867788.as_ref().expect("MIR value")).clone()) < ((__jet_v_11784179624759658642.as_ref().expect("MIR value")).clone())));
150515 +                 __jet_v_4305480880314663775 = Some(((__jet_v_12688281039754867788.as_ref().expect("MIR value")).clone()) < ((__jet_v_11784179624759658642.as_ref().expect("MIR value")).clone()));
       |

warning: unnecessary parentheses around function argument
      --> /jet/build/data_pipeline.rs:150539:53
       |
150539 | ...me((((__jet_v_4501069927397854400.as_ref().expect("MIR value")).clone()) > ((__jet_v_6219011356721701914.as_ref().expect("MIR value")).clone())));
       |       ^                                                                                                                                           ^
       |
help: remove these parentheses
       |
150539 -                 __jet_v_15365990427874105679 = Some((((__jet_v_4501069927397854400.as_ref().expect("MIR value")).clone()) > ((__jet_v_6219011356721701914.as_ref().expect("MIR value")).clone())));
150539 +                 __jet_v_15365990427874105679 = Some(((__jet_v_4501069927397854400.as_ref().expect("MIR value")).clone()) > ((__jet_v_6219011356721701914.as_ref().expect("MIR value")).clone()));
       |

warning: unnecessary parentheses around function argument
      --> /jet/build/data_pipeline.rs:150559:53
       |
150559 | ...me((((__jet_v_2048164209972254451.as_ref().expect("MIR value")).clone()) < ((__jet_v_9256900660278288052.as_ref().expect("MIR value")).clone())));
       |       ^                                                                                                                                           ^
       |
help: remove these parentheses
       |
150559 -                 __jet_v_11104839080476618927 = Some((((__jet_v_2048164209972254451.as_ref().expect("MIR value")).clone()) < ((__jet_v_9256900660278288052.as_ref().expect("MIR value")).clone())));
150559 +                 __jet_v_11104839080476618927 = Some(((__jet_v_2048164209972254451.as_ref().expect("MIR value")).clone()) < ((__jet_v_9256900660278288052.as_ref().expect("MIR value")).clone()));
       |

warning: unnecessary parentheses around function argument
      --> /jet/build/data_pipeline.rs:150748:52
       |
150748 | ...me((((__jet_v_8800546911375084594.as_ref().expect("MIR value")).clone()) == ((__jet_v_6003488997698886870.as_ref().expect("MIR value")).clone())));
       |       ^                                                                                                                                            ^
       |
help: remove these parentheses
       |
150748 -                 __jet_v_9229359385148896971 = Some((((__jet_v_8800546911375084594.as_ref().expect("MIR value")).clone()) == ((__jet_v_6003488997698886870.as_ref().expect("MIR value")).clone())));
150748 +                 __jet_v_9229359385148896971 = Some(((__jet_v_8800546911375084594.as_ref().expect("MIR value")).clone()) == ((__jet_v_6003488997698886870.as_ref().expect("MIR value")).clone()));
       |

warning: unnecessary parentheses around function argument
      --> /jet/build/data_pipeline.rs:151001:53
       |
151001 |                 __jet_v_14313438732825119122 = Some((!(*(__jet_v_1930730620946070264.as_ref().expect("MIR value")))));
       |                                                     ^                                                              ^
       |
help: remove these parentheses
       |
151001 -                 __jet_v_14313438732825119122 = Some((!(*(__jet_v_1930730620946070264.as_ref().expect("MIR value")))));
151001 +                 __jet_v_14313438732825119122 = Some(!(*(__jet_v_1930730620946070264.as_ref().expect("MIR value"))));
       |

warning: unnecessary parentheses around function argument
      --> /jet/build/data_pipeline.rs:151019:52
       |
151019 |                 __jet_v_1392274389960147593 = Some((!(*(__jet_v_556162118818394613.as_ref().expect("MIR value")))));
       |                                                    ^                                                             ^
       |
help: remove these parentheses
       |
151019 -                 __jet_v_1392274389960147593 = Some((!(*(__jet_v_556162118818394613.as_ref().expect("MIR value")))));
151019 +                 __jet_v_1392274389960147593 = Some(!(*(__jet_v_556162118818394613.as_ref().expect("MIR value"))));
       |

warning: unnecessary parentheses around function argument
      --> /jet/build/data_pipeline.rs:151033:53
       |
151033 | ...me((((__jet_v_13648508081438270678.as_ref().expect("MIR value")).clone()) == ((__jet_v_7799933066853110046.as_ref().expect("MIR value")).clone())));
       |       ^                                                                                                                                             ^
       |
help: remove these parentheses
       |
151033 -                 __jet_v_10967065541646922784 = Some((((__jet_v_13648508081438270678.as_ref().expect("MIR value")).clone()) == ((__jet_v_7799933066853110046.as_ref().expect("MIR value")).clone())));
151033 +                 __jet_v_10967065541646922784 = Some(((__jet_v_13648508081438270678.as_ref().expect("MIR value")).clone()) == ((__jet_v_7799933066853110046.as_ref().expect("MIR value")).clone()));
       |

warning: unnecessary parentheses around function argument
      --> /jet/build/data_pipeline.rs:151095:52
       |
151095 |                 __jet_v_7430750273566118806 = Some((!(*(__jet_v_8278249369716090195.as_ref().expect("MIR value")))));
       |                                                    ^                                                              ^
       |
help: remove these parentheses
       |
151095 -                 __jet_v_7430750273566118806 = Some((!(*(__jet_v_8278249369716090195.as_ref().expect("MIR value")))));
151095 +                 __jet_v_7430750273566118806 = Some(!(*(__jet_v_8278249369716090195.as_ref().expect("MIR value"))));
       |

warning: unnecessary parentheses around function argument
      --> /jet/build/data_pipeline.rs:151314:53
       |
151314 |                 __jet_v_13725336530458006868 = Some((!(*(__jet_v_13415229901866346039.as_ref().expect("MIR value")))));
       |                                                     ^                                                               ^
       |
help: remove these parentheses
       |
151314 -                 __jet_v_13725336530458006868 = Some((!(*(__jet_v_13415229901866346039.as_ref().expect("MIR value")))));
151314 +                 __jet_v_13725336530458006868 = Some(!(*(__jet_v_13415229901866346039.as_ref().expect("MIR value"))));
       |

warning: unnecessary parentheses around function argument
      --> /jet/build/data_pipeline.rs:151474:53
       |
151474 |                 __jet_v_16348968094123811982 = Some((!(*(__jet_v_7101320932459005965.as_ref().expect("MIR value")))));
       |                                                     ^                                                              ^
       |
help: remove these parentheses
       |
151474 -                 __jet_v_16348968094123811982 = Some((!(*(__jet_v_7101320932459005965.as_ref().expect("MIR value")))));
151474 +                 __jet_v_16348968094123811982 = Some(!(*(__jet_v_7101320932459005965.as_ref().expect("MIR value"))));
       |

warning: unused label
      --> /jet/build/data_pipeline.rs:151517:5
       |
151517 |     'mir_dispatch: loop {
       |     ^^^^^^^^^^^^^

warning: unnecessary parentheses around function argument
      --> /jet/build/data_pipeline.rs:151582:53
       |
151582 | ...me((((__jet_v_12826086268886223783.as_ref().expect("MIR value")).clone()) != ((__jet_v_1635729173712666117.as_ref().expect("MIR value")).clone())));
       |       ^                                                                                                                                             ^
       |
help: remove these parentheses
       |
151582 -                 __jet_v_12418054309330338416 = Some((((__jet_v_12826086268886223783.as_ref().expect("MIR value")).clone()) != ((__jet_v_1635729173712666117.as_ref().expect("MIR value")).clone())));
151582 +                 __jet_v_12418054309330338416 = Some(((__jet_v_12826086268886223783.as_ref().expect("MIR value")).clone()) != ((__jet_v_1635729173712666117.as_ref().expect("MIR value")).clone()));
       |

warning: unnecessary parentheses around function argument
      --> /jet/build/data_pipeline.rs:151598:52
       |
151598 | ...me((((__jet_v_17372373773796391867.as_ref().expect("MIR value")).clone()) != ((__jet_v_16281096431983609182.as_ref().expect("MIR value")).clone())));
       |       ^                                                                                                                                              ^
       |
help: remove these parentheses
       |
151598 -                 __jet_v_1234502914388384142 = Some((((__jet_v_17372373773796391867.as_ref().expect("MIR value")).clone()) != ((__jet_v_16281096431983609182.as_ref().expect("MIR value")).clone())));
151598 +                 __jet_v_1234502914388384142 = Some(((__jet_v_17372373773796391867.as_ref().expect("MIR value")).clone()) != ((__jet_v_16281096431983609182.as_ref().expect("MIR value")).clone()));
       |

warning: unnecessary parentheses around function argument
      --> /jet/build/data_pipeline.rs:151656:52
       |
151656 | ...me((((__jet_v_1692061009931808410.as_ref().expect("MIR value")).clone()) != ((__jet_v_7931008027703743500.as_ref().expect("MIR value")).clone())));
       |       ^                                                                                                                                            ^
       |
help: remove these parentheses
       |
151656 -                 __jet_v_1361676157247746085 = Some((((__jet_v_1692061009931808410.as_ref().expect("MIR value")).clone()) != ((__jet_v_7931008027703743500.as_ref().expect("MIR value")).clone())));
151656 +                 __jet_v_1361676157247746085 = Some(((__jet_v_1692061009931808410.as_ref().expect("MIR value")).clone()) != ((__jet_v_7931008027703743500.as_ref().expect("MIR value")).clone()));
       |

warning: unnecessary parentheses around function argument
      --> /jet/build/data_pipeline.rs:151685:53
       |
151685 | ...me((((__jet_v_3031005570920704870.as_ref().expect("MIR value")).clone()) != ((__jet_v_14313246751122533265.as_ref().expect("MIR value")).clone())));
       |       ^                                                                                                                                             ^
       |
help: remove these parentheses
       |
151685 -                 __jet_v_11823282324876482800 = Some((((__jet_v_3031005570920704870.as_ref().expect("MIR value")).clone()) != ((__jet_v_14313246751122533265.as_ref().expect("MIR value")).clone())));
151685 +                 __jet_v_11823282324876482800 = Some(((__jet_v_3031005570920704870.as_ref().expect("MIR value")).clone()) != ((__jet_v_14313246751122533265.as_ref().expect("MIR value")).clone()));
       |

warning: unused label
      --> /jet/build/data_pipeline.rs:151714:5
       |
151714 |     'mir_dispatch: loop {
       |     ^^^^^^^^^^^^^

warning: unnecessary parentheses around function argument
      --> /jet/build/data_pipeline.rs:151754:52
       |
151754 | ...me((((__jet_v_17038941844346486524.as_ref().expect("MIR value")).clone()) >= ((__jet_v_4142134567572356174.as_ref().expect("MIR value")).clone())));
       |       ^                                                                                                                                             ^
       |
help: remove these parentheses
       |
151754 -                 __jet_v_2794004838368048888 = Some((((__jet_v_17038941844346486524.as_ref().expect("MIR value")).clone()) >= ((__jet_v_4142134567572356174.as_ref().expect("MIR value")).clone())));
151754 +                 __jet_v_2794004838368048888 = Some(((__jet_v_17038941844346486524.as_ref().expect("MIR value")).clone()) >= ((__jet_v_4142134567572356174.as_ref().expect("MIR value")).clone()));
       |

warning: unused label
      --> /jet/build/data_pipeline.rs:151785:5
       |
151785 |     'mir_dispatch: loop {
       |     ^^^^^^^^^^^^^

warning: unnecessary parentheses around function argument
      --> /jet/build/data_pipeline.rs:151791:52
       |
151791 | ...me((((__jet_v_2648740502630332628.as_ref().expect("MIR value")).clone()) >= ((__jet_v_11605715325064894854.as_ref().expect("MIR value")).clone())));
       |       ^                                                                                                                                             ^
       |
help: remove these parentheses
       |
151791 -                 __jet_v_6530428832654856410 = Some((((__jet_v_2648740502630332628.as_ref().expect("MIR value")).clone()) >= ((__jet_v_11605715325064894854.as_ref().expect("MIR value")).clone())));
151791 +                 __jet_v_6530428832654856410 = Some(((__jet_v_2648740502630332628.as_ref().expect("MIR value")).clone()) >= ((__jet_v_11605715325064894854.as_ref().expect("MIR value")).clone()));
       |

warning: unused label
      --> /jet/build/data_pipeline.rs:151806:5
       |
151806 |     'mir_dispatch: loop {
       |     ^^^^^^^^^^^^^

warning: unused label
      --> /jet/build/data_pipeline.rs:151823:5
       |
151823 |     'mir_dispatch: loop {
       |     ^^^^^^^^^^^^^

warning: unused label
      --> /jet/build/data_pipeline.rs:151841:5
       |
151841 |     'mir_dispatch: loop {
       |     ^^^^^^^^^^^^^

warning: unused label
      --> /jet/build/data_pipeline.rs:151861:5
       |
151861 |     'mir_dispatch: loop {
       |     ^^^^^^^^^^^^^

warning: unused label
      --> /jet/build/data_pipeline.rs:151882:5
       |
151882 |     'mir_dispatch: loop {
       |     ^^^^^^^^^^^^^

warning: unused label
      --> /jet/build/data_pipeline.rs:151904:5
       |
151904 |     'mir_dispatch: loop {
       |     ^^^^^^^^^^^^^

warning: unnecessary parentheses around function argument
      --> /jet/build/data_pipeline.rs:151910:53
       |
151910 | ...me((((__jet_v_1751871781707191413.as_ref().expect("MIR value")).clone()) >= ((__jet_v_7927595491424241006.as_ref().expect("MIR value")).clone())));
       |       ^                                                                                                                                            ^
       |
help: remove these parentheses
       |
151910 -                 __jet_v_16635709127410360811 = Some((((__jet_v_1751871781707191413.as_ref().expect("MIR value")).clone()) >= ((__jet_v_7927595491424241006.as_ref().expect("MIR value")).clone())));
151910 +                 __jet_v_16635709127410360811 = Some(((__jet_v_1751871781707191413.as_ref().expect("MIR value")).clone()) >= ((__jet_v_7927595491424241006.as_ref().expect("MIR value")).clone()));
       |

warning: unused label
      --> /jet/build/data_pipeline.rs:151926:5
       |
151926 |     'mir_dispatch: loop {
       |     ^^^^^^^^^^^^^

warning: unused label
      --> /jet/build/data_pipeline.rs:151993:5
       |
151993 |     'mir_dispatch: loop {
       |     ^^^^^^^^^^^^^

warning: unused label
      --> /jet/build/data_pipeline.rs:152015:5
       |
152015 |     'mir_dispatch: loop {
       |     ^^^^^^^^^^^^^

warning: unused label
      --> /jet/build/data_pipeline.rs:152036:5
       |
152036 |     'mir_dispatch: loop {
       |     ^^^^^^^^^^^^^

warning: unused label
      --> /jet/build/data_pipeline.rs:152057:5
       |
152057 |     'mir_dispatch: loop {
       |     ^^^^^^^^^^^^^

warning: unnecessary parentheses around function argument
      --> /jet/build/data_pipeline.rs:152528:52
       |
152528 |                 __jet_v_2190605504310512448 = Some((!(*(__jet_v_264372542715865088.as_ref().expect("MIR value")))));
       |                                                    ^                                                             ^
       |
help: remove these parentheses
       |
152528 -                 __jet_v_2190605504310512448 = Some((!(*(__jet_v_264372542715865088.as_ref().expect("MIR value")))));
152528 +                 __jet_v_2190605504310512448 = Some(!(*(__jet_v_264372542715865088.as_ref().expect("MIR value"))));
       |

warning: unused label
      --> /jet/build/data_pipeline.rs:153035:5
       |
153035 |     'mir_dispatch: loop {
       |     ^^^^^^^^^^^^^

warning: unused label
      --> /jet/build/data_pipeline.rs:153055:5
       |
153055 |     'mir_dispatch: loop {
       |     ^^^^^^^^^^^^^

warning: unreachable call
      --> /jet/build/data_pipeline.rs:151997:47
       |
151997 | ... = Some(jet_panic_rich("data_pipeline.jet", 16u32, ...) { String::new() } else { String::new() }));
       |       ^^^^ -------------------------------------------...------------------------------------------- any code following this expression is unreachable
       |       |
       |       unreachable call
       |
       = note: `#[warn(unreachable_code)]` (part of `#[warn(unused)]`) on by default

error[E0308]: mismatched types
      --> /jet/build/data_pipeline.rs:152382:53
       |
152382 |                 __jet_v_13154429081105084804 = Some(__jet_v_3073873523116552324.as_ref().expect("MIR value"));
       |                                                ---- ^^^^^^^^^^^^^^^^^^^^^^^^^^^^^^^^^^^^^^^^^^^^^^^^^^^^^^^^ expected `Vec<Result<f64, JetAbsent>>`, found `&Vec<Result<f64, JetAbsent>>`
       |                                                |
       |                                                arguments to this enum variant are incorrect
       |
       = note: expected struct `Vec<_>`
               found reference `&Vec<_>`
help: the type constructed contains `&Vec<Result<f64, JetAbsent>>` due to the type of the argument passed
      --> /jet/build/data_pipeline.rs:152382:48
       |
152382 |                 __jet_v_13154429081105084804 = Some(__jet_v_3073873523116552324.as_ref().expect("MIR value"));
       |                                                ^^^^^--------------------------------------------------------^
       |                                                     |
       |                                                     this argument influences the type of `Some`
note: tuple variant defined here
      --> /rustc/8bab26f4f68e0e26f0bb7960be334d5b520ea452/library/core/src/option.rs:605:4
help: try using a conversion method
       |
152382 |                 __jet_v_13154429081105084804 = Some(__jet_v_3073873523116552324.as_ref().expect("MIR value").to_vec());
       |                                                                                                             +++++++++

error[E0308]: mismatched types
      --> /jet/build/data_pipeline.rs:152441:52
       |
152441 |                 __jet_v_8822370649758989338 = Some((__jet_v_13691283297875365156.as_ref().expect("MIR value")).count.clone());
       |                                               ---- ^^^^^^^^^^^^^^^^^^^^^^^^^^^^^^^^^^^^^^^^^^^^^^^^^^^^^^^^^^^^^^^^^^^^^^^^^ expected `JetInt`, found `i64`
       |                                               |
       |                                               arguments to this enum variant are incorrect
       |
help: the type constructed contains `i64` due to the type of the argument passed
      --> /jet/build/data_pipeline.rs:152441:47
       |
152441 |                 __jet_v_8822370649758989338 = Some((__jet_v_13691283297875365156.as_ref().expect("MIR value")).count.clone());
       |                                               ^^^^^-------------------------------------------------------------------------^
       |                                                    |
       |                                                    this argument influences the type of `Some`
note: tuple variant defined here
      --> /rustc/8bab26f4f68e0e26f0bb7960be334d5b520ea452/library/core/src/option.rs:605:4

error[E0308]: mismatched types
      --> /jet/build/data_pipeline.rs:152495:52
       |
152495 | ... = Some(jet_data_inner_join(__jet_l_133729406137961...5932.as_ref().expect("MIR value")).clone()));
       |       ---- ^^^^^^^^^^^^^^^^^^^^^^^^^^^^^^^^^^^^^^^^^^^...^^^^^^^^^^^^^^^^^^^^^^^^^^^^^^^^^^^^^^^^^^^ expected `Result<Vec<DataJoin<..., ...>>, ...>`, found `Vec<DataJoin<..., ...>>`
       |       |
       |       arguments to this enum variant are incorrect
       |
       = note: expected enum `Result<Vec<_>, DataError>`
                found struct `Vec<_>`
help: the type constructed contains `Vec<DataJoin<__jet__shome_snate_sProjects_sGithub_sjet_sexamples_sfeatures_stooling_c_cdata_upipeline_djet_c_cTicket, __jet__shome_snate_sProjects_sGithub_sjet_sexamples_sfeatures_stooling_c_cdata_upipeline_djet_c_cBudget>>` due to the type of the argument passed
      --> /jet/build/data_pipeline.rs:152495:47
       |
152495 | ... = Some(jet_data_inner_join(__jet_l_1337294061...932.as_ref().expect("MIR value")).clone()));
       |       ^^^^^--------------------------------------...------------------------------------------^
       |            |
       |            this argument influences the type of `Some`
note: tuple variant defined here
      --> /rustc/8bab26f4f68e0e26f0bb7960be334d5b520ea452/library/core/src/option.rs:605:4
help: try wrapping the expression in `Ok`
       |
152495 |                 __jet_v_6908218161139416549 = Some(Ok(jet_data_inner_join(__jet_l_13372940613796170494.as_ref().expect("MIR local"), __jet_l_325339382381789537.as_ref().expect("MIR local"), (__jet_v_16350133117302121468.as_ref().expect("MIR value")).clone(), (__jet_v_16997989784796835932.as_ref().expect("MIR value")).clone())));
       |                                                    +++                                                                                                                                                                                                                                                                                 +

error[E0308]: mismatched types
      --> /jet/build/data_pipeline.rs:152514:78
       |
152514 | ...733800484 = Some(jet_data_bar_text_checked(__jet_l_5083390280802746510.as_ref().expect("MIR local")));
       |                     ------------------------- ^^^^^^^^^^^^^^^^^^^^^^^^^^^^^^^^^^^^^^^^^^^^^^^^^^^^^^^^ expected `&Vec<GroupValue<_, i64>>`, found `&Vec<GroupValue<String, JetInt>>`
       |                     |
       |                     arguments to this function are incorrect
       |
       = note: expected reference `&Vec<GroupValue<_, i64>>`
                  found reference `&Vec<GroupValue<String, jet_foundation_numeric::JetInt>>`
note: function defined here
      --> /jet/build/data_pipeline.rs:140818:15
       |
140818 | pub(crate) fn jet_data_bar_text_checked<K: crate::JetShow>(
       |               ^^^^^^^^^^^^^^^^^^^^^^^^^
140819 |     groups: &Vec<jet_std::GroupValue<K, i64>>,
       |     -----------------------------------------

warning: unreachable call
      --> /jet/build/data_pipeline.rs:152553:46
       |
152553 | ... = Some(jet_panic_rich("data_pipeline.jet", 39u32, "run", "        .collect() ?? panic(\"group_sum\")", 23u32, 5u32, &((__jet_v_1607455082452768154.as_ref().expect("MIR value")).clone()), &if cfg!(debug_assertions) { String::new() } else { String::new() }));
       |       ^^^^ -------------------------------------------------------------------------------------------------------------------------------------------------------------------------------------------------------------------------------------------------------- any code following this expression is unreachable
       |       |
       |       unreachable call

warning: unreachable call
      --> /jet/build/data_pipeline.rs:152558:47
       |
152558 | ... = Some(jet_panic_rich("data_pipeline.jet", 34u32, ...) { String::new() } else { String::new() }));
       |       ^^^^ -------------------------------------------...------------------------------------------- any code following this expression is unreachable
       |       |
       |       unreachable call

warning: unreachable call
      --> /jet/build/data_pipeline.rs:152628:48
       |
152628 | ... = Some(jet_panic_rich("data_pipeline.jet", 24u32, "run", "    rows :: data.csv<Ticket>(raw) ?? panic(\"bad csv\")", 38u32, 5u32, &((__jet_v_566633564074039208.as_ref().expect("MIR value")).clone()), &if cfg!(debug_assertions) { String::new() } else { String::new() }));
       |       ^^^^ -------------------------------------------------------------------------------------------------------------------------------------------------------------------------------------------------------------------------------------------------------------------- any code following this expression is unreachable
       |       |
       |       unreachable call

warning: unreachable call
      --> /jet/build/data_pipeline.rs:152663:46
       |
152663 | ... = Some(jet_panic_rich("data_pipeline.jet", 44u32, ...) { String::new() } else { String::new() }));
       |       ^^^^ -------------------------------------------...------------------------------------------- any code following this expression is unreachable
       |       |
       |       unreachable call

warning: unreachable call
      --> /jet/build/data_pipeline.rs:152744:48
       |
152744 | ... = Some(jet_panic_rich("data_pipeline.jet", 46u32, ...) { String::new() } else { String::new() }));
       |       ^^^^ -------------------------------------------...------------------------------------------- any code following this expression is unreachable
       |       |
       |       unreachable call

warning: unreachable call
      --> /jet/build/data_pipeline.rs:152749:47
       |
152749 | ... = Some(jet_panic_rich("data_pipeline.jet", 58u32, "run", "    print(data.bar_text(counts) ?? panic(\"bar\"))", 36u32, 5u32, &((__jet_v_18128835431050664554.as_ref().expect("MIR value")).clone()), &if cfg!(debug_assertions) { String::new() } else { String::new() }));
       |       ^^^^ ----------------------------------------------------------------------------------------------------------------------------------------------------------------------------------------------------------------------------------------------------------------- any code following this expression is unreachable
       |       |
       |       unreachable call

warning: unreachable call
      --> /jet/build/data_pipeline.rs:152754:48
       |
152754 | ... = Some(jet_panic_rich("data_pipeline.jet", 48u32, ...) { String::new() } else { String::new() }));
       |       ^^^^ -------------------------------------------...------------------------------------------- any code following this expression is unreachable
       |       |
       |       unreachable call

warning: unreachable call
      --> /jet/build/data_pipeline.rs:152798:48
       |
152798 | ... = Some(jet_panic_rich("data_pipeline.jet", 26u32, ...) { String::new() } else { String::new() }));
       |       ^^^^ -------------------------------------------...------------------------------------------- any code following this expression is unreachable
       |       |
       |       unreachable call

warning: unreachable call
      --> /jet/build/data_pipeline.rs:152831:48
       |
152831 | ... = Some(jet_panic_rich("data_pipeline.jet", 35u32, ...) { String::new() } else { String::new() }));
       |       ^^^^ -------------------------------------------...------------------------------------------- any code following this expression is unreachable
       |       |
       |       unreachable call

error[E0308]: mismatched types
      --> /jet/build/data_pipeline.rs:152840:53
       |
152840 | ...772551650300 = Some(jet_data_group_count_query(__jet_v_8050821486150968825.as_ref().expect("MIR value")));
       |                   ---- ^^^^^^^^^^^^^^^^^^^^^^^^^^^^^^^^^^^^^^^^^^^^^^^^^^^^^^^^^^^^^^^^^^^^^^^^^^^^^^^^^^^^ expected `DataQuery<GroupValue<String, JetInt>>`, found `DataQuery<GroupValue<String, i64>>`
       |                   |
       |                   arguments to this enum variant are incorrect
       |
       = note: expected struct `DataQuery<GroupValue<_, jet_foundation_numeric::JetInt>>`
                  found struct `DataQuery<GroupValue<_, i64>>`
help: the type constructed contains `DataQuery<GroupValue<String, i64>>` due to the type of the argument passed
      --> /jet/build/data_pipeline.rs:152840:48
       |
152840 | ...2551650300 = Some(jet_data_group_count_query(__jet_v_8050821486150968825.as_ref().expect("MIR value")));
       |                 ^^^^^------------------------------------------------------------------------------------^
       |                      |
       |                      this argument influences the type of `Some`
note: tuple variant defined here
      --> /rustc/8bab26f4f68e0e26f0bb7960be334d5b520ea452/library/core/src/option.rs:605:4

error[E0308]: mismatched types
      --> /jet/build/data_pipeline.rs:152873:53
       |
152873 |                 __jet_v_17714219565063534950 = Some((__jet_v_5279703709047905333.as_ref().expect("MIR value")).count.clone());
       |                                                ---- ^^^^^^^^^^^^^^^^^^^^^^^^^^^^^^^^^^^^^^^^^^^^^^^^^^^^^^^^^^^^^^^^^^^^^^^^ expected `JetInt`, found `i64`
       |                                                |
       |                                                arguments to this enum variant are incorrect
       |
help: the type constructed contains `i64` due to the type of the argument passed
      --> /jet/build/data_pipeline.rs:152873:48
       |
152873 |                 __jet_v_17714219565063534950 = Some((__jet_v_5279703709047905333.as_ref().expect("MIR value")).count.clone());
       |                                                ^^^^^------------------------------------------------------------------------^
       |                                                     |
       |                                                     this argument influences the type of `Some`
note: tuple variant defined here
      --> /rustc/8bab26f4f68e0e26f0bb7960be334d5b520ea452/library/core/src/option.rs:605:4

warning: unreachable call
      --> /jet/build/data_pipeline.rs:152892:48
       |
152892 | ... = Some(jet_panic_rich("data_pipeline.jet", 33u32, ...) { String::new() } else { String::new() }));
       |       ^^^^ -------------------------------------------...------------------------------------------- any code following this expression is unreachable
       |       |
       |       unreachable call

warning: unreachable call
      --> /jet/build/data_pipeline.rs:152930:48
       |
152930 | ... = Some(jet_panic_rich("data_pipeline.jet", 45u32, ...) { String::new() } else { String::new() }));
       |       ^^^^ -------------------------------------------...------------------------------------------- any code following this expression is unreachable
       |       |
       |       unreachable call

error[E0308]: mismatched types
      --> /jet/build/data_pipeline.rs:152944:52
       |
152944 | ... = Some(jet_data_left_join(__jet_l_1345834829722630...9277.as_ref().expect("MIR value")).clone()));
       |       ---- ^^^^^^^^^^^^^^^^^^^^^^^^^^^^^^^^^^^^^^^^^^^...^^^^^^^^^^^^^^^^^^^^^^^^^^^^^^^^^^^^^^^^^^^ expected `Result<Vec<DataJoin<..., ...>>, ...>`, found `Vec<DataJoin<..., ...>>`
       |       |
       |       arguments to this enum variant are incorrect
       |
       = note: expected enum `Result<Vec<_>, DataError>`
                found struct `Vec<_>`
help: the type constructed contains `Vec<DataJoin<__jet__shome_snate_sProjects_sGithub_sjet_sexamples_sfeatures_stooling_c_cdata_upipeline_djet_c_cTicket, Result<__jet__shome_snate_sProjects_sGithub_sjet_sexamples_sfeatures_stooling_c_cdata_upipeline_djet_c_cBudget, JetAbsent>>>` due to the type of the argument passed
      --> /jet/build/data_pipeline.rs:152944:47
       |
152944 | ... = Some(jet_data_left_join(__jet_l_13458348297...277.as_ref().expect("MIR value")).clone()));
       |       ^^^^^--------------------------------------...------------------------------------------^
       |            |
       |            this argument influences the type of `Some`
note: tuple variant defined here
      --> /rustc/8bab26f4f68e0e26f0bb7960be334d5b520ea452/library/core/src/option.rs:605:4
help: try wrapping the expression in `Ok`
       |
152944 |                 __jet_v_9018366529891462130 = Some(Ok(jet_data_left_join(__jet_l_13458348297226302166.as_ref().expect("MIR local"), __jet_l_325339382381789537.as_ref().expect("MIR local"), (__jet_v_17830020401147109450.as_ref().expect("MIR value")).clone(), (__jet_v_17241879671205099277.as_ref().expect("MIR value")).clone())));
       |                                                    +++                                                                                                                                                                                                                                                                                +

warning: unreachable call
      --> /jet/build/data_pipeline.rs:152994:46
       |
152994 | ... = Some(jet_panic_rich("data_pipeline.jet", 43u32, "run", "        .collect() ?? panic(\"count\")", 23u32, 5u32, &((__jet_v_1267086370017287433.as_ref().expect("MIR value")).clone()), &if cfg!(debug_assertions) { String::new() } else { String::new() }));
       |       ^^^^ ---------------------------------------------------------------------------------------------------------------------------------------------------------------------------------------------------------------------------------------------------- any code following this expression is unreachable
       |       |
       |       unreachable call

warning: unused import: `Read`
      --> /jet/build/data_pipeline.rs:113345:15
       |
113345 | use std::io::{Read, Seek, SeekFrom, Write};
       |               ^^^^

warning: unused import: `Write`
      --> /jet/build/data_pipeline.rs:113345:37
       |
113345 | use std::io::{Read, Seek, SeekFrom, Write};
       |                                     ^^^^^

warning: unused import: `Any`
      --> /jet/build/data_pipeline.rs:113342:16
       |
113342 | use std::any::{Any as JetWebStoreAny, TypeId as JetWebStoreTypeId};
       |                ^^^

warning: unused import: `Seek`
      --> /jet/build/data_pipeline.rs:113345:21
       |
113345 | use std::io::{Read, Seek, SeekFrom, Write};
       |                     ^^^^

warning: value assigned to `cursor` is never read
      --> /jet/build/data_pipeline.rs:120455:17
       |
120455 |                 cursor += 2;
       |                 ^^^^^^^^^^^ this value is reassigned later and never used
...
120458 |                 cursor += 1;
       |                 ----------- `cursor` is overwritten here before the previous value is read
       |
       = note: `#[warn(unused_assignments)]` (part of `#[warn(unused)]`) on by default

warning: value assigned to `cursor` is never read
      --> /jet/build/data_pipeline.rs:120458:17
       |
120458 |                 cursor += 1;
       |                 ^^^^^^^^^^^
       |
       = help: maybe it is overwritten before being read?

warning: unused variable: `prior`
      --> /jet/build/data_pipeline.rs:142145:9
       |
142145 |         prior: &[jet_std::DataWatchEntry<jet_std::GroupValue<K, V>>],
       |         ^^^^^ help: if this is intentional, prefix it with an underscore: `_prior`
       |
       = note: `#[warn(unused_variables)]` (part of `#[warn(unused)]`) on by default

error: aborting due to 7 previous errors; 107 warnings emitted

For more information about this error, try `rustc --explain E0308`.
