error[E0433]: cannot find module or crate `jet_email` in this scope
      --> /jet/build/email_dkim.rs:124758:52
       |
124758 |                 __jet_v_4072044008901133308 = Some(jet_email::SMTPSecurity::StartTls);
       |                                                    ^^^^^^^^^ use of unresolved module or unlinked crate `jet_email`
       |
       = help: you might be missing a crate named `jet_email`

error[E0433]: cannot find module or crate `jet_email` in this scope
      --> /jet/build/email_dkim.rs:124761:52
       |
124761 | ...   __jet_v_5872104605809987337 = Some(jet_email::SMTPAuth::Password { username: __jet_v_8347174875703790127.take().expect("MI...
       |                                          ^^^^^^^^^ use of unresolved module or unlinked crate `jet_email`
       |
       = help: you might be missing a crate named `jet_email`

error[E0433]: cannot find module or crate `jet_email` in this scope
      --> /jet/build/email_dkim.rs:124762:52
       |
124762 |                 __jet_v_6278121205245894530 = Some(jet_email::RecipientPolicy::RequireAll);
       |                                                    ^^^^^^^^^ use of unresolved module or unlinked crate `jet_email`
       |
       = help: you might be missing a crate named `jet_email`

error[E0433]: cannot find module or crate `jet_email` in this scope
      --> /jet/build/email_dkim.rs:124763:53
       |
124763 |                 __jet_v_16515019280795152453 = Some(jet_email::TLSTrust::System);
       |                                                     ^^^^^^^^^ use of unresolved module or unlinked crate `jet_email`
       |
       = help: you might be missing a crate named `jet_email`

error[E0433]: cannot find module or crate `jet_email` in this scope
      --> /jet/build/email_dkim.rs:124764:53
       |
124764 |                 __jet_v_16745211952970610239 = Some(jet_email::Limits::safe());
       |                                                     ^^^^^^^^^ use of unresolved module or unlinked crate `jet_email`
       |
       = help: you might be missing a crate named `jet_email`
help: consider importing one of these structs
       |
  3257 + use crate::XmlPull::Limits;
       |
  3257 + use crate::jet_foundation::PreludeDataFlow::Limits;
       |
help: if you import `Limits`, refer to it directly
       |
124764 -                 __jet_v_16745211952970610239 = Some(jet_email::Limits::safe());
124764 +                 __jet_v_16745211952970610239 = Some(Limits::safe());
       |

warning: trait `__jet_Display` should have an upper camel case name
 --> /jet/build/email_dkim.rs:9:11
  |
9 | pub trait __jet_Display {
  |           ^^^^^^^^^^^^^ help: convert the identifier to upper camel case: `JetDisplay`
  |
  = note: `#[warn(non_camel_case_types)]` (part of `#[warn(nonstandard_style)]`) on by default

warning: trait `__jet_Equatable` should have an upper camel case name
  --> /jet/build/email_dkim.rs:13:11
   |
13 | pub trait __jet_Equatable: Sized { fn equal(&self, rhs: &Self) -> bool; }
   |           ^^^^^^^^^^^^^^^ help: convert the identifier to upper camel case: `JetEquatable`

warning: type `__jet_Ordering` should have an upper camel case name
  --> /jet/build/email_dkim.rs:29:10
   |
29 | pub enum __jet_Ordering { __jet_Less, __jet_Equal, __jet_Greater }
   |          ^^^^^^^^^^^^^^ help: convert the identifier to upper camel case: `JetOrdering`

warning: variant `__jet_Less` should have an upper camel case name
  --> /jet/build/email_dkim.rs:29:27
   |
29 | pub enum __jet_Ordering { __jet_Less, __jet_Equal, __jet_Greater }
   |                           ^^^^^^^^^^ help: convert the identifier to upper camel case: `JetLess`

warning: variant `__jet_Equal` should have an upper camel case name
  --> /jet/build/email_dkim.rs:29:39
   |
29 | pub enum __jet_Ordering { __jet_Less, __jet_Equal, __jet_Greater }
   |                                       ^^^^^^^^^^^ help: convert the identifier to upper camel case: `JetEqual`

warning: variant `__jet_Greater` should have an upper camel case name
  --> /jet/build/email_dkim.rs:29:52
   |
29 | pub enum __jet_Ordering { __jet_Less, __jet_Equal, __jet_Greater }
   |                                                    ^^^^^^^^^^^^^ help: convert the identifier to upper camel case: `JetGreater`

warning: trait `__jet_Comparable` should have an upper camel case name
  --> /jet/build/email_dkim.rs:31:11
   |
31 | pub trait __jet_Comparable: Sized { fn compare(&self, rhs: &Self) -> __jet_Ordering; }
   |           ^^^^^^^^^^^^^^^^ help: convert the identifier to upper camel case: `JetComparable`

warning: trait `__jet_Add` should have an upper camel case name
  --> /jet/build/email_dkim.rs:43:11
   |
43 | pub trait __jet_Add<Rhs = Self>: Sized { type Output; fn add(&self, rhs: &Rhs) -> Self::Output; }
   |           ^^^^^^^^^ help: convert the identifier to upper camel case: `JetAdd`

warning: trait `__jet_Sub` should have an upper camel case name
  --> /jet/build/email_dkim.rs:44:11
   |
44 | pub trait __jet_Sub<Rhs = Self>: Sized { type Output; fn sub(&self, rhs: &Rhs) -> Self::Output; }
   |           ^^^^^^^^^ help: convert the identifier to upper camel case: `JetSub`

warning: trait `__jet_Mul` should have an upper camel case name
  --> /jet/build/email_dkim.rs:45:11
   |
45 | pub trait __jet_Mul<Rhs = Self>: Sized { type Output; fn mul(&self, rhs: &Rhs) -> Self::Output; }
   |           ^^^^^^^^^ help: convert the identifier to upper camel case: `JetMul`

warning: trait `__jet_Div` should have an upper camel case name
  --> /jet/build/email_dkim.rs:46:11
   |
46 | pub trait __jet_Div<Rhs = Self>: Sized { type Output; fn div(&self, rhs: &Rhs) -> Self::Output; }
   |           ^^^^^^^^^ help: convert the identifier to upper camel case: `JetDiv`

warning: trait `__jet_Index` should have an upper camel case name
  --> /jet/build/email_dkim.rs:47:11
   |
47 | pub trait __jet_Index {
   |           ^^^^^^^^^^^ help: convert the identifier to upper camel case: `JetIndex`

warning: associated type `__jet_Key` should have an upper camel case name
  --> /jet/build/email_dkim.rs:48:10
   |
48 |     type __jet_Key;
   |          ^^^^^^^^^ help: convert the identifier to upper camel case: `JetKey`

warning: associated type `__jet_Value` should have an upper camel case name
  --> /jet/build/email_dkim.rs:49:10
   |
49 |     type __jet_Value;
   |          ^^^^^^^^^^^ help: convert the identifier to upper camel case: `JetValue`

warning: trait `__jet_IndexMut` should have an upper camel case name
  --> /jet/build/email_dkim.rs:52:11
   |
52 | pub trait __jet_IndexMut: __jet_Index {
   |           ^^^^^^^^^^^^^^ help: convert the identifier to upper camel case: `JetIndexMut`

warning: trait `__jet_Serialize` should have an upper camel case name
     --> /jet/build/email_dkim.rs:41671:7
      |
41671 | trait __jet_Serialize {
      |       ^^^^^^^^^^^^^^^ help: convert the identifier to upper camel case: `JetSerialize`

warning: unused import: `Cell`
     --> /jet/build/email_dkim.rs:46196:21
      |
46196 |     use std::cell::{Cell, RefCell};
      |                     ^^^^
      |
      = note: `#[warn(unused_imports)]` (part of `#[warn(unused)]`) on by default

warning: unused import: `JetUninit`
     --> /jet/build/email_dkim.rs:46200:43
      |
46200 |     pub use super::jet_uninit_semantics::{JetUninit, JetUninitFixed};
      |                                           ^^^^^^^^^

warning: unused imports: `JetSentryFrame`, `JetSentryGuard`, `jet_sentry_current_frame`, `jet_sentry_fenced_scope`, `jet_sentry_frame`, `jet_sentry_policy_scope`, `jet_sentry_reset`, `jet_sentry_scope`, and `jet_sentry_set_hardened`
     --> /jet/build/email_dkim.rs:46213:35
      |
46213 |         jet_memory_ledger_record, jet_sentry_current_frame, jet_sentry_fenced_scope,
      |                                   ^^^^^^^^^^^^^^^^^^^^^^^^  ^^^^^^^^^^^^^^^^^^^^^^^
46214 |         jet_sentry_frame, jet_sentry_policy_scope, jet_sentry_reset, jet_sentry_scope,
      |         ^^^^^^^^^^^^^^^^  ^^^^^^^^^^^^^^^^^^^^^^^  ^^^^^^^^^^^^^^^^  ^^^^^^^^^^^^^^^^
46215 |         jet_sentry_set_hardened, JetSentryFrame, JetSentryGuard, MemoryLedgerWitness,
      |         ^^^^^^^^^^^^^^^^^^^^^^^  ^^^^^^^^^^^^^^  ^^^^^^^^^^^^^^

warning: unused import: `crate::jet_encoding_json::render_json`
     --> /jet/build/email_dkim.rs:66195:13
      |
66195 |     pub use crate::jet_encoding_json::render_json;
      |             ^^^^^^^^^^^^^^^^^^^^^^^^^^^^^^^^^^^^^

warning: unnecessary parentheses around block return value
     --> /jet/build/email_dkim.rs:70257:13
      |
70257 |             (((exponent as u64 + 1023) << 52) | (top & ((1u64 << 52) - 1)))
      |             ^                                                             ^
      |
      = note: `#[warn(unused_parens)]` (part of `#[warn(unused)]`) on by default
help: remove these parentheses
      |
70257 -             (((exponent as u64 + 1023) << 52) | (top & ((1u64 << 52) - 1)))
70257 +             ((exponent as u64 + 1023) << 52) | (top & ((1u64 << 52) - 1))
      |

warning: unused import: `crate::jet_int_compare_hot`
     --> /jet/build/email_dkim.rs:70608:9
      |
70608 | pub use crate::jet_int_compare_hot;
      |         ^^^^^^^^^^^^^^^^^^^^^^^^^^

warning: unused import: `crate::jet_int_add_hot`
     --> /jet/build/email_dkim.rs:70632:9
      |
70632 | pub use crate::jet_int_add_hot;
      |         ^^^^^^^^^^^^^^^^^^^^^^

warning: unused import: `crate::jet_int_sub_hot`
     --> /jet/build/email_dkim.rs:70656:9
      |
70656 | pub use crate::jet_int_sub_hot;
      |         ^^^^^^^^^^^^^^^^^^^^^^

warning: unused import: `crate::jet_int_mul_hot`
     --> /jet/build/email_dkim.rs:70680:9
      |
70680 | pub use crate::jet_int_mul_hot;
      |         ^^^^^^^^^^^^^^^^^^^^^^

warning: unused import: `crate::jet_int_add_inline`
     --> /jet/build/email_dkim.rs:70694:9
      |
70694 | pub use crate::jet_int_add_inline;
      |         ^^^^^^^^^^^^^^^^^^^^^^^^^

warning: unused import: `crate::jet_int_sub_inline`
     --> /jet/build/email_dkim.rs:70704:9
      |
70704 | pub use crate::jet_int_sub_inline;
      |         ^^^^^^^^^^^^^^^^^^^^^^^^^

warning: unused import: `crate::jet_int_mul_inline`
     --> /jet/build/email_dkim.rs:70714:9
      |
70714 | pub use crate::jet_int_mul_inline;
      |         ^^^^^^^^^^^^^^^^^^^^^^^^^

warning: unused import: `crate::jet_int_compare_inline`
     --> /jet/build/email_dkim.rs:70728:9
      |
70728 | pub use crate::jet_int_compare_inline;
      |         ^^^^^^^^^^^^^^^^^^^^^^^^^^^^^

warning: unused import: `crate::jet_int_neg_inline`
     --> /jet/build/email_dkim.rs:70737:9
      |
70737 | pub use crate::jet_int_neg_inline;
      |         ^^^^^^^^^^^^^^^^^^^^^^^^^

warning: unused import: `crate::jet_int_bit_and_hot`
     --> /jet/build/email_dkim.rs:70756:9
      |
70756 | pub use crate::jet_int_bit_and_hot;
      |         ^^^^^^^^^^^^^^^^^^^^^^^^^^

warning: unused import: `crate::jet_int_bit_or_hot`
     --> /jet/build/email_dkim.rs:70772:9
      |
70772 | pub use crate::jet_int_bit_or_hot;
      |         ^^^^^^^^^^^^^^^^^^^^^^^^^

warning: unused import: `crate::jet_int_bit_xor_hot`
     --> /jet/build/email_dkim.rs:70788:9
      |
70788 | pub use crate::jet_int_bit_xor_hot;
      |         ^^^^^^^^^^^^^^^^^^^^^^^^^^

warning: unused imports: `JetCellEditGuard` and `JetCellReadGuard`
     --> /jet/build/email_dkim.rs:76620:35
      |
76620 | pub use self::jet_cell::{JetCell, JetCellEditGuard, JetCellReadGuard};
      |                                   ^^^^^^^^^^^^^^^^  ^^^^^^^^^^^^^^^^

warning: unused imports: `JetStreamSender` and `jet_stream_task`
     --> /jet/build/email_dkim.rs:77561:21
      |
77561 |     pub use super::{jet_stream_task, JetStream, JetStreamSender};
      |                     ^^^^^^^^^^^^^^^             ^^^^^^^^^^^^^^^

warning: unused macro definition: `jet_plugin_bridge`
     --> /jet/build/email_dkim.rs:87835:14
      |
87835 | macro_rules! jet_plugin_bridge {
      |              ^^^^^^^^^^^^^^^^^
      |
      = note: `#[warn(unused_macros)]` (part of `#[warn(unused)]`) on by default

warning: unused import: `std::io::Write`
     --> /jet/build/email_dkim.rs:93793:13
      |
93793 |         use std::io::Write;
      |             ^^^^^^^^^^^^^^

warning: unused import: `core::cell::Cell`
      --> /jet/build/email_dkim.rs:114653:5
       |
114653 | use core::cell::Cell;
       |     ^^^^^^^^^^^^^^^^

warning: unused import: `jet_foundation::Devtools::JetDevtoolsEvent as JetWebStoreDevtoolsEvent`
      --> /jet/build/email_dkim.rs:114656:5
       |
114656 | use jet_foundation::Devtools::JetDevtoolsEvent as JetWebStoreDevtoolsEvent;
       |     ^^^^^^^^^^^^^^^^^^^^^^^^^^^^^^^^^^^^^^^^^^^^^^^^^^^^^^^^^^^^^^^^^^^^^^

warning: unused import: `TypeId as JetWebStoreTypeId`
      --> /jet/build/email_dkim.rs:114658:39
       |
114658 | use std::any::{Any as JetWebStoreAny, TypeId as JetWebStoreTypeId};
       |                                       ^^^^^^^^^^^^^^^^^^^^^^^^^^^

warning: unused imports: `BTreeMap as JetWebFormMap`, `BTreeMap as JetWebTablePages`, `BTreeMap`, `BTreeSet as JetWebTableSet`, `BTreeSet`, `HashMap as JetWebStoreMap`, and `VecDeque as JetWebStoreDeque`
      --> /jet/build/email_dkim.rs:114659:24
       |
114659 | ...::{BTreeMap, BTreeSet, HashMap, HashSet, BTreeMap as JetWebFormMap, VecDeque as JetWebStoreDeque, HashMap as JetWebStoreMap, BTreeMap as JetWebTablePages, BTreeSet as JetWebTableSet, V...
       |       ^^^^^^^^  ^^^^^^^^                    ^^^^^^^^^^^^^^^^^^^^^^^^^  ^^^^^^^^^^^^^^^^^^^^^^^^^^^^  ^^^^^^^^^^^^^^^^^^^^^^^^^  ^^^^^^^^^^^^^^^^^^^^^^^^^^^^  ^^^^^^^^^^^^^^^^^^^^^^^^^^

warning: unused import: `std::fs::OpenOptions`
      --> /jet/build/email_dkim.rs:114660:5
       |
114660 | use std::fs::OpenOptions;
       |     ^^^^^^^^^^^^^^^^^^^^

warning: unused imports: `SeekFrom` and `Seek`
      --> /jet/build/email_dkim.rs:114661:21
       |
114661 | use std::io::{Read, Seek, SeekFrom, Write};
       |                     ^^^^  ^^^^^^^^

warning: unused imports: `Component`, `PathBuf`, and `Path`
      --> /jet/build/email_dkim.rs:114664:17
       |
114664 | use std::path::{Component, Path, PathBuf};
       |                 ^^^^^^^^^  ^^^^  ^^^^^^^

warning: unused imports: `Arc as JetDataPlotArc`, `Arc as JetWebFormArc`, `Arc as JetWebQueryArc`, `Arc as JetWebStoreArc`, `Arc as JetWebTableArc`, `Condvar as JetWebStoreCondvar`, `LazyLock as JetWebStoreLazyLock`, `LazyLock`, `Mutex as JetWebFormMutex`, `Mutex as JetWebQueryMutex`, `Mutex as JetWebStoreMutex`, and `Mutex as JetWebTableMutex`
      --> /jet/build/email_dkim.rs:114665:31
       |
114665 | ...r, Arc as JetDataPlotArc, Arc as JetWebFormArc, Mutex as JetWebFormMutex, Arc as JetWebQueryArc, Mutex as JetWebQueryMutex, Arc as JetWebStoreArc, Condvar as JetWebStoreCondvar, LazyLock as JetWebStoreLazyLock, Mutex as JetWebStoreMutex, Arc as JetWebTableArc, Mutex as JetWebTableMutex, LazyLock, M...
       |       ^^^^^^^^^^^^^^^^^^^^^  ^^^^^^^^^^^^^^^^^^^^  ^^^^^^^^^^^^^^^^^^^^^^^^  ^^^^^^^^^^^^^^^^^^^^^  ^^^^^^^^^^^^^^^^^^^^^^^^^  ^^^^^^^^^^^^^^^^^^^^^  ^^^^^^^^^^^^^^^^^^^^^^^^^^^^^  ^^^^^^^^^^^^^^^^^^^^^^^^^^^^^^^  ^^^^^^^^^^^^^^^^^^^^^^^^^  ^^^^^^^^^^^^^^^^^^^^^  ^^^^^^^^^^^^^^^^^^^^^^^^^  ^^^^^^^^

warning: unused import: `Ordering as JetWebFormOrdering`
      --> /jet/build/email_dkim.rs:114666:60
       |
114666 | use std::sync::atomic::{AtomicBool, AtomicU8, AtomicUsize, Ordering as JetWebFormOrdering};
       |                                                            ^^^^^^^^^^^^^^^^^^^^^^^^^^^^^^

warning: unused imports: `SystemTime as JetWebStoreSystemTime`, `SystemTime`, `UNIX_EPOCH as JetWebStoreUnixEpoch`, and `UNIX_EPOCH`
      --> /jet/build/email_dkim.rs:114667:36
       |
114667 | ...tion, Instant, SystemTime as JetWebStoreSystemTime, UNIX_EPOCH as JetWebStoreUnixEpoch, SystemTime, UNIX_EPOCH};
       |                   ^^^^^^^^^^^^^^^^^^^^^^^^^^^^^^^^^^^  ^^^^^^^^^^^^^^^^^^^^^^^^^^^^^^^^^^  ^^^^^^^^^^  ^^^^^^^^^^

warning: type `__jet_ParseError` should have an upper camel case name
      --> /jet/build/email_dkim.rs:124665:10
       |
124665 | pub type __jet_ParseError = String;
       |          ^^^^^^^^^^^^^^^^ help: convert the identifier to upper camel case: `JetParseError`

error[E0425]: cannot find function `jet_crypto_secret_from_text_impl` in this scope
      --> /jet/build/email_dkim.rs:124740:52
       |
124740 | ...   __jet_v_2630150949564728467 = Some(jet_crypto_secret_from_text_impl(__jet_v_15627158127134800067.as_ref().expect("MIR valu...
       |                                          ^^^^^^^^^^^^^^^^^^^^^^^^^^^^^^^^ not found in this scope

error[E0425]: cannot find function `jet_crypto_secret_from_text_impl` in this scope
      --> /jet/build/email_dkim.rs:124743:53
       |
124743 | ...   __jet_v_13352225729521824544 = Some(jet_crypto_secret_from_text_impl(__jet_v_15802946885908972295.as_ref().expect("MIR val...
       |                                           ^^^^^^^^^^^^^^^^^^^^^^^^^^^^^^^^ not found in this scope

error[E0308]: mismatched types
      --> /jet/build/email_dkim.rs:124747:53
       |
124747 |                 __jet_v_16270673757994773017 = Some(__jet_l_10910548191341915196.as_ref().expect("MIR local").clone());
       |                                                ---- ^^^^^^^^^^^^^^^^^^^^^^^^^^^^^^^^^^^^^^^^^^^^^^^^^^^^^^^^^^^^^^^^^ expected `Secret`, found `&Secret`
       |                                                |
       |                                                arguments to this enum variant are incorrect
       |
note: `Secret` does not implement `Clone`, so `&Secret` was cloned instead
      --> /jet/build/email_dkim.rs:124747:53
       |
124747 |                 __jet_v_16270673757994773017 = Some(__jet_l_10910548191341915196.as_ref().expect("MIR local").clone());
       |                                                     ^^^^^^^^^^^^^^^^^^^^^^^^^^^^^^^^^^^^^^^^^^^^^^^^^^^^^^^^^
help: the type constructed contains `&Secret` due to the type of the argument passed
      --> /jet/build/email_dkim.rs:124747:48
       |
124747 |                 __jet_v_16270673757994773017 = Some(__jet_l_10910548191341915196.as_ref().expect("MIR local").clone());
       |                                                ^^^^^-----------------------------------------------------------------^
       |                                                     |
       |                                                     this argument influences the type of `Some`
note: tuple variant defined here
      --> /rustc/8bab26f4f68e0e26f0bb7960be334d5b520ea452/library/core/src/option.rs:605:4

error[E0308]: mismatched types
      --> /jet/build/email_dkim.rs:124760:52
       |
124760 |                 __jet_v_6323672303747526260 = Some(__jet_l_17881431963715087469.as_ref().expect("MIR local").clone());
       |                                               ---- ^^^^^^^^^^^^^^^^^^^^^^^^^^^^^^^^^^^^^^^^^^^^^^^^^^^^^^^^^^^^^^^^^ expected `Secret`, found `&Secret`
       |                                               |
       |                                               arguments to this enum variant are incorrect
       |
note: `Secret` does not implement `Clone`, so `&Secret` was cloned instead
      --> /jet/build/email_dkim.rs:124760:52
       |
124760 |                 __jet_v_6323672303747526260 = Some(__jet_l_17881431963715087469.as_ref().expect("MIR local").clone());
       |                                                    ^^^^^^^^^^^^^^^^^^^^^^^^^^^^^^^^^^^^^^^^^^^^^^^^^^^^^^^^^
help: the type constructed contains `&Secret` due to the type of the argument passed
      --> /jet/build/email_dkim.rs:124760:47
       |
124760 |                 __jet_v_6323672303747526260 = Some(__jet_l_17881431963715087469.as_ref().expect("MIR local").clone());
       |                                               ^^^^^-----------------------------------------------------------------^
       |                                                    |
       |                                                    this argument influences the type of `Some`
note: tuple variant defined here
      --> /rustc/8bab26f4f68e0e26f0bb7960be334d5b520ea452/library/core/src/option.rs:605:4

error[E0433]: cannot find module or crate `jet_email` in this scope
      --> /jet/build/email_dkim.rs:124769:52
       |
124769 |                 __jet_v_8766810691127460506 = Some(jet_email::smtp(__jet_l_14057545152924002701.as_ref().expect("MIR local")));
       |                                                    ^^^^^^^^^ use of unresolved module or unlinked crate `jet_email`
       |
       = help: you might be missing a crate named `jet_email`

warning: unused import: `Write`
      --> /jet/build/email_dkim.rs:114661:37
       |
114661 | use std::io::{Read, Seek, SeekFrom, Write};
       |                                     ^^^^^

warning: unused import: `Any`
      --> /jet/build/email_dkim.rs:114658:16
       |
114658 | use std::any::{Any as JetWebStoreAny, TypeId as JetWebStoreTypeId};
       |                ^^^

warning: value assigned to `cursor` is never read
      --> /jet/build/email_dkim.rs:121775:17
       |
121775 |                 cursor += 2;
       |                 ^^^^^^^^^^^ this value is reassigned later and never used
...
121778 |                 cursor += 1;
       |                 ----------- `cursor` is overwritten here before the previous value is read
       |
       = note: `#[warn(unused_assignments)]` (part of `#[warn(unused)]`) on by default

warning: value assigned to `cursor` is never read
      --> /jet/build/email_dkim.rs:121778:17
       |
121778 |                 cursor += 1;
       |                 ^^^^^^^^^^^
       |
       = help: maybe it is overwritten before being read?

error[E0433]: cannot find module or crate `jet_email` in this scope
      --> /jet/build/email_dkim.rs:124668:118
       |
124668 | ...et_c_crun() -> JetOutcome<(), jet_email::Error> {
       |                                  ^^^^^^^^^ use of unresolved module or unlinked crate `jet_email`
       |
       = help: you might be missing a crate named `jet_email`

error[E0433]: cannot find module or crate `jet_email` in this scope
      --> /jet/build/email_dkim.rs:124670:49
       |
124670 |     let mut __jet_l_1185674987488648424: Option<jet_email::DkimConfig> = None;
       |                                                 ^^^^^^^^^ use of unresolved module or unlinked crate `jet_email`
       |
       = help: you might be missing a crate named `jet_email`

error[E0433]: cannot find module or crate `jet_email` in this scope
      --> /jet/build/email_dkim.rs:124672:50
       |
124672 |     let mut __jet_l_13632556137270193003: Option<jet_email::Mailer> = None;
       |                                                  ^^^^^^^^^ use of unresolved module or unlinked crate `jet_email`
       |
       = help: you might be missing a crate named `jet_email`

error[E0433]: cannot find module or crate `jet_email` in this scope
      --> /jet/build/email_dkim.rs:124673:50
       |
124673 |     let mut __jet_l_14057545152924002701: Option<jet_email::SMTPConfig> = None;
       |                                                  ^^^^^^^^^ use of unresolved module or unlinked crate `jet_email`
       |
       = help: you might be missing a crate named `jet_email`

error[E0433]: cannot find module or crate `jet_email` in this scope
      --> /jet/build/email_dkim.rs:124677:64
       |
124677 |     let mut __jet_v_2841038898846408470: Option<JetOutcome<(), jet_email::Error>> = None;
       |                                                                ^^^^^^^^^ use of unresolved module or unlinked crate `jet_email`
       |
       = help: you might be missing a crate named `jet_email`

error[E0433]: cannot find module or crate `jet_email` in this scope
      --> /jet/build/email_dkim.rs:124679:49
       |
124679 |     let mut __jet_v_4072044008901133308: Option<jet_email::SMTPSecurity> = None;
       |                                                 ^^^^^^^^^ use of unresolved module or unlinked crate `jet_email`
       |
       = help: you might be missing a crate named `jet_email`

error[E0433]: cannot find module or crate `jet_email` in this scope
      --> /jet/build/email_dkim.rs:124682:49
       |
124682 |     let mut __jet_v_5244281728390777324: Option<jet_email::Mailer> = None;
       |                                                 ^^^^^^^^^ use of unresolved module or unlinked crate `jet_email`
       |
       = help: you might be missing a crate named `jet_email`

error[E0433]: cannot find module or crate `jet_email` in this scope
      --> /jet/build/email_dkim.rs:124683:49
       |
124683 |     let mut __jet_v_5872104605809987337: Option<jet_email::SMTPAuth> = None;
       |                                                 ^^^^^^^^^ use of unresolved module or unlinked crate `jet_email`
       |
       = help: you might be missing a crate named `jet_email`

error[E0433]: cannot find module or crate `jet_email` in this scope
      --> /jet/build/email_dkim.rs:124684:49
       |
124684 |     let mut __jet_v_6047111173250366100: Option<jet_email::Mailer> = None;
       |                                                 ^^^^^^^^^ use of unresolved module or unlinked crate `jet_email`
       |
       = help: you might be missing a crate named `jet_email`

error[E0433]: cannot find module or crate `jet_email` in this scope
      --> /jet/build/email_dkim.rs:124686:60
       |
124686 |     let mut __jet_v_6266974209776331426: Option<JetOutcome<jet_email::DkimConfig, JetAbsent>> = None;
       |                                                            ^^^^^^^^^ use of unresolved module or unlinked crate `jet_email`
       |
       = help: you might be missing a crate named `jet_email`

error[E0433]: cannot find module or crate `jet_email` in this scope
      --> /jet/build/email_dkim.rs:124687:49
       |
124687 |     let mut __jet_v_6278121205245894530: Option<jet_email::RecipientPolicy> = None;
       |                                                 ^^^^^^^^^ use of unresolved module or unlinked crate `jet_email`
       |
       = help: you might be missing a crate named `jet_email`

error[E0433]: cannot find module or crate `jet_email` in this scope
      --> /jet/build/email_dkim.rs:124689:49
       |
124689 |     let mut __jet_v_6559474576925603978: Option<jet_email::DkimConfig> = None;
       |                                                 ^^^^^^^^^ use of unresolved module or unlinked crate `jet_email`
       |
       = help: you might be missing a crate named `jet_email`

error[E0433]: cannot find module or crate `jet_email` in this scope
      --> /jet/build/email_dkim.rs:124690:49
       |
124690 |     let mut __jet_v_6722462057592966824: Option<jet_email::SMTPConfig> = None;
       |                                                 ^^^^^^^^^ use of unresolved module or unlinked crate `jet_email`
       |
       = help: you might be missing a crate named `jet_email`

error[E0433]: cannot find module or crate `jet_email` in this scope
      --> /jet/build/email_dkim.rs:124695:49
       |
124695 |     let mut __jet_v_8538387447697498196: Option<jet_email::SMTPConfig> = None;
       |                                                 ^^^^^^^^^ use of unresolved module or unlinked crate `jet_email`
       |
       = help: you might be missing a crate named `jet_email`

error[E0433]: cannot find module or crate `jet_email` in this scope
      --> /jet/build/email_dkim.rs:124696:60
       |
124696 |     let mut __jet_v_8766810691127460506: Option<JetOutcome<jet_email::Mailer, jet_email::Error>> = None;
       |                                                            ^^^^^^^^^ use of unresolved module or unlinked crate `jet_email`
       |
       = help: you might be missing a crate named `jet_email`

error[E0433]: cannot find module or crate `jet_email` in this scope
      --> /jet/build/email_dkim.rs:124696:79
       |
124696 |     let mut __jet_v_8766810691127460506: Option<JetOutcome<jet_email::Mailer, jet_email::Error>> = None;
       |                                                                               ^^^^^^^^^ use of unresolved module or unlinked crate `jet_email`
       |
       = help: you might be missing a crate named `jet_email`

error[E0433]: cannot find module or crate `jet_email` in this scope
      --> /jet/build/email_dkim.rs:124697:49
       |
124697 |     let mut __jet_v_9531322170718158378: Option<jet_email::DkimConfig> = None;
       |                                                 ^^^^^^^^^ use of unresolved module or unlinked crate `jet_email`
       |
       = help: you might be missing a crate named `jet_email`

error[E0433]: cannot find module or crate `jet_email` in this scope
      --> /jet/build/email_dkim.rs:124713:50
       |
124713 |     let mut __jet_v_16515019280795152453: Option<jet_email::TLSTrust> = None;
       |                                                  ^^^^^^^^^ use of unresolved module or unlinked crate `jet_email`
       |
       = help: you might be missing a crate named `jet_email`

error[E0433]: cannot find module or crate `jet_email` in this scope
      --> /jet/build/email_dkim.rs:124714:50
       |
124714 |     let mut __jet_v_16745211952970610239: Option<jet_email::Limits> = None;
       |                                                  ^^^^^^^^^ use of unresolved module or unlinked crate `jet_email`
       |
       = help: you might be missing a crate named `jet_email`

error[E0433]: cannot find module or crate `jet_email` in this scope
      --> /jet/build/email_dkim.rs:124715:50
       |
124715 |     let mut __jet_v_16860852896435249454: Option<jet_email::Error> = None;
       |                                                  ^^^^^^^^^ use of unresolved module or unlinked crate `jet_email`
       |
       = help: you might be missing a crate named `jet_email`

error[E0433]: cannot find module or crate `jet_email` in this scope
      --> /jet/build/email_dkim.rs:124754:52
       |
124754 | ...   __jet_v_6559474576925603978 = Some(jet_email::DkimConfig { domain: __jet_v_15950236004316640166.take().expect("MIR value")...
       |                                          ^^^^^^^^^ use of unresolved module or unlinked crate `jet_email`
       |
       = help: you might be missing a crate named `jet_email`

error[E0433]: cannot find module or crate `jet_email` in this scope
      --> /jet/build/email_dkim.rs:124767:52
       |
124767 | ...   __jet_v_6722462057592966824 = Some(jet_email::SMTPConfig { host: __jet_v_443731523978679226.take().expect("MIR value"), po...
       |                                          ^^^^^^^^^ use of unresolved module or unlinked crate `jet_email`
       |
       = help: you might be missing a crate named `jet_email`

error: aborting due to 32 previous errors; 52 warnings emitted

Some errors have detailed explanations: E0308, E0425, E0433.
For more information about an error, try `rustc --explain E0308`.
