warning: trait `__jet_Display` should have an upper camel case name
 --> /jet/build/exact_integer_decode.rs:4:11
  |
4 | pub trait __jet_Display {
  |           ^^^^^^^^^^^^^ help: convert the identifier to upper camel case: `JetDisplay`
  |
  = note: `#[warn(non_camel_case_types)]` (part of `#[warn(nonstandard_style)]`) on by default

warning: trait `__jet_Equatable` should have an upper camel case name
 --> /jet/build/exact_integer_decode.rs:8:11
  |
8 | pub trait __jet_Equatable: Sized { fn equal(&self, rhs: &Self) -> bool; }
  |           ^^^^^^^^^^^^^^^ help: convert the identifier to upper camel case: `JetEquatable`

warning: type `__jet_Ordering` should have an upper camel case name
  --> /jet/build/exact_integer_decode.rs:24:10
   |
24 | pub enum __jet_Ordering { __jet_Less, __jet_Equal, __jet_Greater }
   |          ^^^^^^^^^^^^^^ help: convert the identifier to upper camel case: `JetOrdering`

warning: variant `__jet_Less` should have an upper camel case name
  --> /jet/build/exact_integer_decode.rs:24:27
   |
24 | pub enum __jet_Ordering { __jet_Less, __jet_Equal, __jet_Greater }
   |                           ^^^^^^^^^^ help: convert the identifier to upper camel case: `JetLess`

warning: variant `__jet_Equal` should have an upper camel case name
  --> /jet/build/exact_integer_decode.rs:24:39
   |
24 | pub enum __jet_Ordering { __jet_Less, __jet_Equal, __jet_Greater }
   |                                       ^^^^^^^^^^^ help: convert the identifier to upper camel case: `JetEqual`

warning: variant `__jet_Greater` should have an upper camel case name
  --> /jet/build/exact_integer_decode.rs:24:52
   |
24 | pub enum __jet_Ordering { __jet_Less, __jet_Equal, __jet_Greater }
   |                                                    ^^^^^^^^^^^^^ help: convert the identifier to upper camel case: `JetGreater`

warning: trait `__jet_Comparable` should have an upper camel case name
  --> /jet/build/exact_integer_decode.rs:26:11
   |
26 | pub trait __jet_Comparable: Sized { fn compare(&self, rhs: &Self) -> __jet_Ordering; }
   |           ^^^^^^^^^^^^^^^^ help: convert the identifier to upper camel case: `JetComparable`

warning: trait `__jet_Add` should have an upper camel case name
  --> /jet/build/exact_integer_decode.rs:38:11
   |
38 | pub trait __jet_Add<Rhs = Self>: Sized { type Output; fn add(&self, rhs: &Rhs) -> Self::Output; }
   |           ^^^^^^^^^ help: convert the identifier to upper camel case: `JetAdd`

warning: trait `__jet_Sub` should have an upper camel case name
  --> /jet/build/exact_integer_decode.rs:39:11
   |
39 | pub trait __jet_Sub<Rhs = Self>: Sized { type Output; fn sub(&self, rhs: &Rhs) -> Self::Output; }
   |           ^^^^^^^^^ help: convert the identifier to upper camel case: `JetSub`

warning: trait `__jet_Mul` should have an upper camel case name
  --> /jet/build/exact_integer_decode.rs:40:11
   |
40 | pub trait __jet_Mul<Rhs = Self>: Sized { type Output; fn mul(&self, rhs: &Rhs) -> Self::Output; }
   |           ^^^^^^^^^ help: convert the identifier to upper camel case: `JetMul`

warning: trait `__jet_Div` should have an upper camel case name
  --> /jet/build/exact_integer_decode.rs:41:11
   |
41 | pub trait __jet_Div<Rhs = Self>: Sized { type Output; fn div(&self, rhs: &Rhs) -> Self::Output; }
   |           ^^^^^^^^^ help: convert the identifier to upper camel case: `JetDiv`

warning: trait `__jet_Serialize` should have an upper camel case name
     --> /jet/build/exact_integer_decode.rs:39876:7
      |
39876 | trait __jet_Serialize {
      |       ^^^^^^^^^^^^^^^ help: convert the identifier to upper camel case: `JetSerialize`

warning: unused import: `Cell`
     --> /jet/build/exact_integer_decode.rs:44350:21
      |
44350 |     use std::cell::{Cell, RefCell};
      |                     ^^^^
      |
      = note: `#[warn(unused_imports)]` (part of `#[warn(unused)]`) on by default

warning: unused import: `JetUninit`
     --> /jet/build/exact_integer_decode.rs:44354:43
      |
44354 |     pub use super::jet_uninit_semantics::{JetUninit, JetUninitFixed};
      |                                           ^^^^^^^^^

warning: unused imports: `JetSentryFrame`, `JetSentryGuard`, `jet_sentry_current_frame`, `jet_sentry_fenced_scope`, `jet_sentry_frame`, `jet_sentry_policy_scope`, `jet_sentry_reset`, `jet_sentry_scope`, and `jet_sentry_set_hardened`
     --> /jet/build/exact_integer_decode.rs:44367:35
      |
44367 |         jet_memory_ledger_record, jet_sentry_current_frame, jet_sentry_fenced_scope,
      |                                   ^^^^^^^^^^^^^^^^^^^^^^^^  ^^^^^^^^^^^^^^^^^^^^^^^
44368 |         jet_sentry_frame, jet_sentry_policy_scope, jet_sentry_reset, jet_sentry_scope,
      |         ^^^^^^^^^^^^^^^^  ^^^^^^^^^^^^^^^^^^^^^^^  ^^^^^^^^^^^^^^^^  ^^^^^^^^^^^^^^^^
44369 |         jet_sentry_set_hardened, JetSentryFrame, JetSentryGuard, MemoryLedgerWitness,
      |         ^^^^^^^^^^^^^^^^^^^^^^^  ^^^^^^^^^^^^^^  ^^^^^^^^^^^^^^

warning: unused import: `crate::jet_encoding_json::render_json`
     --> /jet/build/exact_integer_decode.rs:64326:13
      |
64326 |     pub use crate::jet_encoding_json::render_json;
      |             ^^^^^^^^^^^^^^^^^^^^^^^^^^^^^^^^^^^^^

warning: unnecessary parentheses around block return value
     --> /jet/build/exact_integer_decode.rs:68315:13
      |
68315 |             (((exponent as u64 + 1023) << 52) | (top & ((1u64 << 52) - 1)))
      |             ^                                                             ^
      |
      = note: `#[warn(unused_parens)]` (part of `#[warn(unused)]`) on by default
help: remove these parentheses
      |
68315 -             (((exponent as u64 + 1023) << 52) | (top & ((1u64 << 52) - 1)))
68315 +             ((exponent as u64 + 1023) << 52) | (top & ((1u64 << 52) - 1))
      |

warning: unused import: `crate::jet_int_compare_hot`
     --> /jet/build/exact_integer_decode.rs:68653:9
      |
68653 | pub use crate::jet_int_compare_hot;
      |         ^^^^^^^^^^^^^^^^^^^^^^^^^^

warning: unused import: `crate::jet_int_add_hot`
     --> /jet/build/exact_integer_decode.rs:68677:9
      |
68677 | pub use crate::jet_int_add_hot;
      |         ^^^^^^^^^^^^^^^^^^^^^^

warning: unused import: `crate::jet_int_sub_hot`
     --> /jet/build/exact_integer_decode.rs:68701:9
      |
68701 | pub use crate::jet_int_sub_hot;
      |         ^^^^^^^^^^^^^^^^^^^^^^

warning: unused import: `crate::jet_int_mul_hot`
     --> /jet/build/exact_integer_decode.rs:68725:9
      |
68725 | pub use crate::jet_int_mul_hot;
      |         ^^^^^^^^^^^^^^^^^^^^^^

warning: unused import: `crate::jet_int_add_inline`
     --> /jet/build/exact_integer_decode.rs:68739:9
      |
68739 | pub use crate::jet_int_add_inline;
      |         ^^^^^^^^^^^^^^^^^^^^^^^^^

warning: unused import: `crate::jet_int_sub_inline`
     --> /jet/build/exact_integer_decode.rs:68749:9
      |
68749 | pub use crate::jet_int_sub_inline;
      |         ^^^^^^^^^^^^^^^^^^^^^^^^^

warning: unused import: `crate::jet_int_mul_inline`
     --> /jet/build/exact_integer_decode.rs:68759:9
      |
68759 | pub use crate::jet_int_mul_inline;
      |         ^^^^^^^^^^^^^^^^^^^^^^^^^

warning: unused import: `crate::jet_int_compare_inline`
     --> /jet/build/exact_integer_decode.rs:68773:9
      |
68773 | pub use crate::jet_int_compare_inline;
      |         ^^^^^^^^^^^^^^^^^^^^^^^^^^^^^

warning: unused import: `crate::jet_int_neg_inline`
     --> /jet/build/exact_integer_decode.rs:68782:9
      |
68782 | pub use crate::jet_int_neg_inline;
      |         ^^^^^^^^^^^^^^^^^^^^^^^^^

warning: unused import: `crate::jet_int_bit_and_hot`
     --> /jet/build/exact_integer_decode.rs:68801:9
      |
68801 | pub use crate::jet_int_bit_and_hot;
      |         ^^^^^^^^^^^^^^^^^^^^^^^^^^

warning: unused import: `crate::jet_int_bit_or_hot`
     --> /jet/build/exact_integer_decode.rs:68817:9
      |
68817 | pub use crate::jet_int_bit_or_hot;
      |         ^^^^^^^^^^^^^^^^^^^^^^^^^

warning: unused import: `crate::jet_int_bit_xor_hot`
     --> /jet/build/exact_integer_decode.rs:68833:9
      |
68833 | pub use crate::jet_int_bit_xor_hot;
      |         ^^^^^^^^^^^^^^^^^^^^^^^^^^

warning: unused imports: `JetCellEditGuard` and `JetCellReadGuard`
     --> /jet/build/exact_integer_decode.rs:74523:35
      |
74523 | pub use self::jet_cell::{JetCell, JetCellEditGuard, JetCellReadGuard};
      |                                   ^^^^^^^^^^^^^^^^  ^^^^^^^^^^^^^^^^

warning: unused imports: `JetStreamSender` and `jet_stream_task`
     --> /jet/build/exact_integer_decode.rs:75431:21
      |
75431 |     pub use super::{jet_stream_task, JetStream, JetStreamSender};
      |                     ^^^^^^^^^^^^^^^             ^^^^^^^^^^^^^^^

warning: unused import: `std::io::Write`
     --> /jet/build/exact_integer_decode.rs:91534:13
      |
91534 |         use std::io::Write;
      |             ^^^^^^^^^^^^^^

warning: unused import: `core::cell::Cell`
      --> /jet/build/exact_integer_decode.rs:109749:5
       |
109749 | use core::cell::Cell;
       |     ^^^^^^^^^^^^^^^^

warning: unused import: `jet_foundation::Devtools::JetDevtoolsEvent as JetWebStoreDevtoolsEvent`
      --> /jet/build/exact_integer_decode.rs:109752:5
       |
109752 | use jet_foundation::Devtools::JetDevtoolsEvent as JetWebStoreDevtoolsEvent;
       |     ^^^^^^^^^^^^^^^^^^^^^^^^^^^^^^^^^^^^^^^^^^^^^^^^^^^^^^^^^^^^^^^^^^^^^^

warning: unused import: `TypeId as JetWebStoreTypeId`
      --> /jet/build/exact_integer_decode.rs:109754:39
       |
109754 | use std::any::{Any as JetWebStoreAny, TypeId as JetWebStoreTypeId};
       |                                       ^^^^^^^^^^^^^^^^^^^^^^^^^^^

warning: unused imports: `BTreeMap as JetWebFormMap`, `BTreeMap as JetWebTablePages`, `BTreeMap`, `BTreeSet as JetWebTableSet`, `BTreeSet`, `HashMap as JetWebStoreMap`, and `VecDeque as JetWebStoreDeque`
      --> /jet/build/exact_integer_decode.rs:109755:24
       |
109755 | ...::{BTreeMap, BTreeSet, HashMap, HashSet, BTreeMap as JetWebFormMap, VecDeque as JetWebStoreDeque, HashMap as JetWebStoreMap, BTreeMap as JetWebTablePages, BTreeSet as JetWebTableSet, V...
       |       ^^^^^^^^  ^^^^^^^^                    ^^^^^^^^^^^^^^^^^^^^^^^^^  ^^^^^^^^^^^^^^^^^^^^^^^^^^^^  ^^^^^^^^^^^^^^^^^^^^^^^^^  ^^^^^^^^^^^^^^^^^^^^^^^^^^^^  ^^^^^^^^^^^^^^^^^^^^^^^^^^

warning: unused import: `std::fs::OpenOptions`
      --> /jet/build/exact_integer_decode.rs:109756:5
       |
109756 | use std::fs::OpenOptions;
       |     ^^^^^^^^^^^^^^^^^^^^

warning: unused imports: `SeekFrom` and `Seek`
      --> /jet/build/exact_integer_decode.rs:109757:21
       |
109757 | use std::io::{Read, Seek, SeekFrom, Write};
       |                     ^^^^  ^^^^^^^^

warning: unused imports: `Component`, `PathBuf`, and `Path`
      --> /jet/build/exact_integer_decode.rs:109760:17
       |
109760 | use std::path::{Component, Path, PathBuf};
       |                 ^^^^^^^^^  ^^^^  ^^^^^^^

warning: unused imports: `Arc as JetDataPlotArc`, `Arc as JetWebFormArc`, `Arc as JetWebQueryArc`, `Arc as JetWebStoreArc`, `Arc as JetWebTableArc`, `Condvar as JetWebStoreCondvar`, `LazyLock as JetWebStoreLazyLock`, `LazyLock`, `Mutex as JetWebFormMutex`, `Mutex as JetWebQueryMutex`, `Mutex as JetWebStoreMutex`, and `Mutex as JetWebTableMutex`
      --> /jet/build/exact_integer_decode.rs:109761:31
       |
109761 | ...r, Arc as JetDataPlotArc, Arc as JetWebFormArc, Mutex as JetWebFormMutex, Arc as JetWebQueryArc, Mutex as JetWebQueryMutex, Arc as JetWebStoreArc, Condvar as JetWebStoreCondvar, LazyLock as JetWebStoreLazyLock, Mutex as JetWebStoreMutex, Arc as JetWebTableArc, Mutex as JetWebTableMutex, LazyLock, M...
       |       ^^^^^^^^^^^^^^^^^^^^^  ^^^^^^^^^^^^^^^^^^^^  ^^^^^^^^^^^^^^^^^^^^^^^^  ^^^^^^^^^^^^^^^^^^^^^  ^^^^^^^^^^^^^^^^^^^^^^^^^  ^^^^^^^^^^^^^^^^^^^^^  ^^^^^^^^^^^^^^^^^^^^^^^^^^^^^  ^^^^^^^^^^^^^^^^^^^^^^^^^^^^^^^  ^^^^^^^^^^^^^^^^^^^^^^^^^  ^^^^^^^^^^^^^^^^^^^^^  ^^^^^^^^^^^^^^^^^^^^^^^^^  ^^^^^^^^

warning: unused import: `Ordering as JetWebFormOrdering`
      --> /jet/build/exact_integer_decode.rs:109762:60
       |
109762 | use std::sync::atomic::{AtomicBool, AtomicU8, AtomicUsize, Ordering as JetWebFormOrdering};
       |                                                            ^^^^^^^^^^^^^^^^^^^^^^^^^^^^^^

warning: unused imports: `SystemTime as JetWebStoreSystemTime`, `SystemTime`, `UNIX_EPOCH as JetWebStoreUnixEpoch`, and `UNIX_EPOCH`
      --> /jet/build/exact_integer_decode.rs:109763:36
       |
109763 | ...tion, Instant, SystemTime as JetWebStoreSystemTime, UNIX_EPOCH as JetWebStoreUnixEpoch, SystemTime, UNIX_EPOCH};
       |                   ^^^^^^^^^^^^^^^^^^^^^^^^^^^^^^^^^^^  ^^^^^^^^^^^^^^^^^^^^^^^^^^^^^^^^^^  ^^^^^^^^^^  ^^^^^^^^^^

warning: unreachable call
      --> /jet/build/exact_integer_decode.rs:120519:46
       |
120519 | ... = Some(jet_panic_rich("exact_integer_decode.jet", ...) { String::new() } else { String::new() }));
       |       ^^^^ -------------------------------------------...------------------------------------------- any code following this expression is unreachable
       |       |
       |       unreachable call
       |
       = note: `#[warn(unreachable_code)]` (part of `#[warn(unused)]`) on by default

error[E0107]: function takes 0 generic arguments but 1 generic argument was supplied
      --> /jet/build/exact_integer_decode.rs:120534:53
       |
120534 | ...712814803 = Some(jet_std_json_parse::<jet_foundation::Numeric::JetInt>(__jet_v_1562547128037922605.as_ref().expect("MIR value...
       |                     ^^^^^^^^^^^^^^^^^^----------------------------------- help: remove the unnecessary generics
       |                     |
       |                     expected 0 generic arguments
       |
note: function defined here, with 0 generic parameters
      --> /jet/build/exact_integer_decode.rs:102981:4
       |
102981 | fn jet_std_json_parse(text: &String) -> Result<jet_std::DataTree, jet_std::EncodingError> {
       |    ^^^^^^^^^^^^^^^^^^

warning: unreachable call
      --> /jet/build/exact_integer_decode.rs:120550:47
       |
120550 | ... = Some(jet_panic_rich("exact_integer_decode.jet", ...) { String::new() } else { String::new() }));
       |       ^^^^ -------------------------------------------...------------------------------------------- any code following this expression is unreachable
       |       |
       |       unreachable call

error[E0107]: function takes 0 generic arguments but 1 generic argument was supplied
      --> /jet/build/exact_integer_decode.rs:120565:52
       |
120565 | ...   __jet_v_8247709652350373804 = Some(jet_std_json_parse::<i64>(__jet_v_13512992754063731482.as_ref().expect("MIR value")));
       |                                          ^^^^^^^^^^^^^^^^^^------- help: remove the unnecessary generics
       |                                          |
       |                                          expected 0 generic arguments
       |
note: function defined here, with 0 generic parameters
      --> /jet/build/exact_integer_decode.rs:102981:4
       |
102981 | fn jet_std_json_parse(text: &String) -> Result<jet_std::DataTree, jet_std::EncodingError> {
       |    ^^^^^^^^^^^^^^^^^^

error[E0107]: function takes 0 generic arguments but 1 generic argument was supplied
      --> /jet/build/exact_integer_decode.rs:120579:53
       |
120579 | ...864328512 = Some(jet_std_json_parse::<jet_foundation::Numeric::JetInt>(__jet_v_14601063509512542154.as_ref().expect("MIR valu...
       |                     ^^^^^^^^^^^^^^^^^^----------------------------------- help: remove the unnecessary generics
       |                     |
       |                     expected 0 generic arguments
       |
note: function defined here, with 0 generic parameters
      --> /jet/build/exact_integer_decode.rs:102981:4
       |
102981 | fn jet_std_json_parse(text: &String) -> Result<jet_std::DataTree, jet_std::EncodingError> {
       |    ^^^^^^^^^^^^^^^^^^

error[E0107]: function takes 0 generic arguments but 1 generic argument was supplied
      --> /jet/build/exact_integer_decode.rs:120597:52
       |
120597 | ...859248969 = Some(jet_std_json_parse::<jet_foundation::Numeric::JetInt>(__jet_v_5461889198166263280.as_ref().expect("MIR value...
       |                     ^^^^^^^^^^^^^^^^^^----------------------------------- help: remove the unnecessary generics
       |                     |
       |                     expected 0 generic arguments
       |
note: function defined here, with 0 generic parameters
      --> /jet/build/exact_integer_decode.rs:102981:4
       |
102981 | fn jet_std_json_parse(text: &String) -> Result<jet_std::DataTree, jet_std::EncodingError> {
       |    ^^^^^^^^^^^^^^^^^^

warning: unreachable call
      --> /jet/build/exact_integer_decode.rs:120613:48
       |
120613 | ... = Some(jet_panic_rich("exact_integer_decode.jet", ...) { String::new() } else { String::new() }));
       |       ^^^^ -------------------------------------------...------------------------------------------- any code following this expression is unreachable
       |       |
       |       unreachable call

warning: unreachable call
      --> /jet/build/exact_integer_decode.rs:120626:48
       |
120626 | ... = Some(jet_panic_rich("exact_integer_decode.jet", ...) { String::new() } else { String::new() }));
       |       ^^^^ -------------------------------------------...------------------------------------------- any code following this expression is unreachable
       |       |
       |       unreachable call

warning: unreachable call
      --> /jet/build/exact_integer_decode.rs:120639:47
       |
120639 | ... = Some(jet_panic_rich("exact_integer_decode.jet", ...) { String::new() } else { String::new() }));
       |       ^^^^ -------------------------------------------...------------------------------------------- any code following this expression is unreachable
       |       |
       |       unreachable call

error[E0107]: function takes 0 generic arguments but 1 generic argument was supplied
      --> /jet/build/exact_integer_decode.rs:120648:52
       |
120648 | ...070561342 = Some(jet_std_json_parse::<jet_foundation::Numeric::JetInt>(__jet_v_1550243812223414498.as_ref().expect("MIR value...
       |                     ^^^^^^^^^^^^^^^^^^----------------------------------- help: remove the unnecessary generics
       |                     |
       |                     expected 0 generic arguments
       |
note: function defined here, with 0 generic parameters
      --> /jet/build/exact_integer_decode.rs:102981:4
       |
102981 | fn jet_std_json_parse(text: &String) -> Result<jet_std::DataTree, jet_std::EncodingError> {
       |    ^^^^^^^^^^^^^^^^^^

error[E0107]: function takes 0 generic arguments but 1 generic argument was supplied
      --> /jet/build/exact_integer_decode.rs:120675:52
       |
120675 | ...   __jet_v_6433725785391383426 = Some(jet_std_json_parse::<u64>(__jet_v_15710806238047866574.as_ref().expect("MIR value")));
       |                                          ^^^^^^^^^^^^^^^^^^------- help: remove the unnecessary generics
       |                                          |
       |                                          expected 0 generic arguments
       |
note: function defined here, with 0 generic parameters
      --> /jet/build/exact_integer_decode.rs:102981:4
       |
102981 | fn jet_std_json_parse(text: &String) -> Result<jet_std::DataTree, jet_std::EncodingError> {
       |    ^^^^^^^^^^^^^^^^^^

warning: unused import: `Read`
      --> /jet/build/exact_integer_decode.rs:109757:15
       |
109757 | use std::io::{Read, Seek, SeekFrom, Write};
       |               ^^^^

warning: unused import: `Write`
      --> /jet/build/exact_integer_decode.rs:109757:37
       |
109757 | use std::io::{Read, Seek, SeekFrom, Write};
       |                                     ^^^^^

warning: unused import: `Any`
      --> /jet/build/exact_integer_decode.rs:109754:16
       |
109754 | use std::any::{Any as JetWebStoreAny, TypeId as JetWebStoreTypeId};
       |                ^^^

warning: value assigned to `cursor` is never read
      --> /jet/build/exact_integer_decode.rs:116867:17
       |
116867 |                 cursor += 2;
       |                 ^^^^^^^^^^^ this value is reassigned later and never used
...
116870 |                 cursor += 1;
       |                 ----------- `cursor` is overwritten here before the previous value is read
       |
       = note: `#[warn(unused_assignments)]` (part of `#[warn(unused)]`) on by default

warning: value assigned to `cursor` is never read
      --> /jet/build/exact_integer_decode.rs:116870:17
       |
116870 |                 cursor += 1;
       |                 ^^^^^^^^^^^
       |
       = help: maybe it is overwritten before being read?

error: aborting due to 6 previous errors; 52 warnings emitted

For more information about this error, try `rustc --explain E0107`.
