warning: trait `__jet_Display` should have an upper camel case name
 --> /jet/build/fact_value_arguments.rs:4:11
  |
4 | pub trait __jet_Display {
  |           ^^^^^^^^^^^^^ help: convert the identifier to upper camel case: `JetDisplay`
  |
  = note: `#[warn(non_camel_case_types)]` (part of `#[warn(nonstandard_style)]`) on by default

warning: trait `__jet_Equatable` should have an upper camel case name
 --> /jet/build/fact_value_arguments.rs:8:11
  |
8 | pub trait __jet_Equatable: Sized { fn equal(&self, rhs: &Self) -> bool; }
  |           ^^^^^^^^^^^^^^^ help: convert the identifier to upper camel case: `JetEquatable`

warning: type `__jet_Ordering` should have an upper camel case name
  --> /jet/build/fact_value_arguments.rs:24:10
   |
24 | pub enum __jet_Ordering { __jet_Less, __jet_Equal, __jet_Greater }
   |          ^^^^^^^^^^^^^^ help: convert the identifier to upper camel case: `JetOrdering`

warning: variant `__jet_Less` should have an upper camel case name
  --> /jet/build/fact_value_arguments.rs:24:27
   |
24 | pub enum __jet_Ordering { __jet_Less, __jet_Equal, __jet_Greater }
   |                           ^^^^^^^^^^ help: convert the identifier to upper camel case: `JetLess`

warning: variant `__jet_Equal` should have an upper camel case name
  --> /jet/build/fact_value_arguments.rs:24:39
   |
24 | pub enum __jet_Ordering { __jet_Less, __jet_Equal, __jet_Greater }
   |                                       ^^^^^^^^^^^ help: convert the identifier to upper camel case: `JetEqual`

warning: variant `__jet_Greater` should have an upper camel case name
  --> /jet/build/fact_value_arguments.rs:24:52
   |
24 | pub enum __jet_Ordering { __jet_Less, __jet_Equal, __jet_Greater }
   |                                                    ^^^^^^^^^^^^^ help: convert the identifier to upper camel case: `JetGreater`

warning: trait `__jet_Comparable` should have an upper camel case name
  --> /jet/build/fact_value_arguments.rs:26:11
   |
26 | pub trait __jet_Comparable: Sized { fn compare(&self, rhs: &Self) -> __jet_Ordering; }
   |           ^^^^^^^^^^^^^^^^ help: convert the identifier to upper camel case: `JetComparable`

warning: trait `__jet_Add` should have an upper camel case name
  --> /jet/build/fact_value_arguments.rs:38:11
   |
38 | pub trait __jet_Add<Rhs = Self>: Sized { type Output; fn add(&self, rhs: &Rhs) -> Self::Output; }
   |           ^^^^^^^^^ help: convert the identifier to upper camel case: `JetAdd`

warning: trait `__jet_Sub` should have an upper camel case name
  --> /jet/build/fact_value_arguments.rs:39:11
   |
39 | pub trait __jet_Sub<Rhs = Self>: Sized { type Output; fn sub(&self, rhs: &Rhs) -> Self::Output; }
   |           ^^^^^^^^^ help: convert the identifier to upper camel case: `JetSub`

warning: trait `__jet_Mul` should have an upper camel case name
  --> /jet/build/fact_value_arguments.rs:40:11
   |
40 | pub trait __jet_Mul<Rhs = Self>: Sized { type Output; fn mul(&self, rhs: &Rhs) -> Self::Output; }
   |           ^^^^^^^^^ help: convert the identifier to upper camel case: `JetMul`

warning: trait `__jet_Div` should have an upper camel case name
  --> /jet/build/fact_value_arguments.rs:41:11
   |
41 | pub trait __jet_Div<Rhs = Self>: Sized { type Output; fn div(&self, rhs: &Rhs) -> Self::Output; }
   |           ^^^^^^^^^ help: convert the identifier to upper camel case: `JetDiv`

warning: trait `__jet_Serialize` should have an upper camel case name
     --> /jet/build/fact_value_arguments.rs:40454:7
      |
40454 | trait __jet_Serialize {
      |       ^^^^^^^^^^^^^^^ help: convert the identifier to upper camel case: `JetSerialize`

warning: unused import: `Cell`
     --> /jet/build/fact_value_arguments.rs:44948:21
      |
44948 |     use std::cell::{Cell, RefCell};
      |                     ^^^^
      |
      = note: `#[warn(unused_imports)]` (part of `#[warn(unused)]`) on by default

warning: unused import: `JetUninit`
     --> /jet/build/fact_value_arguments.rs:44952:43
      |
44952 |     pub use super::jet_uninit_semantics::{JetUninit, JetUninitFixed};
      |                                           ^^^^^^^^^

warning: unused imports: `JetSentryFrame`, `JetSentryGuard`, `jet_sentry_current_frame`, `jet_sentry_fenced_scope`, `jet_sentry_frame`, `jet_sentry_policy_scope`, `jet_sentry_reset`, `jet_sentry_scope`, and `jet_sentry_set_hardened`
     --> /jet/build/fact_value_arguments.rs:44965:35
      |
44965 |         jet_memory_ledger_record, jet_sentry_current_frame, jet_sentry_fenced_scope,
      |                                   ^^^^^^^^^^^^^^^^^^^^^^^^  ^^^^^^^^^^^^^^^^^^^^^^^
44966 |         jet_sentry_frame, jet_sentry_policy_scope, jet_sentry_reset, jet_sentry_scope,
      |         ^^^^^^^^^^^^^^^^  ^^^^^^^^^^^^^^^^^^^^^^^  ^^^^^^^^^^^^^^^^  ^^^^^^^^^^^^^^^^
44967 |         jet_sentry_set_hardened, JetSentryFrame, JetSentryGuard, MemoryLedgerWitness,
      |         ^^^^^^^^^^^^^^^^^^^^^^^  ^^^^^^^^^^^^^^  ^^^^^^^^^^^^^^

warning: unused import: `crate::jet_encoding_json::render_json`
     --> /jet/build/fact_value_arguments.rs:64941:13
      |
64941 |     pub use crate::jet_encoding_json::render_json;
      |             ^^^^^^^^^^^^^^^^^^^^^^^^^^^^^^^^^^^^^

warning: unnecessary parentheses around block return value
     --> /jet/build/fact_value_arguments.rs:68930:13
      |
68930 |             (((exponent as u64 + 1023) << 52) | (top & ((1u64 << 52) - 1)))
      |             ^                                                             ^
      |
      = note: `#[warn(unused_parens)]` (part of `#[warn(unused)]`) on by default
help: remove these parentheses
      |
68930 -             (((exponent as u64 + 1023) << 52) | (top & ((1u64 << 52) - 1)))
68930 +             ((exponent as u64 + 1023) << 52) | (top & ((1u64 << 52) - 1))
      |

warning: unused import: `crate::jet_int_compare_hot`
     --> /jet/build/fact_value_arguments.rs:69275:9
      |
69275 | pub use crate::jet_int_compare_hot;
      |         ^^^^^^^^^^^^^^^^^^^^^^^^^^

warning: unused import: `crate::jet_int_add_hot`
     --> /jet/build/fact_value_arguments.rs:69299:9
      |
69299 | pub use crate::jet_int_add_hot;
      |         ^^^^^^^^^^^^^^^^^^^^^^

warning: unused import: `crate::jet_int_sub_hot`
     --> /jet/build/fact_value_arguments.rs:69323:9
      |
69323 | pub use crate::jet_int_sub_hot;
      |         ^^^^^^^^^^^^^^^^^^^^^^

warning: unused import: `crate::jet_int_mul_hot`
     --> /jet/build/fact_value_arguments.rs:69347:9
      |
69347 | pub use crate::jet_int_mul_hot;
      |         ^^^^^^^^^^^^^^^^^^^^^^

warning: unused import: `crate::jet_int_add_inline`
     --> /jet/build/fact_value_arguments.rs:69361:9
      |
69361 | pub use crate::jet_int_add_inline;
      |         ^^^^^^^^^^^^^^^^^^^^^^^^^

warning: unused import: `crate::jet_int_sub_inline`
     --> /jet/build/fact_value_arguments.rs:69371:9
      |
69371 | pub use crate::jet_int_sub_inline;
      |         ^^^^^^^^^^^^^^^^^^^^^^^^^

warning: unused import: `crate::jet_int_mul_inline`
     --> /jet/build/fact_value_arguments.rs:69381:9
      |
69381 | pub use crate::jet_int_mul_inline;
      |         ^^^^^^^^^^^^^^^^^^^^^^^^^

warning: unused import: `crate::jet_int_compare_inline`
     --> /jet/build/fact_value_arguments.rs:69395:9
      |
69395 | pub use crate::jet_int_compare_inline;
      |         ^^^^^^^^^^^^^^^^^^^^^^^^^^^^^

warning: unused import: `crate::jet_int_neg_inline`
     --> /jet/build/fact_value_arguments.rs:69404:9
      |
69404 | pub use crate::jet_int_neg_inline;
      |         ^^^^^^^^^^^^^^^^^^^^^^^^^

warning: unused import: `crate::jet_int_bit_and_hot`
     --> /jet/build/fact_value_arguments.rs:69423:9
      |
69423 | pub use crate::jet_int_bit_and_hot;
      |         ^^^^^^^^^^^^^^^^^^^^^^^^^^

warning: unused import: `crate::jet_int_bit_or_hot`
     --> /jet/build/fact_value_arguments.rs:69439:9
      |
69439 | pub use crate::jet_int_bit_or_hot;
      |         ^^^^^^^^^^^^^^^^^^^^^^^^^

warning: unused import: `crate::jet_int_bit_xor_hot`
     --> /jet/build/fact_value_arguments.rs:69455:9
      |
69455 | pub use crate::jet_int_bit_xor_hot;
      |         ^^^^^^^^^^^^^^^^^^^^^^^^^^

warning: unused imports: `JetCellEditGuard` and `JetCellReadGuard`
     --> /jet/build/fact_value_arguments.rs:75209:35
      |
75209 | pub use self::jet_cell::{JetCell, JetCellEditGuard, JetCellReadGuard};
      |                                   ^^^^^^^^^^^^^^^^  ^^^^^^^^^^^^^^^^

warning: unused imports: `JetStreamSender` and `jet_stream_task`
     --> /jet/build/fact_value_arguments.rs:76150:21
      |
76150 |     pub use super::{jet_stream_task, JetStream, JetStreamSender};
      |                     ^^^^^^^^^^^^^^^             ^^^^^^^^^^^^^^^

warning: unused import: `std::io::Write`
     --> /jet/build/fact_value_arguments.rs:92264:13
      |
92264 |         use std::io::Write;
      |             ^^^^^^^^^^^^^^

warning: unused import: `core::cell::Cell`
      --> /jet/build/fact_value_arguments.rs:111057:5
       |
111057 | use core::cell::Cell;
       |     ^^^^^^^^^^^^^^^^

warning: unused import: `jet_foundation::Devtools::JetDevtoolsEvent as JetWebStoreDevtoolsEvent`
      --> /jet/build/fact_value_arguments.rs:111060:5
       |
111060 | use jet_foundation::Devtools::JetDevtoolsEvent as JetWebStoreDevtoolsEvent;
       |     ^^^^^^^^^^^^^^^^^^^^^^^^^^^^^^^^^^^^^^^^^^^^^^^^^^^^^^^^^^^^^^^^^^^^^^

warning: unused import: `TypeId as JetWebStoreTypeId`
      --> /jet/build/fact_value_arguments.rs:111062:39
       |
111062 | use std::any::{Any as JetWebStoreAny, TypeId as JetWebStoreTypeId};
       |                                       ^^^^^^^^^^^^^^^^^^^^^^^^^^^

warning: unused imports: `BTreeMap as JetWebFormMap`, `BTreeMap as JetWebTablePages`, `BTreeMap`, `BTreeSet as JetWebTableSet`, `BTreeSet`, `HashMap as JetWebStoreMap`, and `VecDeque as JetWebStoreDeque`
      --> /jet/build/fact_value_arguments.rs:111063:24
       |
111063 | ...::{BTreeMap, BTreeSet, HashMap, HashSet, BTreeMap as JetWebFormMap, VecDeque as JetWebStoreDeque, HashMap as JetWebStoreMap, BTreeMap as JetWebTablePages, BTreeSet as JetWebTableSet, V...
       |       ^^^^^^^^  ^^^^^^^^                    ^^^^^^^^^^^^^^^^^^^^^^^^^  ^^^^^^^^^^^^^^^^^^^^^^^^^^^^  ^^^^^^^^^^^^^^^^^^^^^^^^^  ^^^^^^^^^^^^^^^^^^^^^^^^^^^^  ^^^^^^^^^^^^^^^^^^^^^^^^^^

warning: unused import: `std::fs::OpenOptions`
      --> /jet/build/fact_value_arguments.rs:111064:5
       |
111064 | use std::fs::OpenOptions;
       |     ^^^^^^^^^^^^^^^^^^^^

warning: unused imports: `SeekFrom` and `Seek`
      --> /jet/build/fact_value_arguments.rs:111065:21
       |
111065 | use std::io::{Read, Seek, SeekFrom, Write};
       |                     ^^^^  ^^^^^^^^

warning: unused imports: `Component`, `PathBuf`, and `Path`
      --> /jet/build/fact_value_arguments.rs:111068:17
       |
111068 | use std::path::{Component, Path, PathBuf};
       |                 ^^^^^^^^^  ^^^^  ^^^^^^^

warning: unused imports: `Arc as JetDataPlotArc`, `Arc as JetWebFormArc`, `Arc as JetWebQueryArc`, `Arc as JetWebStoreArc`, `Arc as JetWebTableArc`, `Condvar as JetWebStoreCondvar`, `LazyLock as JetWebStoreLazyLock`, `LazyLock`, `Mutex as JetWebFormMutex`, `Mutex as JetWebQueryMutex`, `Mutex as JetWebStoreMutex`, and `Mutex as JetWebTableMutex`
      --> /jet/build/fact_value_arguments.rs:111069:31
       |
111069 | ...r, Arc as JetDataPlotArc, Arc as JetWebFormArc, Mutex as JetWebFormMutex, Arc as JetWebQueryArc, Mutex as JetWebQueryMutex, Arc as JetWebStoreArc, Condvar as JetWebStoreCondvar, LazyLock as JetWebStoreLazyLock, Mutex as JetWebStoreMutex, Arc as JetWebTableArc, Mutex as JetWebTableMutex, LazyLock, M...
       |       ^^^^^^^^^^^^^^^^^^^^^  ^^^^^^^^^^^^^^^^^^^^  ^^^^^^^^^^^^^^^^^^^^^^^^  ^^^^^^^^^^^^^^^^^^^^^  ^^^^^^^^^^^^^^^^^^^^^^^^^  ^^^^^^^^^^^^^^^^^^^^^  ^^^^^^^^^^^^^^^^^^^^^^^^^^^^^  ^^^^^^^^^^^^^^^^^^^^^^^^^^^^^^^  ^^^^^^^^^^^^^^^^^^^^^^^^^  ^^^^^^^^^^^^^^^^^^^^^  ^^^^^^^^^^^^^^^^^^^^^^^^^  ^^^^^^^^

warning: unused import: `Ordering as JetWebFormOrdering`
      --> /jet/build/fact_value_arguments.rs:111070:60
       |
111070 | use std::sync::atomic::{AtomicBool, AtomicU8, AtomicUsize, Ordering as JetWebFormOrdering};
       |                                                            ^^^^^^^^^^^^^^^^^^^^^^^^^^^^^^

warning: unused imports: `SystemTime as JetWebStoreSystemTime`, `SystemTime`, `UNIX_EPOCH as JetWebStoreUnixEpoch`, and `UNIX_EPOCH`
      --> /jet/build/fact_value_arguments.rs:111071:36
       |
111071 | ...tion, Instant, SystemTime as JetWebStoreSystemTime, UNIX_EPOCH as JetWebStoreUnixEpoch, SystemTime, UNIX_EPOCH};
       |                   ^^^^^^^^^^^^^^^^^^^^^^^^^^^^^^^^^^^  ^^^^^^^^^^^^^^^^^^^^^^^^^^^^^^^^^^  ^^^^^^^^^^  ^^^^^^^^^^

warning: type `__jet__shome_snate_sProjects_sGithub_sjet_sexamples_sfeatures_smodules_c_cfact_uvalue_uarguments_djet_c_cTime` should have an upper camel case name
      --> /jet/build/fact_value_arguments.rs:123452:10
       |
123452 | pub enum __jet__shome_snate_sProjects_sGithub_sjet_sexamples_sfeatures_smodules_c_cfact_uvalue_uarguments_djet_c_cTime {
       |          ^^^^^^^^^^^^^^^^^^^^^^^^^^^^^^^^^^^^^^^^^^^^^^^^^^^^^^^^^^^^^^^^^^^^^^^^^^^^^^^^^^^^^^^^^^^^^^^^^^^^^^^^^^^^^ help: convert the identifier to upper camel case: `JetShomeSnateSProjectsSGithubSjetSexamplesSfeaturesSmodulesCCfactUvalueUargumentsDjetCCTime`

warning: type `__jet_ParseError` should have an upper camel case name
      --> /jet/build/fact_value_arguments.rs:123455:10
       |
123455 | pub type __jet_ParseError = String;
       |          ^^^^^^^^^^^^^^^^ help: convert the identifier to upper camel case: `JetParseError`

warning: type `__jet__shome_snate_sProjects_sGithub_sjet_sexamples_sfeatures_smodules_c_cfact_uvalue_uarguments_djet_c_cM5TunedBuffer` should have an upper camel case name
      --> /jet/build/fact_value_arguments.rs:123458:12
       |
123458 | pub struct __jet__shome_snate_sProjects_sGithub_sjet_sexamples_sfeatures_smodules_c_cfact_uvalue_uarguments_djet_c_cM5TunedBuffer {
       |            ^^^^^^^^^^^^^^^^^^^^^^^^^^^^^^^^^^^^^^^^^^^^^^^^^^^^^^^^^^^^^^^^^^^^^^^^^^^^^^^^^^^^^^^^^^^^^^^^^^^^^^^^^^^^^^^^^^^^^^ help: convert the identifier to upper camel case: `JetShomeSnateSProjectsSGithubSjetSexamplesSfeaturesSmodulesCCfactUvalueUargumentsDjetCCM5tunedBuffer`

warning: unnecessary parentheses around function argument
      --> /jet/build/fact_value_arguments.rs:123675:52
       |
123675 | ...me((((__jet_v_14920332849051852283.as_ref().expect("MIR value")).clone()) < ((__jet_v_9580356631255563452.as_ref().expect("MIR value")).clone())));
       |       ^                                                                                                                                            ^
       |
help: remove these parentheses
       |
123675 -                 __jet_v_5592902396026718732 = Some((((__jet_v_14920332849051852283.as_ref().expect("MIR value")).clone()) < ((__jet_v_9580356631255563452.as_ref().expect("MIR value")).clone())));
123675 +                 __jet_v_5592902396026718732 = Some(((__jet_v_14920332849051852283.as_ref().expect("MIR value")).clone()) < ((__jet_v_9580356631255563452.as_ref().expect("MIR value")).clone()));
       |

warning: unnecessary parentheses around function argument
      --> /jet/build/fact_value_arguments.rs:123697:52
       |
123697 | ...me((((__jet_v_17933983891199575384.as_ref().expect("MIR value")).clone()) > ((__jet_v_14219797445219101349.as_ref().expect("MIR value")).clone())));
       |       ^                                                                                                                                             ^
       |
help: remove these parentheses
       |
123697 -                 __jet_v_1455163071533487920 = Some((((__jet_v_17933983891199575384.as_ref().expect("MIR value")).clone()) > ((__jet_v_14219797445219101349.as_ref().expect("MIR value")).clone())));
123697 +                 __jet_v_1455163071533487920 = Some(((__jet_v_17933983891199575384.as_ref().expect("MIR value")).clone()) > ((__jet_v_14219797445219101349.as_ref().expect("MIR value")).clone()));
       |

warning: unnecessary parentheses around function argument
      --> /jet/build/fact_value_arguments.rs:123867:53
       |
123867 |                 __jet_v_15825747711546492264 = Some((!(*(__jet_v_2090463029307003410.as_ref().expect("MIR value")))));
       |                                                     ^                                                              ^
       |
help: remove these parentheses
       |
123867 -                 __jet_v_15825747711546492264 = Some((!(*(__jet_v_2090463029307003410.as_ref().expect("MIR value")))));
123867 +                 __jet_v_15825747711546492264 = Some(!(*(__jet_v_2090463029307003410.as_ref().expect("MIR value"))));
       |

warning: unnecessary parentheses around function argument
      --> /jet/build/fact_value_arguments.rs:123911:53
       |
123911 |                 __jet_v_12786601929747546528 = Some((!(*(__jet_v_10562873501709578277.as_ref().expect("MIR value")))));
       |                                                     ^                                                               ^
       |
help: remove these parentheses
       |
123911 -                 __jet_v_12786601929747546528 = Some((!(*(__jet_v_10562873501709578277.as_ref().expect("MIR value")))));
123911 +                 __jet_v_12786601929747546528 = Some(!(*(__jet_v_10562873501709578277.as_ref().expect("MIR value"))));
       |

warning: unnecessary parentheses around function argument
      --> /jet/build/fact_value_arguments.rs:124115:51
       |
124115 | ...me((((__jet_v_17021757374076750618.as_ref().expect("MIR value")).clone()) == ((__jet_v_5883539411732527958.as_ref().expect("MIR value")).clone())));
       |       ^                                                                                                                                             ^
       |
help: remove these parentheses
       |
124115 -                 __jet_v_144998020869767790 = Some((((__jet_v_17021757374076750618.as_ref().expect("MIR value")).clone()) == ((__jet_v_5883539411732527958.as_ref().expect("MIR value")).clone())));
124115 +                 __jet_v_144998020869767790 = Some(((__jet_v_17021757374076750618.as_ref().expect("MIR value")).clone()) == ((__jet_v_5883539411732527958.as_ref().expect("MIR value")).clone()));
       |

warning: unnecessary parentheses around function argument
      --> /jet/build/fact_value_arguments.rs:124261:53
       |
124261 |                 __jet_v_13266894445058806281 = Some((!(*(__jet_v_17442058167821799602.as_ref().expect("MIR value")))));
       |                                                     ^                                                               ^
       |
help: remove these parentheses
       |
124261 -                 __jet_v_13266894445058806281 = Some((!(*(__jet_v_17442058167821799602.as_ref().expect("MIR value")))));
124261 +                 __jet_v_13266894445058806281 = Some(!(*(__jet_v_17442058167821799602.as_ref().expect("MIR value"))));
       |

warning: unnecessary parentheses around closure body
      --> /jet/build/fact_value_arguments.rs:124335:307
       |
124335 | ..._right).iter()).all(|(__jet_left,__jet_right)| ((__jet_left) == (__jet_right))) }));
       |                                                   ^                             ^
       |
help: remove these parentheses
       |
124335 -                 __jet_v_6704436585182076496 = Some(!({ let __jet_left = (__jet_v_12836494206753700056.as_ref().expect("MIR value")).clone(); let __jet_right = (__jet_v_2622343015161350985.as_ref().expect("MIR value")).clone(); (&__jet_left).iter().zip((&__jet_right).iter()).all(|(__jet_left,__jet_right)| ((__jet_left) == (__jet_right))) }));
124335 +                 __jet_v_6704436585182076496 = Some(!({ let __jet_left = (__jet_v_12836494206753700056.as_ref().expect("MIR value")).clone(); let __jet_right = (__jet_v_2622343015161350985.as_ref().expect("MIR value")).clone(); (&__jet_left).iter().zip((&__jet_right).iter()).all(|(__jet_left,__jet_right)| (__jet_left) == (__jet_right)) }));
       |

warning: unused label
      --> /jet/build/fact_value_arguments.rs:124379:5
       |
124379 |     'mir_dispatch: loop {
       |     ^^^^^^^^^^^^^
       |
       = note: `#[warn(unused_labels)]` (part of `#[warn(unused)]`) on by default

warning: unused label
      --> /jet/build/fact_value_arguments.rs:124400:5
       |
124400 |     'mir_dispatch: loop {
       |     ^^^^^^^^^^^^^

error[E0599]: the method `jet_show` exists for enum `Result<jet_foundation_numeric::JetInt, JetErr>`, but its trait bounds were not satisfied
      --> /jet/build/fact_value_arguments.rs:124385:160
       |
  1088 | pub struct JetErr {
       | ----------------- doesn't satisfy `JetErr: JetShow`
...
124385 |                 __jet_v_5542079270457895592 = Some({ let _ = jet_term_write_stdout_line(&(((__jet_v_1704644247676561031.as_ref().expect("MIR value")).clone()).jet_show())...
       |                                                                                                                                                                ^^^^^^^^ method cannot be called on `Result<jet_foundation_numeric::JetInt, JetErr>` due to unsatisfied trait bounds
       |
note: trait bound `JetErr: JetShow` was not satisfied
      --> /jet/build/fact_value_arguments.rs:18192:21
       |
 18192 | impl<T: JetShow, E: JetShow> JetShow for JetOutcome<T, E> {
       |                     ^^^^^^^  -------     ----------------
       |                     |
       |                     unsatisfied trait bound introduced here
note: the trait `JetShow` must be implemented
      --> /jet/build/fact_value_arguments.rs:17753:1
       |
 17753 | trait JetShow {
       | ^^^^^^^^^^^^^
note: the method `jet_show` exists on the type `jet_foundation_numeric::JetInt`
      --> /jet/build/fact_value_arguments.rs:17754:5
       |
 17754 |     fn jet_show(&self) -> String;
       |     ^^^^^^^^^^^^^^^^^^^^^^^^^^^^^
       = help: items from traits can only be used if the trait is implemented and in scope
note: `JetShow` defines an item `jet_show`, perhaps you need to implement it
      --> /jet/build/fact_value_arguments.rs:17753:1
       |
 17753 | trait JetShow {
       | ^^^^^^^^^^^^^
help: use the `?` operator to extract the `jet_foundation_numeric::JetInt` value, propagating a `Result::Err` value to the caller
       |
124385 |                 __jet_v_5542079270457895592 = Some({ let _ = jet_term_write_stdout_line(&(((__jet_v_1704644247676561031.as_ref().expect("MIR value")).clone())?.jet_show()), true); });
       |                                                                                                                                                               +

warning: unused import: `Read`
      --> /jet/build/fact_value_arguments.rs:111065:15
       |
111065 | use std::io::{Read, Seek, SeekFrom, Write};
       |               ^^^^

warning: unused import: `Write`
      --> /jet/build/fact_value_arguments.rs:111065:37
       |
111065 | use std::io::{Read, Seek, SeekFrom, Write};
       |                                     ^^^^^

warning: unused import: `Any`
      --> /jet/build/fact_value_arguments.rs:111062:16
       |
111062 | use std::any::{Any as JetWebStoreAny, TypeId as JetWebStoreTypeId};
       |                ^^^

warning: value assigned to `cursor` is never read
      --> /jet/build/fact_value_arguments.rs:118175:17
       |
118175 |                 cursor += 2;
       |                 ^^^^^^^^^^^ this value is reassigned later and never used
...
118178 |                 cursor += 1;
       |                 ----------- `cursor` is overwritten here before the previous value is read
       |
       = note: `#[warn(unused_assignments)]` (part of `#[warn(unused)]`) on by default

warning: value assigned to `cursor` is never read
      --> /jet/build/fact_value_arguments.rs:118178:17
       |
118178 |                 cursor += 1;
       |                 ^^^^^^^^^^^
       |
       = help: maybe it is overwritten before being read?

error: aborting due to 1 previous error; 59 warnings emitted

For more information about this error, try `rustc --explain E0599`.
