warning: trait `__jet_Display` should have an upper camel case name
 --> /jet/build/format_selectors.rs:4:11
  |
4 | pub trait __jet_Display {
  |           ^^^^^^^^^^^^^ help: convert the identifier to upper camel case: `JetDisplay`
  |
  = note: `#[warn(non_camel_case_types)]` (part of `#[warn(nonstandard_style)]`) on by default

warning: trait `__jet_Equatable` should have an upper camel case name
 --> /jet/build/format_selectors.rs:8:11
  |
8 | pub trait __jet_Equatable: Sized { fn equal(&self, rhs: &Self) -> bool; }
  |           ^^^^^^^^^^^^^^^ help: convert the identifier to upper camel case: `JetEquatable`

warning: type `__jet_Ordering` should have an upper camel case name
  --> /jet/build/format_selectors.rs:24:10
   |
24 | pub enum __jet_Ordering { __jet_Less, __jet_Equal, __jet_Greater }
   |          ^^^^^^^^^^^^^^ help: convert the identifier to upper camel case: `JetOrdering`

warning: variant `__jet_Less` should have an upper camel case name
  --> /jet/build/format_selectors.rs:24:27
   |
24 | pub enum __jet_Ordering { __jet_Less, __jet_Equal, __jet_Greater }
   |                           ^^^^^^^^^^ help: convert the identifier to upper camel case: `JetLess`

warning: variant `__jet_Equal` should have an upper camel case name
  --> /jet/build/format_selectors.rs:24:39
   |
24 | pub enum __jet_Ordering { __jet_Less, __jet_Equal, __jet_Greater }
   |                                       ^^^^^^^^^^^ help: convert the identifier to upper camel case: `JetEqual`

warning: variant `__jet_Greater` should have an upper camel case name
  --> /jet/build/format_selectors.rs:24:52
   |
24 | pub enum __jet_Ordering { __jet_Less, __jet_Equal, __jet_Greater }
   |                                                    ^^^^^^^^^^^^^ help: convert the identifier to upper camel case: `JetGreater`

warning: trait `__jet_Comparable` should have an upper camel case name
  --> /jet/build/format_selectors.rs:26:11
   |
26 | pub trait __jet_Comparable: Sized { fn compare(&self, rhs: &Self) -> __jet_Ordering; }
   |           ^^^^^^^^^^^^^^^^ help: convert the identifier to upper camel case: `JetComparable`

warning: trait `__jet_Add` should have an upper camel case name
  --> /jet/build/format_selectors.rs:38:11
   |
38 | pub trait __jet_Add<Rhs = Self>: Sized { type Output; fn add(&self, rhs: &Rhs) -> Self::Output; }
   |           ^^^^^^^^^ help: convert the identifier to upper camel case: `JetAdd`

warning: trait `__jet_Sub` should have an upper camel case name
  --> /jet/build/format_selectors.rs:39:11
   |
39 | pub trait __jet_Sub<Rhs = Self>: Sized { type Output; fn sub(&self, rhs: &Rhs) -> Self::Output; }
   |           ^^^^^^^^^ help: convert the identifier to upper camel case: `JetSub`

warning: trait `__jet_Mul` should have an upper camel case name
  --> /jet/build/format_selectors.rs:40:11
   |
40 | pub trait __jet_Mul<Rhs = Self>: Sized { type Output; fn mul(&self, rhs: &Rhs) -> Self::Output; }
   |           ^^^^^^^^^ help: convert the identifier to upper camel case: `JetMul`

warning: trait `__jet_Div` should have an upper camel case name
  --> /jet/build/format_selectors.rs:41:11
   |
41 | pub trait __jet_Div<Rhs = Self>: Sized { type Output; fn div(&self, rhs: &Rhs) -> Self::Output; }
   |           ^^^^^^^^^ help: convert the identifier to upper camel case: `JetDiv`

warning: trait `__jet_Index` should have an upper camel case name
  --> /jet/build/format_selectors.rs:42:11
   |
42 | pub trait __jet_Index {
   |           ^^^^^^^^^^^ help: convert the identifier to upper camel case: `JetIndex`

warning: associated type `__jet_Key` should have an upper camel case name
  --> /jet/build/format_selectors.rs:43:10
   |
43 |     type __jet_Key;
   |          ^^^^^^^^^ help: convert the identifier to upper camel case: `JetKey`

warning: associated type `__jet_Value` should have an upper camel case name
  --> /jet/build/format_selectors.rs:44:10
   |
44 |     type __jet_Value;
   |          ^^^^^^^^^^^ help: convert the identifier to upper camel case: `JetValue`

warning: trait `__jet_IndexMut` should have an upper camel case name
  --> /jet/build/format_selectors.rs:47:11
   |
47 | pub trait __jet_IndexMut: __jet_Index {
   |           ^^^^^^^^^^^^^^ help: convert the identifier to upper camel case: `JetIndexMut`

warning: trait `__jet_Serialize` should have an upper camel case name
     --> /jet/build/format_selectors.rs:41665:7
      |
41665 | trait __jet_Serialize {
      |       ^^^^^^^^^^^^^^^ help: convert the identifier to upper camel case: `JetSerialize`

warning: unused import: `Cell`
     --> /jet/build/format_selectors.rs:46190:21
      |
46190 |     use std::cell::{Cell, RefCell};
      |                     ^^^^
      |
      = note: `#[warn(unused_imports)]` (part of `#[warn(unused)]`) on by default

warning: unused import: `JetUninit`
     --> /jet/build/format_selectors.rs:46194:43
      |
46194 |     pub use super::jet_uninit_semantics::{JetUninit, JetUninitFixed};
      |                                           ^^^^^^^^^

warning: unused imports: `JetSentryFrame`, `JetSentryGuard`, `jet_sentry_current_frame`, `jet_sentry_fenced_scope`, `jet_sentry_frame`, `jet_sentry_policy_scope`, `jet_sentry_reset`, `jet_sentry_scope`, and `jet_sentry_set_hardened`
     --> /jet/build/format_selectors.rs:46207:35
      |
46207 |         jet_memory_ledger_record, jet_sentry_current_frame, jet_sentry_fenced_scope,
      |                                   ^^^^^^^^^^^^^^^^^^^^^^^^  ^^^^^^^^^^^^^^^^^^^^^^^
46208 |         jet_sentry_frame, jet_sentry_policy_scope, jet_sentry_reset, jet_sentry_scope,
      |         ^^^^^^^^^^^^^^^^  ^^^^^^^^^^^^^^^^^^^^^^^  ^^^^^^^^^^^^^^^^  ^^^^^^^^^^^^^^^^
46209 |         jet_sentry_set_hardened, JetSentryFrame, JetSentryGuard, MemoryLedgerWitness,
      |         ^^^^^^^^^^^^^^^^^^^^^^^  ^^^^^^^^^^^^^^  ^^^^^^^^^^^^^^

warning: unused import: `crate::jet_encoding_json::render_json`
     --> /jet/build/format_selectors.rs:66189:13
      |
66189 |     pub use crate::jet_encoding_json::render_json;
      |             ^^^^^^^^^^^^^^^^^^^^^^^^^^^^^^^^^^^^^

warning: unnecessary parentheses around block return value
     --> /jet/build/format_selectors.rs:70251:13
      |
70251 |             (((exponent as u64 + 1023) << 52) | (top & ((1u64 << 52) - 1)))
      |             ^                                                             ^
      |
      = note: `#[warn(unused_parens)]` (part of `#[warn(unused)]`) on by default
help: remove these parentheses
      |
70251 -             (((exponent as u64 + 1023) << 52) | (top & ((1u64 << 52) - 1)))
70251 +             ((exponent as u64 + 1023) << 52) | (top & ((1u64 << 52) - 1))
      |

warning: unused import: `crate::jet_int_compare_hot`
     --> /jet/build/format_selectors.rs:70596:9
      |
70596 | pub use crate::jet_int_compare_hot;
      |         ^^^^^^^^^^^^^^^^^^^^^^^^^^

warning: unused import: `crate::jet_int_add_hot`
     --> /jet/build/format_selectors.rs:70620:9
      |
70620 | pub use crate::jet_int_add_hot;
      |         ^^^^^^^^^^^^^^^^^^^^^^

warning: unused import: `crate::jet_int_sub_hot`
     --> /jet/build/format_selectors.rs:70644:9
      |
70644 | pub use crate::jet_int_sub_hot;
      |         ^^^^^^^^^^^^^^^^^^^^^^

warning: unused import: `crate::jet_int_mul_hot`
     --> /jet/build/format_selectors.rs:70668:9
      |
70668 | pub use crate::jet_int_mul_hot;
      |         ^^^^^^^^^^^^^^^^^^^^^^

warning: unused import: `crate::jet_int_add_inline`
     --> /jet/build/format_selectors.rs:70682:9
      |
70682 | pub use crate::jet_int_add_inline;
      |         ^^^^^^^^^^^^^^^^^^^^^^^^^

warning: unused import: `crate::jet_int_sub_inline`
     --> /jet/build/format_selectors.rs:70692:9
      |
70692 | pub use crate::jet_int_sub_inline;
      |         ^^^^^^^^^^^^^^^^^^^^^^^^^

warning: unused import: `crate::jet_int_mul_inline`
     --> /jet/build/format_selectors.rs:70702:9
      |
70702 | pub use crate::jet_int_mul_inline;
      |         ^^^^^^^^^^^^^^^^^^^^^^^^^

warning: unused import: `crate::jet_int_compare_inline`
     --> /jet/build/format_selectors.rs:70716:9
      |
70716 | pub use crate::jet_int_compare_inline;
      |         ^^^^^^^^^^^^^^^^^^^^^^^^^^^^^

warning: unused import: `crate::jet_int_neg_inline`
     --> /jet/build/format_selectors.rs:70725:9
      |
70725 | pub use crate::jet_int_neg_inline;
      |         ^^^^^^^^^^^^^^^^^^^^^^^^^

warning: unused import: `crate::jet_int_bit_and_hot`
     --> /jet/build/format_selectors.rs:70744:9
      |
70744 | pub use crate::jet_int_bit_and_hot;
      |         ^^^^^^^^^^^^^^^^^^^^^^^^^^

warning: unused import: `crate::jet_int_bit_or_hot`
     --> /jet/build/format_selectors.rs:70760:9
      |
70760 | pub use crate::jet_int_bit_or_hot;
      |         ^^^^^^^^^^^^^^^^^^^^^^^^^

warning: unused import: `crate::jet_int_bit_xor_hot`
     --> /jet/build/format_selectors.rs:70776:9
      |
70776 | pub use crate::jet_int_bit_xor_hot;
      |         ^^^^^^^^^^^^^^^^^^^^^^^^^^

warning: unused imports: `JetCellEditGuard` and `JetCellReadGuard`
     --> /jet/build/format_selectors.rs:76604:35
      |
76604 | pub use self::jet_cell::{JetCell, JetCellEditGuard, JetCellReadGuard};
      |                                   ^^^^^^^^^^^^^^^^  ^^^^^^^^^^^^^^^^

warning: unused imports: `JetStreamSender` and `jet_stream_task`
     --> /jet/build/format_selectors.rs:77545:21
      |
77545 |     pub use super::{jet_stream_task, JetStream, JetStreamSender};
      |                     ^^^^^^^^^^^^^^^             ^^^^^^^^^^^^^^^

warning: unused macro definition: `jet_plugin_bridge`
     --> /jet/build/format_selectors.rs:87809:14
      |
87809 | macro_rules! jet_plugin_bridge {
      |              ^^^^^^^^^^^^^^^^^
      |
      = note: `#[warn(unused_macros)]` (part of `#[warn(unused)]`) on by default

warning: unused import: `std::io::Write`
     --> /jet/build/format_selectors.rs:93767:13
      |
93767 |         use std::io::Write;
      |             ^^^^^^^^^^^^^^

warning: unused import: `core::cell::Cell`
      --> /jet/build/format_selectors.rs:114627:5
       |
114627 | use core::cell::Cell;
       |     ^^^^^^^^^^^^^^^^

warning: unused import: `jet_foundation::Devtools::JetDevtoolsEvent as JetWebStoreDevtoolsEvent`
      --> /jet/build/format_selectors.rs:114630:5
       |
114630 | use jet_foundation::Devtools::JetDevtoolsEvent as JetWebStoreDevtoolsEvent;
       |     ^^^^^^^^^^^^^^^^^^^^^^^^^^^^^^^^^^^^^^^^^^^^^^^^^^^^^^^^^^^^^^^^^^^^^^

warning: unused import: `TypeId as JetWebStoreTypeId`
      --> /jet/build/format_selectors.rs:114632:39
       |
114632 | use std::any::{Any as JetWebStoreAny, TypeId as JetWebStoreTypeId};
       |                                       ^^^^^^^^^^^^^^^^^^^^^^^^^^^

warning: unused imports: `BTreeMap as JetWebFormMap`, `BTreeMap as JetWebTablePages`, `BTreeMap`, `BTreeSet as JetWebTableSet`, `BTreeSet`, `HashMap as JetWebStoreMap`, and `VecDeque as JetWebStoreDeque`
      --> /jet/build/format_selectors.rs:114633:24
       |
114633 | ...::{BTreeMap, BTreeSet, HashMap, HashSet, BTreeMap as JetWebFormMap, VecDeque as JetWebStoreDeque, HashMap as JetWebStoreMap, BTreeMap as JetWebTablePages, BTreeSet as JetWebTableSet, V...
       |       ^^^^^^^^  ^^^^^^^^                    ^^^^^^^^^^^^^^^^^^^^^^^^^  ^^^^^^^^^^^^^^^^^^^^^^^^^^^^  ^^^^^^^^^^^^^^^^^^^^^^^^^  ^^^^^^^^^^^^^^^^^^^^^^^^^^^^  ^^^^^^^^^^^^^^^^^^^^^^^^^^

warning: unused import: `std::fs::OpenOptions`
      --> /jet/build/format_selectors.rs:114634:5
       |
114634 | use std::fs::OpenOptions;
       |     ^^^^^^^^^^^^^^^^^^^^

warning: unused imports: `SeekFrom` and `Seek`
      --> /jet/build/format_selectors.rs:114635:21
       |
114635 | use std::io::{Read, Seek, SeekFrom, Write};
       |                     ^^^^  ^^^^^^^^

warning: unused imports: `Component`, `PathBuf`, and `Path`
      --> /jet/build/format_selectors.rs:114638:17
       |
114638 | use std::path::{Component, Path, PathBuf};
       |                 ^^^^^^^^^  ^^^^  ^^^^^^^

warning: unused imports: `Arc as JetDataPlotArc`, `Arc as JetWebFormArc`, `Arc as JetWebQueryArc`, `Arc as JetWebStoreArc`, `Arc as JetWebTableArc`, `Condvar as JetWebStoreCondvar`, `LazyLock as JetWebStoreLazyLock`, `LazyLock`, `Mutex as JetWebFormMutex`, `Mutex as JetWebQueryMutex`, `Mutex as JetWebStoreMutex`, and `Mutex as JetWebTableMutex`
      --> /jet/build/format_selectors.rs:114639:31
       |
114639 | ...r, Arc as JetDataPlotArc, Arc as JetWebFormArc, Mutex as JetWebFormMutex, Arc as JetWebQueryArc, Mutex as JetWebQueryMutex, Arc as JetWebStoreArc, Condvar as JetWebStoreCondvar, LazyLock as JetWebStoreLazyLock, Mutex as JetWebStoreMutex, Arc as JetWebTableArc, Mutex as JetWebTableMutex, LazyLock, M...
       |       ^^^^^^^^^^^^^^^^^^^^^  ^^^^^^^^^^^^^^^^^^^^  ^^^^^^^^^^^^^^^^^^^^^^^^  ^^^^^^^^^^^^^^^^^^^^^  ^^^^^^^^^^^^^^^^^^^^^^^^^  ^^^^^^^^^^^^^^^^^^^^^  ^^^^^^^^^^^^^^^^^^^^^^^^^^^^^  ^^^^^^^^^^^^^^^^^^^^^^^^^^^^^^^  ^^^^^^^^^^^^^^^^^^^^^^^^^  ^^^^^^^^^^^^^^^^^^^^^  ^^^^^^^^^^^^^^^^^^^^^^^^^  ^^^^^^^^

warning: unused import: `Ordering as JetWebFormOrdering`
      --> /jet/build/format_selectors.rs:114640:60
       |
114640 | use std::sync::atomic::{AtomicBool, AtomicU8, AtomicUsize, Ordering as JetWebFormOrdering};
       |                                                            ^^^^^^^^^^^^^^^^^^^^^^^^^^^^^^

warning: unused imports: `SystemTime as JetWebStoreSystemTime`, `SystemTime`, `UNIX_EPOCH as JetWebStoreUnixEpoch`, and `UNIX_EPOCH`
      --> /jet/build/format_selectors.rs:114641:36
       |
114641 | ...tion, Instant, SystemTime as JetWebStoreSystemTime, UNIX_EPOCH as JetWebStoreUnixEpoch, SystemTime, UNIX_EPOCH};
       |                   ^^^^^^^^^^^^^^^^^^^^^^^^^^^^^^^^^^^  ^^^^^^^^^^^^^^^^^^^^^^^^^^^^^^^^^^  ^^^^^^^^^^  ^^^^^^^^^^

warning: type `__jet__shome_snate_sProjects_sGithub_sjet_sexamples_sfeatures_stext_c_cformat_uselectors_djet_c_cPoint` should have an upper camel case name
      --> /jet/build/format_selectors.rs:127075:8
       |
127075 | struct __jet__shome_snate_sProjects_sGithub_sjet_sexamples_sfeatures_stext_c_cformat_uselectors_djet_c_cPoint {
       |        ^^^^^^^^^^^^^^^^^^^^^^^^^^^^^^^^^^^^^^^^^^^^^^^^^^^^^^^^^^^^^^^^^^^^^^^^^^^^^^^^^^^^^^^^^^^^^^^^^^^^^^ help: convert the identifier to upper camel case: `JetShomeSnateSProjectsSGithubSjetSexamplesSfeaturesStextCCformatUselectorsDjetCCPoint`

warning: type `__jet__shome_snate_sProjects_sGithub_sjet_sexamples_sfeatures_stext_c_cformat_uselectors_djet_c_cLength` should have an upper camel case name
      --> /jet/build/format_selectors.rs:127099:6
       |
127099 | enum __jet__shome_snate_sProjects_sGithub_sjet_sexamples_sfeatures_stext_c_cformat_uselectors_djet_c_cLength {
       |      ^^^^^^^^^^^^^^^^^^^^^^^^^^^^^^^^^^^^^^^^^^^^^^^^^^^^^^^^^^^^^^^^^^^^^^^^^^^^^^^^^^^^^^^^^^^^^^^^^^^^^^^ help: convert the identifier to upper camel case: `JetShomeSnateSProjectsSGithubSjetSexamplesSfeaturesStextCCformatUselectorsDjetCCLength`

warning: variant `__jet_Meter` should have an upper camel case name
      --> /jet/build/format_selectors.rs:127100:5
       |
127100 |     __jet_Meter,
       |     ^^^^^^^^^^^ help: convert the identifier to upper camel case: `JetMeter`

warning: type `__jet__shome_snate_sProjects_sGithub_sjet_sexamples_sfeatures_stext_c_cformat_uselectors_djet_c_cMeter` should have an upper camel case name
      --> /jet/build/format_selectors.rs:127105:8
       |
127105 | struct __jet__shome_snate_sProjects_sGithub_sjet_sexamples_sfeatures_stext_c_cformat_uselectors_djet_c_cMeter(pub f64);
       |        ^^^^^^^^^^^^^^^^^^^^^^^^^^^^^^^^^^^^^^^^^^^^^^^^^^^^^^^^^^^^^^^^^^^^^^^^^^^^^^^^^^^^^^^^^^^^^^^^^^^^^^ help: convert the identifier to upper camel case: `JetShomeSnateSProjectsSGithubSjetSexamplesSfeaturesStextCCformatUselectorsDjetCCMeter`

warning: type `__jet_ParseError` should have an upper camel case name
      --> /jet/build/format_selectors.rs:127107:10
       |
127107 | pub type __jet_ParseError = String;
       |          ^^^^^^^^^^^^^^^^ help: convert the identifier to upper camel case: `JetParseError`

warning: unused label
      --> /jet/build/format_selectors.rs:127131:5
       |
127131 |     'mir_dispatch: loop {
       |     ^^^^^^^^^^^^^
       |
       = note: `#[warn(unused_labels)]` (part of `#[warn(unused)]`) on by default

warning: unnecessary parentheses around function argument
      --> /jet/build/format_selectors.rs:127138:53
       |
127138 | ...me((((__jet_v_7876163711632832439.as_ref().expect("MIR value")).clone()) <= ((__jet_v_6706690036741311408.as_ref().expect("MIR value")).clone())));
       |       ^                                                                                                                                            ^
       |
help: remove these parentheses
       |
127138 -                 __jet_v_10159293113557760151 = Some((((__jet_v_7876163711632832439.as_ref().expect("MIR value")).clone()) <= ((__jet_v_6706690036741311408.as_ref().expect("MIR value")).clone())));
127138 +                 __jet_v_10159293113557760151 = Some(((__jet_v_7876163711632832439.as_ref().expect("MIR value")).clone()) <= ((__jet_v_6706690036741311408.as_ref().expect("MIR value")).clone()));
       |

warning: unnecessary parentheses around function argument
      --> /jet/build/format_selectors.rs:127143:52
       |
127143 | ...me((((__jet_v_17526150105092524927.as_ref().expect("MIR value")).clone()) >= ((__jet_v_13765375500801912363.as_ref().expect("MIR value")).clone())));
       |       ^                                                                                                                                              ^
       |
help: remove these parentheses
       |
127143 -                 __jet_v_4207297539606936627 = Some((((__jet_v_17526150105092524927.as_ref().expect("MIR value")).clone()) >= ((__jet_v_13765375500801912363.as_ref().expect("MIR value")).clone())));
127143 +                 __jet_v_4207297539606936627 = Some(((__jet_v_17526150105092524927.as_ref().expect("MIR value")).clone()) >= ((__jet_v_13765375500801912363.as_ref().expect("MIR value")).clone()));
       |

warning: unnecessary parentheses around function argument
      --> /jet/build/format_selectors.rs:127144:53
       |
127144 | ...me((((__jet_v_10159293113557760151.as_ref().expect("MIR value")).clone()) && ((__jet_v_4207297539606936627.as_ref().expect("MIR value")).clone())));
       |       ^                                                                                                                                             ^
       |
help: remove these parentheses
       |
127144 -                 __jet_v_13663450234175089199 = Some((((__jet_v_10159293113557760151.as_ref().expect("MIR value")).clone()) && ((__jet_v_4207297539606936627.as_ref().expect("MIR value")).clone())));
127144 +                 __jet_v_13663450234175089199 = Some(((__jet_v_10159293113557760151.as_ref().expect("MIR value")).clone()) && ((__jet_v_4207297539606936627.as_ref().expect("MIR value")).clone()));
       |

warning: unnecessary parentheses around function argument
      --> /jet/build/format_selectors.rs:127190:52
       |
127190 | ...me((((__jet_v_15553952975849774055.as_ref().expect("MIR value")).clone()) != ((__jet_v_482747773797275312.as_ref().expect("MIR value")).clone())));
       |       ^                                                                                                                                            ^
       |
help: remove these parentheses
       |
127190 -                 __jet_v_3989813852538109523 = Some((((__jet_v_15553952975849774055.as_ref().expect("MIR value")).clone()) != ((__jet_v_482747773797275312.as_ref().expect("MIR value")).clone())));
127190 +                 __jet_v_3989813852538109523 = Some(((__jet_v_15553952975849774055.as_ref().expect("MIR value")).clone()) != ((__jet_v_482747773797275312.as_ref().expect("MIR value")).clone()));
       |

warning: unnecessary parentheses around function argument
      --> /jet/build/format_selectors.rs:127223:52
       |
127223 | ...me((((__jet_v_15100916319307554324.as_ref().expect("MIR value")).clone()) != ((__jet_v_3601782991787056554.as_ref().expect("MIR value")).clone())));
       |       ^                                                                                                                                             ^
       |
help: remove these parentheses
       |
127223 -                 __jet_v_8574661004743528870 = Some((((__jet_v_15100916319307554324.as_ref().expect("MIR value")).clone()) != ((__jet_v_3601782991787056554.as_ref().expect("MIR value")).clone())));
127223 +                 __jet_v_8574661004743528870 = Some(((__jet_v_15100916319307554324.as_ref().expect("MIR value")).clone()) != ((__jet_v_3601782991787056554.as_ref().expect("MIR value")).clone()));
       |

warning: unnecessary parentheses around function argument
      --> /jet/build/format_selectors.rs:127308:53
       |
127308 | ...me((((__jet_v_15425718756439129958.as_ref().expect("MIR value")).clone()) < ((__jet_v_12951222623020287456.as_ref().expect("MIR value")).clone())));
       |       ^                                                                                                                                             ^
       |
help: remove these parentheses
       |
127308 -                 __jet_v_17972763022000245500 = Some((((__jet_v_15425718756439129958.as_ref().expect("MIR value")).clone()) < ((__jet_v_12951222623020287456.as_ref().expect("MIR value")).clone())));
127308 +                 __jet_v_17972763022000245500 = Some(((__jet_v_15425718756439129958.as_ref().expect("MIR value")).clone()) < ((__jet_v_12951222623020287456.as_ref().expect("MIR value")).clone()));
       |

warning: unnecessary parentheses around function argument
      --> /jet/build/format_selectors.rs:127330:53
       |
127330 | ...me((((__jet_v_14018573120449670901.as_ref().expect("MIR value")).clone()) < ((__jet_v_6607452025181395903.as_ref().expect("MIR value")).clone())));
       |       ^                                                                                                                                            ^
       |
help: remove these parentheses
       |
127330 -                 __jet_v_17062347828438384088 = Some((((__jet_v_14018573120449670901.as_ref().expect("MIR value")).clone()) < ((__jet_v_6607452025181395903.as_ref().expect("MIR value")).clone())));
127330 +                 __jet_v_17062347828438384088 = Some(((__jet_v_14018573120449670901.as_ref().expect("MIR value")).clone()) < ((__jet_v_6607452025181395903.as_ref().expect("MIR value")).clone()));
       |

warning: unnecessary parentheses around function argument
      --> /jet/build/format_selectors.rs:127358:53
       |
127358 | ...me((((__jet_v_7432812770331812099.as_ref().expect("MIR value")).clone()) > ((__jet_v_16359341372348202685.as_ref().expect("MIR value")).clone())));
       |       ^                                                                                                                                            ^
       |
help: remove these parentheses
       |
127358 -                 __jet_v_12797001597304413780 = Some((((__jet_v_7432812770331812099.as_ref().expect("MIR value")).clone()) > ((__jet_v_16359341372348202685.as_ref().expect("MIR value")).clone())));
127358 +                 __jet_v_12797001597304413780 = Some(((__jet_v_7432812770331812099.as_ref().expect("MIR value")).clone()) > ((__jet_v_16359341372348202685.as_ref().expect("MIR value")).clone()));
       |

warning: unnecessary parentheses around function argument
      --> /jet/build/format_selectors.rs:127374:52
       |
127374 | ...me((((__jet_v_488878140223578243.as_ref().expect("MIR value")).clone()) > ((__jet_v_25712176622725049.as_ref().expect("MIR value")).clone())));
       |       ^                                                                                                                                        ^
       |
help: remove these parentheses
       |
127374 -                 __jet_v_9970777775981709233 = Some((((__jet_v_488878140223578243.as_ref().expect("MIR value")).clone()) > ((__jet_v_25712176622725049.as_ref().expect("MIR value")).clone())));
127374 +                 __jet_v_9970777775981709233 = Some(((__jet_v_488878140223578243.as_ref().expect("MIR value")).clone()) > ((__jet_v_25712176622725049.as_ref().expect("MIR value")).clone()));
       |

warning: unnecessary parentheses around function argument
      --> /jet/build/format_selectors.rs:127588:53
       |
127588 |                 __jet_v_12380208281867984197 = Some((!(*(__jet_v_1716246994210272750.as_ref().expect("MIR value")))));
       |                                                     ^                                                              ^
       |
help: remove these parentheses
       |
127588 -                 __jet_v_12380208281867984197 = Some((!(*(__jet_v_1716246994210272750.as_ref().expect("MIR value")))));
127588 +                 __jet_v_12380208281867984197 = Some(!(*(__jet_v_1716246994210272750.as_ref().expect("MIR value"))));
       |

warning: unnecessary parentheses around function argument
      --> /jet/build/format_selectors.rs:127638:52
       |
127638 | ...me((((__jet_v_2927792456130772334.as_ref().expect("MIR value")).clone()) == ((__jet_v_3317455039211389534.as_ref().expect("MIR value")).clone())));
       |       ^                                                                                                                                            ^
       |
help: remove these parentheses
       |
127638 -                 __jet_v_8589819574619480396 = Some((((__jet_v_2927792456130772334.as_ref().expect("MIR value")).clone()) == ((__jet_v_3317455039211389534.as_ref().expect("MIR value")).clone())));
127638 +                 __jet_v_8589819574619480396 = Some(((__jet_v_2927792456130772334.as_ref().expect("MIR value")).clone()) == ((__jet_v_3317455039211389534.as_ref().expect("MIR value")).clone()));
       |

warning: unnecessary parentheses around function argument
      --> /jet/build/format_selectors.rs:127651:52
       |
127651 |                 __jet_v_8314687052844400767 = Some((!(*(__jet_v_10887640454750411622.as_ref().expect("MIR value")))));
       |                                                    ^                                                               ^
       |
help: remove these parentheses
       |
127651 -                 __jet_v_8314687052844400767 = Some((!(*(__jet_v_10887640454750411622.as_ref().expect("MIR value")))));
127651 +                 __jet_v_8314687052844400767 = Some(!(*(__jet_v_10887640454750411622.as_ref().expect("MIR value"))));
       |

warning: unnecessary parentheses around function argument
      --> /jet/build/format_selectors.rs:127679:52
       |
127679 |                 __jet_v_4566668209068178427 = Some((!(*(__jet_v_10591589677227034035.as_ref().expect("MIR value")))));
       |                                                    ^                                                               ^
       |
help: remove these parentheses
       |
127679 -                 __jet_v_4566668209068178427 = Some((!(*(__jet_v_10591589677227034035.as_ref().expect("MIR value")))));
127679 +                 __jet_v_4566668209068178427 = Some(!(*(__jet_v_10591589677227034035.as_ref().expect("MIR value"))));
       |

warning: unnecessary parentheses around function argument
      --> /jet/build/format_selectors.rs:127704:52
       |
127704 |                 __jet_v_8601639381021274422 = Some((!(*(__jet_v_271311711919148986.as_ref().expect("MIR value")))));
       |                                                    ^                                                             ^
       |
help: remove these parentheses
       |
127704 -                 __jet_v_8601639381021274422 = Some((!(*(__jet_v_271311711919148986.as_ref().expect("MIR value")))));
127704 +                 __jet_v_8601639381021274422 = Some(!(*(__jet_v_271311711919148986.as_ref().expect("MIR value"))));
       |

warning: unnecessary parentheses around function argument
      --> /jet/build/format_selectors.rs:127898:52
       |
127898 |                 __jet_v_2441567833009029933 = Some((!(*(__jet_v_13453617198284592229.as_ref().expect("MIR value")))));
       |                                                    ^                                                               ^
       |
help: remove these parentheses
       |
127898 -                 __jet_v_2441567833009029933 = Some((!(*(__jet_v_13453617198284592229.as_ref().expect("MIR value")))));
127898 +                 __jet_v_2441567833009029933 = Some(!(*(__jet_v_13453617198284592229.as_ref().expect("MIR value"))));
       |

warning: unnecessary parentheses around function argument
      --> /jet/build/format_selectors.rs:128042:53
       |
128042 | ...me((((__jet_v_17950681490678221514.as_ref().expect("MIR value")).clone()) == ((__jet_v_12789523927923026776.as_ref().expect("MIR value")).clone())));
       |       ^                                                                                                                                              ^
       |
help: remove these parentheses
       |
128042 -                 __jet_v_10574709995802041976 = Some((((__jet_v_17950681490678221514.as_ref().expect("MIR value")).clone()) == ((__jet_v_12789523927923026776.as_ref().expect("MIR value")).clone())));
128042 +                 __jet_v_10574709995802041976 = Some(((__jet_v_17950681490678221514.as_ref().expect("MIR value")).clone()) == ((__jet_v_12789523927923026776.as_ref().expect("MIR value")).clone()));
       |

warning: unused label
      --> /jet/build/format_selectors.rs:128551:5
       |
128551 |     'mir_dispatch: loop {
       |     ^^^^^^^^^^^^^

error[E0308]: mismatched types
      --> /jet/build/format_selectors.rs:128578:68
       |
128578 | ...Some(jet_fmt_decimal((__jet_v_16247974207051673008.as_ref().expect("MIR value")).clone(), (__jet_v_13867159591670652849.as_re...
       |         --------------- ^^^^^^^^^^^^^^^^^^^^^^^^^^^^^^^^^^^^^^^^^^^^^^^^^^^^^^^^^^^^^^^^^^^ expected `f64`, found `JetInt`
       |         |
       |         arguments to this function are incorrect
       |
note: function defined here
      --> /jet/build/format_selectors.rs:87093:15
       |
 87093 | pub(crate) fn jet_fmt_decimal(value: f64, precision: i64) -> String {
       |               ^^^^^^^^^^^^^^^ ----------

error[E0308]: mismatched types
      --> /jet/build/format_selectors.rs:128584:69
       |
128584 | ...Some(jet_fmt_grouped((__jet_v_15640137116280275216.as_ref().expect("MIR value")).clone(), (__jet_v_9971631096278208209.as_ref...
       |         --------------- ^^^^^^^^^^^^^^^^^^^^^^^^^^^^^^^^^^^^^^^^^^^^^^^^^^^^^^^^^^^^^^^^^^^ expected `f64`, found `JetInt`
       |         |
       |         arguments to this function are incorrect
       |
note: function defined here
      --> /jet/build/format_selectors.rs:87099:15
       |
 87099 | pub(crate) fn jet_fmt_grouped(value: f64, precision: i64) -> String {
       |               ^^^^^^^^^^^^^^^ ----------

warning: unused import: `Read`
      --> /jet/build/format_selectors.rs:114635:15
       |
114635 | use std::io::{Read, Seek, SeekFrom, Write};
       |               ^^^^

warning: unused import: `Write`
      --> /jet/build/format_selectors.rs:114635:37
       |
114635 | use std::io::{Read, Seek, SeekFrom, Write};
       |                                     ^^^^^

warning: unused import: `Any`
      --> /jet/build/format_selectors.rs:114632:16
       |
114632 | use std::any::{Any as JetWebStoreAny, TypeId as JetWebStoreTypeId};
       |                ^^^

warning: value assigned to `cursor` is never read
      --> /jet/build/format_selectors.rs:121749:17
       |
121749 |                 cursor += 2;
       |                 ^^^^^^^^^^^ this value is reassigned later and never used
...
121752 |                 cursor += 1;
       |                 ----------- `cursor` is overwritten here before the previous value is read
       |
       = note: `#[warn(unused_assignments)]` (part of `#[warn(unused)]`) on by default

warning: value assigned to `cursor` is never read
      --> /jet/build/format_selectors.rs:121752:17
       |
121752 |                 cursor += 1;
       |                 ^^^^^^^^^^^
       |
       = help: maybe it is overwritten before being read?

error: aborting due to 2 previous errors; 75 warnings emitted

For more information about this error, try `rustc --explain E0308`.
