warning: trait `__jet_Display` should have an upper camel case name
 --> /jet/build/form-contract.rs:4:11
  |
4 | pub trait __jet_Display {
  |           ^^^^^^^^^^^^^ help: convert the identifier to upper camel case: `JetDisplay`
  |
  = note: `#[warn(non_camel_case_types)]` (part of `#[warn(nonstandard_style)]`) on by default

warning: trait `__jet_Equatable` should have an upper camel case name
 --> /jet/build/form-contract.rs:8:11
  |
8 | pub trait __jet_Equatable: Sized { fn equal(&self, rhs: &Self) -> bool; }
  |           ^^^^^^^^^^^^^^^ help: convert the identifier to upper camel case: `JetEquatable`

warning: type `__jet_Ordering` should have an upper camel case name
  --> /jet/build/form-contract.rs:24:10
   |
24 | pub enum __jet_Ordering { __jet_Less, __jet_Equal, __jet_Greater }
   |          ^^^^^^^^^^^^^^ help: convert the identifier to upper camel case: `JetOrdering`

warning: variant `__jet_Less` should have an upper camel case name
  --> /jet/build/form-contract.rs:24:27
   |
24 | pub enum __jet_Ordering { __jet_Less, __jet_Equal, __jet_Greater }
   |                           ^^^^^^^^^^ help: convert the identifier to upper camel case: `JetLess`

warning: variant `__jet_Equal` should have an upper camel case name
  --> /jet/build/form-contract.rs:24:39
   |
24 | pub enum __jet_Ordering { __jet_Less, __jet_Equal, __jet_Greater }
   |                                       ^^^^^^^^^^^ help: convert the identifier to upper camel case: `JetEqual`

warning: variant `__jet_Greater` should have an upper camel case name
  --> /jet/build/form-contract.rs:24:52
   |
24 | pub enum __jet_Ordering { __jet_Less, __jet_Equal, __jet_Greater }
   |                                                    ^^^^^^^^^^^^^ help: convert the identifier to upper camel case: `JetGreater`

warning: trait `__jet_Comparable` should have an upper camel case name
  --> /jet/build/form-contract.rs:26:11
   |
26 | pub trait __jet_Comparable: Sized { fn compare(&self, rhs: &Self) -> __jet_Ordering; }
   |           ^^^^^^^^^^^^^^^^ help: convert the identifier to upper camel case: `JetComparable`

warning: trait `__jet_Add` should have an upper camel case name
  --> /jet/build/form-contract.rs:38:11
   |
38 | pub trait __jet_Add<Rhs = Self>: Sized { type Output; fn add(&self, rhs: &Rhs) -> Self::Output; }
   |           ^^^^^^^^^ help: convert the identifier to upper camel case: `JetAdd`

warning: trait `__jet_Sub` should have an upper camel case name
  --> /jet/build/form-contract.rs:39:11
   |
39 | pub trait __jet_Sub<Rhs = Self>: Sized { type Output; fn sub(&self, rhs: &Rhs) -> Self::Output; }
   |           ^^^^^^^^^ help: convert the identifier to upper camel case: `JetSub`

warning: trait `__jet_Mul` should have an upper camel case name
  --> /jet/build/form-contract.rs:40:11
   |
40 | pub trait __jet_Mul<Rhs = Self>: Sized { type Output; fn mul(&self, rhs: &Rhs) -> Self::Output; }
   |           ^^^^^^^^^ help: convert the identifier to upper camel case: `JetMul`

warning: trait `__jet_Div` should have an upper camel case name
  --> /jet/build/form-contract.rs:41:11
   |
41 | pub trait __jet_Div<Rhs = Self>: Sized { type Output; fn div(&self, rhs: &Rhs) -> Self::Output; }
   |           ^^^^^^^^^ help: convert the identifier to upper camel case: `JetDiv`

warning: trait `__jet_Index` should have an upper camel case name
  --> /jet/build/form-contract.rs:42:11
   |
42 | pub trait __jet_Index {
   |           ^^^^^^^^^^^ help: convert the identifier to upper camel case: `JetIndex`

warning: associated type `__jet_Key` should have an upper camel case name
  --> /jet/build/form-contract.rs:43:10
   |
43 |     type __jet_Key;
   |          ^^^^^^^^^ help: convert the identifier to upper camel case: `JetKey`

warning: associated type `__jet_Value` should have an upper camel case name
  --> /jet/build/form-contract.rs:44:10
   |
44 |     type __jet_Value;
   |          ^^^^^^^^^^^ help: convert the identifier to upper camel case: `JetValue`

warning: trait `__jet_IndexMut` should have an upper camel case name
  --> /jet/build/form-contract.rs:47:11
   |
47 | pub trait __jet_IndexMut: __jet_Index {
   |           ^^^^^^^^^^^^^^ help: convert the identifier to upper camel case: `JetIndexMut`

warning: trait `__jet_Serialize` should have an upper camel case name
     --> /jet/build/form-contract.rs:40666:7
      |
40666 | trait __jet_Serialize {
      |       ^^^^^^^^^^^^^^^ help: convert the identifier to upper camel case: `JetSerialize`

warning: unused import: `Cell`
     --> /jet/build/form-contract.rs:45160:21
      |
45160 |     use std::cell::{Cell, RefCell};
      |                     ^^^^
      |
      = note: `#[warn(unused_imports)]` (part of `#[warn(unused)]`) on by default

warning: unused import: `JetUninit`
     --> /jet/build/form-contract.rs:45164:43
      |
45164 |     pub use super::jet_uninit_semantics::{JetUninit, JetUninitFixed};
      |                                           ^^^^^^^^^

warning: unused imports: `JetSentryFrame`, `JetSentryGuard`, `jet_sentry_current_frame`, `jet_sentry_fenced_scope`, `jet_sentry_frame`, `jet_sentry_policy_scope`, `jet_sentry_reset`, `jet_sentry_scope`, and `jet_sentry_set_hardened`
     --> /jet/build/form-contract.rs:45177:35
      |
45177 |         jet_memory_ledger_record, jet_sentry_current_frame, jet_sentry_fenced_scope,
      |                                   ^^^^^^^^^^^^^^^^^^^^^^^^  ^^^^^^^^^^^^^^^^^^^^^^^
45178 |         jet_sentry_frame, jet_sentry_policy_scope, jet_sentry_reset, jet_sentry_scope,
      |         ^^^^^^^^^^^^^^^^  ^^^^^^^^^^^^^^^^^^^^^^^  ^^^^^^^^^^^^^^^^  ^^^^^^^^^^^^^^^^
45179 |         jet_sentry_set_hardened, JetSentryFrame, JetSentryGuard, MemoryLedgerWitness,
      |         ^^^^^^^^^^^^^^^^^^^^^^^  ^^^^^^^^^^^^^^  ^^^^^^^^^^^^^^

warning: unnecessary parentheses around block return value
     --> /jet/build/form-contract.rs:69210:13
      |
69210 |             (((exponent as u64 + 1023) << 52) | (top & ((1u64 << 52) - 1)))
      |             ^                                                             ^
      |
      = note: `#[warn(unused_parens)]` (part of `#[warn(unused)]`) on by default
help: remove these parentheses
      |
69210 -             (((exponent as u64 + 1023) << 52) | (top & ((1u64 << 52) - 1)))
69210 +             ((exponent as u64 + 1023) << 52) | (top & ((1u64 << 52) - 1))
      |

warning: unused import: `crate::jet_int_compare_hot`
     --> /jet/build/form-contract.rs:69555:9
      |
69555 | pub use crate::jet_int_compare_hot;
      |         ^^^^^^^^^^^^^^^^^^^^^^^^^^

warning: unused import: `crate::jet_int_add_hot`
     --> /jet/build/form-contract.rs:69579:9
      |
69579 | pub use crate::jet_int_add_hot;
      |         ^^^^^^^^^^^^^^^^^^^^^^

warning: unused import: `crate::jet_int_sub_hot`
     --> /jet/build/form-contract.rs:69603:9
      |
69603 | pub use crate::jet_int_sub_hot;
      |         ^^^^^^^^^^^^^^^^^^^^^^

warning: unused import: `crate::jet_int_mul_hot`
     --> /jet/build/form-contract.rs:69627:9
      |
69627 | pub use crate::jet_int_mul_hot;
      |         ^^^^^^^^^^^^^^^^^^^^^^

warning: unused import: `crate::jet_int_add_inline`
     --> /jet/build/form-contract.rs:69641:9
      |
69641 | pub use crate::jet_int_add_inline;
      |         ^^^^^^^^^^^^^^^^^^^^^^^^^

warning: unused import: `crate::jet_int_sub_inline`
     --> /jet/build/form-contract.rs:69651:9
      |
69651 | pub use crate::jet_int_sub_inline;
      |         ^^^^^^^^^^^^^^^^^^^^^^^^^

warning: unused import: `crate::jet_int_mul_inline`
     --> /jet/build/form-contract.rs:69661:9
      |
69661 | pub use crate::jet_int_mul_inline;
      |         ^^^^^^^^^^^^^^^^^^^^^^^^^

warning: unused import: `crate::jet_int_compare_inline`
     --> /jet/build/form-contract.rs:69675:9
      |
69675 | pub use crate::jet_int_compare_inline;
      |         ^^^^^^^^^^^^^^^^^^^^^^^^^^^^^

warning: unused import: `crate::jet_int_neg_inline`
     --> /jet/build/form-contract.rs:69684:9
      |
69684 | pub use crate::jet_int_neg_inline;
      |         ^^^^^^^^^^^^^^^^^^^^^^^^^

warning: unused import: `crate::jet_int_bit_and_hot`
     --> /jet/build/form-contract.rs:69703:9
      |
69703 | pub use crate::jet_int_bit_and_hot;
      |         ^^^^^^^^^^^^^^^^^^^^^^^^^^

warning: unused import: `crate::jet_int_bit_or_hot`
     --> /jet/build/form-contract.rs:69719:9
      |
69719 | pub use crate::jet_int_bit_or_hot;
      |         ^^^^^^^^^^^^^^^^^^^^^^^^^

warning: unused import: `crate::jet_int_bit_xor_hot`
     --> /jet/build/form-contract.rs:69735:9
      |
69735 | pub use crate::jet_int_bit_xor_hot;
      |         ^^^^^^^^^^^^^^^^^^^^^^^^^^

warning: unused imports: `JetCellEditGuard` and `JetCellReadGuard`
     --> /jet/build/form-contract.rs:75489:35
      |
75489 | pub use self::jet_cell::{JetCell, JetCellEditGuard, JetCellReadGuard};
      |                                   ^^^^^^^^^^^^^^^^  ^^^^^^^^^^^^^^^^

warning: unused imports: `JetStreamSender` and `jet_stream_task`
     --> /jet/build/form-contract.rs:76430:21
      |
76430 |     pub use super::{jet_stream_task, JetStream, JetStreamSender};
      |                     ^^^^^^^^^^^^^^^             ^^^^^^^^^^^^^^^

warning: unused macro definition: `jet_plugin_bridge`
     --> /jet/build/form-contract.rs:86694:14
      |
86694 | macro_rules! jet_plugin_bridge {
      |              ^^^^^^^^^^^^^^^^^
      |
      = note: `#[warn(unused_macros)]` (part of `#[warn(unused)]`) on by default

warning: unused import: `std::io::Write`
     --> /jet/build/form-contract.rs:92595:13
      |
92595 |         use std::io::Write;
      |             ^^^^^^^^^^^^^^

warning: unused import: `core::cell::Cell`
      --> /jet/build/form-contract.rs:113455:5
       |
113455 | use core::cell::Cell;
       |     ^^^^^^^^^^^^^^^^

warning: unused import: `std::fs::OpenOptions`
      --> /jet/build/form-contract.rs:113462:5
       |
113462 | use std::fs::OpenOptions;
       |     ^^^^^^^^^^^^^^^^^^^^

warning: unused import: `SeekFrom`
      --> /jet/build/form-contract.rs:113463:27
       |
113463 | use std::io::{Read, Seek, SeekFrom, Write};
       |                           ^^^^^^^^

warning: unused imports: `Component` and `Path`
      --> /jet/build/form-contract.rs:113466:17
       |
113466 | use std::path::{Component, Path, PathBuf};
       |                 ^^^^^^^^^  ^^^^

warning: unused import: `Arc as JetDataPlotArc`
      --> /jet/build/form-contract.rs:113467:31
       |
113467 | use std::sync::{Arc, Condvar, Arc as JetDataPlotArc, Arc as JetWebFormArc, Mutex as JetWebFormMutex, Arc as JetWebQueryArc, Mute...
       |                               ^^^^^^^^^^^^^^^^^^^^^

warning: unused import: `JetFontStyle`
      --> /jet/build/form-contract.rs:121232:30
       |
121232 |     use super::{JetFontFace, JetFontStyle, JetGlyph, JetGlyphRun, JetGlyphShaper};
       |                              ^^^^^^^^^^^^

warning: unused macro definition: `jet_http_client_bridge`
      --> /jet/build/form-contract.rs:140155:14
       |
140155 | macro_rules! jet_http_client_bridge {
       |              ^^^^^^^^^^^^^^^^^^^^^^

warning: type `__jet_ParseError` should have an upper camel case name
      --> /jet/build/form-contract.rs:172812:10
       |
172812 | pub type __jet_ParseError = String;
       |          ^^^^^^^^^^^^^^^^ help: convert the identifier to upper camel case: `JetParseError`

warning: type `__jet__shome_snate_s_dcache_sjet_htest_hscratch_ssolo_hrepair_h20260914_sform_c_cform_hcontract_djet_c_cInput` should have an upper camel case name
      --> /jet/build/form-contract.rs:172815:8
       |
172815 | struct __jet__shome_snate_s_dcache_sjet_htest_hscratch_ssolo_hrepair_h20260914_sform_c_cform_hcontract_djet_c_cInput {
       |        ^^^^^^^^^^^^^^^^^^^^^^^^^^^^^^^^^^^^^^^^^^^^^^^^^^^^^^^^^^^^^^^^^^^^^^^^^^^^^^^^^^^^^^^^^^^^^^^^^^^^^^^^^^^^^ help: convert the identifier to upper camel case: `JetShomeSnateSDcacheSjetHtestHscratchSsoloHrepairH20260914SformCCformHcontractDjetCCInput`

warning: unnecessary parentheses around function argument
      --> /jet/build/form-contract.rs:172981:52
       |
172981 | ...me((((__jet_v_2763388607477508894.as_ref().expect("MIR value")).clone()) < ((__jet_v_17567696640755821831.as_ref().expect("MIR value")).clone())));
       |       ^                                                                                                                                            ^
       |
help: remove these parentheses
       |
172981 -                 __jet_v_9581255784435732213 = Some((((__jet_v_2763388607477508894.as_ref().expect("MIR value")).clone()) < ((__jet_v_17567696640755821831.as_ref().expect("MIR value")).clone())));
172981 +                 __jet_v_9581255784435732213 = Some(((__jet_v_2763388607477508894.as_ref().expect("MIR value")).clone()) < ((__jet_v_17567696640755821831.as_ref().expect("MIR value")).clone()));
       |

warning: unnecessary parentheses around function argument
      --> /jet/build/form-contract.rs:172997:52
       |
172997 | ...me((((__jet_v_7117560536527333183.as_ref().expect("MIR value")).clone()) > ((__jet_v_6864282917866264743.as_ref().expect("MIR value")).clone())));
       |       ^                                                                                                                                           ^
       |
help: remove these parentheses
       |
172997 -                 __jet_v_3475404327968210460 = Some((((__jet_v_7117560536527333183.as_ref().expect("MIR value")).clone()) > ((__jet_v_6864282917866264743.as_ref().expect("MIR value")).clone())));
172997 +                 __jet_v_3475404327968210460 = Some(((__jet_v_7117560536527333183.as_ref().expect("MIR value")).clone()) > ((__jet_v_6864282917866264743.as_ref().expect("MIR value")).clone()));
       |

warning: unnecessary parentheses around function argument
      --> /jet/build/form-contract.rs:173065:53
       |
173065 | ...me((((__jet_v_6063893531550884884.as_ref().expect("MIR value")).clone()) != ((__jet_v_10758522717452016673.as_ref().expect("MIR value")).clone())));
       |       ^                                                                                                                                             ^
       |
help: remove these parentheses
       |
173065 -                 __jet_v_12390460981132846191 = Some((((__jet_v_6063893531550884884.as_ref().expect("MIR value")).clone()) != ((__jet_v_10758522717452016673.as_ref().expect("MIR value")).clone())));
173065 +                 __jet_v_12390460981132846191 = Some(((__jet_v_6063893531550884884.as_ref().expect("MIR value")).clone()) != ((__jet_v_10758522717452016673.as_ref().expect("MIR value")).clone()));
       |

warning: unnecessary parentheses around function argument
      --> /jet/build/form-contract.rs:173272:53
       |
173272 | ...me((((__jet_v_914560906486648355.as_ref().expect("MIR value")).clone()) == ((__jet_v_14935033168898003919.as_ref().expect("MIR value")).clone())));
       |       ^                                                                                                                                            ^
       |
help: remove these parentheses
       |
173272 -                 __jet_v_10940898163853151712 = Some((((__jet_v_914560906486648355.as_ref().expect("MIR value")).clone()) == ((__jet_v_14935033168898003919.as_ref().expect("MIR value")).clone())));
173272 +                 __jet_v_10940898163853151712 = Some(((__jet_v_914560906486648355.as_ref().expect("MIR value")).clone()) == ((__jet_v_14935033168898003919.as_ref().expect("MIR value")).clone()));
       |

warning: unnecessary parentheses around function argument
      --> /jet/build/form-contract.rs:173364:52
       |
173364 |                 __jet_v_4580514822761701628 = Some((!(*(__jet_v_18181505157821990278.as_ref().expect("MIR value")))));
       |                                                    ^                                                               ^
       |
help: remove these parentheses
       |
173364 -                 __jet_v_4580514822761701628 = Some((!(*(__jet_v_18181505157821990278.as_ref().expect("MIR value")))));
173364 +                 __jet_v_4580514822761701628 = Some(!(*(__jet_v_18181505157821990278.as_ref().expect("MIR value"))));
       |

warning: unnecessary parentheses around function argument
      --> /jet/build/form-contract.rs:173500:53
       |
173500 |                 __jet_v_17962007875190366388 = Some((!(*(__jet_v_13471233584188136033.as_ref().expect("MIR value")))));
       |                                                     ^                                                               ^
       |
help: remove these parentheses
       |
173500 -                 __jet_v_17962007875190366388 = Some((!(*(__jet_v_13471233584188136033.as_ref().expect("MIR value")))));
173500 +                 __jet_v_17962007875190366388 = Some(!(*(__jet_v_13471233584188136033.as_ref().expect("MIR value"))));
       |

warning: unnecessary parentheses around function argument
      --> /jet/build/form-contract.rs:173546:53
       |
173546 |                 __jet_v_15120960003967909020 = Some((!(*(__jet_v_3034560417971553060.as_ref().expect("MIR value")))));
       |                                                     ^                                                              ^
       |
help: remove these parentheses
       |
173546 -                 __jet_v_15120960003967909020 = Some((!(*(__jet_v_3034560417971553060.as_ref().expect("MIR value")))));
173546 +                 __jet_v_15120960003967909020 = Some(!(*(__jet_v_3034560417971553060.as_ref().expect("MIR value"))));
       |

warning: unused label
      --> /jet/build/form-contract.rs:173848:5
       |
173848 |     'mir_dispatch: loop {
       |     ^^^^^^^^^^^^^
       |
       = note: `#[warn(unused_labels)]` (part of `#[warn(unused)]`) on by default

warning: unreachable call
      --> /jet/build/form-contract.rs:173754:48
       |
173754 | ... = Some(jet_panic_rich("form-contract.jet", 11u32, "run", "    form.set(\"name\", \"Ada\") ?? panic(\"name set\")", 32u32, 5u32, &((__jet_v_16213649237344848907.as_ref().expect("MIR value")).clone()), &if cfg!(debug_assertions) { String::new() } else { String::new() }));
       |       ^^^^ --------------------------------------------------------------------------------------------------------------------------------------------------------------------------------------------------------------------------------------------------------------------- any code following this expression is unreachable
       |       |
       |       unreachable call
       |
       = note: `#[warn(unreachable_code)]` (part of `#[warn(unused)]`) on by default

warning: unreachable call
      --> /jet/build/form-contract.rs:173767:47
       |
173767 | ... = Some(jet_panic_rich("form-contract.jet", 10u32, "run", "    form :: web.form(Input, action: save)", 17u32, 4u32, &((__jet_v_16774436344776769473.as_ref().expect("MIR value")).clone()), &if cfg!(debug_assertions) { String::new() } else { String::new() }));
       |       ^^^^ -------------------------------------------------------------------------------------------------------------------------------------------------------------------------------------------------------------------------------------------------------- any code following this expression is unreachable
       |       |
       |       unreachable call

warning: unreachable call
      --> /jet/build/form-contract.rs:173780:48
       |
173780 | ... = Some(jet_panic_rich("form-contract.jet", 12u32, ...) { String::new() } else { String::new() }));
       |       ^^^^ -------------------------------------------...------------------------------------------- any code following this expression is unreachable
       |       |
       |       unreachable call

error[E0308]: mismatched types
      --> /jet/build/form-contract.rs:173818:478
       |
173818 | ...oup: __jet_v_3025127869844740867.take().expect("MIR value"), wire_name: __jet_v_15657631486385421505.take().expect("MIR value...
       |         ^^^^^^^^^^^^^^^^^^^^^^^^^^^^^^^^^^^^^^^^^^^^^^^^^^^^^^ expected `Option<String>`, found `Result<String, JetAbsent>`
       |
       = note: expected enum `Option<String>`
                  found enum `Result<String, JetAbsent>`

error[E0063]: missing field `parser` in initializer of `JetWebFormFieldSpec`
      --> /jet/build/form-contract.rs:173818:52
       |
173818 | ...   __jet_v_8380667850723125930 = Some(JetWebFormFieldSpec { name: __jet_v_1037050056131945968.take().expect("MIR value"), val...
       |                                          ^^^^^^^^^^^^^^^^^^^ missing `parser`

warning: unused import: `Write`
      --> /jet/build/form-contract.rs:113463:37
       |
113463 | use std::io::{Read, Seek, SeekFrom, Write};
       |                                     ^^^^^

warning: unused import: `std::io::Write`
      --> /jet/build/form-contract.rs:145859:9
       |
145859 |     use std::io::Write;
       |         ^^^^^^^^^^^^^^

warning: unused import: `Seek`
      --> /jet/build/form-contract.rs:113463:21
       |
113463 | use std::io::{Read, Seek, SeekFrom, Write};
       |                     ^^^^

warning: value assigned to `cursor` is never read
      --> /jet/build/form-contract.rs:120573:17
       |
120573 |                 cursor += 2;
       |                 ^^^^^^^^^^^ this value is reassigned later and never used
...
120576 |                 cursor += 1;
       |                 ----------- `cursor` is overwritten here before the previous value is read
       |
       = note: `#[warn(unused_assignments)]` (part of `#[warn(unused)]`) on by default

warning: value assigned to `cursor` is never read
      --> /jet/build/form-contract.rs:120576:17
       |
120576 |                 cursor += 1;
       |                 ^^^^^^^^^^^
       |
       = help: maybe it is overwritten before being read?

error: aborting due to 2 previous errors; 61 warnings emitted

Some errors have detailed explanations: E0063, E0308.
For more information about an error, try `rustc --explain E0063`.
