warning: trait `__jet_Display` should have an upper camel case name
 --> /jet/build/generic_modules.rs:4:11
  |
4 | pub trait __jet_Display {
  |           ^^^^^^^^^^^^^ help: convert the identifier to upper camel case: `JetDisplay`
  |
  = note: `#[warn(non_camel_case_types)]` (part of `#[warn(nonstandard_style)]`) on by default

warning: trait `__jet_Equatable` should have an upper camel case name
 --> /jet/build/generic_modules.rs:8:11
  |
8 | pub trait __jet_Equatable: Sized { fn equal(&self, rhs: &Self) -> bool; }
  |           ^^^^^^^^^^^^^^^ help: convert the identifier to upper camel case: `JetEquatable`

warning: type `__jet_Ordering` should have an upper camel case name
  --> /jet/build/generic_modules.rs:24:10
   |
24 | pub enum __jet_Ordering { __jet_Less, __jet_Equal, __jet_Greater }
   |          ^^^^^^^^^^^^^^ help: convert the identifier to upper camel case: `JetOrdering`

warning: variant `__jet_Less` should have an upper camel case name
  --> /jet/build/generic_modules.rs:24:27
   |
24 | pub enum __jet_Ordering { __jet_Less, __jet_Equal, __jet_Greater }
   |                           ^^^^^^^^^^ help: convert the identifier to upper camel case: `JetLess`

warning: variant `__jet_Equal` should have an upper camel case name
  --> /jet/build/generic_modules.rs:24:39
   |
24 | pub enum __jet_Ordering { __jet_Less, __jet_Equal, __jet_Greater }
   |                                       ^^^^^^^^^^^ help: convert the identifier to upper camel case: `JetEqual`

warning: variant `__jet_Greater` should have an upper camel case name
  --> /jet/build/generic_modules.rs:24:52
   |
24 | pub enum __jet_Ordering { __jet_Less, __jet_Equal, __jet_Greater }
   |                                                    ^^^^^^^^^^^^^ help: convert the identifier to upper camel case: `JetGreater`

warning: trait `__jet_Comparable` should have an upper camel case name
  --> /jet/build/generic_modules.rs:26:11
   |
26 | pub trait __jet_Comparable: Sized { fn compare(&self, rhs: &Self) -> __jet_Ordering; }
   |           ^^^^^^^^^^^^^^^^ help: convert the identifier to upper camel case: `JetComparable`

warning: trait `__jet_Add` should have an upper camel case name
  --> /jet/build/generic_modules.rs:38:11
   |
38 | pub trait __jet_Add<Rhs = Self>: Sized { type Output; fn add(&self, rhs: &Rhs) -> Self::Output; }
   |           ^^^^^^^^^ help: convert the identifier to upper camel case: `JetAdd`

warning: trait `__jet_Sub` should have an upper camel case name
  --> /jet/build/generic_modules.rs:39:11
   |
39 | pub trait __jet_Sub<Rhs = Self>: Sized { type Output; fn sub(&self, rhs: &Rhs) -> Self::Output; }
   |           ^^^^^^^^^ help: convert the identifier to upper camel case: `JetSub`

warning: trait `__jet_Mul` should have an upper camel case name
  --> /jet/build/generic_modules.rs:40:11
   |
40 | pub trait __jet_Mul<Rhs = Self>: Sized { type Output; fn mul(&self, rhs: &Rhs) -> Self::Output; }
   |           ^^^^^^^^^ help: convert the identifier to upper camel case: `JetMul`

warning: trait `__jet_Div` should have an upper camel case name
  --> /jet/build/generic_modules.rs:41:11
   |
41 | pub trait __jet_Div<Rhs = Self>: Sized { type Output; fn div(&self, rhs: &Rhs) -> Self::Output; }
   |           ^^^^^^^^^ help: convert the identifier to upper camel case: `JetDiv`

warning: trait `__jet_Serialize` should have an upper camel case name
     --> /jet/build/generic_modules.rs:39931:7
      |
39931 | trait __jet_Serialize {
      |       ^^^^^^^^^^^^^^^ help: convert the identifier to upper camel case: `JetSerialize`

warning: unused import: `Cell`
     --> /jet/build/generic_modules.rs:44405:21
      |
44405 |     use std::cell::{Cell, RefCell};
      |                     ^^^^
      |
      = note: `#[warn(unused_imports)]` (part of `#[warn(unused)]`) on by default

warning: unused import: `JetUninit`
     --> /jet/build/generic_modules.rs:44409:43
      |
44409 |     pub use super::jet_uninit_semantics::{JetUninit, JetUninitFixed};
      |                                           ^^^^^^^^^

warning: unused imports: `JetSentryFrame`, `JetSentryGuard`, `jet_sentry_current_frame`, `jet_sentry_fenced_scope`, `jet_sentry_frame`, `jet_sentry_policy_scope`, `jet_sentry_reset`, `jet_sentry_scope`, and `jet_sentry_set_hardened`
     --> /jet/build/generic_modules.rs:44422:35
      |
44422 |         jet_memory_ledger_record, jet_sentry_current_frame, jet_sentry_fenced_scope,
      |                                   ^^^^^^^^^^^^^^^^^^^^^^^^  ^^^^^^^^^^^^^^^^^^^^^^^
44423 |         jet_sentry_frame, jet_sentry_policy_scope, jet_sentry_reset, jet_sentry_scope,
      |         ^^^^^^^^^^^^^^^^  ^^^^^^^^^^^^^^^^^^^^^^^  ^^^^^^^^^^^^^^^^  ^^^^^^^^^^^^^^^^
44424 |         jet_sentry_set_hardened, JetSentryFrame, JetSentryGuard, MemoryLedgerWitness,
      |         ^^^^^^^^^^^^^^^^^^^^^^^  ^^^^^^^^^^^^^^  ^^^^^^^^^^^^^^

warning: unused import: `crate::jet_encoding_json::render_json`
     --> /jet/build/generic_modules.rs:64381:13
      |
64381 |     pub use crate::jet_encoding_json::render_json;
      |             ^^^^^^^^^^^^^^^^^^^^^^^^^^^^^^^^^^^^^

warning: unnecessary parentheses around block return value
     --> /jet/build/generic_modules.rs:68370:13
      |
68370 |             (((exponent as u64 + 1023) << 52) | (top & ((1u64 << 52) - 1)))
      |             ^                                                             ^
      |
      = note: `#[warn(unused_parens)]` (part of `#[warn(unused)]`) on by default
help: remove these parentheses
      |
68370 -             (((exponent as u64 + 1023) << 52) | (top & ((1u64 << 52) - 1)))
68370 +             ((exponent as u64 + 1023) << 52) | (top & ((1u64 << 52) - 1))
      |

warning: unused import: `crate::jet_int_compare_hot`
     --> /jet/build/generic_modules.rs:68708:9
      |
68708 | pub use crate::jet_int_compare_hot;
      |         ^^^^^^^^^^^^^^^^^^^^^^^^^^

warning: unused import: `crate::jet_int_add_hot`
     --> /jet/build/generic_modules.rs:68732:9
      |
68732 | pub use crate::jet_int_add_hot;
      |         ^^^^^^^^^^^^^^^^^^^^^^

warning: unused import: `crate::jet_int_sub_hot`
     --> /jet/build/generic_modules.rs:68756:9
      |
68756 | pub use crate::jet_int_sub_hot;
      |         ^^^^^^^^^^^^^^^^^^^^^^

warning: unused import: `crate::jet_int_mul_hot`
     --> /jet/build/generic_modules.rs:68780:9
      |
68780 | pub use crate::jet_int_mul_hot;
      |         ^^^^^^^^^^^^^^^^^^^^^^

warning: unused import: `crate::jet_int_add_inline`
     --> /jet/build/generic_modules.rs:68794:9
      |
68794 | pub use crate::jet_int_add_inline;
      |         ^^^^^^^^^^^^^^^^^^^^^^^^^

warning: unused import: `crate::jet_int_sub_inline`
     --> /jet/build/generic_modules.rs:68804:9
      |
68804 | pub use crate::jet_int_sub_inline;
      |         ^^^^^^^^^^^^^^^^^^^^^^^^^

warning: unused import: `crate::jet_int_mul_inline`
     --> /jet/build/generic_modules.rs:68814:9
      |
68814 | pub use crate::jet_int_mul_inline;
      |         ^^^^^^^^^^^^^^^^^^^^^^^^^

warning: unused import: `crate::jet_int_compare_inline`
     --> /jet/build/generic_modules.rs:68828:9
      |
68828 | pub use crate::jet_int_compare_inline;
      |         ^^^^^^^^^^^^^^^^^^^^^^^^^^^^^

warning: unused import: `crate::jet_int_neg_inline`
     --> /jet/build/generic_modules.rs:68837:9
      |
68837 | pub use crate::jet_int_neg_inline;
      |         ^^^^^^^^^^^^^^^^^^^^^^^^^

warning: unused import: `crate::jet_int_bit_and_hot`
     --> /jet/build/generic_modules.rs:68856:9
      |
68856 | pub use crate::jet_int_bit_and_hot;
      |         ^^^^^^^^^^^^^^^^^^^^^^^^^^

warning: unused import: `crate::jet_int_bit_or_hot`
     --> /jet/build/generic_modules.rs:68872:9
      |
68872 | pub use crate::jet_int_bit_or_hot;
      |         ^^^^^^^^^^^^^^^^^^^^^^^^^

warning: unused import: `crate::jet_int_bit_xor_hot`
     --> /jet/build/generic_modules.rs:68888:9
      |
68888 | pub use crate::jet_int_bit_xor_hot;
      |         ^^^^^^^^^^^^^^^^^^^^^^^^^^

warning: unused imports: `JetCellEditGuard` and `JetCellReadGuard`
     --> /jet/build/generic_modules.rs:74642:35
      |
74642 | pub use self::jet_cell::{JetCell, JetCellEditGuard, JetCellReadGuard};
      |                                   ^^^^^^^^^^^^^^^^  ^^^^^^^^^^^^^^^^

warning: unused imports: `JetStreamSender` and `jet_stream_task`
     --> /jet/build/generic_modules.rs:75550:21
      |
75550 |     pub use super::{jet_stream_task, JetStream, JetStreamSender};
      |                     ^^^^^^^^^^^^^^^             ^^^^^^^^^^^^^^^

warning: unused import: `std::io::Write`
     --> /jet/build/generic_modules.rs:91630:13
      |
91630 |         use std::io::Write;
      |             ^^^^^^^^^^^^^^

warning: unused import: `core::cell::Cell`
      --> /jet/build/generic_modules.rs:109845:5
       |
109845 | use core::cell::Cell;
       |     ^^^^^^^^^^^^^^^^

warning: unused import: `jet_foundation::Devtools::JetDevtoolsEvent as JetWebStoreDevtoolsEvent`
      --> /jet/build/generic_modules.rs:109848:5
       |
109848 | use jet_foundation::Devtools::JetDevtoolsEvent as JetWebStoreDevtoolsEvent;
       |     ^^^^^^^^^^^^^^^^^^^^^^^^^^^^^^^^^^^^^^^^^^^^^^^^^^^^^^^^^^^^^^^^^^^^^^

warning: unused import: `TypeId as JetWebStoreTypeId`
      --> /jet/build/generic_modules.rs:109850:39
       |
109850 | use std::any::{Any as JetWebStoreAny, TypeId as JetWebStoreTypeId};
       |                                       ^^^^^^^^^^^^^^^^^^^^^^^^^^^

warning: unused imports: `BTreeMap as JetWebFormMap`, `BTreeMap as JetWebTablePages`, `BTreeMap`, `BTreeSet as JetWebTableSet`, `BTreeSet`, `HashMap as JetWebStoreMap`, and `VecDeque as JetWebStoreDeque`
      --> /jet/build/generic_modules.rs:109851:24
       |
109851 | ...::{BTreeMap, BTreeSet, HashMap, HashSet, BTreeMap as JetWebFormMap, VecDeque as JetWebStoreDeque, HashMap as JetWebStoreMap, BTreeMap as JetWebTablePages, BTreeSet as JetWebTableSet, V...
       |       ^^^^^^^^  ^^^^^^^^                    ^^^^^^^^^^^^^^^^^^^^^^^^^  ^^^^^^^^^^^^^^^^^^^^^^^^^^^^  ^^^^^^^^^^^^^^^^^^^^^^^^^  ^^^^^^^^^^^^^^^^^^^^^^^^^^^^  ^^^^^^^^^^^^^^^^^^^^^^^^^^

warning: unused import: `std::fs::OpenOptions`
      --> /jet/build/generic_modules.rs:109852:5
       |
109852 | use std::fs::OpenOptions;
       |     ^^^^^^^^^^^^^^^^^^^^

warning: unused imports: `SeekFrom` and `Seek`
      --> /jet/build/generic_modules.rs:109853:21
       |
109853 | use std::io::{Read, Seek, SeekFrom, Write};
       |                     ^^^^  ^^^^^^^^

warning: unused imports: `Component`, `PathBuf`, and `Path`
      --> /jet/build/generic_modules.rs:109856:17
       |
109856 | use std::path::{Component, Path, PathBuf};
       |                 ^^^^^^^^^  ^^^^  ^^^^^^^

warning: unused imports: `Arc as JetDataPlotArc`, `Arc as JetWebFormArc`, `Arc as JetWebQueryArc`, `Arc as JetWebStoreArc`, `Arc as JetWebTableArc`, `Condvar as JetWebStoreCondvar`, `LazyLock as JetWebStoreLazyLock`, `LazyLock`, `Mutex as JetWebFormMutex`, `Mutex as JetWebQueryMutex`, `Mutex as JetWebStoreMutex`, and `Mutex as JetWebTableMutex`
      --> /jet/build/generic_modules.rs:109857:31
       |
109857 | ...r, Arc as JetDataPlotArc, Arc as JetWebFormArc, Mutex as JetWebFormMutex, Arc as JetWebQueryArc, Mutex as JetWebQueryMutex, Arc as JetWebStoreArc, Condvar as JetWebStoreCondvar, LazyLock as JetWebStoreLazyLock, Mutex as JetWebStoreMutex, Arc as JetWebTableArc, Mutex as JetWebTableMutex, LazyLock, M...
       |       ^^^^^^^^^^^^^^^^^^^^^  ^^^^^^^^^^^^^^^^^^^^  ^^^^^^^^^^^^^^^^^^^^^^^^  ^^^^^^^^^^^^^^^^^^^^^  ^^^^^^^^^^^^^^^^^^^^^^^^^  ^^^^^^^^^^^^^^^^^^^^^  ^^^^^^^^^^^^^^^^^^^^^^^^^^^^^  ^^^^^^^^^^^^^^^^^^^^^^^^^^^^^^^  ^^^^^^^^^^^^^^^^^^^^^^^^^  ^^^^^^^^^^^^^^^^^^^^^  ^^^^^^^^^^^^^^^^^^^^^^^^^  ^^^^^^^^

warning: unused import: `Ordering as JetWebFormOrdering`
      --> /jet/build/generic_modules.rs:109858:60
       |
109858 | use std::sync::atomic::{AtomicBool, AtomicU8, AtomicUsize, Ordering as JetWebFormOrdering};
       |                                                            ^^^^^^^^^^^^^^^^^^^^^^^^^^^^^^

warning: unused imports: `SystemTime as JetWebStoreSystemTime`, `SystemTime`, `UNIX_EPOCH as JetWebStoreUnixEpoch`, and `UNIX_EPOCH`
      --> /jet/build/generic_modules.rs:109859:36
       |
109859 | ...tion, Instant, SystemTime as JetWebStoreSystemTime, UNIX_EPOCH as JetWebStoreUnixEpoch, SystemTime, UNIX_EPOCH};
       |                   ^^^^^^^^^^^^^^^^^^^^^^^^^^^^^^^^^^^  ^^^^^^^^^^^^^^^^^^^^^^^^^^^^^^^^^^  ^^^^^^^^^^  ^^^^^^^^^^

warning: type `__jet__shome_snate_sProjects_sGithub_sjet_sexamples_sfeatures_smodules_c_cgeneric_umodules_djet_c_cM3Int4LawsSourceErr` should have an upper camel case name
      --> /jet/build/generic_modules.rs:121990:10
       |
121990 | pub enum __jet__shome_snate_sProjects_sGithub_sjet_sexamples_sfeatures_smodules_c_cgeneric_umodules_djet_c_cM3Int4LawsSourceErr {
       |          ^^^^^^^^^^^^^^^^^^^^^^^^^^^^^^^^^^^^^^^^^^^^^^^^^^^^^^^^^^^^^^^^^^^^^^^^^^^^^^^^^^^^^^^^^^^^^^^^^^^^^^^^^^^^^^^^^^^^^^ help: convert the identifier to upper camel case: `JetShomeSnateSProjectsSGithubSjetSexamplesSfeaturesSmodulesCCgenericUmodulesDjetCCM3int4lawsSourceErr`

warning: variant `__jet_Bad` should have an upper camel case name
      --> /jet/build/generic_modules.rs:121991:5
       |
121991 |     __jet_Bad(jet_foundation::Numeric::JetInt),
       |     ^^^^^^^^^ help: convert the identifier to upper camel case: `JetBad`

warning: type `__jet__shome_snate_sProjects_sGithub_sjet_sexamples_sfeatures_smodules_c_cgeneric_umodules_djet_c_cGoodToken` should have an upper camel case name
      --> /jet/build/generic_modules.rs:122003:8
       |
122003 | struct __jet__shome_snate_sProjects_sGithub_sjet_sexamples_sfeatures_smodules_c_cgeneric_umodules_djet_c_cGoodToken {
       |        ^^^^^^^^^^^^^^^^^^^^^^^^^^^^^^^^^^^^^^^^^^^^^^^^^^^^^^^^^^^^^^^^^^^^^^^^^^^^^^^^^^^^^^^^^^^^^^^^^^^^^^^^^^^^ help: convert the identifier to upper camel case: `JetShomeSnateSProjectsSGithubSjetSexamplesSfeaturesSmodulesCCgenericUmodulesDjetCCGoodToken`

warning: type `__jet__shome_snate_sProjects_sGithub_sjet_sexamples_sfeatures_smodules_c_cgeneric_umodules_djet_c_cM3Int5CacheEntry` should have an upper camel case name
      --> /jet/build/generic_modules.rs:122014:12
       |
122014 | pub struct __jet__shome_snate_sProjects_sGithub_sjet_sexamples_sfeatures_smodules_c_cgeneric_umodules_djet_c_cM3Int5CacheEntry {
       |            ^^^^^^^^^^^^^^^^^^^^^^^^^^^^^^^^^^^^^^^^^^^^^^^^^^^^^^^^^^^^^^^^^^^^^^^^^^^^^^^^^^^^^^^^^^^^^^^^^^^^^^^^^^^^^^^^^^^ help: convert the identifier to upper camel case: `JetShomeSnateSProjectsSGithubSjetSexamplesSfeaturesSmodulesCCgenericUmodulesDjetCCM3int5cacheEntry`

warning: type `__jet__shome_snate_sProjects_sGithub_sjet_sexamples_sfeatures_smodules_c_cgeneric_umodules_djet_c_cM3Int4LawsTargetErr` should have an upper camel case name
      --> /jet/build/generic_modules.rs:122027:10
       |
122027 | pub enum __jet__shome_snate_sProjects_sGithub_sjet_sexamples_sfeatures_smodules_c_cgeneric_umodules_djet_c_cM3Int4LawsTargetErr {
       |          ^^^^^^^^^^^^^^^^^^^^^^^^^^^^^^^^^^^^^^^^^^^^^^^^^^^^^^^^^^^^^^^^^^^^^^^^^^^^^^^^^^^^^^^^^^^^^^^^^^^^^^^^^^^^^^^^^^^^^^ help: convert the identifier to upper camel case: `JetShomeSnateSProjectsSGithubSjetSexamplesSfeaturesSmodulesCCgenericUmodulesDjetCCM3int4lawsTargetErr`

warning: variant `__jet_Wrapped` should have an upper camel case name
      --> /jet/build/generic_modules.rs:122028:5
       |
122028 |     __jet_Wrapped(__jet__shome_snate_sProjects_sGithub_sjet_sexamples_sfeatures_smodules_c_cgeneric_umodules_djet_c_cM3Int4LawsS...
       |     ^^^^^^^^^^^^^ help: convert the identifier to upper camel case: `JetWrapped`

warning: type `__jet__shome_snate_sProjects_sGithub_sjet_sexamples_sfeatures_smodules_c_cgeneric_umodules_djet_c_cM5Three4IntsBuffer` should have an upper camel case name
      --> /jet/build/generic_modules.rs:122040:12
       |
122040 | pub struct __jet__shome_snate_sProjects_sGithub_sjet_sexamples_sfeatures_smodules_c_cgeneric_umodules_djet_c_cM5Three4IntsBuffer {
       |            ^^^^^^^^^^^^^^^^^^^^^^^^^^^^^^^^^^^^^^^^^^^^^^^^^^^^^^^^^^^^^^^^^^^^^^^^^^^^^^^^^^^^^^^^^^^^^^^^^^^^^^^^^^^^^^^^^^^^^ help: convert the identifier to upper camel case: `JetShomeSnateSProjectsSGithubSjetSexamplesSfeaturesSmodulesCCgenericUmodulesDjetCCM5three4intsBuffer`

warning: type `__jet__shome_snate_sProjects_sGithub_sjet_sexamples_sfeatures_smodules_c_cgeneric_umodules_djet_c_cM3Int5CacheSlot` should have an upper camel case name
      --> /jet/build/generic_modules.rs:122053:10
       |
122053 | pub enum __jet__shome_snate_sProjects_sGithub_sjet_sexamples_sfeatures_smodules_c_cgeneric_umodules_djet_c_cM3Int5CacheSlot {
       |          ^^^^^^^^^^^^^^^^^^^^^^^^^^^^^^^^^^^^^^^^^^^^^^^^^^^^^^^^^^^^^^^^^^^^^^^^^^^^^^^^^^^^^^^^^^^^^^^^^^^^^^^^^^^^^^^^^^ help: convert the identifier to upper camel case: `JetShomeSnateSProjectsSGithubSjetSexamplesSfeaturesSmodulesCCgenericUmodulesDjetCCM3int5cacheSlot`

warning: variant `__jet_Empty` should have an upper camel case name
      --> /jet/build/generic_modules.rs:122054:5
       |
122054 |     __jet_Empty,
       |     ^^^^^^^^^^^ help: convert the identifier to upper camel case: `JetEmpty`

warning: variant `__jet_Value` should have an upper camel case name
      --> /jet/build/generic_modules.rs:122055:5
       |
122055 |     __jet_Value(jet_foundation::Numeric::JetInt),
       |     ^^^^^^^^^^^ help: convert the identifier to upper camel case: `JetValue`

warning: type `__jet__shome_snate_sProjects_sGithub_sjet_sexamples_sfeatures_smodules_c_cgeneric_umodules_djet_c_cTime` should have an upper camel case name
      --> /jet/build/generic_modules.rs:122068:10
       |
122068 | pub enum __jet__shome_snate_sProjects_sGithub_sjet_sexamples_sfeatures_smodules_c_cgeneric_umodules_djet_c_cTime {
       |          ^^^^^^^^^^^^^^^^^^^^^^^^^^^^^^^^^^^^^^^^^^^^^^^^^^^^^^^^^^^^^^^^^^^^^^^^^^^^^^^^^^^^^^^^^^^^^^^^^^^^^^^ help: convert the identifier to upper camel case: `JetShomeSnateSProjectsSGithubSjetSexamplesSfeaturesSmodulesCCgenericUmodulesDjetCCTime`

warning: type `__jet__shome_snate_sProjects_sGithub_sjet_sexamples_sfeatures_smodules_c_cgeneric_umodules_djet_c_cMode` should have an upper camel case name
      --> /jet/build/generic_modules.rs:122072:6
       |
122072 | enum __jet__shome_snate_sProjects_sGithub_sjet_sexamples_sfeatures_smodules_c_cgeneric_umodules_djet_c_cMode {
       |      ^^^^^^^^^^^^^^^^^^^^^^^^^^^^^^^^^^^^^^^^^^^^^^^^^^^^^^^^^^^^^^^^^^^^^^^^^^^^^^^^^^^^^^^^^^^^^^^^^^^^^^^ help: convert the identifier to upper camel case: `JetShomeSnateSProjectsSGithubSjetSexamplesSfeaturesSmodulesCCgenericUmodulesDjetCCMode`

warning: variant `__jet_Fast` should have an upper camel case name
      --> /jet/build/generic_modules.rs:122073:5
       |
122073 |     __jet_Fast,
       |     ^^^^^^^^^^ help: convert the identifier to upper camel case: `JetFast`

warning: variant `__jet_Safe` should have an upper camel case name
      --> /jet/build/generic_modules.rs:122074:5
       |
122074 |     __jet_Safe,
       |     ^^^^^^^^^^ help: convert the identifier to upper camel case: `JetSafe`

warning: type `__jet__shome_snate_sProjects_sGithub_sjet_sexamples_sfeatures_smodules_c_cgeneric_umodules_djet_c_cM3Int4LawsWrapped` should have an upper camel case name
      --> /jet/build/generic_modules.rs:122087:12
       |
122087 | pub struct __jet__shome_snate_sProjects_sGithub_sjet_sexamples_sfeatures_smodules_c_cgeneric_umodules_djet_c_cM3Int4LawsWrapped {
       |            ^^^^^^^^^^^^^^^^^^^^^^^^^^^^^^^^^^^^^^^^^^^^^^^^^^^^^^^^^^^^^^^^^^^^^^^^^^^^^^^^^^^^^^^^^^^^^^^^^^^^^^^^^^^^^^^^^^^^ help: convert the identifier to upper camel case: `JetShomeSnateSProjectsSGithubSjetSexamplesSfeaturesSmodulesCCgenericUmodulesDjetCCM3int4lawsWrapped`

warning: trait `__jet_M3Int4LawsReveal` should have an upper camel case name
      --> /jet/build/generic_modules.rs:122099:11
       |
122099 | pub trait __jet_M3Int4LawsReveal {
       |           ^^^^^^^^^^^^^^^^^^^^^^ help: convert the identifier to upper camel case: `JetM3int4lawsReveal`

warning: associated type `__jet_Output` should have an upper camel case name
      --> /jet/build/generic_modules.rs:122100:10
       |
122100 |     type __jet_Output;
       |          ^^^^^^^^^^^^ help: convert the identifier to upper camel case: `JetOutput`

warning: trait `__jet_Token` should have an upper camel case name
      --> /jet/build/generic_modules.rs:122104:7
       |
122104 | trait __jet_Token {
       |       ^^^^^^^^^^^ help: convert the identifier to upper camel case: `JetToken`

warning: unnecessary parentheses around function argument
      --> /jet/build/generic_modules.rs:122196:52
       |
122196 | ...me((((__jet_v_3980939145737773133.as_ref().expect("MIR value")).clone()) == ((__jet_v_15259468140685329242.as_ref().expect("MIR value")).clone())));
       |       ^                                                                                                                                             ^
       |
help: remove these parentheses
       |
122196 -                 __jet_v_6683338718324311380 = Some((((__jet_v_3980939145737773133.as_ref().expect("MIR value")).clone()) == ((__jet_v_15259468140685329242.as_ref().expect("MIR value")).clone())));
122196 +                 __jet_v_6683338718324311380 = Some(((__jet_v_3980939145737773133.as_ref().expect("MIR value")).clone()) == ((__jet_v_15259468140685329242.as_ref().expect("MIR value")).clone()));
       |

warning: unnecessary parentheses around function argument
      --> /jet/build/generic_modules.rs:122222:52
       |
122222 | ...me((((__jet_v_2420674816058364297.as_ref().expect("MIR value")).clone()) == ((__jet_v_5402769225101263923.as_ref().expect("MIR value")).clone())));
       |       ^                                                                                                                                            ^
       |
help: remove these parentheses
       |
122222 -                 __jet_v_4547433265638800375 = Some((((__jet_v_2420674816058364297.as_ref().expect("MIR value")).clone()) == ((__jet_v_5402769225101263923.as_ref().expect("MIR value")).clone())));
122222 +                 __jet_v_4547433265638800375 = Some(((__jet_v_2420674816058364297.as_ref().expect("MIR value")).clone()) == ((__jet_v_5402769225101263923.as_ref().expect("MIR value")).clone()));
       |

warning: unused label
      --> /jet/build/generic_modules.rs:122623:5
       |
122623 |     'mir_dispatch: loop {
       |     ^^^^^^^^^^^^^
       |
       = note: `#[warn(unused_labels)]` (part of `#[warn(unused)]`) on by default

warning: unnecessary parentheses around function argument
      --> /jet/build/generic_modules.rs:122772:52
       |
122772 |                 __jet_v_3568611816727086202 = Some((!(*(__jet_v_7806560556465521665.as_ref().expect("MIR value")))));
       |                                                    ^                                                              ^
       |
help: remove these parentheses
       |
122772 -                 __jet_v_3568611816727086202 = Some((!(*(__jet_v_7806560556465521665.as_ref().expect("MIR value")))));
122772 +                 __jet_v_3568611816727086202 = Some(!(*(__jet_v_7806560556465521665.as_ref().expect("MIR value"))));
       |

warning: unnecessary parentheses around function argument
      --> /jet/build/generic_modules.rs:122941:53
       |
122941 |                 __jet_v_17105964370062551208 = Some((!(*(__jet_v_6532756999398203562.as_ref().expect("MIR value")))));
       |                                                     ^                                                              ^
       |
help: remove these parentheses
       |
122941 -                 __jet_v_17105964370062551208 = Some((!(*(__jet_v_6532756999398203562.as_ref().expect("MIR value")))));
122941 +                 __jet_v_17105964370062551208 = Some(!(*(__jet_v_6532756999398203562.as_ref().expect("MIR value"))));
       |

warning: unnecessary parentheses around function argument
      --> /jet/build/generic_modules.rs:123042:52
       |
123042 | ...me((((__jet_v_15031624322929109628.as_ref().expect("MIR value")).clone()) == ((__jet_v_17708588395668539414.as_ref().expect("MIR value")).clone())));
       |       ^                                                                                                                                              ^
       |
help: remove these parentheses
       |
123042 -                 __jet_v_6396035878215696452 = Some((((__jet_v_15031624322929109628.as_ref().expect("MIR value")).clone()) == ((__jet_v_17708588395668539414.as_ref().expect("MIR value")).clone())));
123042 +                 __jet_v_6396035878215696452 = Some(((__jet_v_15031624322929109628.as_ref().expect("MIR value")).clone()) == ((__jet_v_17708588395668539414.as_ref().expect("MIR value")).clone()));
       |

warning: unnecessary parentheses around function argument
      --> /jet/build/generic_modules.rs:123175:53
       |
123175 |                 __jet_v_17183904473012155359 = Some((!(*(__jet_v_1469008187331293566.as_ref().expect("MIR value")))));
       |                                                     ^                                                              ^
       |
help: remove these parentheses
       |
123175 -                 __jet_v_17183904473012155359 = Some((!(*(__jet_v_1469008187331293566.as_ref().expect("MIR value")))));
123175 +                 __jet_v_17183904473012155359 = Some(!(*(__jet_v_1469008187331293566.as_ref().expect("MIR value"))));
       |

warning: unnecessary parentheses around function argument
      --> /jet/build/generic_modules.rs:123401:52
       |
123401 |                 __jet_v_7373519524705458196 = Some((!(*(__jet_v_477905576752931138.as_ref().expect("MIR value")))));
       |                                                    ^                                                             ^
       |
help: remove these parentheses
       |
123401 -                 __jet_v_7373519524705458196 = Some((!(*(__jet_v_477905576752931138.as_ref().expect("MIR value")))));
123401 +                 __jet_v_7373519524705458196 = Some(!(*(__jet_v_477905576752931138.as_ref().expect("MIR value"))));
       |

warning: unnecessary parentheses around function argument
      --> /jet/build/generic_modules.rs:123455:53
       |
123455 | ...me((((__jet_v_18385316068813546695.as_ref().expect("MIR value")).clone()) == ((__jet_v_10360327868880491192.as_ref().expect("MIR value")).clone())));
       |       ^                                                                                                                                              ^
       |
help: remove these parentheses
       |
123455 -                 __jet_v_17648627294921543479 = Some((((__jet_v_18385316068813546695.as_ref().expect("MIR value")).clone()) == ((__jet_v_10360327868880491192.as_ref().expect("MIR value")).clone())));
123455 +                 __jet_v_17648627294921543479 = Some(((__jet_v_18385316068813546695.as_ref().expect("MIR value")).clone()) == ((__jet_v_10360327868880491192.as_ref().expect("MIR value")).clone()));
       |

warning: unnecessary parentheses around function argument
      --> /jet/build/generic_modules.rs:123656:53
       |
123656 |                 __jet_v_11758845170392304055 = Some((!(*(__jet_v_7813715601815786573.as_ref().expect("MIR value")))));
       |                                                     ^                                                              ^
       |
help: remove these parentheses
       |
123656 -                 __jet_v_11758845170392304055 = Some((!(*(__jet_v_7813715601815786573.as_ref().expect("MIR value")))));
123656 +                 __jet_v_11758845170392304055 = Some(!(*(__jet_v_7813715601815786573.as_ref().expect("MIR value"))));
       |

warning: unnecessary parentheses around function argument
      --> /jet/build/generic_modules.rs:123719:53
       |
123719 |                 __jet_v_16309042200189071807 = Some((!(*(__jet_v_15450012603763502591.as_ref().expect("MIR value")))));
       |                                                     ^                                                               ^
       |
help: remove these parentheses
       |
123719 -                 __jet_v_16309042200189071807 = Some((!(*(__jet_v_15450012603763502591.as_ref().expect("MIR value")))));
123719 +                 __jet_v_16309042200189071807 = Some(!(*(__jet_v_15450012603763502591.as_ref().expect("MIR value"))));
       |

warning: unnecessary parentheses around function argument
      --> /jet/build/generic_modules.rs:124206:52
       |
124206 | ...me((((__jet_v_17350926345893288686.as_ref().expect("MIR value")).clone()) > ((__jet_v_9146343138810740712.as_ref().expect("MIR value")).clone())));
       |       ^                                                                                                                                            ^
       |
help: remove these parentheses
       |
124206 -                 __jet_v_2428922762227480044 = Some((((__jet_v_17350926345893288686.as_ref().expect("MIR value")).clone()) > ((__jet_v_9146343138810740712.as_ref().expect("MIR value")).clone())));
124206 +                 __jet_v_2428922762227480044 = Some(((__jet_v_17350926345893288686.as_ref().expect("MIR value")).clone()) > ((__jet_v_9146343138810740712.as_ref().expect("MIR value")).clone()));
       |

warning: unnecessary parentheses around function argument
      --> /jet/build/generic_modules.rs:124226:52
       |
124226 | ...me((((__jet_v_2242394722728646796.as_ref().expect("MIR value")).clone()) < ((__jet_v_10890323432034083755.as_ref().expect("MIR value")).clone())));
       |       ^                                                                                                                                            ^
       |
help: remove these parentheses
       |
124226 -                 __jet_v_9987707324279857264 = Some((((__jet_v_2242394722728646796.as_ref().expect("MIR value")).clone()) < ((__jet_v_10890323432034083755.as_ref().expect("MIR value")).clone())));
124226 +                 __jet_v_9987707324279857264 = Some(((__jet_v_2242394722728646796.as_ref().expect("MIR value")).clone()) < ((__jet_v_10890323432034083755.as_ref().expect("MIR value")).clone()));
       |

warning: unnecessary parentheses around function argument
      --> /jet/build/generic_modules.rs:124283:52
       |
124283 | ...me((((__jet_v_15667608473181979046.as_ref().expect("MIR value")).clone()) != ((__jet_v_1532351935808439403.as_ref().expect("MIR value")).clone())));
       |       ^                                                                                                                                             ^
       |
help: remove these parentheses
       |
124283 -                 __jet_v_2334855075941449488 = Some((((__jet_v_15667608473181979046.as_ref().expect("MIR value")).clone()) != ((__jet_v_1532351935808439403.as_ref().expect("MIR value")).clone())));
124283 +                 __jet_v_2334855075941449488 = Some(((__jet_v_15667608473181979046.as_ref().expect("MIR value")).clone()) != ((__jet_v_1532351935808439403.as_ref().expect("MIR value")).clone()));
       |

warning: unnecessary parentheses around function argument
      --> /jet/build/generic_modules.rs:124331:53
       |
124331 | ...me((((__jet_v_5618309396060494093.as_ref().expect("MIR value")).clone()) != ((__jet_v_1547461763374205327.as_ref().expect("MIR value")).clone())));
       |       ^                                                                                                                                            ^
       |
help: remove these parentheses
       |
124331 -                 __jet_v_14560241610932620244 = Some((((__jet_v_5618309396060494093.as_ref().expect("MIR value")).clone()) != ((__jet_v_1547461763374205327.as_ref().expect("MIR value")).clone())));
124331 +                 __jet_v_14560241610932620244 = Some(((__jet_v_5618309396060494093.as_ref().expect("MIR value")).clone()) != ((__jet_v_1547461763374205327.as_ref().expect("MIR value")).clone()));
       |

warning: unnecessary parentheses around function argument
      --> /jet/build/generic_modules.rs:124553:52
       |
124553 | ...me((((__jet_v_11414373598390752056.as_ref().expect("MIR value")).clone()) > ((__jet_v_10378262618791934602.as_ref().expect("MIR value")).clone())));
       |       ^                                                                                                                                             ^
       |
help: remove these parentheses
       |
124553 -                 __jet_v_2204943706313091903 = Some((((__jet_v_11414373598390752056.as_ref().expect("MIR value")).clone()) > ((__jet_v_10378262618791934602.as_ref().expect("MIR value")).clone())));
124553 +                 __jet_v_2204943706313091903 = Some(((__jet_v_11414373598390752056.as_ref().expect("MIR value")).clone()) > ((__jet_v_10378262618791934602.as_ref().expect("MIR value")).clone()));
       |

warning: unnecessary parentheses around function argument
      --> /jet/build/generic_modules.rs:124573:51
       |
124573 | ...me((((__jet_v_13281075084063220170.as_ref().expect("MIR value")).clone()) < ((__jet_v_3698777467250766377.as_ref().expect("MIR value")).clone())));
       |       ^                                                                                                                                            ^
       |
help: remove these parentheses
       |
124573 -                 __jet_v_613588033743172221 = Some((((__jet_v_13281075084063220170.as_ref().expect("MIR value")).clone()) < ((__jet_v_3698777467250766377.as_ref().expect("MIR value")).clone())));
124573 +                 __jet_v_613588033743172221 = Some(((__jet_v_13281075084063220170.as_ref().expect("MIR value")).clone()) < ((__jet_v_3698777467250766377.as_ref().expect("MIR value")).clone()));
       |

warning: unused label
      --> /jet/build/generic_modules.rs:124599:5
       |
124599 |     'mir_dispatch: loop {
       |     ^^^^^^^^^^^^^

warning: unnecessary parentheses around function argument
      --> /jet/build/generic_modules.rs:124826:52
       |
124826 | ...me((((__jet_v_15819385365130975379.as_ref().expect("MIR value")).clone()) > ((__jet_v_15613698438914854085.as_ref().expect("MIR value")).clone())));
       |       ^                                                                                                                                             ^
       |
help: remove these parentheses
       |
124826 -                 __jet_v_4919346084951763573 = Some((((__jet_v_15819385365130975379.as_ref().expect("MIR value")).clone()) > ((__jet_v_15613698438914854085.as_ref().expect("MIR value")).clone())));
124826 +                 __jet_v_4919346084951763573 = Some(((__jet_v_15819385365130975379.as_ref().expect("MIR value")).clone()) > ((__jet_v_15613698438914854085.as_ref().expect("MIR value")).clone()));
       |

warning: unnecessary parentheses around function argument
      --> /jet/build/generic_modules.rs:124901:53
       |
124901 | ...me((((__jet_v_12139711667399512770.as_ref().expect("MIR value")).clone()) < ((__jet_v_819322946362235608.as_ref().expect("MIR value")).clone())));
       |       ^                                                                                                                                           ^
       |
help: remove these parentheses
       |
124901 -                 __jet_v_10013971127158703319 = Some((((__jet_v_12139711667399512770.as_ref().expect("MIR value")).clone()) < ((__jet_v_819322946362235608.as_ref().expect("MIR value")).clone())));
124901 +                 __jet_v_10013971127158703319 = Some(((__jet_v_12139711667399512770.as_ref().expect("MIR value")).clone()) < ((__jet_v_819322946362235608.as_ref().expect("MIR value")).clone()));
       |

warning: unused label
      --> /jet/build/generic_modules.rs:125088:5
       |
125088 |     'mir_dispatch: loop {
       |     ^^^^^^^^^^^^^

warning: unused label
      --> /jet/build/generic_modules.rs:125269:5
       |
125269 |     'mir_dispatch: loop {
       |     ^^^^^^^^^^^^^

warning: unnecessary parentheses around function argument
      --> /jet/build/generic_modules.rs:125541:53
       |
125541 | ...me((((__jet_v_13102344427663253657.as_ref().expect("MIR value")).clone()) != ((__jet_v_12140774415631755052.as_ref().expect("MIR value")).clone())));
       |       ^                                                                                                                                              ^
       |
help: remove these parentheses
       |
125541 -                 __jet_v_15909543563138659055 = Some((((__jet_v_13102344427663253657.as_ref().expect("MIR value")).clone()) != ((__jet_v_12140774415631755052.as_ref().expect("MIR value")).clone())));
125541 +                 __jet_v_15909543563138659055 = Some(((__jet_v_13102344427663253657.as_ref().expect("MIR value")).clone()) != ((__jet_v_12140774415631755052.as_ref().expect("MIR value")).clone()));
       |

warning: unnecessary parentheses around function argument
      --> /jet/build/generic_modules.rs:125823:52
       |
125823 | ...me((((__jet_v_7724633333753797799.as_ref().expect("MIR value")).clone()) != ((__jet_v_14602690070202858088.as_ref().expect("MIR value")).clone())));
       |       ^                                                                                                                                             ^
       |
help: remove these parentheses
       |
125823 -                 __jet_v_2928528732418480387 = Some((((__jet_v_7724633333753797799.as_ref().expect("MIR value")).clone()) != ((__jet_v_14602690070202858088.as_ref().expect("MIR value")).clone())));
125823 +                 __jet_v_2928528732418480387 = Some(((__jet_v_7724633333753797799.as_ref().expect("MIR value")).clone()) != ((__jet_v_14602690070202858088.as_ref().expect("MIR value")).clone()));
       |

warning: unnecessary parentheses around function argument
      --> /jet/build/generic_modules.rs:126291:52
       |
126291 |                 __jet_v_6093607974330338751 = Some((!(*(__jet_v_6733351983447581062.as_ref().expect("MIR value")))));
       |                                                    ^                                                              ^
       |
help: remove these parentheses
       |
126291 -                 __jet_v_6093607974330338751 = Some((!(*(__jet_v_6733351983447581062.as_ref().expect("MIR value")))));
126291 +                 __jet_v_6093607974330338751 = Some(!(*(__jet_v_6733351983447581062.as_ref().expect("MIR value"))));
       |

warning: unnecessary parentheses around function argument
      --> /jet/build/generic_modules.rs:126316:53
       |
126316 |                 __jet_v_13610059661904750275 = Some((!(*(__jet_v_837943309727561000.as_ref().expect("MIR value")))));
       |                                                     ^                                                             ^
       |
help: remove these parentheses
       |
126316 -                 __jet_v_13610059661904750275 = Some((!(*(__jet_v_837943309727561000.as_ref().expect("MIR value")))));
126316 +                 __jet_v_13610059661904750275 = Some(!(*(__jet_v_837943309727561000.as_ref().expect("MIR value"))));
       |

warning: unnecessary parentheses around function argument
      --> /jet/build/generic_modules.rs:126385:52
       |
126385 |                 __jet_v_8328836177341336043 = Some((!(*(__jet_v_9714219234041111755.as_ref().expect("MIR value")))));
       |                                                    ^                                                              ^
       |
help: remove these parentheses
       |
126385 -                 __jet_v_8328836177341336043 = Some((!(*(__jet_v_9714219234041111755.as_ref().expect("MIR value")))));
126385 +                 __jet_v_8328836177341336043 = Some(!(*(__jet_v_9714219234041111755.as_ref().expect("MIR value"))));
       |

warning: unnecessary parentheses around function argument
      --> /jet/build/generic_modules.rs:126505:53
       |
126505 | ...me((((__jet_v_1220363554959924936.as_ref().expect("MIR value")).clone()) == ((__jet_v_6483299460523295873.as_ref().expect("MIR value")).clone())));
       |       ^                                                                                                                                            ^
       |
help: remove these parentheses
       |
126505 -                 __jet_v_15325238210673100441 = Some((((__jet_v_1220363554959924936.as_ref().expect("MIR value")).clone()) == ((__jet_v_6483299460523295873.as_ref().expect("MIR value")).clone())));
126505 +                 __jet_v_15325238210673100441 = Some(((__jet_v_1220363554959924936.as_ref().expect("MIR value")).clone()) == ((__jet_v_6483299460523295873.as_ref().expect("MIR value")).clone()));
       |

warning: unnecessary parentheses around function argument
      --> /jet/build/generic_modules.rs:126630:52
       |
126630 | ...me((((__jet_v_11116462727533861726.as_ref().expect("MIR value")).clone()) > ((__jet_v_3541003050432747119.as_ref().expect("MIR value")).clone())));
       |       ^                                                                                                                                            ^
       |
help: remove these parentheses
       |
126630 -                 __jet_v_4802438499483963197 = Some((((__jet_v_11116462727533861726.as_ref().expect("MIR value")).clone()) > ((__jet_v_3541003050432747119.as_ref().expect("MIR value")).clone())));
126630 +                 __jet_v_4802438499483963197 = Some(((__jet_v_11116462727533861726.as_ref().expect("MIR value")).clone()) > ((__jet_v_3541003050432747119.as_ref().expect("MIR value")).clone()));
       |

warning: unnecessary parentheses around function argument
      --> /jet/build/generic_modules.rs:126655:53
       |
126655 | ...me((((__jet_v_9697953709253953078.as_ref().expect("MIR value")).clone()) < ((__jet_v_9083924735356597915.as_ref().expect("MIR value")).clone())));
       |       ^                                                                                                                                           ^
       |
help: remove these parentheses
       |
126655 -                 __jet_v_14231209010067420108 = Some((((__jet_v_9697953709253953078.as_ref().expect("MIR value")).clone()) < ((__jet_v_9083924735356597915.as_ref().expect("MIR value")).clone())));
126655 +                 __jet_v_14231209010067420108 = Some(((__jet_v_9697953709253953078.as_ref().expect("MIR value")).clone()) < ((__jet_v_9083924735356597915.as_ref().expect("MIR value")).clone()));
       |

warning: unnecessary parentheses around function argument
      --> /jet/build/generic_modules.rs:126746:52
       |
126746 |                 __jet_v_7129040805635632110 = Some((!(*(__jet_v_407615748472615229.as_ref().expect("MIR value")))));
       |                                                    ^                                                             ^
       |
help: remove these parentheses
       |
126746 -                 __jet_v_7129040805635632110 = Some((!(*(__jet_v_407615748472615229.as_ref().expect("MIR value")))));
126746 +                 __jet_v_7129040805635632110 = Some(!(*(__jet_v_407615748472615229.as_ref().expect("MIR value"))));
       |

warning: unnecessary parentheses around function argument
      --> /jet/build/generic_modules.rs:126960:53
       |
126960 | ...me((((__jet_v_11054024990993475947.as_ref().expect("MIR value")).clone()) > ((__jet_v_6174775980537614246.as_ref().expect("MIR value")).clone())));
       |       ^                                                                                                                                            ^
       |
help: remove these parentheses
       |
126960 -                 __jet_v_18393947369252428367 = Some((((__jet_v_11054024990993475947.as_ref().expect("MIR value")).clone()) > ((__jet_v_6174775980537614246.as_ref().expect("MIR value")).clone())));
126960 +                 __jet_v_18393947369252428367 = Some(((__jet_v_11054024990993475947.as_ref().expect("MIR value")).clone()) > ((__jet_v_6174775980537614246.as_ref().expect("MIR value")).clone()));
       |

warning: unnecessary parentheses around function argument
      --> /jet/build/generic_modules.rs:127062:52
       |
127062 | ...me((((__jet_v_9283409300260496328.as_ref().expect("MIR value")).clone()) < ((__jet_v_15762408643702384163.as_ref().expect("MIR value")).clone())));
       |       ^                                                                                                                                            ^
       |
help: remove these parentheses
       |
127062 -                 __jet_v_6559910148867803887 = Some((((__jet_v_9283409300260496328.as_ref().expect("MIR value")).clone()) < ((__jet_v_15762408643702384163.as_ref().expect("MIR value")).clone())));
127062 +                 __jet_v_6559910148867803887 = Some(((__jet_v_9283409300260496328.as_ref().expect("MIR value")).clone()) < ((__jet_v_15762408643702384163.as_ref().expect("MIR value")).clone()));
       |

warning: unnecessary parentheses around function argument
      --> /jet/build/generic_modules.rs:127298:53
       |
127298 | ...me((((__jet_v_14315433433225246546.as_ref().expect("MIR value")).clone()) == ((__jet_v_12440793715986593127.as_ref().expect("MIR value")).clone())));
       |       ^                                                                                                                                              ^
       |
help: remove these parentheses
       |
127298 -                 __jet_v_18090561432534125532 = Some((((__jet_v_14315433433225246546.as_ref().expect("MIR value")).clone()) == ((__jet_v_12440793715986593127.as_ref().expect("MIR value")).clone())));
127298 +                 __jet_v_18090561432534125532 = Some(((__jet_v_14315433433225246546.as_ref().expect("MIR value")).clone()) == ((__jet_v_12440793715986593127.as_ref().expect("MIR value")).clone()));
       |

warning: unnecessary parentheses around closure body
      --> /jet/build/generic_modules.rs:127555:309
       |
127555 | ..._right).iter()).all(|(__jet_left,__jet_right)| ((__jet_left) == (__jet_right))) }));
       |                                                   ^                             ^
       |
help: remove these parentheses
       |
127555 -                 __jet_v_17476479103593308515 = Some(!({ let __jet_left = (__jet_v_12376737775784726802.as_ref().expect("MIR value")).clone(); let __jet_right = (__jet_v_14506829377438508189.as_ref().expect("MIR value")).clone(); (&__jet_left).iter().zip((&__jet_right).iter()).all(|(__jet_left,__jet_right)| ((__jet_left) == (__jet_right))) }));
127555 +                 __jet_v_17476479103593308515 = Some(!({ let __jet_left = (__jet_v_12376737775784726802.as_ref().expect("MIR value")).clone(); let __jet_right = (__jet_v_14506829377438508189.as_ref().expect("MIR value")).clone(); (&__jet_left).iter().zip((&__jet_right).iter()).all(|(__jet_left,__jet_right)| (__jet_left) == (__jet_right)) }));
       |

warning: unused label
      --> /jet/build/generic_modules.rs:127864:5
       |
127864 |     'mir_dispatch: loop {
       |     ^^^^^^^^^^^^^

warning: unused label
      --> /jet/build/generic_modules.rs:127906:5
       |
127906 |     'mir_dispatch: loop {
       |     ^^^^^^^^^^^^^

warning: unused label
      --> /jet/build/generic_modules.rs:127925:5
       |
127925 |     'mir_dispatch: loop {
       |     ^^^^^^^^^^^^^

warning: unused label
      --> /jet/build/generic_modules.rs:127944:5
       |
127944 |     'mir_dispatch: loop {
       |     ^^^^^^^^^^^^^

warning: unused label
      --> /jet/build/generic_modules.rs:128609:5
       |
128609 |     'mir_dispatch: loop {
       |     ^^^^^^^^^^^^^

warning: unused label
      --> /jet/build/generic_modules.rs:128629:5
       |
128629 |     'mir_dispatch: loop {
       |     ^^^^^^^^^^^^^

warning: unused label
      --> /jet/build/generic_modules.rs:128649:5
       |
128649 |     'mir_dispatch: loop {
       |     ^^^^^^^^^^^^^

warning: unused label
      --> /jet/build/generic_modules.rs:128668:5
       |
128668 |     'mir_dispatch: loop {
       |     ^^^^^^^^^^^^^

warning: unused label
      --> /jet/build/generic_modules.rs:128686:5
       |
128686 |     'mir_dispatch: loop {
       |     ^^^^^^^^^^^^^

error[E0308]: mismatched types
      --> /jet/build/generic_modules.rs:128319:52
       |
128319 | ... = Some(vec![__jet_v_1037170605754451056.take().expect("MIR value"), __jet_v_12608662115447746185.take().expect("MIR value"), __jet_v_16720230419999547110.take().expect("MIR value")]);
       |       ---- ^^^^^^^^^^^^^^^^^^^^^^^^^^^^^^^^^^^^^^^^^^^^^^^^^^^^^^^^^^^^^^^^^^^^^^^^^^^^^^^^^^^^^^^^^^^^^^^^^^^^^^^^^^^^^^^^^^^^^^^^^^^^^^^^^^^^^^^^^^^^^^^^^^^^^^^^^^^^^^^^^^^^^^^^^^^^^^ expected `[JetInt; 3]`, found `Vec<JetInt>`
       |       |
       |       arguments to this enum variant are incorrect
       |
       = note: expected array `[jet_foundation_numeric::JetInt; 3]`
                 found struct `Vec<jet_foundation_numeric::JetInt>`
help: the type constructed contains `Vec<jet_foundation_numeric::JetInt>` due to the type of the argument passed
      --> /jet/build/generic_modules.rs:128319:47
       |
128319 | ... = Some(vec![__jet_v_1037170605754451056.take().expect("MIR value"), __jet_v_12608662115447746185.take().expect("MIR value"), __jet_v_16720230419999547110.take().expect("MIR value")]);
       |       ^^^^^------------------------------------------------------------------------------------------------------------------------------------------------------------------------------^
       |            |
       |            this argument influences the type of `Some`
note: tuple variant defined here
      --> /rustc/8bab26f4f68e0e26f0bb7960be334d5b520ea452/library/core/src/option.rs:605:4

warning: unused import: `Read`
      --> /jet/build/generic_modules.rs:109853:15
       |
109853 | use std::io::{Read, Seek, SeekFrom, Write};
       |               ^^^^

warning: unused import: `Write`
      --> /jet/build/generic_modules.rs:109853:37
       |
109853 | use std::io::{Read, Seek, SeekFrom, Write};
       |                                     ^^^^^

warning: unused import: `Any`
      --> /jet/build/generic_modules.rs:109850:16
       |
109850 | use std::any::{Any as JetWebStoreAny, TypeId as JetWebStoreTypeId};
       |                ^^^

warning: value assigned to `cursor` is never read
      --> /jet/build/generic_modules.rs:116963:17
       |
116963 |                 cursor += 2;
       |                 ^^^^^^^^^^^ this value is reassigned later and never used
...
116966 |                 cursor += 1;
       |                 ----------- `cursor` is overwritten here before the previous value is read
       |
       = note: `#[warn(unused_assignments)]` (part of `#[warn(unused)]`) on by default

warning: value assigned to `cursor` is never read
      --> /jet/build/generic_modules.rs:116966:17
       |
116966 |                 cursor += 1;
       |                 ^^^^^^^^^^^
       |
       = help: maybe it is overwritten before being read?

warning: unreachable pattern
      --> /jet/build/generic_modules.rs:124994:277
       |
124994 | ... { __jet__shome_snate_sProjects_sGithub_sjet_sexamples_sfeatures_smodules_c_cgeneric_umodules_djet_c_cM3Int4LawsSourceErr::__jet_Bad(payload) => payload.clone(), _ =>...
       |       ------------------------------------------------------------------------------------------------------------------------------------------                     ^ no value can reach this
       |       |
       |       matches all the relevant values
       |
       = note: `#[warn(unreachable_patterns)]` (part of `#[warn(unused)]`) on by default
       = note: the full name for the type has been written to 'build/.work.generic_modules.1362082/generic_modules.long-type-6494078725122716472.txt'
       = note: consider using `--verbose` to print the full type name to the console

warning: unreachable pattern
      --> /jet/build/generic_modules.rs:125139:280
       |
125139 | ... { __jet__shome_snate_sProjects_sGithub_sjet_sexamples_sfeatures_smodules_c_cgeneric_umodules_djet_c_cM3Int4LawsTargetErr::__jet_Wrapped(payload) => payload.clone(), _ =>...
       |       ----------------------------------------------------------------------------------------------------------------------------------------------                     ^ no value can reach this
       |       |
       |       matches all the relevant values
       |
       = note: the full name for the type has been written to 'build/.work.generic_modules.1362082/generic_modules.long-type-15349588224547360300.txt'
       = note: consider using `--verbose` to print the full type name to the console

warning: unreachable pattern
      --> /jet/build/generic_modules.rs:125174:282
       |
125174 | ... { __jet__shome_snate_sProjects_sGithub_sjet_sexamples_sfeatures_smodules_c_cgeneric_umodules_djet_c_cM3Int4LawsTargetErr::__jet_Wrapped(payload) => payload.clone(), _ =>...
       |       ----------------------------------------------------------------------------------------------------------------------------------------------                     ^ no value can reach this
       |       |
       |       matches all the relevant values
       |
       = note: the full name for the type has been written to 'build/.work.generic_modules.1362082/generic_modules.long-type-15349588224547360300.txt'
       = note: consider using `--verbose` to print the full type name to the console

warning: unreachable pattern
      --> /jet/build/generic_modules.rs:125709:280
       |
125709 | ... { __jet__shome_snate_sProjects_sGithub_sjet_sexamples_sfeatures_smodules_c_cgeneric_umodules_djet_c_cM3Int4LawsTargetErr::__jet_Wrapped(payload) => payload.clone(), _ =>...
       |       ----------------------------------------------------------------------------------------------------------------------------------------------                     ^ no value can reach this
       |       |
       |       matches all the relevant values
       |
       = note: the full name for the type has been written to 'build/.work.generic_modules.1362082/generic_modules.long-type-15349588224547360300.txt'
       = note: consider using `--verbose` to print the full type name to the console

warning: unreachable pattern
      --> /jet/build/generic_modules.rs:125767:280
       |
125767 | ... { __jet__shome_snate_sProjects_sGithub_sjet_sexamples_sfeatures_smodules_c_cgeneric_umodules_djet_c_cM3Int4LawsTargetErr::__jet_Wrapped(payload) => payload.clone(), _ =>...
       |       ----------------------------------------------------------------------------------------------------------------------------------------------                     ^ no value can reach this
       |       |
       |       matches all the relevant values
       |
       = note: the full name for the type has been written to 'build/.work.generic_modules.1362082/generic_modules.long-type-15349588224547360300.txt'
       = note: consider using `--verbose` to print the full type name to the console

warning: unreachable pattern
      --> /jet/build/generic_modules.rs:125847:276
       |
125847 | ... { __jet__shome_snate_sProjects_sGithub_sjet_sexamples_sfeatures_smodules_c_cgeneric_umodules_djet_c_cM3Int4LawsSourceErr::__jet_Bad(payload) => payload.clone(), _ =>...
       |       ------------------------------------------------------------------------------------------------------------------------------------------                     ^ no value can reach this
       |       |
       |       matches all the relevant values
       |
       = note: the full name for the type has been written to 'build/.work.generic_modules.1362082/generic_modules.long-type-6494078725122716472.txt'
       = note: consider using `--verbose` to print the full type name to the console

warning: unreachable pattern
      --> /jet/build/generic_modules.rs:125886:277
       |
125886 | ... { __jet__shome_snate_sProjects_sGithub_sjet_sexamples_sfeatures_smodules_c_cgeneric_umodules_djet_c_cM3Int4LawsSourceErr::__jet_Bad(payload) => payload.clone(), _ =>...
       |       ------------------------------------------------------------------------------------------------------------------------------------------                     ^ no value can reach this
       |       |
       |       matches all the relevant values
       |
       = note: the full name for the type has been written to 'build/.work.generic_modules.1362082/generic_modules.long-type-6494078725122716472.txt'
       = note: consider using `--verbose` to print the full type name to the console

warning: unreachable pattern
      --> /jet/build/generic_modules.rs:126947:277
       |
126947 | ... { __jet__shome_snate_sProjects_sGithub_sjet_sexamples_sfeatures_smodules_c_cgeneric_umodules_djet_c_cM3Int4LawsSourceErr::__jet_Bad(payload) => payload.clone(), _ =>...
       |       ------------------------------------------------------------------------------------------------------------------------------------------                     ^ no value can reach this
       |       |
       |       matches all the relevant values
       |
       = note: the full name for the type has been written to 'build/.work.generic_modules.1362082/generic_modules.long-type-6494078725122716472.txt'
       = note: consider using `--verbose` to print the full type name to the console

warning: unreachable pattern
      --> /jet/build/generic_modules.rs:126991:277
       |
126991 | ... { __jet__shome_snate_sProjects_sGithub_sjet_sexamples_sfeatures_smodules_c_cgeneric_umodules_djet_c_cM3Int4LawsSourceErr::__jet_Bad(payload) => payload.clone(), _ =>...
       |       ------------------------------------------------------------------------------------------------------------------------------------------                     ^ no value can reach this
       |       |
       |       matches all the relevant values
       |
       = note: the full name for the type has been written to 'build/.work.generic_modules.1362082/generic_modules.long-type-6494078725122716472.txt'
       = note: consider using `--verbose` to print the full type name to the console

warning: unreachable pattern
      --> /jet/build/generic_modules.rs:127632:280
       |
127632 | ... { __jet__shome_snate_sProjects_sGithub_sjet_sexamples_sfeatures_smodules_c_cgeneric_umodules_djet_c_cM3Int4LawsTargetErr::__jet_Wrapped(payload) => payload.clone(), _ =>...
       |       ----------------------------------------------------------------------------------------------------------------------------------------------                     ^ no value can reach this
       |       |
       |       matches all the relevant values
       |
       = note: the full name for the type has been written to 'build/.work.generic_modules.1362082/generic_modules.long-type-15349588224547360300.txt'
       = note: consider using `--verbose` to print the full type name to the console

error: aborting due to 1 previous error; 119 warnings emitted

For more information about this error, try `rustc --explain E0308`.
