warning: trait `__jet_Display` should have an upper camel case name
 --> /jet/build/hello.rs:4:11
  |
4 | pub trait __jet_Display {
  |           ^^^^^^^^^^^^^ help: convert the identifier to upper camel case: `JetDisplay`
  |
  = note: `#[warn(non_camel_case_types)]` (part of `#[warn(nonstandard_style)]`) on by default

warning: trait `__jet_Equatable` should have an upper camel case name
 --> /jet/build/hello.rs:8:11
  |
8 | pub trait __jet_Equatable: Sized { fn equal(&self, rhs: &Self) -> bool; }
  |           ^^^^^^^^^^^^^^^ help: convert the identifier to upper camel case: `JetEquatable`

warning: type `__jet_Ordering` should have an upper camel case name
  --> /jet/build/hello.rs:24:10
   |
24 | pub enum __jet_Ordering { __jet_Less, __jet_Equal, __jet_Greater }
   |          ^^^^^^^^^^^^^^ help: convert the identifier to upper camel case: `JetOrdering`

warning: variant `__jet_Less` should have an upper camel case name
  --> /jet/build/hello.rs:24:27
   |
24 | pub enum __jet_Ordering { __jet_Less, __jet_Equal, __jet_Greater }
   |                           ^^^^^^^^^^ help: convert the identifier to upper camel case: `JetLess`

warning: variant `__jet_Equal` should have an upper camel case name
  --> /jet/build/hello.rs:24:39
   |
24 | pub enum __jet_Ordering { __jet_Less, __jet_Equal, __jet_Greater }
   |                                       ^^^^^^^^^^^ help: convert the identifier to upper camel case: `JetEqual`

warning: variant `__jet_Greater` should have an upper camel case name
  --> /jet/build/hello.rs:24:52
   |
24 | pub enum __jet_Ordering { __jet_Less, __jet_Equal, __jet_Greater }
   |                                                    ^^^^^^^^^^^^^ help: convert the identifier to upper camel case: `JetGreater`

warning: trait `__jet_Comparable` should have an upper camel case name
  --> /jet/build/hello.rs:26:11
   |
26 | pub trait __jet_Comparable: Sized { fn compare(&self, rhs: &Self) -> __jet_Ordering; }
   |           ^^^^^^^^^^^^^^^^ help: convert the identifier to upper camel case: `JetComparable`

warning: trait `__jet_Serialize` should have an upper camel case name
     --> /jet/build/hello.rs:35235:7
      |
35235 | trait __jet_Serialize {
      |       ^^^^^^^^^^^^^^^ help: convert the identifier to upper camel case: `JetSerialize`

warning: unused import: `Cell`
     --> /jet/build/hello.rs:39663:21
      |
39663 |     use std::cell::{Cell, RefCell};
      |                     ^^^^
      |
      = note: `#[warn(unused_imports)]` (part of `#[warn(unused)]`) on by default

warning: unused import: `JetUninit`
     --> /jet/build/hello.rs:39667:43
      |
39667 |     pub use super::jet_uninit_semantics::{JetUninit, JetUninitFixed};
      |                                           ^^^^^^^^^

warning: unused imports: `JetSentryFrame`, `JetSentryGuard`, `jet_sentry_current_frame`, `jet_sentry_fenced_scope`, `jet_sentry_frame`, `jet_sentry_policy_scope`, `jet_sentry_reset`, `jet_sentry_scope`, and `jet_sentry_set_hardened`
     --> /jet/build/hello.rs:39680:35
      |
39680 |         jet_memory_ledger_record, jet_sentry_current_frame, jet_sentry_fenced_scope,
      |                                   ^^^^^^^^^^^^^^^^^^^^^^^^  ^^^^^^^^^^^^^^^^^^^^^^^
39681 |         jet_sentry_frame, jet_sentry_policy_scope, jet_sentry_reset, jet_sentry_scope,
      |         ^^^^^^^^^^^^^^^^  ^^^^^^^^^^^^^^^^^^^^^^^  ^^^^^^^^^^^^^^^^  ^^^^^^^^^^^^^^^^
39682 |         jet_sentry_set_hardened, JetSentryFrame, JetSentryGuard, MemoryLedgerWitness,
      |         ^^^^^^^^^^^^^^^^^^^^^^^  ^^^^^^^^^^^^^^  ^^^^^^^^^^^^^^

warning: unused import: `crate::jet_encoding_json::render_json`
     --> /jet/build/hello.rs:59643:13
      |
59643 |     pub use crate::jet_encoding_json::render_json;
      |             ^^^^^^^^^^^^^^^^^^^^^^^^^^^^^^^^^^^^^

warning: unnecessary parentheses around block return value
     --> /jet/build/hello.rs:63580:13
      |
63580 |             (((exponent as u64 + 1023) << 52) | (top & ((1u64 << 52) - 1)))
      |             ^                                                             ^
      |
      = note: `#[warn(unused_parens)]` (part of `#[warn(unused)]`) on by default
help: remove these parentheses
      |
63580 -             (((exponent as u64 + 1023) << 52) | (top & ((1u64 << 52) - 1)))
63580 +             ((exponent as u64 + 1023) << 52) | (top & ((1u64 << 52) - 1))
      |

warning: unused import: `crate::jet_int_compare_hot`
     --> /jet/build/hello.rs:63918:9
      |
63918 | pub use crate::jet_int_compare_hot;
      |         ^^^^^^^^^^^^^^^^^^^^^^^^^^

warning: unused import: `crate::jet_int_add_hot`
     --> /jet/build/hello.rs:63942:9
      |
63942 | pub use crate::jet_int_add_hot;
      |         ^^^^^^^^^^^^^^^^^^^^^^

warning: unused import: `crate::jet_int_sub_hot`
     --> /jet/build/hello.rs:63966:9
      |
63966 | pub use crate::jet_int_sub_hot;
      |         ^^^^^^^^^^^^^^^^^^^^^^

warning: unused import: `crate::jet_int_mul_hot`
     --> /jet/build/hello.rs:63990:9
      |
63990 | pub use crate::jet_int_mul_hot;
      |         ^^^^^^^^^^^^^^^^^^^^^^

warning: unused import: `crate::jet_int_add_inline`
     --> /jet/build/hello.rs:64004:9
      |
64004 | pub use crate::jet_int_add_inline;
      |         ^^^^^^^^^^^^^^^^^^^^^^^^^

warning: unused import: `crate::jet_int_sub_inline`
     --> /jet/build/hello.rs:64014:9
      |
64014 | pub use crate::jet_int_sub_inline;
      |         ^^^^^^^^^^^^^^^^^^^^^^^^^

warning: unused import: `crate::jet_int_mul_inline`
     --> /jet/build/hello.rs:64024:9
      |
64024 | pub use crate::jet_int_mul_inline;
      |         ^^^^^^^^^^^^^^^^^^^^^^^^^

warning: unused import: `crate::jet_int_compare_inline`
     --> /jet/build/hello.rs:64038:9
      |
64038 | pub use crate::jet_int_compare_inline;
      |         ^^^^^^^^^^^^^^^^^^^^^^^^^^^^^

warning: unused import: `crate::jet_int_neg_inline`
     --> /jet/build/hello.rs:64047:9
      |
64047 | pub use crate::jet_int_neg_inline;
      |         ^^^^^^^^^^^^^^^^^^^^^^^^^

warning: unused import: `crate::jet_int_bit_and_hot`
     --> /jet/build/hello.rs:64066:9
      |
64066 | pub use crate::jet_int_bit_and_hot;
      |         ^^^^^^^^^^^^^^^^^^^^^^^^^^

warning: unused import: `crate::jet_int_bit_or_hot`
     --> /jet/build/hello.rs:64082:9
      |
64082 | pub use crate::jet_int_bit_or_hot;
      |         ^^^^^^^^^^^^^^^^^^^^^^^^^

warning: unused import: `crate::jet_int_bit_xor_hot`
     --> /jet/build/hello.rs:64098:9
      |
64098 | pub use crate::jet_int_bit_xor_hot;
      |         ^^^^^^^^^^^^^^^^^^^^^^^^^^

warning: unused imports: `JetCellEditGuard` and `JetCellReadGuard`
     --> /jet/build/hello.rs:69511:35
      |
69511 | pub use self::jet_cell::{JetCell, JetCellEditGuard, JetCellReadGuard};
      |                                   ^^^^^^^^^^^^^^^^  ^^^^^^^^^^^^^^^^

warning: unused imports: `JetStreamSender` and `jet_stream_task`
     --> /jet/build/hello.rs:70414:21
      |
70414 |     pub use super::{jet_stream_task, JetStream, JetStreamSender};
      |                     ^^^^^^^^^^^^^^^             ^^^^^^^^^^^^^^^

warning: unused import: `std::io::Write`
     --> /jet/build/hello.rs:85930:13
      |
85930 |         use std::io::Write;
      |             ^^^^^^^^^^^^^^

warning: unused import: `core::cell::Cell`
     --> /jet/build/hello.rs:97495:5
      |
97495 | use core::cell::Cell;
      |     ^^^^^^^^^^^^^^^^

warning: unused import: `jet_foundation::Devtools::JetDevtoolsEvent as JetWebStoreDevtoolsEvent`
     --> /jet/build/hello.rs:97498:5
      |
97498 | use jet_foundation::Devtools::JetDevtoolsEvent as JetWebStoreDevtoolsEvent;
      |     ^^^^^^^^^^^^^^^^^^^^^^^^^^^^^^^^^^^^^^^^^^^^^^^^^^^^^^^^^^^^^^^^^^^^^^

warning: unused import: `TypeId as JetWebStoreTypeId`
     --> /jet/build/hello.rs:97500:39
      |
97500 | use std::any::{Any as JetWebStoreAny, TypeId as JetWebStoreTypeId};
      |                                       ^^^^^^^^^^^^^^^^^^^^^^^^^^^

warning: unused imports: `BTreeMap as JetWebFormMap`, `BTreeMap as JetWebTablePages`, `BTreeMap`, `BTreeSet as JetWebTableSet`, `BTreeSet`, `HashMap as JetWebStoreMap`, and `VecDeque as JetWebStoreDeque`
     --> /jet/build/hello.rs:97501:24
      |
97501 | ...::{BTreeMap, BTreeSet, HashMap, HashSet, BTreeMap as JetWebFormMap, VecDeque as JetWebStoreDeque, HashMap as JetWebStoreMap, BTreeMap as JetWebTablePages, BTreeSet as JetWebTableSet, V...
      |       ^^^^^^^^  ^^^^^^^^                    ^^^^^^^^^^^^^^^^^^^^^^^^^  ^^^^^^^^^^^^^^^^^^^^^^^^^^^^  ^^^^^^^^^^^^^^^^^^^^^^^^^  ^^^^^^^^^^^^^^^^^^^^^^^^^^^^  ^^^^^^^^^^^^^^^^^^^^^^^^^^

warning: unused import: `std::fs::OpenOptions`
     --> /jet/build/hello.rs:97502:5
      |
97502 | use std::fs::OpenOptions;
      |     ^^^^^^^^^^^^^^^^^^^^

warning: unused imports: `SeekFrom` and `Seek`
     --> /jet/build/hello.rs:97503:21
      |
97503 | use std::io::{Read, Seek, SeekFrom, Write};
      |                     ^^^^  ^^^^^^^^

warning: unused imports: `Component`, `PathBuf`, and `Path`
     --> /jet/build/hello.rs:97506:17
      |
97506 | use std::path::{Component, Path, PathBuf};
      |                 ^^^^^^^^^  ^^^^  ^^^^^^^

warning: unused imports: `Arc as JetWebFormArc`, `Arc as JetWebQueryArc`, `Arc as JetWebStoreArc`, `Arc as JetWebTableArc`, `Condvar as JetWebStoreCondvar`, `LazyLock as JetWebStoreLazyLock`, `LazyLock`, `Mutex as JetWebFormMutex`, `Mutex as JetWebQueryMutex`, `Mutex as JetWebStoreMutex`, and `Mutex as JetWebTableMutex`
     --> /jet/build/hello.rs:97507:31
      |
97507 | ...r, Arc as JetWebFormArc, Mutex as JetWebFormMutex, Arc as JetWebQueryArc, Mutex as JetWebQueryMutex, Arc as JetWebStoreArc, Condvar as JetWebStoreCondvar, LazyLock as JetWebStoreLazyLock, Mutex as JetWebStoreMutex, Arc as JetWebTableArc, Mutex as JetWebTableMutex, LazyLock, M...
      |       ^^^^^^^^^^^^^^^^^^^^  ^^^^^^^^^^^^^^^^^^^^^^^^  ^^^^^^^^^^^^^^^^^^^^^  ^^^^^^^^^^^^^^^^^^^^^^^^^  ^^^^^^^^^^^^^^^^^^^^^  ^^^^^^^^^^^^^^^^^^^^^^^^^^^^^  ^^^^^^^^^^^^^^^^^^^^^^^^^^^^^^^  ^^^^^^^^^^^^^^^^^^^^^^^^^  ^^^^^^^^^^^^^^^^^^^^^  ^^^^^^^^^^^^^^^^^^^^^^^^^  ^^^^^^^^

warning: unused import: `Ordering as JetWebFormOrdering`
     --> /jet/build/hello.rs:97508:60
      |
97508 | use std::sync::atomic::{AtomicBool, AtomicU8, AtomicUsize, Ordering as JetWebFormOrdering};
      |                                                            ^^^^^^^^^^^^^^^^^^^^^^^^^^^^^^

warning: unused imports: `SystemTime as JetWebStoreSystemTime`, `SystemTime`, `UNIX_EPOCH as JetWebStoreUnixEpoch`, and `UNIX_EPOCH`
     --> /jet/build/hello.rs:97509:36
      |
97509 | use std::time::{Duration, Instant, SystemTime as JetWebStoreSystemTime, UNIX_EPOCH as JetWebStoreUnixEpoch, SystemTime, UNIX_EPOCH};
      |                                    ^^^^^^^^^^^^^^^^^^^^^^^^^^^^^^^^^^^  ^^^^^^^^^^^^^^^^^^^^^^^^^^^^^^^^^^  ^^^^^^^^^^  ^^^^^^^^^^

warning: unused label
      --> /jet/build/hello.rs:105048:5
       |
105048 |     'mir_dispatch: loop {
       |     ^^^^^^^^^^^^^
       |
       = note: `#[warn(unused_labels)]` (part of `#[warn(unused)]`) on by default

error[E0277]: can't compare `CtFraction` with `CtFraction`
    --> /jet/build/hello.rs:4257:21
     |
4257 | impl PartialOrd for CtFraction {
     |                     ^^^^^^^^^^ no implementation for `CtFraction == CtFraction`
     |
     = help: the trait `PartialEq` is not implemented for `CtFraction`
note: required by a bound in `PartialOrd`
    --> /rustc/8bab26f4f68e0e26f0bb7960be334d5b520ea452/library/core/src/cmp.rs:1366:0
help: consider annotating `CtFraction` with `#[derive(PartialEq)]`
     |
4252 + #[derive(PartialEq)]
4253 | pub struct CtFraction {
     |

error[E0277]: the trait bound `CtFraction: Eq` is not satisfied
    --> /jet/build/hello.rs:4263:14
     |
4263 | impl Ord for CtFraction {
     |              ^^^^^^^^^^ the trait `Eq` is not implemented for `CtFraction`
     |
note: required by a bound in `Ord`
    --> /rustc/8bab26f4f68e0e26f0bb7960be334d5b520ea452/library/core/src/cmp.rs:982:0
help: consider annotating `CtFraction` with `#[derive(Eq)]`
     |
4252 + #[derive(Eq)]
4253 | pub struct CtFraction {
     |

error[E0277]: the trait bound `CtFraction: Eq` is not satisfied
    --> /jet/build/hello.rs:4259:14
     |
4259 |         Some(self.cmp(other))
     |              ^^^^ the trait `Eq` is not implemented for `CtFraction`
     |
note: required by a bound in `std::cmp::Ord::cmp`
    --> /rustc/8bab26f4f68e0e26f0bb7960be334d5b520ea452/library/core/src/cmp.rs:1000:4
help: consider annotating `CtFraction` with `#[derive(Eq)]`
     |
4252 + #[derive(Eq)]
4253 | pub struct CtFraction {
     |

error[E0277]: the trait bound `T: Clone` is not satisfied
     --> /jet/build/hello.rs:62090:13
      |
62090 | /             std::rc::Rc::new(DataWatchOperationSource {
62091 | |                 inner: source.clone(),
62092 | |                 operation,
62093 | |                 base: std::cell::RefCell::new(None),
62094 | |             }) as std::rc::Rc<dyn DataWatchSource<T>>
      | |______________^ the trait `Clone` is not implemented for `T`
      |
note: required for `DataWatchOperationSource<T>` to implement `DataWatchSource<T>`
     --> /jet/build/hello.rs:61531:26
      |
61531 | impl<T: Clone + 'static> DataWatchSource<T> for DataWatchOperationSource<T> {
      |         -----            ^^^^^^^^^^^^^^^^^^     ^^^^^^^^^^^^^^^^^^^^^^^^^^^
      |         |
      |         unsatisfied trait bound introduced here
      = note: required for the cast from `Rc<DataWatchOperationSource<T>>` to `Rc<dyn DataWatchSource<T>>`
help: consider restricting type parameter `T` with trait `Clone`
      |
62042 | impl<T: std::clone::Clone> DataQuery<T> {
      |       +++++++++++++++++++

error[E0277]: the trait bound `T: Clone` is not satisfied
     --> /jet/build/hello.rs:62117:13
      |
62117 | /             std::rc::Rc::new(DataWatchOperationSource {
62118 | |                 inner: source.clone(),
62119 | |                 operation,
62120 | |                 base: std::cell::RefCell::new(None),
62121 | |             }) as std::rc::Rc<dyn DataWatchSource<T>>
      | |______________^ the trait `Clone` is not implemented for `T`
      |
note: required for `DataWatchOperationSource<T>` to implement `DataWatchSource<T>`
     --> /jet/build/hello.rs:61531:26
      |
61531 | impl<T: Clone + 'static> DataWatchSource<T> for DataWatchOperationSource<T> {
      |         -----            ^^^^^^^^^^^^^^^^^^     ^^^^^^^^^^^^^^^^^^^^^^^^^^^
      |         |
      |         unsatisfied trait bound introduced here
      = note: required for the cast from `Rc<DataWatchOperationSource<T>>` to `Rc<dyn DataWatchSource<T>>`
help: consider restricting type parameter `T` with trait `Clone`
      |
62042 | impl<T: std::clone::Clone> DataQuery<T> {
      |       +++++++++++++++++++

error[E0277]: `*mut c_void` cannot be sent between threads safely
     --> /jet/build/hello.rs:75240:24
      |
75240 |           JetTask::spawn(move || {
      |           -------------- ^------
      |           |              |
      |  _________|______________within this `{closure@/jet/build/hello.rs:75240:24: 75240:31}`
      | |         |
      | |         required by a bound introduced by this call
75241 | |             let status = unsafe { jet_ffi_callback_stop_task_join(stop_task) };
75242 | |             if status == 0 {
75243 | |                 Ok(())
...     |
75247 | |         })
      | |_________^ `*mut c_void` cannot be sent between threads safely
      |
      = help: within `{closure@/jet/build/hello.rs:75240:24: 75240:31}`, the trait `Send` is not implemented for `*mut c_void`
note: required because it's used within this closure
     --> /jet/build/hello.rs:75240:24
      |
75240 |         JetTask::spawn(move || {
      |                        ^^^^^^^
note: required by a bound in `JetTask::<T>::spawn`
     --> /jet/build/hello.rs:70134:41
      |
70134 |         pub fn spawn<F: FnOnce() -> T + Send + 'static>(f: F) -> JetTask<T> {
      |                                         ^^^^ required by this bound in `JetTask::<T>::spawn`

warning: unused import: `Read`
     --> /jet/build/hello.rs:97503:15
      |
97503 | use std::io::{Read, Seek, SeekFrom, Write};
      |               ^^^^

warning: unused import: `Write`
     --> /jet/build/hello.rs:97503:37
      |
97503 | use std::io::{Read, Seek, SeekFrom, Write};
      |                                     ^^^^^

warning: unused import: `Any`
     --> /jet/build/hello.rs:97500:16
      |
97500 | use std::any::{Any as JetWebStoreAny, TypeId as JetWebStoreTypeId};
      |                ^^^

warning: value assigned to `cursor` is never read
      --> /jet/build/hello.rs:104607:17
       |
104607 |                 cursor += 2;
       |                 ^^^^^^^^^^^ this value is reassigned later and never used
...
104610 |                 cursor += 1;
       |                 ----------- `cursor` is overwritten here before the previous value is read
       |
       = note: `#[warn(unused_assignments)]` (part of `#[warn(unused)]`) on by default

warning: value assigned to `cursor` is never read
      --> /jet/build/hello.rs:104610:17
       |
104610 |                 cursor += 1;
       |                 ^^^^^^^^^^^
       |
       = help: maybe it is overwritten before being read?

error: aborting due to 6 previous errors; 44 warnings emitted

For more information about this error, try `rustc --explain E0277`.
