warning: trait `__jet_Display` should have an upper camel case name
 --> /jet/build/index_hook.rs:4:11
  |
4 | pub trait __jet_Display {
  |           ^^^^^^^^^^^^^ help: convert the identifier to upper camel case: `JetDisplay`
  |
  = note: `#[warn(non_camel_case_types)]` (part of `#[warn(nonstandard_style)]`) on by default

warning: trait `__jet_Equatable` should have an upper camel case name
 --> /jet/build/index_hook.rs:8:11
  |
8 | pub trait __jet_Equatable: Sized { fn equal(&self, rhs: &Self) -> bool; }
  |           ^^^^^^^^^^^^^^^ help: convert the identifier to upper camel case: `JetEquatable`

warning: type `__jet_Ordering` should have an upper camel case name
  --> /jet/build/index_hook.rs:24:10
   |
24 | pub enum __jet_Ordering { __jet_Less, __jet_Equal, __jet_Greater }
   |          ^^^^^^^^^^^^^^ help: convert the identifier to upper camel case: `JetOrdering`

warning: variant `__jet_Less` should have an upper camel case name
  --> /jet/build/index_hook.rs:24:27
   |
24 | pub enum __jet_Ordering { __jet_Less, __jet_Equal, __jet_Greater }
   |                           ^^^^^^^^^^ help: convert the identifier to upper camel case: `JetLess`

warning: variant `__jet_Equal` should have an upper camel case name
  --> /jet/build/index_hook.rs:24:39
   |
24 | pub enum __jet_Ordering { __jet_Less, __jet_Equal, __jet_Greater }
   |                                       ^^^^^^^^^^^ help: convert the identifier to upper camel case: `JetEqual`

warning: variant `__jet_Greater` should have an upper camel case name
  --> /jet/build/index_hook.rs:24:52
   |
24 | pub enum __jet_Ordering { __jet_Less, __jet_Equal, __jet_Greater }
   |                                                    ^^^^^^^^^^^^^ help: convert the identifier to upper camel case: `JetGreater`

warning: trait `__jet_Comparable` should have an upper camel case name
  --> /jet/build/index_hook.rs:26:11
   |
26 | pub trait __jet_Comparable: Sized { fn compare(&self, rhs: &Self) -> __jet_Ordering; }
   |           ^^^^^^^^^^^^^^^^ help: convert the identifier to upper camel case: `JetComparable`

warning: trait `__jet_Add` should have an upper camel case name
  --> /jet/build/index_hook.rs:38:11
   |
38 | pub trait __jet_Add<Rhs = Self>: Sized { type Output; fn add(&self, rhs: &Rhs) -> Self::Output; }
   |           ^^^^^^^^^ help: convert the identifier to upper camel case: `JetAdd`

warning: trait `__jet_Sub` should have an upper camel case name
  --> /jet/build/index_hook.rs:39:11
   |
39 | pub trait __jet_Sub<Rhs = Self>: Sized { type Output; fn sub(&self, rhs: &Rhs) -> Self::Output; }
   |           ^^^^^^^^^ help: convert the identifier to upper camel case: `JetSub`

warning: trait `__jet_Mul` should have an upper camel case name
  --> /jet/build/index_hook.rs:40:11
   |
40 | pub trait __jet_Mul<Rhs = Self>: Sized { type Output; fn mul(&self, rhs: &Rhs) -> Self::Output; }
   |           ^^^^^^^^^ help: convert the identifier to upper camel case: `JetMul`

warning: trait `__jet_Div` should have an upper camel case name
  --> /jet/build/index_hook.rs:41:11
   |
41 | pub trait __jet_Div<Rhs = Self>: Sized { type Output; fn div(&self, rhs: &Rhs) -> Self::Output; }
   |           ^^^^^^^^^ help: convert the identifier to upper camel case: `JetDiv`

warning: trait `__jet_Index` should have an upper camel case name
  --> /jet/build/index_hook.rs:42:11
   |
42 | pub trait __jet_Index {
   |           ^^^^^^^^^^^ help: convert the identifier to upper camel case: `JetIndex`

warning: associated type `__jet_Key` should have an upper camel case name
  --> /jet/build/index_hook.rs:43:10
   |
43 |     type __jet_Key;
   |          ^^^^^^^^^ help: convert the identifier to upper camel case: `JetKey`

warning: associated type `__jet_Value` should have an upper camel case name
  --> /jet/build/index_hook.rs:44:10
   |
44 |     type __jet_Value;
   |          ^^^^^^^^^^^ help: convert the identifier to upper camel case: `JetValue`

warning: trait `__jet_IndexMut` should have an upper camel case name
  --> /jet/build/index_hook.rs:47:11
   |
47 | pub trait __jet_IndexMut: __jet_Index {
   |           ^^^^^^^^^^^^^^ help: convert the identifier to upper camel case: `JetIndexMut`

warning: trait `__jet_Serialize` should have an upper camel case name
     --> /jet/build/index_hook.rs:40598:7
      |
40598 | trait __jet_Serialize {
      |       ^^^^^^^^^^^^^^^ help: convert the identifier to upper camel case: `JetSerialize`

warning: unused import: `Cell`
     --> /jet/build/index_hook.rs:45092:21
      |
45092 |     use std::cell::{Cell, RefCell};
      |                     ^^^^
      |
      = note: `#[warn(unused_imports)]` (part of `#[warn(unused)]`) on by default

warning: unused import: `JetUninit`
     --> /jet/build/index_hook.rs:45096:43
      |
45096 |     pub use super::jet_uninit_semantics::{JetUninit, JetUninitFixed};
      |                                           ^^^^^^^^^

warning: unused imports: `JetSentryFrame`, `JetSentryGuard`, `jet_sentry_current_frame`, `jet_sentry_fenced_scope`, `jet_sentry_frame`, `jet_sentry_policy_scope`, `jet_sentry_reset`, `jet_sentry_scope`, and `jet_sentry_set_hardened`
     --> /jet/build/index_hook.rs:45109:35
      |
45109 |         jet_memory_ledger_record, jet_sentry_current_frame, jet_sentry_fenced_scope,
      |                                   ^^^^^^^^^^^^^^^^^^^^^^^^  ^^^^^^^^^^^^^^^^^^^^^^^
45110 |         jet_sentry_frame, jet_sentry_policy_scope, jet_sentry_reset, jet_sentry_scope,
      |         ^^^^^^^^^^^^^^^^  ^^^^^^^^^^^^^^^^^^^^^^^  ^^^^^^^^^^^^^^^^  ^^^^^^^^^^^^^^^^
45111 |         jet_sentry_set_hardened, JetSentryFrame, JetSentryGuard, MemoryLedgerWitness,
      |         ^^^^^^^^^^^^^^^^^^^^^^^  ^^^^^^^^^^^^^^  ^^^^^^^^^^^^^^

warning: unused import: `crate::jet_encoding_json::render_json`
     --> /jet/build/index_hook.rs:65091:13
      |
65091 |     pub use crate::jet_encoding_json::render_json;
      |             ^^^^^^^^^^^^^^^^^^^^^^^^^^^^^^^^^^^^^

warning: unnecessary parentheses around block return value
     --> /jet/build/index_hook.rs:69142:13
      |
69142 |             (((exponent as u64 + 1023) << 52) | (top & ((1u64 << 52) - 1)))
      |             ^                                                             ^
      |
      = note: `#[warn(unused_parens)]` (part of `#[warn(unused)]`) on by default
help: remove these parentheses
      |
69142 -             (((exponent as u64 + 1023) << 52) | (top & ((1u64 << 52) - 1)))
69142 +             ((exponent as u64 + 1023) << 52) | (top & ((1u64 << 52) - 1))
      |

warning: unused import: `crate::jet_int_compare_hot`
     --> /jet/build/index_hook.rs:69487:9
      |
69487 | pub use crate::jet_int_compare_hot;
      |         ^^^^^^^^^^^^^^^^^^^^^^^^^^

warning: unused import: `crate::jet_int_add_hot`
     --> /jet/build/index_hook.rs:69511:9
      |
69511 | pub use crate::jet_int_add_hot;
      |         ^^^^^^^^^^^^^^^^^^^^^^

warning: unused import: `crate::jet_int_sub_hot`
     --> /jet/build/index_hook.rs:69535:9
      |
69535 | pub use crate::jet_int_sub_hot;
      |         ^^^^^^^^^^^^^^^^^^^^^^

warning: unused import: `crate::jet_int_mul_hot`
     --> /jet/build/index_hook.rs:69559:9
      |
69559 | pub use crate::jet_int_mul_hot;
      |         ^^^^^^^^^^^^^^^^^^^^^^

warning: unused import: `crate::jet_int_add_inline`
     --> /jet/build/index_hook.rs:69573:9
      |
69573 | pub use crate::jet_int_add_inline;
      |         ^^^^^^^^^^^^^^^^^^^^^^^^^

warning: unused import: `crate::jet_int_sub_inline`
     --> /jet/build/index_hook.rs:69583:9
      |
69583 | pub use crate::jet_int_sub_inline;
      |         ^^^^^^^^^^^^^^^^^^^^^^^^^

warning: unused import: `crate::jet_int_mul_inline`
     --> /jet/build/index_hook.rs:69593:9
      |
69593 | pub use crate::jet_int_mul_inline;
      |         ^^^^^^^^^^^^^^^^^^^^^^^^^

warning: unused import: `crate::jet_int_compare_inline`
     --> /jet/build/index_hook.rs:69607:9
      |
69607 | pub use crate::jet_int_compare_inline;
      |         ^^^^^^^^^^^^^^^^^^^^^^^^^^^^^

warning: unused import: `crate::jet_int_neg_inline`
     --> /jet/build/index_hook.rs:69616:9
      |
69616 | pub use crate::jet_int_neg_inline;
      |         ^^^^^^^^^^^^^^^^^^^^^^^^^

warning: unused import: `crate::jet_int_bit_and_hot`
     --> /jet/build/index_hook.rs:69635:9
      |
69635 | pub use crate::jet_int_bit_and_hot;
      |         ^^^^^^^^^^^^^^^^^^^^^^^^^^

warning: unused import: `crate::jet_int_bit_or_hot`
     --> /jet/build/index_hook.rs:69651:9
      |
69651 | pub use crate::jet_int_bit_or_hot;
      |         ^^^^^^^^^^^^^^^^^^^^^^^^^

warning: unused import: `crate::jet_int_bit_xor_hot`
     --> /jet/build/index_hook.rs:69667:9
      |
69667 | pub use crate::jet_int_bit_xor_hot;
      |         ^^^^^^^^^^^^^^^^^^^^^^^^^^

warning: unused imports: `JetCellEditGuard` and `JetCellReadGuard`
     --> /jet/build/index_hook.rs:75421:35
      |
75421 | pub use self::jet_cell::{JetCell, JetCellEditGuard, JetCellReadGuard};
      |                                   ^^^^^^^^^^^^^^^^  ^^^^^^^^^^^^^^^^

warning: unused imports: `JetStreamSender` and `jet_stream_task`
     --> /jet/build/index_hook.rs:76362:21
      |
76362 |     pub use super::{jet_stream_task, JetStream, JetStreamSender};
      |                     ^^^^^^^^^^^^^^^             ^^^^^^^^^^^^^^^

warning: unused macro definition: `jet_plugin_bridge`
     --> /jet/build/index_hook.rs:86626:14
      |
86626 | macro_rules! jet_plugin_bridge {
      |              ^^^^^^^^^^^^^^^^^
      |
      = note: `#[warn(unused_macros)]` (part of `#[warn(unused)]`) on by default

warning: unused import: `std::io::Write`
     --> /jet/build/index_hook.rs:92527:13
      |
92527 |         use std::io::Write;
      |             ^^^^^^^^^^^^^^

warning: unused import: `core::cell::Cell`
      --> /jet/build/index_hook.rs:113387:5
       |
113387 | use core::cell::Cell;
       |     ^^^^^^^^^^^^^^^^

warning: unused import: `jet_foundation::Devtools::JetDevtoolsEvent as JetWebStoreDevtoolsEvent`
      --> /jet/build/index_hook.rs:113390:5
       |
113390 | use jet_foundation::Devtools::JetDevtoolsEvent as JetWebStoreDevtoolsEvent;
       |     ^^^^^^^^^^^^^^^^^^^^^^^^^^^^^^^^^^^^^^^^^^^^^^^^^^^^^^^^^^^^^^^^^^^^^^

warning: unused import: `TypeId as JetWebStoreTypeId`
      --> /jet/build/index_hook.rs:113392:39
       |
113392 | use std::any::{Any as JetWebStoreAny, TypeId as JetWebStoreTypeId};
       |                                       ^^^^^^^^^^^^^^^^^^^^^^^^^^^

warning: unused imports: `BTreeMap as JetWebFormMap`, `BTreeMap as JetWebTablePages`, `BTreeMap`, `BTreeSet as JetWebTableSet`, `BTreeSet`, `HashMap as JetWebStoreMap`, and `VecDeque as JetWebStoreDeque`
      --> /jet/build/index_hook.rs:113393:24
       |
113393 | ...::{BTreeMap, BTreeSet, HashMap, HashSet, BTreeMap as JetWebFormMap, VecDeque as JetWebStoreDeque, HashMap as JetWebStoreMap, BTreeMap as JetWebTablePages, BTreeSet as JetWebTableSet, V...
       |       ^^^^^^^^  ^^^^^^^^                    ^^^^^^^^^^^^^^^^^^^^^^^^^  ^^^^^^^^^^^^^^^^^^^^^^^^^^^^  ^^^^^^^^^^^^^^^^^^^^^^^^^  ^^^^^^^^^^^^^^^^^^^^^^^^^^^^  ^^^^^^^^^^^^^^^^^^^^^^^^^^

warning: unused import: `std::fs::OpenOptions`
      --> /jet/build/index_hook.rs:113394:5
       |
113394 | use std::fs::OpenOptions;
       |     ^^^^^^^^^^^^^^^^^^^^

warning: unused imports: `SeekFrom` and `Seek`
      --> /jet/build/index_hook.rs:113395:21
       |
113395 | use std::io::{Read, Seek, SeekFrom, Write};
       |                     ^^^^  ^^^^^^^^

warning: unused imports: `Component`, `PathBuf`, and `Path`
      --> /jet/build/index_hook.rs:113398:17
       |
113398 | use std::path::{Component, Path, PathBuf};
       |                 ^^^^^^^^^  ^^^^  ^^^^^^^

warning: unused imports: `Arc as JetDataPlotArc`, `Arc as JetWebFormArc`, `Arc as JetWebQueryArc`, `Arc as JetWebStoreArc`, `Arc as JetWebTableArc`, `Condvar as JetWebStoreCondvar`, `LazyLock as JetWebStoreLazyLock`, `LazyLock`, `Mutex as JetWebFormMutex`, `Mutex as JetWebQueryMutex`, `Mutex as JetWebStoreMutex`, and `Mutex as JetWebTableMutex`
      --> /jet/build/index_hook.rs:113399:31
       |
113399 | ...r, Arc as JetDataPlotArc, Arc as JetWebFormArc, Mutex as JetWebFormMutex, Arc as JetWebQueryArc, Mutex as JetWebQueryMutex, Arc as JetWebStoreArc, Condvar as JetWebStoreCondvar, LazyLock as JetWebStoreLazyLock, Mutex as JetWebStoreMutex, Arc as JetWebTableArc, Mutex as JetWebTableMutex, LazyLock, M...
       |       ^^^^^^^^^^^^^^^^^^^^^  ^^^^^^^^^^^^^^^^^^^^  ^^^^^^^^^^^^^^^^^^^^^^^^  ^^^^^^^^^^^^^^^^^^^^^  ^^^^^^^^^^^^^^^^^^^^^^^^^  ^^^^^^^^^^^^^^^^^^^^^  ^^^^^^^^^^^^^^^^^^^^^^^^^^^^^  ^^^^^^^^^^^^^^^^^^^^^^^^^^^^^^^  ^^^^^^^^^^^^^^^^^^^^^^^^^  ^^^^^^^^^^^^^^^^^^^^^  ^^^^^^^^^^^^^^^^^^^^^^^^^  ^^^^^^^^

warning: unused import: `Ordering as JetWebFormOrdering`
      --> /jet/build/index_hook.rs:113400:60
       |
113400 | use std::sync::atomic::{AtomicBool, AtomicU8, AtomicUsize, Ordering as JetWebFormOrdering};
       |                                                            ^^^^^^^^^^^^^^^^^^^^^^^^^^^^^^

warning: unused imports: `SystemTime as JetWebStoreSystemTime`, `SystemTime`, `UNIX_EPOCH as JetWebStoreUnixEpoch`, and `UNIX_EPOCH`
      --> /jet/build/index_hook.rs:113401:36
       |
113401 | ...tion, Instant, SystemTime as JetWebStoreSystemTime, UNIX_EPOCH as JetWebStoreUnixEpoch, SystemTime, UNIX_EPOCH};
       |                   ^^^^^^^^^^^^^^^^^^^^^^^^^^^^^^^^^^^  ^^^^^^^^^^^^^^^^^^^^^^^^^^^^^^^^^^  ^^^^^^^^^^  ^^^^^^^^^^

warning: type `__jet__shome_snate_sProjects_sGithub_sjet_sexamples_sfeatures_scollections_c_cindex_uhook_djet_c_cGrid` should have an upper camel case name
      --> /jet/build/index_hook.rs:125782:8
       |
125782 | struct __jet__shome_snate_sProjects_sGithub_sjet_sexamples_sfeatures_scollections_c_cindex_uhook_djet_c_cGrid {
       |        ^^^^^^^^^^^^^^^^^^^^^^^^^^^^^^^^^^^^^^^^^^^^^^^^^^^^^^^^^^^^^^^^^^^^^^^^^^^^^^^^^^^^^^^^^^^^^^^^^^^^^^ help: convert the identifier to upper camel case: `JetShomeSnateSProjectsSGithubSjetSexamplesSfeaturesScollectionsCCindexUhookDjetCCGrid`

warning: type `__jet_ParseError` should have an upper camel case name
      --> /jet/build/index_hook.rs:125802:10
       |
125802 | pub type __jet_ParseError = String;
       |          ^^^^^^^^^^^^^^^^ help: convert the identifier to upper camel case: `JetParseError`

warning: type `__jet__shome_snate_sProjects_sGithub_sjet_sexamples_sfeatures_scollections_c_cindex_uhook_djet_c_cTile` should have an upper camel case name
      --> /jet/build/index_hook.rs:125805:8
       |
125805 | struct __jet__shome_snate_sProjects_sGithub_sjet_sexamples_sfeatures_scollections_c_cindex_uhook_djet_c_cTile {
       |        ^^^^^^^^^^^^^^^^^^^^^^^^^^^^^^^^^^^^^^^^^^^^^^^^^^^^^^^^^^^^^^^^^^^^^^^^^^^^^^^^^^^^^^^^^^^^^^^^^^^^^^ help: convert the identifier to upper camel case: `JetShomeSnateSProjectsSGithubSjetSexamplesSfeaturesScollectionsCCindexUhookDjetCCTile`

warning: type `__jet__shome_snate_sProjects_sGithub_sjet_sexamples_sfeatures_scollections_c_cindex_uhook_djet_c_cTime` should have an upper camel case name
      --> /jet/build/index_hook.rs:125826:10
       |
125826 | pub enum __jet__shome_snate_sProjects_sGithub_sjet_sexamples_sfeatures_scollections_c_cindex_uhook_djet_c_cTime {
       |          ^^^^^^^^^^^^^^^^^^^^^^^^^^^^^^^^^^^^^^^^^^^^^^^^^^^^^^^^^^^^^^^^^^^^^^^^^^^^^^^^^^^^^^^^^^^^^^^^^^^^^^ help: convert the identifier to upper camel case: `JetShomeSnateSProjectsSGithubSjetSexamplesSfeaturesScollectionsCCindexUhookDjetCCTime`

warning: unnecessary parentheses around function argument
      --> /jet/build/index_hook.rs:125875:52
       |
125875 | ...me((((__jet_v_5395404778834430262.as_ref().expect("MIR value")).clone()) < ((__jet_v_6011975045439657074.as_ref().expect("MIR value")).clone())));
       |       ^                                                                                                                                           ^
       |
help: remove these parentheses
       |
125875 -                 __jet_v_4061025782666579068 = Some((((__jet_v_5395404778834430262.as_ref().expect("MIR value")).clone()) < ((__jet_v_6011975045439657074.as_ref().expect("MIR value")).clone())));
125875 +                 __jet_v_4061025782666579068 = Some(((__jet_v_5395404778834430262.as_ref().expect("MIR value")).clone()) < ((__jet_v_6011975045439657074.as_ref().expect("MIR value")).clone()));
       |

warning: unnecessary parentheses around function argument
      --> /jet/build/index_hook.rs:125880:52
       |
125880 | ...me((((__jet_v_9904345369870857850.as_ref().expect("MIR value")).clone()) >= ((__jet_v_13054538108891416992.as_ref().expect("MIR value")).clone())));
       |       ^                                                                                                                                             ^
       |
help: remove these parentheses
       |
125880 -                 __jet_v_6905419465390735894 = Some((((__jet_v_9904345369870857850.as_ref().expect("MIR value")).clone()) >= ((__jet_v_13054538108891416992.as_ref().expect("MIR value")).clone())));
125880 +                 __jet_v_6905419465390735894 = Some(((__jet_v_9904345369870857850.as_ref().expect("MIR value")).clone()) >= ((__jet_v_13054538108891416992.as_ref().expect("MIR value")).clone()));
       |

warning: unnecessary parentheses around function argument
      --> /jet/build/index_hook.rs:125881:52
       |
125881 | ...me((((__jet_v_4061025782666579068.as_ref().expect("MIR value")).clone()) || ((__jet_v_6905419465390735894.as_ref().expect("MIR value")).clone())));
       |       ^                                                                                                                                            ^
       |
help: remove these parentheses
       |
125881 -                 __jet_v_1114171734640276753 = Some((((__jet_v_4061025782666579068.as_ref().expect("MIR value")).clone()) || ((__jet_v_6905419465390735894.as_ref().expect("MIR value")).clone())));
125881 +                 __jet_v_1114171734640276753 = Some(((__jet_v_4061025782666579068.as_ref().expect("MIR value")).clone()) || ((__jet_v_6905419465390735894.as_ref().expect("MIR value")).clone()));
       |

warning: unnecessary parentheses around function argument
      --> /jet/build/index_hook.rs:125932:52
       |
125932 | ...me((((__jet_v_13350006717372775195.as_ref().expect("MIR value")).clone()) < ((__jet_v_9438806969579679716.as_ref().expect("MIR value")).clone())));
       |       ^                                                                                                                                            ^
       |
help: remove these parentheses
       |
125932 -                 __jet_v_4262277793219724833 = Some((((__jet_v_13350006717372775195.as_ref().expect("MIR value")).clone()) < ((__jet_v_9438806969579679716.as_ref().expect("MIR value")).clone())));
125932 +                 __jet_v_4262277793219724833 = Some(((__jet_v_13350006717372775195.as_ref().expect("MIR value")).clone()) < ((__jet_v_9438806969579679716.as_ref().expect("MIR value")).clone()));
       |

warning: unnecessary parentheses around function argument
      --> /jet/build/index_hook.rs:125946:53
       |
125946 | ...me((((__jet_v_7780302825455762491.as_ref().expect("MIR value")).clone()) >= ((__jet_v_12768771771120630372.as_ref().expect("MIR value")).clone())));
       |       ^                                                                                                                                             ^
       |
help: remove these parentheses
       |
125946 -                 __jet_v_12078660110566697102 = Some((((__jet_v_7780302825455762491.as_ref().expect("MIR value")).clone()) >= ((__jet_v_12768771771120630372.as_ref().expect("MIR value")).clone())));
125946 +                 __jet_v_12078660110566697102 = Some(((__jet_v_7780302825455762491.as_ref().expect("MIR value")).clone()) >= ((__jet_v_12768771771120630372.as_ref().expect("MIR value")).clone()));
       |

warning: unnecessary parentheses around function argument
      --> /jet/build/index_hook.rs:126009:53
       |
126009 | ...me((((__jet_v_6462142928262421187.as_ref().expect("MIR value")).clone()) != ((__jet_v_9313662655381346127.as_ref().expect("MIR value")).clone())));
       |       ^                                                                                                                                            ^
       |
help: remove these parentheses
       |
126009 -                 __jet_v_14950306921283311930 = Some((((__jet_v_6462142928262421187.as_ref().expect("MIR value")).clone()) != ((__jet_v_9313662655381346127.as_ref().expect("MIR value")).clone())));
126009 +                 __jet_v_14950306921283311930 = Some(((__jet_v_6462142928262421187.as_ref().expect("MIR value")).clone()) != ((__jet_v_9313662655381346127.as_ref().expect("MIR value")).clone()));
       |

warning: unnecessary parentheses around function argument
      --> /jet/build/index_hook.rs:126406:53
       |
126406 |                 __jet_v_11946802905301599982 = Some((!(*(__jet_v_5770923728310498733.as_ref().expect("MIR value")))));
       |                                                     ^                                                              ^
       |
help: remove these parentheses
       |
126406 -                 __jet_v_11946802905301599982 = Some((!(*(__jet_v_5770923728310498733.as_ref().expect("MIR value")))));
126406 +                 __jet_v_11946802905301599982 = Some(!(*(__jet_v_5770923728310498733.as_ref().expect("MIR value"))));
       |

warning: unnecessary parentheses around function argument
      --> /jet/build/index_hook.rs:126425:53
       |
126425 | ...me((((__jet_v_6786615115204182826.as_ref().expect("MIR value")).clone()) == ((__jet_v_7074384075923150811.as_ref().expect("MIR value")).clone())));
       |       ^                                                                                                                                            ^
       |
help: remove these parentheses
       |
126425 -                 __jet_v_16399520748280499243 = Some((((__jet_v_6786615115204182826.as_ref().expect("MIR value")).clone()) == ((__jet_v_7074384075923150811.as_ref().expect("MIR value")).clone())));
126425 +                 __jet_v_16399520748280499243 = Some(((__jet_v_6786615115204182826.as_ref().expect("MIR value")).clone()) == ((__jet_v_7074384075923150811.as_ref().expect("MIR value")).clone()));
       |

warning: unnecessary parentheses around function argument
      --> /jet/build/index_hook.rs:126585:52
       |
126585 |                 __jet_v_4564944855256981000 = Some((!(*(__jet_v_5209103923186965501.as_ref().expect("MIR value")))));
       |                                                    ^                                                              ^
       |
help: remove these parentheses
       |
126585 -                 __jet_v_4564944855256981000 = Some((!(*(__jet_v_5209103923186965501.as_ref().expect("MIR value")))));
126585 +                 __jet_v_4564944855256981000 = Some(!(*(__jet_v_5209103923186965501.as_ref().expect("MIR value"))));
       |

warning: unnecessary parentheses around function argument
      --> /jet/build/index_hook.rs:126823:53
       |
126823 |                 __jet_v_10464594561558942087 = Some((!(*(__jet_v_10778469205179994643.as_ref().expect("MIR value")))));
       |                                                     ^                                                               ^
       |
help: remove these parentheses
       |
126823 -                 __jet_v_10464594561558942087 = Some((!(*(__jet_v_10778469205179994643.as_ref().expect("MIR value")))));
126823 +                 __jet_v_10464594561558942087 = Some(!(*(__jet_v_10778469205179994643.as_ref().expect("MIR value"))));
       |

warning: unnecessary parentheses around function argument
      --> /jet/build/index_hook.rs:127022:52
       |
127022 | ...me((((__jet_v_16383337573296507501.as_ref().expect("MIR value")).clone()) == ((__jet_v_16847650445617457839.as_ref().expect("MIR value")).clone())));
       |       ^                                                                                                                                              ^
       |
help: remove these parentheses
       |
127022 -                 __jet_v_9307912750888008609 = Some((((__jet_v_16383337573296507501.as_ref().expect("MIR value")).clone()) == ((__jet_v_16847650445617457839.as_ref().expect("MIR value")).clone())));
127022 +                 __jet_v_9307912750888008609 = Some(((__jet_v_16383337573296507501.as_ref().expect("MIR value")).clone()) == ((__jet_v_16847650445617457839.as_ref().expect("MIR value")).clone()));
       |

warning: unnecessary parentheses around function argument
      --> /jet/build/index_hook.rs:127059:53
       |
127059 |                 __jet_v_18256241484296665483 = Some((!(*(__jet_v_9902712023283034639.as_ref().expect("MIR value")))));
       |                                                     ^                                                              ^
       |
help: remove these parentheses
       |
127059 -                 __jet_v_18256241484296665483 = Some((!(*(__jet_v_9902712023283034639.as_ref().expect("MIR value")))));
127059 +                 __jet_v_18256241484296665483 = Some(!(*(__jet_v_9902712023283034639.as_ref().expect("MIR value"))));
       |

warning: unnecessary parentheses around function argument
      --> /jet/build/index_hook.rs:127118:53
       |
127118 |                 __jet_v_16958659636195407613 = Some((!(*(__jet_v_9815898022829139428.as_ref().expect("MIR value")))));
       |                                                     ^                                                              ^
       |
help: remove these parentheses
       |
127118 -                 __jet_v_16958659636195407613 = Some((!(*(__jet_v_9815898022829139428.as_ref().expect("MIR value")))));
127118 +                 __jet_v_16958659636195407613 = Some(!(*(__jet_v_9815898022829139428.as_ref().expect("MIR value"))));
       |

warning: unnecessary parentheses around function argument
      --> /jet/build/index_hook.rs:127275:53
       |
127275 |                 __jet_v_17471663913804972595 = Some((!(*(__jet_v_6000805667900742654.as_ref().expect("MIR value")))));
       |                                                     ^                                                              ^
       |
help: remove these parentheses
       |
127275 -                 __jet_v_17471663913804972595 = Some((!(*(__jet_v_6000805667900742654.as_ref().expect("MIR value")))));
127275 +                 __jet_v_17471663913804972595 = Some(!(*(__jet_v_6000805667900742654.as_ref().expect("MIR value"))));
       |

warning: unnecessary parentheses around block return value
      --> /jet/build/index_hook.rs:127496:227
       |
127496 | ...); ((&__jet_left).len() == (&__jet_right).len() && (&__jet_left).iter().zip((&__jet_right).iter()).all(|(__jet_left,__jet_right)| <__jet__shome_snate_sProjects_sGithub_sjet_sexamples_sfeatures_scollections_c_cindex_uhook_djet_c_cTile as __jet_Equatable>::equal(__jet_left, __jet_right))) }));
       |       ^                                                                                                                                                                                                                                                                                          ^
       |
help: remove these parentheses
       |
127496 -                 __jet_v_494316325716672693 = Some(!({ let __jet_left = (__jet_v_6167401675231649165.as_ref().expect("MIR value")).clone(); let __jet_right = (__jet_v_11418457936501220295.as_ref().expect("MIR value")).clone(); ((&__jet_left).len() == (&__jet_right).len() && (&__jet_left).iter().zip((&__jet_right).iter()).all(|(__jet_left,__jet_right)| <__jet__shome_snate_sProjects_sGithub_sjet_sexamples_sfeatures_scollections_c_cindex_uhook_djet_c_cTile as __jet_Equatable>::equal(__jet_left, __jet_right))) }));
127496 +                 __jet_v_494316325716672693 = Some(!({ let __jet_left = (__jet_v_6167401675231649165.as_ref().expect("MIR value")).clone(); let __jet_right = (__jet_v_11418457936501220295.as_ref().expect("MIR value")).clone(); (&__jet_left).len() == (&__jet_right).len() && (&__jet_left).iter().zip((&__jet_right).iter()).all(|(__jet_left,__jet_right)| <__jet__shome_snate_sProjects_sGithub_sjet_sexamples_sfeatures_scollections_c_cindex_uhook_djet_c_cTile as __jet_Equatable>::equal(__jet_left, __jet_right)) }));
       |

warning: unnecessary parentheses around function argument
      --> /jet/build/index_hook.rs:127554:53
       |
127554 | ...me((((__jet_v_17555383519427187269.as_ref().expect("MIR value")).clone()) < ((__jet_v_4184678551780801133.as_ref().expect("MIR value")).clone())));
       |       ^                                                                                                                                            ^
       |
help: remove these parentheses
       |
127554 -                 __jet_v_17890997615398290764 = Some((((__jet_v_17555383519427187269.as_ref().expect("MIR value")).clone()) < ((__jet_v_4184678551780801133.as_ref().expect("MIR value")).clone())));
127554 +                 __jet_v_17890997615398290764 = Some(((__jet_v_17555383519427187269.as_ref().expect("MIR value")).clone()) < ((__jet_v_4184678551780801133.as_ref().expect("MIR value")).clone()));
       |

warning: unnecessary parentheses around function argument
      --> /jet/build/index_hook.rs:127587:53
       |
127587 | ...me((((__jet_v_7408336133613599850.as_ref().expect("MIR value")).clone()) > ((__jet_v_1564198793918574251.as_ref().expect("MIR value")).clone())));
       |       ^                                                                                                                                           ^
       |
help: remove these parentheses
       |
127587 -                 __jet_v_12483199798621425840 = Some((((__jet_v_7408336133613599850.as_ref().expect("MIR value")).clone()) > ((__jet_v_1564198793918574251.as_ref().expect("MIR value")).clone())));
127587 +                 __jet_v_12483199798621425840 = Some(((__jet_v_7408336133613599850.as_ref().expect("MIR value")).clone()) > ((__jet_v_1564198793918574251.as_ref().expect("MIR value")).clone()));
       |

warning: unreachable call
      --> /jet/build/index_hook.rs:127645:48
       |
127645 | ... = Some(jet_panic(__jet_v_14742540732903733479.as_ref().expect("MIR value"), (__jet_v_12217662421125274457.as_ref().expect("MIR value")).clone(), __jet_v_18303766036763837395.as_ref().expect("MIR value")));
       |       ^^^^ ---------------------------------------------------------------------------------------------------------------------------------------------------------------------------------------------------- any code following this expression is unreachable
       |       |
       |       unreachable call
       |
       = note: `#[warn(unreachable_code)]` (part of `#[warn(unused)]`) on by default

error[E0308]: mismatched types
      --> /jet/build/index_hook.rs:127664:52
       |
127664 | ... = Some(<__jet__shome_snate_sProjects_sGithub_sjet_...7928409773409.as_ref().expect("MIR value")));
       |       ---- ^^^^^^^^^^^^^^^^^^^^^^^^^^^^^^^^^^^^^^^^^^^...^^^^^^^^^^^^^^^^^^^^^^^^^^^^^^^^^^^^^^^^^^^ expected `()`, found `Result<(), JetErr>`
       |       |
       |       arguments to this enum variant are incorrect
       |
       = note: expected unit type `()`
                       found enum `Result<(), JetErr>`
help: the type constructed contains `Result<(), JetErr>` due to the type of the argument passed
      --> /jet/build/index_hook.rs:127664:47
       |
127664 | ... = Some(<__jet__shome_snate_sProjects_sGithub_...928409773409.as_ref().expect("MIR value")));
       |       ^^^^^--------------------------------------...------------------------------------------^
       |            |
       |            this argument influences the type of `Some`
note: tuple variant defined here
      --> /rustc/8bab26f4f68e0e26f0bb7960be334d5b520ea452/library/core/src/option.rs:605:4
help: use the `?` operator to extract the `Result<(), JetErr>` value, propagating a `Result::Err` value to the caller
       |
127664 |                 __jet_v_5450639257079623919 = Some(<__jet__shome_snate_sProjects_sGithub_sjet_sexamples_sfeatures_scollections_c_cindex_uhook_djet_c_cGrid as __jet_IndexMut>::set(__jet_l_14165197675361642196.as_mut().expect("MIR local"), __jet_v_14290870422970503586.as_ref().expect("MIR value"), __jet_v_3268017928409773409.as_ref().expect("MIR value"))?);
       |                                                                                                                                                                                                                                                                                                                                                                   +

warning: unused import: `Read`
      --> /jet/build/index_hook.rs:113395:15
       |
113395 | use std::io::{Read, Seek, SeekFrom, Write};
       |               ^^^^

warning: unused import: `Write`
      --> /jet/build/index_hook.rs:113395:37
       |
113395 | use std::io::{Read, Seek, SeekFrom, Write};
       |                                     ^^^^^

warning: unused import: `Any`
      --> /jet/build/index_hook.rs:113392:16
       |
113392 | use std::any::{Any as JetWebStoreAny, TypeId as JetWebStoreTypeId};
       |                ^^^

warning: value assigned to `cursor` is never read
      --> /jet/build/index_hook.rs:120505:17
       |
120505 |                 cursor += 2;
       |                 ^^^^^^^^^^^ this value is reassigned later and never used
...
120508 |                 cursor += 1;
       |                 ----------- `cursor` is overwritten here before the previous value is read
       |
       = note: `#[warn(unused_assignments)]` (part of `#[warn(unused)]`) on by default

warning: value assigned to `cursor` is never read
      --> /jet/build/index_hook.rs:120508:17
       |
120508 |                 cursor += 1;
       |                 ^^^^^^^^^^^
       |
       = help: maybe it is overwritten before being read?

error: aborting due to 1 previous error; 74 warnings emitted

For more information about this error, try `rustc --explain E0308`.
