warning: trait `__jet_Display` should have an upper camel case name
 --> /jet/build/jet_source.rs:4:11
  |
4 | pub trait __jet_Display {
  |           ^^^^^^^^^^^^^ help: convert the identifier to upper camel case: `JetDisplay`
  |
  = note: `#[warn(non_camel_case_types)]` (part of `#[warn(nonstandard_style)]`) on by default

warning: trait `__jet_Equatable` should have an upper camel case name
 --> /jet/build/jet_source.rs:8:11
  |
8 | pub trait __jet_Equatable: Sized { fn equal(&self, rhs: &Self) -> bool; }
  |           ^^^^^^^^^^^^^^^ help: convert the identifier to upper camel case: `JetEquatable`

warning: type `__jet_Ordering` should have an upper camel case name
  --> /jet/build/jet_source.rs:24:10
   |
24 | pub enum __jet_Ordering { __jet_Less, __jet_Equal, __jet_Greater }
   |          ^^^^^^^^^^^^^^ help: convert the identifier to upper camel case: `JetOrdering`

warning: variant `__jet_Less` should have an upper camel case name
  --> /jet/build/jet_source.rs:24:27
   |
24 | pub enum __jet_Ordering { __jet_Less, __jet_Equal, __jet_Greater }
   |                           ^^^^^^^^^^ help: convert the identifier to upper camel case: `JetLess`

warning: variant `__jet_Equal` should have an upper camel case name
  --> /jet/build/jet_source.rs:24:39
   |
24 | pub enum __jet_Ordering { __jet_Less, __jet_Equal, __jet_Greater }
   |                                       ^^^^^^^^^^^ help: convert the identifier to upper camel case: `JetEqual`

warning: variant `__jet_Greater` should have an upper camel case name
  --> /jet/build/jet_source.rs:24:52
   |
24 | pub enum __jet_Ordering { __jet_Less, __jet_Equal, __jet_Greater }
   |                                                    ^^^^^^^^^^^^^ help: convert the identifier to upper camel case: `JetGreater`

warning: trait `__jet_Comparable` should have an upper camel case name
  --> /jet/build/jet_source.rs:26:11
   |
26 | pub trait __jet_Comparable: Sized { fn compare(&self, rhs: &Self) -> __jet_Ordering; }
   |           ^^^^^^^^^^^^^^^^ help: convert the identifier to upper camel case: `JetComparable`

warning: trait `__jet_Add` should have an upper camel case name
  --> /jet/build/jet_source.rs:38:11
   |
38 | pub trait __jet_Add<Rhs = Self>: Sized { type Output; fn add(&self, rhs: &Rhs) -> Self::Output; }
   |           ^^^^^^^^^ help: convert the identifier to upper camel case: `JetAdd`

warning: trait `__jet_Sub` should have an upper camel case name
  --> /jet/build/jet_source.rs:39:11
   |
39 | pub trait __jet_Sub<Rhs = Self>: Sized { type Output; fn sub(&self, rhs: &Rhs) -> Self::Output; }
   |           ^^^^^^^^^ help: convert the identifier to upper camel case: `JetSub`

warning: trait `__jet_Mul` should have an upper camel case name
  --> /jet/build/jet_source.rs:40:11
   |
40 | pub trait __jet_Mul<Rhs = Self>: Sized { type Output; fn mul(&self, rhs: &Rhs) -> Self::Output; }
   |           ^^^^^^^^^ help: convert the identifier to upper camel case: `JetMul`

warning: trait `__jet_Div` should have an upper camel case name
  --> /jet/build/jet_source.rs:41:11
   |
41 | pub trait __jet_Div<Rhs = Self>: Sized { type Output; fn div(&self, rhs: &Rhs) -> Self::Output; }
   |           ^^^^^^^^^ help: convert the identifier to upper camel case: `JetDiv`

warning: trait `__jet_Index` should have an upper camel case name
  --> /jet/build/jet_source.rs:42:11
   |
42 | pub trait __jet_Index {
   |           ^^^^^^^^^^^ help: convert the identifier to upper camel case: `JetIndex`

warning: associated type `__jet_Key` should have an upper camel case name
  --> /jet/build/jet_source.rs:43:10
   |
43 |     type __jet_Key;
   |          ^^^^^^^^^ help: convert the identifier to upper camel case: `JetKey`

warning: associated type `__jet_Value` should have an upper camel case name
  --> /jet/build/jet_source.rs:44:10
   |
44 |     type __jet_Value;
   |          ^^^^^^^^^^^ help: convert the identifier to upper camel case: `JetValue`

warning: trait `__jet_IndexMut` should have an upper camel case name
  --> /jet/build/jet_source.rs:47:11
   |
47 | pub trait __jet_IndexMut: __jet_Index {
   |           ^^^^^^^^^^^^^^ help: convert the identifier to upper camel case: `JetIndexMut`

warning: trait `__jet_Serialize` should have an upper camel case name
     --> /jet/build/jet_source.rs:41750:7
      |
41750 | trait __jet_Serialize {
      |       ^^^^^^^^^^^^^^^ help: convert the identifier to upper camel case: `JetSerialize`

warning: unused import: `Cell`
     --> /jet/build/jet_source.rs:46275:21
      |
46275 |     use std::cell::{Cell, RefCell};
      |                     ^^^^
      |
      = note: `#[warn(unused_imports)]` (part of `#[warn(unused)]`) on by default

warning: unused import: `JetUninit`
     --> /jet/build/jet_source.rs:46279:43
      |
46279 |     pub use super::jet_uninit_semantics::{JetUninit, JetUninitFixed};
      |                                           ^^^^^^^^^

warning: unused imports: `JetSentryFrame`, `JetSentryGuard`, `jet_sentry_current_frame`, `jet_sentry_fenced_scope`, `jet_sentry_frame`, `jet_sentry_policy_scope`, `jet_sentry_reset`, `jet_sentry_scope`, and `jet_sentry_set_hardened`
     --> /jet/build/jet_source.rs:46292:35
      |
46292 |         jet_memory_ledger_record, jet_sentry_current_frame, jet_sentry_fenced_scope,
      |                                   ^^^^^^^^^^^^^^^^^^^^^^^^  ^^^^^^^^^^^^^^^^^^^^^^^
46293 |         jet_sentry_frame, jet_sentry_policy_scope, jet_sentry_reset, jet_sentry_scope,
      |         ^^^^^^^^^^^^^^^^  ^^^^^^^^^^^^^^^^^^^^^^^  ^^^^^^^^^^^^^^^^  ^^^^^^^^^^^^^^^^
46294 |         jet_sentry_set_hardened, JetSentryFrame, JetSentryGuard, MemoryLedgerWitness,
      |         ^^^^^^^^^^^^^^^^^^^^^^^  ^^^^^^^^^^^^^^  ^^^^^^^^^^^^^^

warning: unused import: `crate::jet_encoding_json::render_json`
     --> /jet/build/jet_source.rs:66300:13
      |
66300 |     pub use crate::jet_encoding_json::render_json;
      |             ^^^^^^^^^^^^^^^^^^^^^^^^^^^^^^^^^^^^^

warning: unnecessary parentheses around block return value
     --> /jet/build/jet_source.rs:70362:13
      |
70362 |             (((exponent as u64 + 1023) << 52) | (top & ((1u64 << 52) - 1)))
      |             ^                                                             ^
      |
      = note: `#[warn(unused_parens)]` (part of `#[warn(unused)]`) on by default
help: remove these parentheses
      |
70362 -             (((exponent as u64 + 1023) << 52) | (top & ((1u64 << 52) - 1)))
70362 +             ((exponent as u64 + 1023) << 52) | (top & ((1u64 << 52) - 1))
      |

warning: unused import: `crate::jet_int_compare_hot`
     --> /jet/build/jet_source.rs:70713:9
      |
70713 | pub use crate::jet_int_compare_hot;
      |         ^^^^^^^^^^^^^^^^^^^^^^^^^^

warning: unused import: `crate::jet_int_add_hot`
     --> /jet/build/jet_source.rs:70737:9
      |
70737 | pub use crate::jet_int_add_hot;
      |         ^^^^^^^^^^^^^^^^^^^^^^

warning: unused import: `crate::jet_int_sub_hot`
     --> /jet/build/jet_source.rs:70761:9
      |
70761 | pub use crate::jet_int_sub_hot;
      |         ^^^^^^^^^^^^^^^^^^^^^^

warning: unused import: `crate::jet_int_mul_hot`
     --> /jet/build/jet_source.rs:70785:9
      |
70785 | pub use crate::jet_int_mul_hot;
      |         ^^^^^^^^^^^^^^^^^^^^^^

warning: unused import: `crate::jet_int_add_inline`
     --> /jet/build/jet_source.rs:70799:9
      |
70799 | pub use crate::jet_int_add_inline;
      |         ^^^^^^^^^^^^^^^^^^^^^^^^^

warning: unused import: `crate::jet_int_sub_inline`
     --> /jet/build/jet_source.rs:70809:9
      |
70809 | pub use crate::jet_int_sub_inline;
      |         ^^^^^^^^^^^^^^^^^^^^^^^^^

warning: unused import: `crate::jet_int_mul_inline`
     --> /jet/build/jet_source.rs:70819:9
      |
70819 | pub use crate::jet_int_mul_inline;
      |         ^^^^^^^^^^^^^^^^^^^^^^^^^

warning: unused import: `crate::jet_int_compare_inline`
     --> /jet/build/jet_source.rs:70833:9
      |
70833 | pub use crate::jet_int_compare_inline;
      |         ^^^^^^^^^^^^^^^^^^^^^^^^^^^^^

warning: unused import: `crate::jet_int_neg_inline`
     --> /jet/build/jet_source.rs:70842:9
      |
70842 | pub use crate::jet_int_neg_inline;
      |         ^^^^^^^^^^^^^^^^^^^^^^^^^

warning: unused import: `crate::jet_int_bit_and_hot`
     --> /jet/build/jet_source.rs:70861:9
      |
70861 | pub use crate::jet_int_bit_and_hot;
      |         ^^^^^^^^^^^^^^^^^^^^^^^^^^

warning: unused import: `crate::jet_int_bit_or_hot`
     --> /jet/build/jet_source.rs:70877:9
      |
70877 | pub use crate::jet_int_bit_or_hot;
      |         ^^^^^^^^^^^^^^^^^^^^^^^^^

warning: unused import: `crate::jet_int_bit_xor_hot`
     --> /jet/build/jet_source.rs:70893:9
      |
70893 | pub use crate::jet_int_bit_xor_hot;
      |         ^^^^^^^^^^^^^^^^^^^^^^^^^^

warning: unused imports: `JetCellEditGuard` and `JetCellReadGuard`
     --> /jet/build/jet_source.rs:76732:35
      |
76732 | pub use self::jet_cell::{JetCell, JetCellEditGuard, JetCellReadGuard};
      |                                   ^^^^^^^^^^^^^^^^  ^^^^^^^^^^^^^^^^

warning: unused imports: `JetStreamSender` and `jet_stream_task`
     --> /jet/build/jet_source.rs:77673:21
      |
77673 |     pub use super::{jet_stream_task, JetStream, JetStreamSender};
      |                     ^^^^^^^^^^^^^^^             ^^^^^^^^^^^^^^^

warning: unused macro definition: `jet_plugin_bridge`
     --> /jet/build/jet_source.rs:87947:14
      |
87947 | macro_rules! jet_plugin_bridge {
      |              ^^^^^^^^^^^^^^^^^
      |
      = note: `#[warn(unused_macros)]` (part of `#[warn(unused)]`) on by default

warning: unused import: `std::io::Write`
     --> /jet/build/jet_source.rs:93906:13
      |
93906 |         use std::io::Write;
      |             ^^^^^^^^^^^^^^

warning: unused import: `core::cell::Cell`
      --> /jet/build/jet_source.rs:114766:5
       |
114766 | use core::cell::Cell;
       |     ^^^^^^^^^^^^^^^^

warning: unused import: `jet_foundation::Devtools::JetDevtoolsEvent as JetWebStoreDevtoolsEvent`
      --> /jet/build/jet_source.rs:114769:5
       |
114769 | use jet_foundation::Devtools::JetDevtoolsEvent as JetWebStoreDevtoolsEvent;
       |     ^^^^^^^^^^^^^^^^^^^^^^^^^^^^^^^^^^^^^^^^^^^^^^^^^^^^^^^^^^^^^^^^^^^^^^

warning: unused import: `TypeId as JetWebStoreTypeId`
      --> /jet/build/jet_source.rs:114771:39
       |
114771 | use std::any::{Any as JetWebStoreAny, TypeId as JetWebStoreTypeId};
       |                                       ^^^^^^^^^^^^^^^^^^^^^^^^^^^

warning: unused imports: `BTreeMap as JetWebFormMap`, `BTreeMap as JetWebTablePages`, `BTreeMap`, `BTreeSet as JetWebTableSet`, `BTreeSet`, `HashMap as JetWebStoreMap`, and `VecDeque as JetWebStoreDeque`
      --> /jet/build/jet_source.rs:114772:24
       |
114772 | ...::{BTreeMap, BTreeSet, HashMap, HashSet, BTreeMap as JetWebFormMap, VecDeque as JetWebStoreDeque, HashMap as JetWebStoreMap, BTreeMap as JetWebTablePages, BTreeSet as JetWebTableSet, V...
       |       ^^^^^^^^  ^^^^^^^^                    ^^^^^^^^^^^^^^^^^^^^^^^^^  ^^^^^^^^^^^^^^^^^^^^^^^^^^^^  ^^^^^^^^^^^^^^^^^^^^^^^^^  ^^^^^^^^^^^^^^^^^^^^^^^^^^^^  ^^^^^^^^^^^^^^^^^^^^^^^^^^

warning: unused import: `std::fs::OpenOptions`
      --> /jet/build/jet_source.rs:114773:5
       |
114773 | use std::fs::OpenOptions;
       |     ^^^^^^^^^^^^^^^^^^^^

warning: unused imports: `SeekFrom` and `Seek`
      --> /jet/build/jet_source.rs:114774:21
       |
114774 | use std::io::{Read, Seek, SeekFrom, Write};
       |                     ^^^^  ^^^^^^^^

warning: unused imports: `Component`, `PathBuf`, and `Path`
      --> /jet/build/jet_source.rs:114777:17
       |
114777 | use std::path::{Component, Path, PathBuf};
       |                 ^^^^^^^^^  ^^^^  ^^^^^^^

warning: unused imports: `Arc as JetDataPlotArc`, `Arc as JetWebFormArc`, `Arc as JetWebQueryArc`, `Arc as JetWebStoreArc`, `Arc as JetWebTableArc`, `Condvar as JetWebStoreCondvar`, `LazyLock as JetWebStoreLazyLock`, `LazyLock`, `Mutex as JetWebFormMutex`, `Mutex as JetWebQueryMutex`, `Mutex as JetWebStoreMutex`, and `Mutex as JetWebTableMutex`
      --> /jet/build/jet_source.rs:114778:31
       |
114778 | ...r, Arc as JetDataPlotArc, Arc as JetWebFormArc, Mutex as JetWebFormMutex, Arc as JetWebQueryArc, Mutex as JetWebQueryMutex, Arc as JetWebStoreArc, Condvar as JetWebStoreCondvar, LazyLock as JetWebStoreLazyLock, Mutex as JetWebStoreMutex, Arc as JetWebTableArc, Mutex as JetWebTableMutex, LazyLock, M...
       |       ^^^^^^^^^^^^^^^^^^^^^  ^^^^^^^^^^^^^^^^^^^^  ^^^^^^^^^^^^^^^^^^^^^^^^  ^^^^^^^^^^^^^^^^^^^^^  ^^^^^^^^^^^^^^^^^^^^^^^^^  ^^^^^^^^^^^^^^^^^^^^^  ^^^^^^^^^^^^^^^^^^^^^^^^^^^^^  ^^^^^^^^^^^^^^^^^^^^^^^^^^^^^^^  ^^^^^^^^^^^^^^^^^^^^^^^^^  ^^^^^^^^^^^^^^^^^^^^^  ^^^^^^^^^^^^^^^^^^^^^^^^^  ^^^^^^^^

warning: unused import: `Ordering as JetWebFormOrdering`
      --> /jet/build/jet_source.rs:114779:60
       |
114779 | use std::sync::atomic::{AtomicBool, AtomicU8, AtomicUsize, Ordering as JetWebFormOrdering};
       |                                                            ^^^^^^^^^^^^^^^^^^^^^^^^^^^^^^

warning: unused imports: `SystemTime as JetWebStoreSystemTime`, `SystemTime`, `UNIX_EPOCH as JetWebStoreUnixEpoch`, and `UNIX_EPOCH`
      --> /jet/build/jet_source.rs:114780:36
       |
114780 | ...tion, Instant, SystemTime as JetWebStoreSystemTime, UNIX_EPOCH as JetWebStoreUnixEpoch, SystemTime, UNIX_EPOCH};
       |                   ^^^^^^^^^^^^^^^^^^^^^^^^^^^^^^^^^^^  ^^^^^^^^^^^^^^^^^^^^^^^^^^^^^^^^^^  ^^^^^^^^^^  ^^^^^^^^^^

warning: type `__jet_ParseError` should have an upper camel case name
      --> /jet/build/jet_source.rs:127294:10
       |
127294 | pub type __jet_ParseError = String;
       |          ^^^^^^^^^^^^^^^^ help: convert the identifier to upper camel case: `JetParseError`

warning: unused label
      --> /jet/build/jet_source.rs:127516:5
       |
127516 |     'mir_dispatch: loop {
       |     ^^^^^^^^^^^^^
       |
       = note: `#[warn(unused_labels)]` (part of `#[warn(unused)]`) on by default

warning: unused label
      --> /jet/build/jet_source.rs:127537:5
       |
127537 |     'mir_dispatch: loop {
       |     ^^^^^^^^^^^^^

warning: unnecessary parentheses around function argument
      --> /jet/build/jet_source.rs:127592:53
       |
127592 | ...me((((__jet_v_12413215111014281073.as_ref().expect("MIR value")).clone()) < ((__jet_v_5757145986680888376.as_ref().expect("MIR value")).clone())));
       |       ^                                                                                                                                            ^
       |
help: remove these parentheses
       |
127592 -                 __jet_v_14534595561019005660 = Some((((__jet_v_12413215111014281073.as_ref().expect("MIR value")).clone()) < ((__jet_v_5757145986680888376.as_ref().expect("MIR value")).clone())));
127592 +                 __jet_v_14534595561019005660 = Some(((__jet_v_12413215111014281073.as_ref().expect("MIR value")).clone()) < ((__jet_v_5757145986680888376.as_ref().expect("MIR value")).clone()));
       |

warning: unnecessary trailing semicolon
      --> /jet/build/jet_source.rs:127638:59
       |
127638 |                 /* MIR scope enter 11425829867552081680 */;
       |                                                           ^ help: remove this semicolon
       |
       = note: `#[warn(redundant_semicolons)]` (part of `#[warn(unused)]`) on by default

warning: unnecessary parentheses around function argument
      --> /jet/build/jet_source.rs:127796:53
       |
127796 | ...me((((__jet_v_12798548559189570881.as_ref().expect("MIR value")).clone()) < ((__jet_v_13820006438613418124.as_ref().expect("MIR value")).clone())));
       |       ^                                                                                                                                             ^
       |
help: remove these parentheses
       |
127796 -                 __jet_v_15587181553080869805 = Some((((__jet_v_12798548559189570881.as_ref().expect("MIR value")).clone()) < ((__jet_v_13820006438613418124.as_ref().expect("MIR value")).clone())));
127796 +                 __jet_v_15587181553080869805 = Some(((__jet_v_12798548559189570881.as_ref().expect("MIR value")).clone()) < ((__jet_v_13820006438613418124.as_ref().expect("MIR value")).clone()));
       |

warning: unnecessary parentheses around function argument
      --> /jet/build/jet_source.rs:127976:52
       |
127976 | ...me((((__jet_v_1964977754157070769.as_ref().expect("MIR value")).clone()) == ((__jet_v_7975730526785811936.as_ref().expect("MIR value")).clone())));
       |       ^                                                                                                                                            ^
       |
help: remove these parentheses
       |
127976 -                 __jet_v_2410830327314689831 = Some((((__jet_v_1964977754157070769.as_ref().expect("MIR value")).clone()) == ((__jet_v_7975730526785811936.as_ref().expect("MIR value")).clone())));
127976 +                 __jet_v_2410830327314689831 = Some(((__jet_v_1964977754157070769.as_ref().expect("MIR value")).clone()) == ((__jet_v_7975730526785811936.as_ref().expect("MIR value")).clone()));
       |

warning: unnecessary parentheses around function argument
      --> /jet/build/jet_source.rs:127979:52
       |
127979 | ...me((((__jet_v_10047158494704115210.as_ref().expect("MIR value")).clone()) > ((__jet_v_14747361528295268024.as_ref().expect("MIR value")).clone())));
       |       ^                                                                                                                                             ^
       |
help: remove these parentheses
       |
127979 -                 __jet_v_1936641799629953468 = Some((((__jet_v_10047158494704115210.as_ref().expect("MIR value")).clone()) > ((__jet_v_14747361528295268024.as_ref().expect("MIR value")).clone())));
127979 +                 __jet_v_1936641799629953468 = Some(((__jet_v_10047158494704115210.as_ref().expect("MIR value")).clone()) > ((__jet_v_14747361528295268024.as_ref().expect("MIR value")).clone()));
       |

warning: unnecessary parentheses around function argument
      --> /jet/build/jet_source.rs:127980:53
       |
127980 | ...me((((__jet_v_2410830327314689831.as_ref().expect("MIR value")).clone()) || ((__jet_v_1936641799629953468.as_ref().expect("MIR value")).clone())));
       |       ^                                                                                                                                            ^
       |
help: remove these parentheses
       |
127980 -                 __jet_v_11423620947397236768 = Some((((__jet_v_2410830327314689831.as_ref().expect("MIR value")).clone()) || ((__jet_v_1936641799629953468.as_ref().expect("MIR value")).clone())));
127980 +                 __jet_v_11423620947397236768 = Some(((__jet_v_2410830327314689831.as_ref().expect("MIR value")).clone()) || ((__jet_v_1936641799629953468.as_ref().expect("MIR value")).clone()));
       |

warning: unnecessary trailing semicolon
      --> /jet/build/jet_source.rs:127990:58
       |
127990 |                 /* MIR scope enter 5665162296563949923 */;
       |                                                          ^ help: remove this semicolon

warning: unnecessary parentheses around function argument
      --> /jet/build/jet_source.rs:127998:52
       |
127998 | ...me((((__jet_v_4019707296023469429.as_ref().expect("MIR value")).clone()) >= ((__jet_v_3818968484150733507.as_ref().expect("MIR value")).clone())));
       |       ^                                                                                                                                            ^
       |
help: remove these parentheses
       |
127998 -                 __jet_v_9577530327645596004 = Some((((__jet_v_4019707296023469429.as_ref().expect("MIR value")).clone()) >= ((__jet_v_3818968484150733507.as_ref().expect("MIR value")).clone())));
127998 +                 __jet_v_9577530327645596004 = Some(((__jet_v_4019707296023469429.as_ref().expect("MIR value")).clone()) >= ((__jet_v_3818968484150733507.as_ref().expect("MIR value")).clone()));
       |

warning: unnecessary parentheses around function argument
      --> /jet/build/jet_source.rs:128001:52
       |
128001 | ...me((((__jet_v_7683359364403698505.as_ref().expect("MIR value")).clone()) <= ((__jet_v_7535348268846709723.as_ref().expect("MIR value")).clone())));
       |       ^                                                                                                                                            ^
       |
help: remove these parentheses
       |
128001 -                 __jet_v_6085211703668812718 = Some((((__jet_v_7683359364403698505.as_ref().expect("MIR value")).clone()) <= ((__jet_v_7535348268846709723.as_ref().expect("MIR value")).clone())));
128001 +                 __jet_v_6085211703668812718 = Some(((__jet_v_7683359364403698505.as_ref().expect("MIR value")).clone()) <= ((__jet_v_7535348268846709723.as_ref().expect("MIR value")).clone()));
       |

warning: unnecessary parentheses around function argument
      --> /jet/build/jet_source.rs:128002:53
       |
128002 | ...me((((__jet_v_9577530327645596004.as_ref().expect("MIR value")).clone()) && ((__jet_v_6085211703668812718.as_ref().expect("MIR value")).clone())));
       |       ^                                                                                                                                            ^
       |
help: remove these parentheses
       |
128002 -                 __jet_v_12650093428120881306 = Some((((__jet_v_9577530327645596004.as_ref().expect("MIR value")).clone()) && ((__jet_v_6085211703668812718.as_ref().expect("MIR value")).clone())));
128002 +                 __jet_v_12650093428120881306 = Some(((__jet_v_9577530327645596004.as_ref().expect("MIR value")).clone()) && ((__jet_v_6085211703668812718.as_ref().expect("MIR value")).clone()));
       |

warning: unnecessary parentheses around function argument
      --> /jet/build/jet_source.rs:128005:53
       |
128005 | ...me((((__jet_v_7683356065868813872.as_ref().expect("MIR value")).clone()) >= ((__jet_v_5038426058237898918.as_ref().expect("MIR value")).clone())));
       |       ^                                                                                                                                            ^
       |
help: remove these parentheses
       |
128005 -                 __jet_v_13546574595987119740 = Some((((__jet_v_7683356065868813872.as_ref().expect("MIR value")).clone()) >= ((__jet_v_5038426058237898918.as_ref().expect("MIR value")).clone())));
128005 +                 __jet_v_13546574595987119740 = Some(((__jet_v_7683356065868813872.as_ref().expect("MIR value")).clone()) >= ((__jet_v_5038426058237898918.as_ref().expect("MIR value")).clone()));
       |

warning: unnecessary parentheses around function argument
      --> /jet/build/jet_source.rs:128008:53
       |
128008 | ...me((((__jet_v_7683357165380442083.as_ref().expect("MIR value")).clone()) <= ((__jet_v_15821273240852648455.as_ref().expect("MIR value")).clone())));
       |       ^                                                                                                                                             ^
       |
help: remove these parentheses
       |
128008 -                 __jet_v_10840508556234047522 = Some((((__jet_v_7683357165380442083.as_ref().expect("MIR value")).clone()) <= ((__jet_v_15821273240852648455.as_ref().expect("MIR value")).clone())));
128008 +                 __jet_v_10840508556234047522 = Some(((__jet_v_7683357165380442083.as_ref().expect("MIR value")).clone()) <= ((__jet_v_15821273240852648455.as_ref().expect("MIR value")).clone()));
       |

warning: unnecessary parentheses around function argument
      --> /jet/build/jet_source.rs:128009:52
       |
128009 | ...me((((__jet_v_13546574595987119740.as_ref().expect("MIR value")).clone()) && ((__jet_v_10840508556234047522.as_ref().expect("MIR value")).clone())));
       |       ^                                                                                                                                              ^
       |
help: remove these parentheses
       |
128009 -                 __jet_v_7920005908610938086 = Some((((__jet_v_13546574595987119740.as_ref().expect("MIR value")).clone()) && ((__jet_v_10840508556234047522.as_ref().expect("MIR value")).clone())));
128009 +                 __jet_v_7920005908610938086 = Some(((__jet_v_13546574595987119740.as_ref().expect("MIR value")).clone()) && ((__jet_v_10840508556234047522.as_ref().expect("MIR value")).clone()));
       |

warning: unnecessary parentheses around function argument
      --> /jet/build/jet_source.rs:128010:53
       |
128010 | ...me((((__jet_v_12650093428120881306.as_ref().expect("MIR value")).clone()) || ((__jet_v_7920005908610938086.as_ref().expect("MIR value")).clone())));
       |       ^                                                                                                                                             ^
       |
help: remove these parentheses
       |
128010 -                 __jet_v_15824680837880473533 = Some((((__jet_v_12650093428120881306.as_ref().expect("MIR value")).clone()) || ((__jet_v_7920005908610938086.as_ref().expect("MIR value")).clone())));
128010 +                 __jet_v_15824680837880473533 = Some(((__jet_v_12650093428120881306.as_ref().expect("MIR value")).clone()) || ((__jet_v_7920005908610938086.as_ref().expect("MIR value")).clone()));
       |

warning: unnecessary parentheses around function argument
      --> /jet/build/jet_source.rs:128013:53
       |
128013 | ...me((((__jet_v_7683362662938583138.as_ref().expect("MIR value")).clone()) >= ((__jet_v_14011028437776133006.as_ref().expect("MIR value")).clone())));
       |       ^                                                                                                                                             ^
       |
help: remove these parentheses
       |
128013 -                 __jet_v_10088623061394703669 = Some((((__jet_v_7683362662938583138.as_ref().expect("MIR value")).clone()) >= ((__jet_v_14011028437776133006.as_ref().expect("MIR value")).clone())));
128013 +                 __jet_v_10088623061394703669 = Some(((__jet_v_7683362662938583138.as_ref().expect("MIR value")).clone()) >= ((__jet_v_14011028437776133006.as_ref().expect("MIR value")).clone()));
       |

warning: unnecessary parentheses around function argument
      --> /jet/build/jet_source.rs:128016:52
       |
128016 | ...me((((__jet_v_7683363762450211349.as_ref().expect("MIR value")).clone()) <= ((__jet_v_14293092978008917026.as_ref().expect("MIR value")).clone())));
       |       ^                                                                                                                                             ^
       |
help: remove these parentheses
       |
128016 -                 __jet_v_4830688308147468058 = Some((((__jet_v_7683363762450211349.as_ref().expect("MIR value")).clone()) <= ((__jet_v_14293092978008917026.as_ref().expect("MIR value")).clone())));
128016 +                 __jet_v_4830688308147468058 = Some(((__jet_v_7683363762450211349.as_ref().expect("MIR value")).clone()) <= ((__jet_v_14293092978008917026.as_ref().expect("MIR value")).clone()));
       |

warning: unnecessary parentheses around function argument
      --> /jet/build/jet_source.rs:128017:53
       |
128017 | ...me((((__jet_v_10088623061394703669.as_ref().expect("MIR value")).clone()) && ((__jet_v_4830688308147468058.as_ref().expect("MIR value")).clone())));
       |       ^                                                                                                                                             ^
       |
help: remove these parentheses
       |
128017 -                 __jet_v_16694847462485026678 = Some((((__jet_v_10088623061394703669.as_ref().expect("MIR value")).clone()) && ((__jet_v_4830688308147468058.as_ref().expect("MIR value")).clone())));
128017 +                 __jet_v_16694847462485026678 = Some(((__jet_v_10088623061394703669.as_ref().expect("MIR value")).clone()) && ((__jet_v_4830688308147468058.as_ref().expect("MIR value")).clone()));
       |

warning: unnecessary parentheses around function argument
      --> /jet/build/jet_source.rs:128018:52
       |
128018 | ...me((((__jet_v_15824680837880473533.as_ref().expect("MIR value")).clone()) || ((__jet_v_16694847462485026678.as_ref().expect("MIR value")).clone())));
       |       ^                                                                                                                                              ^
       |
help: remove these parentheses
       |
128018 -                 __jet_v_8333927040060773353 = Some((((__jet_v_15824680837880473533.as_ref().expect("MIR value")).clone()) || ((__jet_v_16694847462485026678.as_ref().expect("MIR value")).clone())));
128018 +                 __jet_v_8333927040060773353 = Some(((__jet_v_15824680837880473533.as_ref().expect("MIR value")).clone()) || ((__jet_v_16694847462485026678.as_ref().expect("MIR value")).clone()));
       |

warning: unnecessary parentheses around function argument
      --> /jet/build/jet_source.rs:128021:52
       |
128021 | ...me((((__jet_v_7683360463915326716.as_ref().expect("MIR value")).clone()) == ((__jet_v_11125168052633827695.as_ref().expect("MIR value")).clone())));
       |       ^                                                                                                                                             ^
       |
help: remove these parentheses
       |
128021 -                 __jet_v_5273251899717056957 = Some((((__jet_v_7683360463915326716.as_ref().expect("MIR value")).clone()) == ((__jet_v_11125168052633827695.as_ref().expect("MIR value")).clone())));
128021 +                 __jet_v_5273251899717056957 = Some(((__jet_v_7683360463915326716.as_ref().expect("MIR value")).clone()) == ((__jet_v_11125168052633827695.as_ref().expect("MIR value")).clone()));
       |

warning: unnecessary parentheses around function argument
      --> /jet/build/jet_source.rs:128022:51
       |
128022 | ...me((((__jet_v_8333927040060773353.as_ref().expect("MIR value")).clone()) || ((__jet_v_5273251899717056957.as_ref().expect("MIR value")).clone())));
       |       ^                                                                                                                                            ^
       |
help: remove these parentheses
       |
128022 -                 __jet_v_988801728732705892 = Some((((__jet_v_8333927040060773353.as_ref().expect("MIR value")).clone()) || ((__jet_v_5273251899717056957.as_ref().expect("MIR value")).clone())));
128022 +                 __jet_v_988801728732705892 = Some(((__jet_v_8333927040060773353.as_ref().expect("MIR value")).clone()) || ((__jet_v_5273251899717056957.as_ref().expect("MIR value")).clone()));
       |

warning: unnecessary parentheses around function argument
      --> /jet/build/jet_source.rs:128025:53
       |
128025 | ...me((((__jet_v_7683361563426954927.as_ref().expect("MIR value")).clone()) == ((__jet_v_2070511888125452779.as_ref().expect("MIR value")).clone())));
       |       ^                                                                                                                                            ^
       |
help: remove these parentheses
       |
128025 -                 __jet_v_13972718900602670446 = Some((((__jet_v_7683361563426954927.as_ref().expect("MIR value")).clone()) == ((__jet_v_2070511888125452779.as_ref().expect("MIR value")).clone())));
128025 +                 __jet_v_13972718900602670446 = Some(((__jet_v_7683361563426954927.as_ref().expect("MIR value")).clone()) == ((__jet_v_2070511888125452779.as_ref().expect("MIR value")).clone()));
       |

warning: unnecessary parentheses around function argument
      --> /jet/build/jet_source.rs:128026:52
       |
128026 | ...me((((__jet_v_988801728732705892.as_ref().expect("MIR value")).clone()) || ((__jet_v_13972718900602670446.as_ref().expect("MIR value")).clone())));
       |       ^                                                                                                                                            ^
       |
help: remove these parentheses
       |
128026 -                 __jet_v_2967543029682533325 = Some((((__jet_v_988801728732705892.as_ref().expect("MIR value")).clone()) || ((__jet_v_13972718900602670446.as_ref().expect("MIR value")).clone())));
128026 +                 __jet_v_2967543029682533325 = Some(((__jet_v_988801728732705892.as_ref().expect("MIR value")).clone()) || ((__jet_v_13972718900602670446.as_ref().expect("MIR value")).clone()));
       |

warning: unnecessary parentheses around function argument
      --> /jet/build/jet_source.rs:128029:53
       |
128029 | ...me((((__jet_v_7683367060985095982.as_ref().expect("MIR value")).clone()) == ((__jet_v_15492819060713461909.as_ref().expect("MIR value")).clone())));
       |       ^                                                                                                                                             ^
       |
help: remove these parentheses
       |
128029 -                 __jet_v_14541607911907119108 = Some((((__jet_v_7683367060985095982.as_ref().expect("MIR value")).clone()) == ((__jet_v_15492819060713461909.as_ref().expect("MIR value")).clone())));
128029 +                 __jet_v_14541607911907119108 = Some(((__jet_v_7683367060985095982.as_ref().expect("MIR value")).clone()) == ((__jet_v_15492819060713461909.as_ref().expect("MIR value")).clone()));
       |

warning: unnecessary parentheses around function argument
      --> /jet/build/jet_source.rs:128030:53
       |
128030 | ...me((((__jet_v_2967543029682533325.as_ref().expect("MIR value")).clone()) || ((__jet_v_14541607911907119108.as_ref().expect("MIR value")).clone())));
       |       ^                                                                                                                                             ^
       |
help: remove these parentheses
       |
128030 -                 __jet_v_12694658938914930808 = Some((((__jet_v_2967543029682533325.as_ref().expect("MIR value")).clone()) || ((__jet_v_14541607911907119108.as_ref().expect("MIR value")).clone())));
128030 +                 __jet_v_12694658938914930808 = Some(((__jet_v_2967543029682533325.as_ref().expect("MIR value")).clone()) || ((__jet_v_14541607911907119108.as_ref().expect("MIR value")).clone()));
       |

warning: unnecessary parentheses around function argument
      --> /jet/build/jet_source.rs:128033:52
       |
128033 | ...me((((__jet_v_7683368160496724193.as_ref().expect("MIR value")).clone()) == ((__jet_v_15211526238785896252.as_ref().expect("MIR value")).clone())));
       |       ^                                                                                                                                             ^
       |
help: remove these parentheses
       |
128033 -                 __jet_v_1789579174564149509 = Some((((__jet_v_7683368160496724193.as_ref().expect("MIR value")).clone()) == ((__jet_v_15211526238785896252.as_ref().expect("MIR value")).clone())));
128033 +                 __jet_v_1789579174564149509 = Some(((__jet_v_7683368160496724193.as_ref().expect("MIR value")).clone()) == ((__jet_v_15211526238785896252.as_ref().expect("MIR value")).clone()));
       |

warning: unnecessary parentheses around function argument
      --> /jet/build/jet_source.rs:128034:53
       |
128034 | ...me((((__jet_v_12694658938914930808.as_ref().expect("MIR value")).clone()) || ((__jet_v_1789579174564149509.as_ref().expect("MIR value")).clone())));
       |       ^                                                                                                                                             ^
       |
help: remove these parentheses
       |
128034 -                 __jet_v_14914116923891367847 = Some((((__jet_v_12694658938914930808.as_ref().expect("MIR value")).clone()) || ((__jet_v_1789579174564149509.as_ref().expect("MIR value")).clone())));
128034 +                 __jet_v_14914116923891367847 = Some(((__jet_v_12694658938914930808.as_ref().expect("MIR value")).clone()) || ((__jet_v_1789579174564149509.as_ref().expect("MIR value")).clone()));
       |

warning: unnecessary parentheses around function argument
      --> /jet/build/jet_source.rs:128037:51
       |
128037 |                 __jet_v_447158756084961422 = Some((!(*(__jet_v_14753158572937604743.as_ref().expect("MIR value")))));
       |                                                   ^                                                               ^
       |
help: remove these parentheses
       |
128037 -                 __jet_v_447158756084961422 = Some((!(*(__jet_v_14753158572937604743.as_ref().expect("MIR value")))));
128037 +                 __jet_v_447158756084961422 = Some(!(*(__jet_v_14753158572937604743.as_ref().expect("MIR value"))));
       |

warning: unnecessary parentheses around function argument
      --> /jet/build/jet_source.rs:128051:53
       |
128051 | ...me((((__jet_v_12649479563757179293.as_ref().expect("MIR value")).clone()) < ((__jet_v_16459155585314111494.as_ref().expect("MIR value")).clone())));
       |       ^                                                                                                                                             ^
       |
help: remove these parentheses
       |
128051 -                 __jet_v_10724439767391199831 = Some((((__jet_v_12649479563757179293.as_ref().expect("MIR value")).clone()) < ((__jet_v_16459155585314111494.as_ref().expect("MIR value")).clone())));
128051 +                 __jet_v_10724439767391199831 = Some(((__jet_v_12649479563757179293.as_ref().expect("MIR value")).clone()) < ((__jet_v_16459155585314111494.as_ref().expect("MIR value")).clone()));
       |

warning: unnecessary parentheses around function argument
      --> /jet/build/jet_source.rs:128073:53
       |
128073 | ...me((((__jet_v_5033176915023084003.as_ref().expect("MIR value")).clone()) == ((__jet_v_8462801751223321213.as_ref().expect("MIR value")).clone())));
       |       ^                                                                                                                                            ^
       |
help: remove these parentheses
       |
128073 -                 __jet_v_17720254816278260091 = Some((((__jet_v_5033176915023084003.as_ref().expect("MIR value")).clone()) == ((__jet_v_8462801751223321213.as_ref().expect("MIR value")).clone())));
128073 +                 __jet_v_17720254816278260091 = Some(((__jet_v_5033176915023084003.as_ref().expect("MIR value")).clone()) == ((__jet_v_8462801751223321213.as_ref().expect("MIR value")).clone()));
       |

warning: unnecessary trailing semicolon
      --> /jet/build/jet_source.rs:128090:58
       |
128090 |                 /* MIR scope enter 8610172552068645967 */;
       |                                                          ^ help: remove this semicolon

warning: unnecessary parentheses around function argument
      --> /jet/build/jet_source.rs:128093:53
       |
128093 | ...me((((__jet_v_14309790680862300883.as_ref().expect("MIR value")).clone()) > ((__jet_v_2920512314477022115.as_ref().expect("MIR value")).clone())));
       |       ^                                                                                                                                            ^
       |
help: remove these parentheses
       |
128093 -                 __jet_v_14355050139107138070 = Some((((__jet_v_14309790680862300883.as_ref().expect("MIR value")).clone()) > ((__jet_v_2920512314477022115.as_ref().expect("MIR value")).clone())));
128093 +                 __jet_v_14355050139107138070 = Some(((__jet_v_14309790680862300883.as_ref().expect("MIR value")).clone()) > ((__jet_v_2920512314477022115.as_ref().expect("MIR value")).clone()));
       |

warning: unnecessary trailing semicolon
      --> /jet/build/jet_source.rs:128105:58
       |
128105 |                 /* MIR scope enter 3761902822054012659 */;
       |                                                          ^ help: remove this semicolon

warning: unnecessary trailing semicolon
      --> /jet/build/jet_source.rs:128111:57
       |
128111 |                 /* MIR scope exit 8610172552068645967 */;
       |                                                         ^ help: remove this semicolon

warning: unnecessary trailing semicolon
      --> /jet/build/jet_source.rs:128117:57
       |
128117 |                 /* MIR scope exit 7019179844770249989 */;
       |                                                         ^ help: remove this semicolon

warning: unnecessary trailing semicolon
      --> /jet/build/jet_source.rs:128123:58
       |
128123 |                 /* MIR scope enter 2890719280900700687 */;
       |                                                          ^ help: remove this semicolon

warning: unnecessary trailing semicolon
      --> /jet/build/jet_source.rs:128152:58
       |
128152 |                 /* MIR scope enter 7019179844770249989 */;
       |                                                          ^ help: remove this semicolon

warning: unnecessary parentheses around function argument
      --> /jet/build/jet_source.rs:128159:53
       |
128159 | ...me((((__jet_v_10627299825684780811.as_ref().expect("MIR value")).clone()) > ((__jet_v_17869052414582592257.as_ref().expect("MIR value")).clone())));
       |       ^                                                                                                                                             ^
       |
help: remove these parentheses
       |
128159 -                 __jet_v_12301784963104089753 = Some((((__jet_v_10627299825684780811.as_ref().expect("MIR value")).clone()) > ((__jet_v_17869052414582592257.as_ref().expect("MIR value")).clone())));
128159 +                 __jet_v_12301784963104089753 = Some(((__jet_v_10627299825684780811.as_ref().expect("MIR value")).clone()) > ((__jet_v_17869052414582592257.as_ref().expect("MIR value")).clone()));
       |

warning: unnecessary trailing semicolon
      --> /jet/build/jet_source.rs:128171:58
       |
128171 |                 /* MIR scope enter 2396351835358469751 */;
       |                                                          ^ help: remove this semicolon

warning: unnecessary parentheses around function argument
      --> /jet/build/jet_source.rs:128181:53
       |
128181 | ...me((((__jet_v_18334446998610606212.as_ref().expect("MIR value")).clone()) == ((__jet_v_16842210667704192975.as_ref().expect("MIR value")).clone())));
       |       ^                                                                                                                                              ^
       |
help: remove these parentheses
       |
128181 -                 __jet_v_10925607562207234618 = Some((((__jet_v_18334446998610606212.as_ref().expect("MIR value")).clone()) == ((__jet_v_16842210667704192975.as_ref().expect("MIR value")).clone())));
128181 +                 __jet_v_10925607562207234618 = Some(((__jet_v_18334446998610606212.as_ref().expect("MIR value")).clone()) == ((__jet_v_16842210667704192975.as_ref().expect("MIR value")).clone()));
       |

warning: unnecessary parentheses around function argument
      --> /jet/build/jet_source.rs:128304:50
       |
128304 | ...me((((__jet_v_1432163060800172043.as_ref().expect("MIR value")).clone()) < ((__jet_v_1889420274751812410.as_ref().expect("MIR value")).clone())));
       |       ^                                                                                                                                           ^
       |
help: remove these parentheses
       |
128304 -                 __jet_v_81109449097219382 = Some((((__jet_v_1432163060800172043.as_ref().expect("MIR value")).clone()) < ((__jet_v_1889420274751812410.as_ref().expect("MIR value")).clone())));
128304 +                 __jet_v_81109449097219382 = Some(((__jet_v_1432163060800172043.as_ref().expect("MIR value")).clone()) < ((__jet_v_1889420274751812410.as_ref().expect("MIR value")).clone()));
       |

warning: unnecessary parentheses around function argument
      --> /jet/build/jet_source.rs:128324:52
       |
128324 | ...me((((__jet_v_2121065162587852968.as_ref().expect("MIR value")).clone()) == ((__jet_v_11336173625606848051.as_ref().expect("MIR value")).clone())));
       |       ^                                                                                                                                             ^
       |
help: remove these parentheses
       |
128324 -                 __jet_v_7573514418090186346 = Some((((__jet_v_2121065162587852968.as_ref().expect("MIR value")).clone()) == ((__jet_v_11336173625606848051.as_ref().expect("MIR value")).clone())));
128324 +                 __jet_v_7573514418090186346 = Some(((__jet_v_2121065162587852968.as_ref().expect("MIR value")).clone()) == ((__jet_v_11336173625606848051.as_ref().expect("MIR value")).clone()));
       |

warning: unnecessary trailing semicolon
      --> /jet/build/jet_source.rs:128336:58
       |
128336 |                 /* MIR scope enter 5029431609516320915 */;
       |                                                          ^ help: remove this semicolon

warning: unnecessary parentheses around function argument
      --> /jet/build/jet_source.rs:128493:51
       |
128493 | ...me((((__jet_v_12079269034594601802.as_ref().expect("MIR value")).clone()) < ((__jet_v_15352542183307135198.as_ref().expect("MIR value")).clone())));
       |       ^                                                                                                                                             ^
       |
help: remove these parentheses
       |
128493 -                 __jet_v_982775562304234534 = Some((((__jet_v_12079269034594601802.as_ref().expect("MIR value")).clone()) < ((__jet_v_15352542183307135198.as_ref().expect("MIR value")).clone())));
128493 +                 __jet_v_982775562304234534 = Some(((__jet_v_12079269034594601802.as_ref().expect("MIR value")).clone()) < ((__jet_v_15352542183307135198.as_ref().expect("MIR value")).clone()));
       |

warning: unnecessary parentheses around function argument
      --> /jet/build/jet_source.rs:128579:53
       |
128579 | ...me((((__jet_v_8688143329545046743.as_ref().expect("MIR value")).clone()) > ((__jet_v_6900932909677467712.as_ref().expect("MIR value")).clone())));
       |       ^                                                                                                                                           ^
       |
help: remove these parentheses
       |
128579 -                 __jet_v_17055833138296281644 = Some((((__jet_v_8688143329545046743.as_ref().expect("MIR value")).clone()) > ((__jet_v_6900932909677467712.as_ref().expect("MIR value")).clone())));
128579 +                 __jet_v_17055833138296281644 = Some(((__jet_v_8688143329545046743.as_ref().expect("MIR value")).clone()) > ((__jet_v_6900932909677467712.as_ref().expect("MIR value")).clone()));
       |

warning: unnecessary parentheses around function argument
      --> /jet/build/jet_source.rs:128585:53
       |
128585 | ...me((((__jet_v_12886050156468171556.as_ref().expect("MIR value")).clone()) == ((__jet_v_14790418093657994374.as_ref().expect("MIR value")).clone())));
       |       ^                                                                                                                                              ^
       |
help: remove these parentheses
       |
128585 -                 __jet_v_10645822073711581886 = Some((((__jet_v_12886050156468171556.as_ref().expect("MIR value")).clone()) == ((__jet_v_14790418093657994374.as_ref().expect("MIR value")).clone())));
128585 +                 __jet_v_10645822073711581886 = Some(((__jet_v_12886050156468171556.as_ref().expect("MIR value")).clone()) == ((__jet_v_14790418093657994374.as_ref().expect("MIR value")).clone()));
       |

warning: unnecessary parentheses around function argument
      --> /jet/build/jet_source.rs:128586:53
       |
128586 | ...me((((__jet_v_17055833138296281644.as_ref().expect("MIR value")).clone()) && ((__jet_v_10645822073711581886.as_ref().expect("MIR value")).clone())));
       |       ^                                                                                                                                              ^
       |
help: remove these parentheses
       |
128586 -                 __jet_v_11275792576381178111 = Some((((__jet_v_17055833138296281644.as_ref().expect("MIR value")).clone()) && ((__jet_v_10645822073711581886.as_ref().expect("MIR value")).clone())));
128586 +                 __jet_v_11275792576381178111 = Some(((__jet_v_17055833138296281644.as_ref().expect("MIR value")).clone()) && ((__jet_v_10645822073711581886.as_ref().expect("MIR value")).clone()));
       |

warning: unnecessary parentheses around function argument
      --> /jet/build/jet_source.rs:129038:53
       |
129038 | ...me((((__jet_v_7830866375458752073.as_ref().expect("MIR value")).clone()) == ((__jet_v_8237639049091254197.as_ref().expect("MIR value")).clone())));
       |       ^                                                                                                                                            ^
       |
help: remove these parentheses
       |
129038 -                 __jet_v_15368759438856123270 = Some((((__jet_v_7830866375458752073.as_ref().expect("MIR value")).clone()) == ((__jet_v_8237639049091254197.as_ref().expect("MIR value")).clone())));
129038 +                 __jet_v_15368759438856123270 = Some(((__jet_v_7830866375458752073.as_ref().expect("MIR value")).clone()) == ((__jet_v_8237639049091254197.as_ref().expect("MIR value")).clone()));
       |

warning: unnecessary trailing semicolon
      --> /jet/build/jet_source.rs:129088:59
       |
129088 |                 /* MIR scope enter 10927214973755969082 */;
       |                                                           ^ help: remove this semicolon

warning: unnecessary trailing semicolon
      --> /jet/build/jet_source.rs:129130:58
       |
129130 |                 /* MIR scope enter 3829819683258804726 */;
       |                                                          ^ help: remove this semicolon

warning: unnecessary parentheses around function argument
      --> /jet/build/jet_source.rs:129155:51
       |
129155 | ...me((((__jet_v_12808097150551110622.as_ref().expect("MIR value")).clone()) == ((__jet_v_5411686764850025141.as_ref().expect("MIR value")).clone())));
       |       ^                                                                                                                                             ^
       |
help: remove these parentheses
       |
129155 -                 __jet_v_660055230399996632 = Some((((__jet_v_12808097150551110622.as_ref().expect("MIR value")).clone()) == ((__jet_v_5411686764850025141.as_ref().expect("MIR value")).clone())));
129155 +                 __jet_v_660055230399996632 = Some(((__jet_v_12808097150551110622.as_ref().expect("MIR value")).clone()) == ((__jet_v_5411686764850025141.as_ref().expect("MIR value")).clone()));
       |

warning: unnecessary trailing semicolon
      --> /jet/build/jet_source.rs:129172:59
       |
129172 |                 /* MIR scope enter 18246342919166301935 */;
       |                                                           ^ help: remove this semicolon

warning: unnecessary parentheses around function argument
      --> /jet/build/jet_source.rs:129199:53
       |
129199 | ...me((((__jet_v_18143514248647780104.as_ref().expect("MIR value")).clone()) == ((__jet_v_1441378503214734781.as_ref().expect("MIR value")).clone())));
       |       ^                                                                                                                                             ^
       |
help: remove these parentheses
       |
129199 -                 __jet_v_17258591730597093732 = Some((((__jet_v_18143514248647780104.as_ref().expect("MIR value")).clone()) == ((__jet_v_1441378503214734781.as_ref().expect("MIR value")).clone())));
129199 +                 __jet_v_17258591730597093732 = Some(((__jet_v_18143514248647780104.as_ref().expect("MIR value")).clone()) == ((__jet_v_1441378503214734781.as_ref().expect("MIR value")).clone()));
       |

warning: unnecessary parentheses around function argument
      --> /jet/build/jet_source.rs:129268:52
       |
129268 | ...me((((__jet_v_8814590039664525397.as_ref().expect("MIR value")).clone()) > ((__jet_v_16130023731203826523.as_ref().expect("MIR value")).clone())));
       |       ^                                                                                                                                            ^
       |
help: remove these parentheses
       |
129268 -                 __jet_v_6802670095660870221 = Some((((__jet_v_8814590039664525397.as_ref().expect("MIR value")).clone()) > ((__jet_v_16130023731203826523.as_ref().expect("MIR value")).clone())));
129268 +                 __jet_v_6802670095660870221 = Some(((__jet_v_8814590039664525397.as_ref().expect("MIR value")).clone()) > ((__jet_v_16130023731203826523.as_ref().expect("MIR value")).clone()));
       |

warning: unnecessary parentheses around function argument
      --> /jet/build/jet_source.rs:129274:53
       |
129274 | ...me((((__jet_v_17451229292990462062.as_ref().expect("MIR value")).clone()) == ((__jet_v_16893691040906375523.as_ref().expect("MIR value")).clone())));
       |       ^                                                                                                                                              ^
       |
help: remove these parentheses
       |
129274 -                 __jet_v_13317597387322517977 = Some((((__jet_v_17451229292990462062.as_ref().expect("MIR value")).clone()) == ((__jet_v_16893691040906375523.as_ref().expect("MIR value")).clone())));
129274 +                 __jet_v_13317597387322517977 = Some(((__jet_v_17451229292990462062.as_ref().expect("MIR value")).clone()) == ((__jet_v_16893691040906375523.as_ref().expect("MIR value")).clone()));
       |

warning: unnecessary parentheses around function argument
      --> /jet/build/jet_source.rs:129275:52
       |
129275 | ...me((((__jet_v_6802670095660870221.as_ref().expect("MIR value")).clone()) && ((__jet_v_13317597387322517977.as_ref().expect("MIR value")).clone())));
       |       ^                                                                                                                                             ^
       |
help: remove these parentheses
       |
129275 -                 __jet_v_5068012734907541461 = Some((((__jet_v_6802670095660870221.as_ref().expect("MIR value")).clone()) && ((__jet_v_13317597387322517977.as_ref().expect("MIR value")).clone())));
129275 +                 __jet_v_5068012734907541461 = Some(((__jet_v_6802670095660870221.as_ref().expect("MIR value")).clone()) && ((__jet_v_13317597387322517977.as_ref().expect("MIR value")).clone()));
       |

warning: unnecessary trailing semicolon
      --> /jet/build/jet_source.rs:129326:57
       |
129326 |                 /* MIR scope exit 4260532653908155328 */;
       |                                                         ^ help: remove this semicolon

warning: unnecessary parentheses around function argument
      --> /jet/build/jet_source.rs:129374:52
       |
129374 | ...me((((__jet_v_16358785619944760787.as_ref().expect("MIR value")).clone()) > ((__jet_v_10545576652728830408.as_ref().expect("MIR value")).clone())));
       |       ^                                                                                                                                             ^
       |
help: remove these parentheses
       |
129374 -                 __jet_v_3784933437805362389 = Some((((__jet_v_16358785619944760787.as_ref().expect("MIR value")).clone()) > ((__jet_v_10545576652728830408.as_ref().expect("MIR value")).clone())));
129374 +                 __jet_v_3784933437805362389 = Some(((__jet_v_16358785619944760787.as_ref().expect("MIR value")).clone()) > ((__jet_v_10545576652728830408.as_ref().expect("MIR value")).clone()));
       |

warning: unnecessary parentheses around function argument
      --> /jet/build/jet_source.rs:129407:53
       |
129407 | ...me((((__jet_v_6486736171964539249.as_ref().expect("MIR value")).clone()) <= ((__jet_v_11930072698984714345.as_ref().expect("MIR value")).clone())));
       |       ^                                                                                                                                             ^
       |
help: remove these parentheses
       |
129407 -                 __jet_v_12844636302836986438 = Some((((__jet_v_6486736171964539249.as_ref().expect("MIR value")).clone()) <= ((__jet_v_11930072698984714345.as_ref().expect("MIR value")).clone())));
129407 +                 __jet_v_12844636302836986438 = Some(((__jet_v_6486736171964539249.as_ref().expect("MIR value")).clone()) <= ((__jet_v_11930072698984714345.as_ref().expect("MIR value")).clone()));
       |

warning: unnecessary trailing semicolon
      --> /jet/build/jet_source.rs:129530:58
       |
129530 |                 /* MIR scope enter 4260532653908155328 */;
       |                                                          ^ help: remove this semicolon

warning: unnecessary trailing semicolon
      --> /jet/build/jet_source.rs:129621:58
       |
129621 |                 /* MIR scope exit 18246342919166301935 */;
       |                                                          ^ help: remove this semicolon

warning: unnecessary parentheses around function argument
      --> /jet/build/jet_source.rs:129738:52
       |
129738 | ...me((((__jet_v_4216754540851105890.as_ref().expect("MIR value")).clone()) < ((__jet_v_7958300411584418890.as_ref().expect("MIR value")).clone())));
       |       ^                                                                                                                                           ^
       |
help: remove these parentheses
       |
129738 -                 __jet_v_3157499565108049093 = Some((((__jet_v_4216754540851105890.as_ref().expect("MIR value")).clone()) < ((__jet_v_7958300411584418890.as_ref().expect("MIR value")).clone())));
129738 +                 __jet_v_3157499565108049093 = Some(((__jet_v_4216754540851105890.as_ref().expect("MIR value")).clone()) < ((__jet_v_7958300411584418890.as_ref().expect("MIR value")).clone()));
       |

warning: unnecessary parentheses around function argument
      --> /jet/build/jet_source.rs:129801:53
       |
129801 | ...me((((__jet_v_12406629918282657014.as_ref().expect("MIR value")).clone()) < ((__jet_v_13868586359176819692.as_ref().expect("MIR value")).clone())));
       |       ^                                                                                                                                             ^
       |
help: remove these parentheses
       |
129801 -                 __jet_v_11805366791111029257 = Some((((__jet_v_12406629918282657014.as_ref().expect("MIR value")).clone()) < ((__jet_v_13868586359176819692.as_ref().expect("MIR value")).clone())));
129801 +                 __jet_v_11805366791111029257 = Some(((__jet_v_12406629918282657014.as_ref().expect("MIR value")).clone()) < ((__jet_v_13868586359176819692.as_ref().expect("MIR value")).clone()));
       |

warning: unnecessary parentheses around function argument
      --> /jet/build/jet_source.rs:129890:52
       |
129890 | ...me((((__jet_v_13724434703865816406.as_ref().expect("MIR value")).clone()) < ((__jet_v_6157119344805976243.as_ref().expect("MIR value")).clone())));
       |       ^                                                                                                                                            ^
       |
help: remove these parentheses
       |
129890 -                 __jet_v_8193200116405729264 = Some((((__jet_v_13724434703865816406.as_ref().expect("MIR value")).clone()) < ((__jet_v_6157119344805976243.as_ref().expect("MIR value")).clone())));
129890 +                 __jet_v_8193200116405729264 = Some(((__jet_v_13724434703865816406.as_ref().expect("MIR value")).clone()) < ((__jet_v_6157119344805976243.as_ref().expect("MIR value")).clone()));
       |

warning: unnecessary trailing semicolon
      --> /jet/build/jet_source.rs:130226:58
       |
130226 |                 /* MIR scope enter 1329977076594883154 */;
       |                                                          ^ help: remove this semicolon

warning: unnecessary trailing semicolon
      --> /jet/build/jet_source.rs:130231:57
       |
130231 |                 /* MIR scope exit 1329977076594883154 */;
       |                                                         ^ help: remove this semicolon

warning: unnecessary parentheses around function argument
      --> /jet/build/jet_source.rs:130267:52
       |
130267 | ...me((((__jet_v_4559790196278446956.as_ref().expect("MIR value")).clone()) <= ((__jet_v_12727038872967487888.as_ref().expect("MIR value")).clone())));
       |       ^                                                                                                                                             ^
       |
help: remove these parentheses
       |
130267 -                 __jet_v_8358709779330447404 = Some((((__jet_v_4559790196278446956.as_ref().expect("MIR value")).clone()) <= ((__jet_v_12727038872967487888.as_ref().expect("MIR value")).clone())));
130267 +                 __jet_v_8358709779330447404 = Some(((__jet_v_4559790196278446956.as_ref().expect("MIR value")).clone()) <= ((__jet_v_12727038872967487888.as_ref().expect("MIR value")).clone()));
       |

warning: unnecessary trailing semicolon
      --> /jet/build/jet_source.rs:130284:57
       |
130284 |                 /* MIR scope exit 1427366072522321256 */;
       |                                                         ^ help: remove this semicolon

warning: unnecessary parentheses around function argument
      --> /jet/build/jet_source.rs:130310:53
       |
130310 | ...me((((__jet_v_3429345555469435538.as_ref().expect("MIR value")).clone()) == ((__jet_v_7984756552060058027.as_ref().expect("MIR value")).clone())));
       |       ^                                                                                                                                            ^
       |
help: remove these parentheses
       |
130310 -                 __jet_v_17091526033319973111 = Some((((__jet_v_3429345555469435538.as_ref().expect("MIR value")).clone()) == ((__jet_v_7984756552060058027.as_ref().expect("MIR value")).clone())));
130310 +                 __jet_v_17091526033319973111 = Some(((__jet_v_3429345555469435538.as_ref().expect("MIR value")).clone()) == ((__jet_v_7984756552060058027.as_ref().expect("MIR value")).clone()));
       |

warning: unnecessary trailing semicolon
      --> /jet/build/jet_source.rs:130333:58
       |
130333 |                 /* MIR scope exit 10375603855142220044 */;
       |                                                          ^ help: remove this semicolon

warning: unnecessary trailing semicolon
      --> /jet/build/jet_source.rs:130356:59
       |
130356 |                 /* MIR scope enter 10375603855142220044 */;
       |                                                           ^ help: remove this semicolon

warning: unnecessary trailing semicolon
      --> /jet/build/jet_source.rs:130511:58
       |
130511 |                 /* MIR scope enter 4483382510004366726 */;
       |                                                          ^ help: remove this semicolon

warning: unnecessary trailing semicolon
      --> /jet/build/jet_source.rs:130514:57
       |
130514 |                 /* MIR scope exit 4483382510004366726 */;
       |                                                         ^ help: remove this semicolon

warning: unnecessary trailing semicolon
      --> /jet/build/jet_source.rs:130616:58
       |
130616 |                 /* MIR scope enter 1427366072522321256 */;
       |                                                          ^ help: remove this semicolon

warning: unnecessary parentheses around function argument
      --> /jet/build/jet_source.rs:130636:52
       |
130636 | ...me((((__jet_v_15880319958769786990.as_ref().expect("MIR value")).clone()) == ((__jet_v_3896522518962450082.as_ref().expect("MIR value")).clone())));
       |       ^                                                                                                                                             ^
       |
help: remove these parentheses
       |
130636 -                 __jet_v_3010295692753408208 = Some((((__jet_v_15880319958769786990.as_ref().expect("MIR value")).clone()) == ((__jet_v_3896522518962450082.as_ref().expect("MIR value")).clone())));
130636 +                 __jet_v_3010295692753408208 = Some(((__jet_v_15880319958769786990.as_ref().expect("MIR value")).clone()) == ((__jet_v_3896522518962450082.as_ref().expect("MIR value")).clone()));
       |

error[E0308]: mismatched types
      --> /jet/build/jet_source.rs:127541:55
       |
127541 |                 __jet_v_5219624996786239548 = Some(Ok(__jet_v_78061236952796714.take().expect("MIR value")));
       |                                                    -- ^^^^^^^^^^^^^^^^^^^^^^^^^^^^^^^^^^^^^^^^^^^^^^^^^^^^ expected `JetInt`, found `u8`
       |                                                    |
       |                                                    arguments to this enum variant are incorrect
       |
help: the type constructed contains `u8` due to the type of the argument passed
      --> /jet/build/jet_source.rs:127541:52
       |
127541 |                 __jet_v_5219624996786239548 = Some(Ok(__jet_v_78061236952796714.take().expect("MIR value")));
       |                                                    ^^^----------------------------------------------------^
       |                                                       |
       |                                                       this argument influences the type of `Ok`
note: tuple variant defined here
      --> /rustc/8bab26f4f68e0e26f0bb7960be334d5b520ea452/library/core/src/result.rs:561:4

warning: unused import: `Read`
      --> /jet/build/jet_source.rs:114774:15
       |
114774 | use std::io::{Read, Seek, SeekFrom, Write};
       |               ^^^^

warning: unused import: `Write`
      --> /jet/build/jet_source.rs:114774:37
       |
114774 | use std::io::{Read, Seek, SeekFrom, Write};
       |                                     ^^^^^

warning: unused import: `Any`
      --> /jet/build/jet_source.rs:114771:16
       |
114771 | use std::any::{Any as JetWebStoreAny, TypeId as JetWebStoreTypeId};
       |                ^^^

warning: value assigned to `cursor` is never read
      --> /jet/build/jet_source.rs:121940:17
       |
121940 |                 cursor += 2;
       |                 ^^^^^^^^^^^ this value is reassigned later and never used
...
121943 |                 cursor += 1;
       |                 ----------- `cursor` is overwritten here before the previous value is read
       |
       = note: `#[warn(unused_assignments)]` (part of `#[warn(unused)]`) on by default

warning: value assigned to `cursor` is never read
      --> /jet/build/jet_source.rs:121943:17
       |
121943 |                 cursor += 1;
       |                 ^^^^^^^^^^^
       |
       = help: maybe it is overwritten before being read?

error: aborting due to 1 previous error; 129 warnings emitted

For more information about this error, try `rustc --explain E0308`.
