warning: trait `__jet_Display` should have an upper camel case name
 --> /jet/build/minimal_shared.rs:4:11
  |
4 | pub trait __jet_Display {
  |           ^^^^^^^^^^^^^ help: convert the identifier to upper camel case: `JetDisplay`
  |
  = note: `#[warn(non_camel_case_types)]` (part of `#[warn(nonstandard_style)]`) on by default

warning: trait `__jet_Equatable` should have an upper camel case name
 --> /jet/build/minimal_shared.rs:8:11
  |
8 | pub trait __jet_Equatable: Sized { fn equal(&self, rhs: &Self) -> bool; }
  |           ^^^^^^^^^^^^^^^ help: convert the identifier to upper camel case: `JetEquatable`

warning: type `__jet_Ordering` should have an upper camel case name
  --> /jet/build/minimal_shared.rs:24:10
   |
24 | pub enum __jet_Ordering { __jet_Less, __jet_Equal, __jet_Greater }
   |          ^^^^^^^^^^^^^^ help: convert the identifier to upper camel case: `JetOrdering`

warning: variant `__jet_Less` should have an upper camel case name
  --> /jet/build/minimal_shared.rs:24:27
   |
24 | pub enum __jet_Ordering { __jet_Less, __jet_Equal, __jet_Greater }
   |                           ^^^^^^^^^^ help: convert the identifier to upper camel case: `JetLess`

warning: variant `__jet_Equal` should have an upper camel case name
  --> /jet/build/minimal_shared.rs:24:39
   |
24 | pub enum __jet_Ordering { __jet_Less, __jet_Equal, __jet_Greater }
   |                                       ^^^^^^^^^^^ help: convert the identifier to upper camel case: `JetEqual`

warning: variant `__jet_Greater` should have an upper camel case name
  --> /jet/build/minimal_shared.rs:24:52
   |
24 | pub enum __jet_Ordering { __jet_Less, __jet_Equal, __jet_Greater }
   |                                                    ^^^^^^^^^^^^^ help: convert the identifier to upper camel case: `JetGreater`

warning: trait `__jet_Comparable` should have an upper camel case name
  --> /jet/build/minimal_shared.rs:26:11
   |
26 | pub trait __jet_Comparable: Sized { fn compare(&self, rhs: &Self) -> __jet_Ordering; }
   |           ^^^^^^^^^^^^^^^^ help: convert the identifier to upper camel case: `JetComparable`

warning: trait `__jet_Add` should have an upper camel case name
  --> /jet/build/minimal_shared.rs:38:11
   |
38 | pub trait __jet_Add<Rhs = Self>: Sized { type Output; fn add(&self, rhs: &Rhs) -> Self::Output; }
   |           ^^^^^^^^^ help: convert the identifier to upper camel case: `JetAdd`

warning: trait `__jet_Sub` should have an upper camel case name
  --> /jet/build/minimal_shared.rs:39:11
   |
39 | pub trait __jet_Sub<Rhs = Self>: Sized { type Output; fn sub(&self, rhs: &Rhs) -> Self::Output; }
   |           ^^^^^^^^^ help: convert the identifier to upper camel case: `JetSub`

warning: trait `__jet_Mul` should have an upper camel case name
  --> /jet/build/minimal_shared.rs:40:11
   |
40 | pub trait __jet_Mul<Rhs = Self>: Sized { type Output; fn mul(&self, rhs: &Rhs) -> Self::Output; }
   |           ^^^^^^^^^ help: convert the identifier to upper camel case: `JetMul`

warning: trait `__jet_Div` should have an upper camel case name
  --> /jet/build/minimal_shared.rs:41:11
   |
41 | pub trait __jet_Div<Rhs = Self>: Sized { type Output; fn div(&self, rhs: &Rhs) -> Self::Output; }
   |           ^^^^^^^^^ help: convert the identifier to upper camel case: `JetDiv`

warning: trait `__jet_Serialize` should have an upper camel case name
     --> /jet/build/minimal_shared.rs:40589:7
      |
40589 | trait __jet_Serialize {
      |       ^^^^^^^^^^^^^^^ help: convert the identifier to upper camel case: `JetSerialize`

warning: unused import: `Cell`
     --> /jet/build/minimal_shared.rs:45083:21
      |
45083 |     use std::cell::{Cell, RefCell};
      |                     ^^^^
      |
      = note: `#[warn(unused_imports)]` (part of `#[warn(unused)]`) on by default

warning: unused import: `JetUninit`
     --> /jet/build/minimal_shared.rs:45087:43
      |
45087 |     pub use super::jet_uninit_semantics::{JetUninit, JetUninitFixed};
      |                                           ^^^^^^^^^

warning: unused imports: `JetSentryFrame`, `JetSentryGuard`, `jet_sentry_current_frame`, `jet_sentry_fenced_scope`, `jet_sentry_frame`, `jet_sentry_policy_scope`, `jet_sentry_reset`, `jet_sentry_scope`, and `jet_sentry_set_hardened`
     --> /jet/build/minimal_shared.rs:45100:35
      |
45100 |         jet_memory_ledger_record, jet_sentry_current_frame, jet_sentry_fenced_scope,
      |                                   ^^^^^^^^^^^^^^^^^^^^^^^^  ^^^^^^^^^^^^^^^^^^^^^^^
45101 |         jet_sentry_frame, jet_sentry_policy_scope, jet_sentry_reset, jet_sentry_scope,
      |         ^^^^^^^^^^^^^^^^  ^^^^^^^^^^^^^^^^^^^^^^^  ^^^^^^^^^^^^^^^^  ^^^^^^^^^^^^^^^^
45102 |         jet_sentry_set_hardened, JetSentryFrame, JetSentryGuard, MemoryLedgerWitness,
      |         ^^^^^^^^^^^^^^^^^^^^^^^  ^^^^^^^^^^^^^^  ^^^^^^^^^^^^^^

warning: unnecessary parentheses around block return value
     --> /jet/build/minimal_shared.rs:69068:13
      |
69068 |             (((exponent as u64 + 1023) << 52) | (top & ((1u64 << 52) - 1)))
      |             ^                                                             ^
      |
      = note: `#[warn(unused_parens)]` (part of `#[warn(unused)]`) on by default
help: remove these parentheses
      |
69068 -             (((exponent as u64 + 1023) << 52) | (top & ((1u64 << 52) - 1)))
69068 +             ((exponent as u64 + 1023) << 52) | (top & ((1u64 << 52) - 1))
      |

warning: unused import: `crate::jet_int_compare_hot`
     --> /jet/build/minimal_shared.rs:69413:9
      |
69413 | pub use crate::jet_int_compare_hot;
      |         ^^^^^^^^^^^^^^^^^^^^^^^^^^

warning: unused import: `crate::jet_int_add_hot`
     --> /jet/build/minimal_shared.rs:69437:9
      |
69437 | pub use crate::jet_int_add_hot;
      |         ^^^^^^^^^^^^^^^^^^^^^^

warning: unused import: `crate::jet_int_sub_hot`
     --> /jet/build/minimal_shared.rs:69461:9
      |
69461 | pub use crate::jet_int_sub_hot;
      |         ^^^^^^^^^^^^^^^^^^^^^^

warning: unused import: `crate::jet_int_mul_hot`
     --> /jet/build/minimal_shared.rs:69485:9
      |
69485 | pub use crate::jet_int_mul_hot;
      |         ^^^^^^^^^^^^^^^^^^^^^^

warning: unused import: `crate::jet_int_add_inline`
     --> /jet/build/minimal_shared.rs:69499:9
      |
69499 | pub use crate::jet_int_add_inline;
      |         ^^^^^^^^^^^^^^^^^^^^^^^^^

warning: unused import: `crate::jet_int_sub_inline`
     --> /jet/build/minimal_shared.rs:69509:9
      |
69509 | pub use crate::jet_int_sub_inline;
      |         ^^^^^^^^^^^^^^^^^^^^^^^^^

warning: unused import: `crate::jet_int_mul_inline`
     --> /jet/build/minimal_shared.rs:69519:9
      |
69519 | pub use crate::jet_int_mul_inline;
      |         ^^^^^^^^^^^^^^^^^^^^^^^^^

warning: unused import: `crate::jet_int_compare_inline`
     --> /jet/build/minimal_shared.rs:69533:9
      |
69533 | pub use crate::jet_int_compare_inline;
      |         ^^^^^^^^^^^^^^^^^^^^^^^^^^^^^

warning: unused import: `crate::jet_int_neg_inline`
     --> /jet/build/minimal_shared.rs:69542:9
      |
69542 | pub use crate::jet_int_neg_inline;
      |         ^^^^^^^^^^^^^^^^^^^^^^^^^

warning: unused import: `crate::jet_int_bit_and_hot`
     --> /jet/build/minimal_shared.rs:69561:9
      |
69561 | pub use crate::jet_int_bit_and_hot;
      |         ^^^^^^^^^^^^^^^^^^^^^^^^^^

warning: unused import: `crate::jet_int_bit_or_hot`
     --> /jet/build/minimal_shared.rs:69577:9
      |
69577 | pub use crate::jet_int_bit_or_hot;
      |         ^^^^^^^^^^^^^^^^^^^^^^^^^

warning: unused import: `crate::jet_int_bit_xor_hot`
     --> /jet/build/minimal_shared.rs:69593:9
      |
69593 | pub use crate::jet_int_bit_xor_hot;
      |         ^^^^^^^^^^^^^^^^^^^^^^^^^^

warning: unused imports: `JetCellEditGuard` and `JetCellReadGuard`
     --> /jet/build/minimal_shared.rs:75347:35
      |
75347 | pub use self::jet_cell::{JetCell, JetCellEditGuard, JetCellReadGuard};
      |                                   ^^^^^^^^^^^^^^^^  ^^^^^^^^^^^^^^^^

warning: unused imports: `JetStreamSender` and `jet_stream_task`
     --> /jet/build/minimal_shared.rs:76288:21
      |
76288 |     pub use super::{jet_stream_task, JetStream, JetStreamSender};
      |                     ^^^^^^^^^^^^^^^             ^^^^^^^^^^^^^^^

warning: unused macro definition: `jet_plugin_bridge`
     --> /jet/build/minimal_shared.rs:86552:14
      |
86552 | macro_rules! jet_plugin_bridge {
      |              ^^^^^^^^^^^^^^^^^
      |
      = note: `#[warn(unused_macros)]` (part of `#[warn(unused)]`) on by default

warning: unused import: `std::io::Write`
     --> /jet/build/minimal_shared.rs:92453:13
      |
92453 |         use std::io::Write;
      |             ^^^^^^^^^^^^^^

warning: unused import: `core::cell::Cell`
      --> /jet/build/minimal_shared.rs:111246:5
       |
111246 | use core::cell::Cell;
       |     ^^^^^^^^^^^^^^^^

warning: unused import: `std::fs::OpenOptions`
      --> /jet/build/minimal_shared.rs:111253:5
       |
111253 | use std::fs::OpenOptions;
       |     ^^^^^^^^^^^^^^^^^^^^

warning: unused import: `SeekFrom`
      --> /jet/build/minimal_shared.rs:111254:27
       |
111254 | use std::io::{Read, Seek, SeekFrom, Write};
       |                           ^^^^^^^^

warning: unused imports: `Component` and `Path`
      --> /jet/build/minimal_shared.rs:111257:17
       |
111257 | use std::path::{Component, Path, PathBuf};
       |                 ^^^^^^^^^  ^^^^

warning: unused import: `Arc as JetDataPlotArc`
      --> /jet/build/minimal_shared.rs:111258:31
       |
111258 | use std::sync::{Arc, Condvar, Arc as JetDataPlotArc, Arc as JetWebFormArc, Mutex as JetWebFormMutex, Arc as JetWebQueryArc, Mute...
       |                               ^^^^^^^^^^^^^^^^^^^^^

warning: unused macro definition: `jet_http_client_bridge`
      --> /jet/build/minimal_shared.rs:123944:14
       |
123944 | macro_rules! jet_http_client_bridge {
       |              ^^^^^^^^^^^^^^^^^^^^^^

warning: type `__jet_ParseError` should have an upper camel case name
      --> /jet/build/minimal_shared.rs:154796:10
       |
154796 | pub type __jet_ParseError = String;
       |          ^^^^^^^^^^^^^^^^ help: convert the identifier to upper camel case: `JetParseError`

warning: type `__jet__shome_snate_s_dcache_sjet_hluna_sdx3_s_udefects_sweb_spkg_c_cminimal_ushared_djet_c_cState` should have an upper camel case name
      --> /jet/build/minimal_shared.rs:154799:8
       |
154799 | struct __jet__shome_snate_s_dcache_sjet_hluna_sdx3_s_udefects_sweb_spkg_c_cminimal_ushared_djet_c_cState {
       |        ^^^^^^^^^^^^^^^^^^^^^^^^^^^^^^^^^^^^^^^^^^^^^^^^^^^^^^^^^^^^^^^^^^^^^^^^^^^^^^^^^^^^^^^^^^^^^^^^^ help: convert the identifier to upper camel case: `JetShomeSnateSDcacheSjetHlunaSdx3SUdefectsSwebSpkgCCminimalUsharedDjetCCState`

warning: unnecessary parentheses around function argument
      --> /jet/build/minimal_shared.rs:154863:53
       |
154863 | ...me((((__jet_v_919520572537022322.as_ref().expect("MIR value")).clone()) != ((__jet_v_6486049814631297056.as_ref().expect("MIR value")).clone())));
       |       ^                                                                                                                                           ^
       |
help: remove these parentheses
       |
154863 -                 __jet_v_13207007999881159600 = Some((((__jet_v_919520572537022322.as_ref().expect("MIR value")).clone()) != ((__jet_v_6486049814631297056.as_ref().expect("MIR value")).clone())));
154863 +                 __jet_v_13207007999881159600 = Some(((__jet_v_919520572537022322.as_ref().expect("MIR value")).clone()) != ((__jet_v_6486049814631297056.as_ref().expect("MIR value")).clone()));
       |

warning: unnecessary parentheses around function argument
      --> /jet/build/minimal_shared.rs:154921:52
       |
154921 | ...me((((__jet_v_18124422685178004211.as_ref().expect("MIR value")).clone()) > ((__jet_v_442749679448590545.as_ref().expect("MIR value")).clone())));
       |       ^                                                                                                                                           ^
       |
help: remove these parentheses
       |
154921 -                 __jet_v_5776585452365150239 = Some((((__jet_v_18124422685178004211.as_ref().expect("MIR value")).clone()) > ((__jet_v_442749679448590545.as_ref().expect("MIR value")).clone())));
154921 +                 __jet_v_5776585452365150239 = Some(((__jet_v_18124422685178004211.as_ref().expect("MIR value")).clone()) > ((__jet_v_442749679448590545.as_ref().expect("MIR value")).clone()));
       |

warning: unnecessary parentheses around function argument
      --> /jet/build/minimal_shared.rs:154959:51
       |
154959 | ...me((((__jet_v_10942161208262559492.as_ref().expect("MIR value")).clone()) < ((__jet_v_2665954864294370043.as_ref().expect("MIR value")).clone())));
       |       ^                                                                                                                                            ^
       |
help: remove these parentheses
       |
154959 -                 __jet_v_787844383652030028 = Some((((__jet_v_10942161208262559492.as_ref().expect("MIR value")).clone()) < ((__jet_v_2665954864294370043.as_ref().expect("MIR value")).clone())));
154959 +                 __jet_v_787844383652030028 = Some(((__jet_v_10942161208262559492.as_ref().expect("MIR value")).clone()) < ((__jet_v_2665954864294370043.as_ref().expect("MIR value")).clone()));
       |

warning: unnecessary parentheses around function argument
      --> /jet/build/minimal_shared.rs:155347:53
       |
155347 | ...me((((__jet_v_14804240890268846315.as_ref().expect("MIR value")).clone()) == ((__jet_v_13964861356832993657.as_ref().expect("MIR value")).clone())));
       |       ^                                                                                                                                              ^
       |
help: remove these parentheses
       |
155347 -                 __jet_v_12079354347839623544 = Some((((__jet_v_14804240890268846315.as_ref().expect("MIR value")).clone()) == ((__jet_v_13964861356832993657.as_ref().expect("MIR value")).clone())));
155347 +                 __jet_v_12079354347839623544 = Some(((__jet_v_14804240890268846315.as_ref().expect("MIR value")).clone()) == ((__jet_v_13964861356832993657.as_ref().expect("MIR value")).clone()));
       |

warning: unnecessary parentheses around function argument
      --> /jet/build/minimal_shared.rs:155474:53
       |
155474 |                 __jet_v_13981212607809977702 = Some((!(*(__jet_v_1932858375832153142.as_ref().expect("MIR value")))));
       |                                                     ^                                                              ^
       |
help: remove these parentheses
       |
155474 -                 __jet_v_13981212607809977702 = Some((!(*(__jet_v_1932858375832153142.as_ref().expect("MIR value")))));
155474 +                 __jet_v_13981212607809977702 = Some(!(*(__jet_v_1932858375832153142.as_ref().expect("MIR value"))));
       |

warning: unnecessary parentheses around function argument
      --> /jet/build/minimal_shared.rs:155492:53
       |
155492 |                 __jet_v_13238265764874616264 = Some((!(*(__jet_v_7979303594336991301.as_ref().expect("MIR value")))));
       |                                                     ^                                                              ^
       |
help: remove these parentheses
       |
155492 -                 __jet_v_13238265764874616264 = Some((!(*(__jet_v_7979303594336991301.as_ref().expect("MIR value")))));
155492 +                 __jet_v_13238265764874616264 = Some(!(*(__jet_v_7979303594336991301.as_ref().expect("MIR value"))));
       |

warning: unnecessary parentheses around function argument
      --> /jet/build/minimal_shared.rs:155527:52
       |
155527 |                 __jet_v_7084483703531255444 = Some((!(*(__jet_v_6367418339206172299.as_ref().expect("MIR value")))));
       |                                                    ^                                                              ^
       |
help: remove these parentheses
       |
155527 -                 __jet_v_7084483703531255444 = Some((!(*(__jet_v_6367418339206172299.as_ref().expect("MIR value")))));
155527 +                 __jet_v_7084483703531255444 = Some(!(*(__jet_v_6367418339206172299.as_ref().expect("MIR value"))));
       |

warning: unused label
      --> /jet/build/minimal_shared.rs:155677:5
       |
155677 |     'mir_dispatch: loop {
       |     ^^^^^^^^^^^^^
       |
       = note: `#[warn(unused_labels)]` (part of `#[warn(unused)]`) on by default

warning: unused label
      --> /jet/build/minimal_shared.rs:155703:5
       |
155703 |     'mir_dispatch: loop {
       |     ^^^^^^^^^^^^^

warning: unused label
      --> /jet/build/minimal_shared.rs:155731:5
       |
155731 |     'mir_dispatch: loop {
       |     ^^^^^^^^^^^^^

error[E0425]: cannot find function `jet_shared_read` in this scope
      --> /jet/build/minimal_shared.rs:155681:52
       |
 96012 | fn jet_sha256_raw(data: &[u8]) -> [u8; 32] {
       | ------------------------------------------ similarly named function `jet_sha256_raw` defined here
...
155681 |                 __jet_v_5764339982416107764 = Some(jet_shared_read(&(*__jet_capture_0), __jet_v_13815992197420295442.take().expe...
       |                                                    ^^^^^^^^^^^^^^^
       |
help: a function with a similar name exists
       |
155681 -                 __jet_v_5764339982416107764 = Some(jet_shared_read(&(*__jet_capture_0), __jet_v_13815992197420295442.take().expect("MIR value")));
155681 +                 __jet_v_5764339982416107764 = Some(jet_sha256_raw(&(*__jet_capture_0), __jet_v_13815992197420295442.take().expect("MIR value")));
       |

warning: unused import: `Write`
      --> /jet/build/minimal_shared.rs:111254:37
       |
111254 | use std::io::{Read, Seek, SeekFrom, Write};
       |                                     ^^^^^

warning: unused import: `std::io::Write`
      --> /jet/build/minimal_shared.rs:129622:9
       |
129622 |     use std::io::Write;
       |         ^^^^^^^^^^^^^^

warning: unused import: `Seek`
      --> /jet/build/minimal_shared.rs:111254:21
       |
111254 | use std::io::{Read, Seek, SeekFrom, Write};
       |                     ^^^^

warning: value assigned to `cursor` is never read
      --> /jet/build/minimal_shared.rs:118364:17
       |
118364 |                 cursor += 2;
       |                 ^^^^^^^^^^^ this value is reassigned later and never used
...
118367 |                 cursor += 1;
       |                 ----------- `cursor` is overwritten here before the previous value is read
       |
       = note: `#[warn(unused_assignments)]` (part of `#[warn(unused)]`) on by default

warning: value assigned to `cursor` is never read
      --> /jet/build/minimal_shared.rs:118367:17
       |
118367 |                 cursor += 1;
       |                 ^^^^^^^^^^^
       |
       = help: maybe it is overwritten before being read?

error: aborting due to 1 previous error; 55 warnings emitted

For more information about this error, try `rustc --explain E0425`.
