warning: trait `__jet_Display` should have an upper camel case name
 --> /jet/build/pool_stale_id.rs:4:11
  |
4 | pub trait __jet_Display {
  |           ^^^^^^^^^^^^^ help: convert the identifier to upper camel case: `JetDisplay`
  |
  = note: `#[warn(non_camel_case_types)]` (part of `#[warn(nonstandard_style)]`) on by default

warning: trait `__jet_Equatable` should have an upper camel case name
 --> /jet/build/pool_stale_id.rs:8:11
  |
8 | pub trait __jet_Equatable: Sized { fn equal(&self, rhs: &Self) -> bool; }
  |           ^^^^^^^^^^^^^^^ help: convert the identifier to upper camel case: `JetEquatable`

warning: type `__jet_Ordering` should have an upper camel case name
  --> /jet/build/pool_stale_id.rs:24:10
   |
24 | pub enum __jet_Ordering { __jet_Less, __jet_Equal, __jet_Greater }
   |          ^^^^^^^^^^^^^^ help: convert the identifier to upper camel case: `JetOrdering`

warning: variant `__jet_Less` should have an upper camel case name
  --> /jet/build/pool_stale_id.rs:24:27
   |
24 | pub enum __jet_Ordering { __jet_Less, __jet_Equal, __jet_Greater }
   |                           ^^^^^^^^^^ help: convert the identifier to upper camel case: `JetLess`

warning: variant `__jet_Equal` should have an upper camel case name
  --> /jet/build/pool_stale_id.rs:24:39
   |
24 | pub enum __jet_Ordering { __jet_Less, __jet_Equal, __jet_Greater }
   |                                       ^^^^^^^^^^^ help: convert the identifier to upper camel case: `JetEqual`

warning: variant `__jet_Greater` should have an upper camel case name
  --> /jet/build/pool_stale_id.rs:24:52
   |
24 | pub enum __jet_Ordering { __jet_Less, __jet_Equal, __jet_Greater }
   |                                                    ^^^^^^^^^^^^^ help: convert the identifier to upper camel case: `JetGreater`

warning: trait `__jet_Comparable` should have an upper camel case name
  --> /jet/build/pool_stale_id.rs:26:11
   |
26 | pub trait __jet_Comparable: Sized { fn compare(&self, rhs: &Self) -> __jet_Ordering; }
   |           ^^^^^^^^^^^^^^^^ help: convert the identifier to upper camel case: `JetComparable`

warning: trait `__jet_Add` should have an upper camel case name
  --> /jet/build/pool_stale_id.rs:38:11
   |
38 | pub trait __jet_Add<Rhs = Self>: Sized { type Output; fn add(&self, rhs: &Rhs) -> Self::Output; }
   |           ^^^^^^^^^ help: convert the identifier to upper camel case: `JetAdd`

warning: trait `__jet_Sub` should have an upper camel case name
  --> /jet/build/pool_stale_id.rs:39:11
   |
39 | pub trait __jet_Sub<Rhs = Self>: Sized { type Output; fn sub(&self, rhs: &Rhs) -> Self::Output; }
   |           ^^^^^^^^^ help: convert the identifier to upper camel case: `JetSub`

warning: trait `__jet_Mul` should have an upper camel case name
  --> /jet/build/pool_stale_id.rs:40:11
   |
40 | pub trait __jet_Mul<Rhs = Self>: Sized { type Output; fn mul(&self, rhs: &Rhs) -> Self::Output; }
   |           ^^^^^^^^^ help: convert the identifier to upper camel case: `JetMul`

warning: trait `__jet_Div` should have an upper camel case name
  --> /jet/build/pool_stale_id.rs:41:11
   |
41 | pub trait __jet_Div<Rhs = Self>: Sized { type Output; fn div(&self, rhs: &Rhs) -> Self::Output; }
   |           ^^^^^^^^^ help: convert the identifier to upper camel case: `JetDiv`

warning: trait `__jet_Serialize` should have an upper camel case name
     --> /jet/build/pool_stale_id.rs:39931:7
      |
39931 | trait __jet_Serialize {
      |       ^^^^^^^^^^^^^^^ help: convert the identifier to upper camel case: `JetSerialize`

warning: unused import: `Cell`
     --> /jet/build/pool_stale_id.rs:44405:21
      |
44405 |     use std::cell::{Cell, RefCell};
      |                     ^^^^
      |
      = note: `#[warn(unused_imports)]` (part of `#[warn(unused)]`) on by default

warning: unused import: `JetUninit`
     --> /jet/build/pool_stale_id.rs:44409:43
      |
44409 |     pub use super::jet_uninit_semantics::{JetUninit, JetUninitFixed};
      |                                           ^^^^^^^^^

warning: unused imports: `JetSentryFrame`, `JetSentryGuard`, `jet_sentry_current_frame`, `jet_sentry_fenced_scope`, `jet_sentry_frame`, `jet_sentry_policy_scope`, `jet_sentry_reset`, `jet_sentry_scope`, and `jet_sentry_set_hardened`
     --> /jet/build/pool_stale_id.rs:44422:35
      |
44422 |         jet_memory_ledger_record, jet_sentry_current_frame, jet_sentry_fenced_scope,
      |                                   ^^^^^^^^^^^^^^^^^^^^^^^^  ^^^^^^^^^^^^^^^^^^^^^^^
44423 |         jet_sentry_frame, jet_sentry_policy_scope, jet_sentry_reset, jet_sentry_scope,
      |         ^^^^^^^^^^^^^^^^  ^^^^^^^^^^^^^^^^^^^^^^^  ^^^^^^^^^^^^^^^^  ^^^^^^^^^^^^^^^^
44424 |         jet_sentry_set_hardened, JetSentryFrame, JetSentryGuard, MemoryLedgerWitness,
      |         ^^^^^^^^^^^^^^^^^^^^^^^  ^^^^^^^^^^^^^^  ^^^^^^^^^^^^^^

warning: unused import: `crate::jet_encoding_json::render_json`
     --> /jet/build/pool_stale_id.rs:64381:13
      |
64381 |     pub use crate::jet_encoding_json::render_json;
      |             ^^^^^^^^^^^^^^^^^^^^^^^^^^^^^^^^^^^^^

warning: unnecessary parentheses around block return value
     --> /jet/build/pool_stale_id.rs:68370:13
      |
68370 |             (((exponent as u64 + 1023) << 52) | (top & ((1u64 << 52) - 1)))
      |             ^                                                             ^
      |
      = note: `#[warn(unused_parens)]` (part of `#[warn(unused)]`) on by default
help: remove these parentheses
      |
68370 -             (((exponent as u64 + 1023) << 52) | (top & ((1u64 << 52) - 1)))
68370 +             ((exponent as u64 + 1023) << 52) | (top & ((1u64 << 52) - 1))
      |

warning: unused import: `crate::jet_int_compare_hot`
     --> /jet/build/pool_stale_id.rs:68708:9
      |
68708 | pub use crate::jet_int_compare_hot;
      |         ^^^^^^^^^^^^^^^^^^^^^^^^^^

warning: unused import: `crate::jet_int_add_hot`
     --> /jet/build/pool_stale_id.rs:68732:9
      |
68732 | pub use crate::jet_int_add_hot;
      |         ^^^^^^^^^^^^^^^^^^^^^^

warning: unused import: `crate::jet_int_sub_hot`
     --> /jet/build/pool_stale_id.rs:68756:9
      |
68756 | pub use crate::jet_int_sub_hot;
      |         ^^^^^^^^^^^^^^^^^^^^^^

warning: unused import: `crate::jet_int_mul_hot`
     --> /jet/build/pool_stale_id.rs:68780:9
      |
68780 | pub use crate::jet_int_mul_hot;
      |         ^^^^^^^^^^^^^^^^^^^^^^

warning: unused import: `crate::jet_int_add_inline`
     --> /jet/build/pool_stale_id.rs:68794:9
      |
68794 | pub use crate::jet_int_add_inline;
      |         ^^^^^^^^^^^^^^^^^^^^^^^^^

warning: unused import: `crate::jet_int_sub_inline`
     --> /jet/build/pool_stale_id.rs:68804:9
      |
68804 | pub use crate::jet_int_sub_inline;
      |         ^^^^^^^^^^^^^^^^^^^^^^^^^

warning: unused import: `crate::jet_int_mul_inline`
     --> /jet/build/pool_stale_id.rs:68814:9
      |
68814 | pub use crate::jet_int_mul_inline;
      |         ^^^^^^^^^^^^^^^^^^^^^^^^^

warning: unused import: `crate::jet_int_compare_inline`
     --> /jet/build/pool_stale_id.rs:68828:9
      |
68828 | pub use crate::jet_int_compare_inline;
      |         ^^^^^^^^^^^^^^^^^^^^^^^^^^^^^

warning: unused import: `crate::jet_int_neg_inline`
     --> /jet/build/pool_stale_id.rs:68837:9
      |
68837 | pub use crate::jet_int_neg_inline;
      |         ^^^^^^^^^^^^^^^^^^^^^^^^^

warning: unused import: `crate::jet_int_bit_and_hot`
     --> /jet/build/pool_stale_id.rs:68856:9
      |
68856 | pub use crate::jet_int_bit_and_hot;
      |         ^^^^^^^^^^^^^^^^^^^^^^^^^^

warning: unused import: `crate::jet_int_bit_or_hot`
     --> /jet/build/pool_stale_id.rs:68872:9
      |
68872 | pub use crate::jet_int_bit_or_hot;
      |         ^^^^^^^^^^^^^^^^^^^^^^^^^

warning: unused import: `crate::jet_int_bit_xor_hot`
     --> /jet/build/pool_stale_id.rs:68888:9
      |
68888 | pub use crate::jet_int_bit_xor_hot;
      |         ^^^^^^^^^^^^^^^^^^^^^^^^^^

warning: unused imports: `JetCellEditGuard` and `JetCellReadGuard`
     --> /jet/build/pool_stale_id.rs:74642:35
      |
74642 | pub use self::jet_cell::{JetCell, JetCellEditGuard, JetCellReadGuard};
      |                                   ^^^^^^^^^^^^^^^^  ^^^^^^^^^^^^^^^^

warning: unused imports: `JetStreamSender` and `jet_stream_task`
     --> /jet/build/pool_stale_id.rs:75550:21
      |
75550 |     pub use super::{jet_stream_task, JetStream, JetStreamSender};
      |                     ^^^^^^^^^^^^^^^             ^^^^^^^^^^^^^^^

warning: unused import: `std::io::Write`
     --> /jet/build/pool_stale_id.rs:91772:13
      |
91772 |         use std::io::Write;
      |             ^^^^^^^^^^^^^^

warning: unused import: `core::cell::Cell`
      --> /jet/build/pool_stale_id.rs:109987:5
       |
109987 | use core::cell::Cell;
       |     ^^^^^^^^^^^^^^^^

warning: unused import: `jet_foundation::Devtools::JetDevtoolsEvent as JetWebStoreDevtoolsEvent`
      --> /jet/build/pool_stale_id.rs:109990:5
       |
109990 | use jet_foundation::Devtools::JetDevtoolsEvent as JetWebStoreDevtoolsEvent;
       |     ^^^^^^^^^^^^^^^^^^^^^^^^^^^^^^^^^^^^^^^^^^^^^^^^^^^^^^^^^^^^^^^^^^^^^^

warning: unused import: `TypeId as JetWebStoreTypeId`
      --> /jet/build/pool_stale_id.rs:109992:39
       |
109992 | use std::any::{Any as JetWebStoreAny, TypeId as JetWebStoreTypeId};
       |                                       ^^^^^^^^^^^^^^^^^^^^^^^^^^^

warning: unused imports: `BTreeMap as JetWebFormMap`, `BTreeMap as JetWebTablePages`, `BTreeMap`, `BTreeSet as JetWebTableSet`, `BTreeSet`, `HashMap as JetWebStoreMap`, and `VecDeque as JetWebStoreDeque`
      --> /jet/build/pool_stale_id.rs:109993:24
       |
109993 | ...::{BTreeMap, BTreeSet, HashMap, HashSet, BTreeMap as JetWebFormMap, VecDeque as JetWebStoreDeque, HashMap as JetWebStoreMap, BTreeMap as JetWebTablePages, BTreeSet as JetWebTableSet, V...
       |       ^^^^^^^^  ^^^^^^^^                    ^^^^^^^^^^^^^^^^^^^^^^^^^  ^^^^^^^^^^^^^^^^^^^^^^^^^^^^  ^^^^^^^^^^^^^^^^^^^^^^^^^  ^^^^^^^^^^^^^^^^^^^^^^^^^^^^  ^^^^^^^^^^^^^^^^^^^^^^^^^^

warning: unused import: `std::fs::OpenOptions`
      --> /jet/build/pool_stale_id.rs:109994:5
       |
109994 | use std::fs::OpenOptions;
       |     ^^^^^^^^^^^^^^^^^^^^

warning: unused imports: `SeekFrom` and `Seek`
      --> /jet/build/pool_stale_id.rs:109995:21
       |
109995 | use std::io::{Read, Seek, SeekFrom, Write};
       |                     ^^^^  ^^^^^^^^

warning: unused imports: `Component`, `PathBuf`, and `Path`
      --> /jet/build/pool_stale_id.rs:109998:17
       |
109998 | use std::path::{Component, Path, PathBuf};
       |                 ^^^^^^^^^  ^^^^  ^^^^^^^

warning: unused imports: `Arc as JetDataPlotArc`, `Arc as JetWebFormArc`, `Arc as JetWebQueryArc`, `Arc as JetWebStoreArc`, `Arc as JetWebTableArc`, `Condvar as JetWebStoreCondvar`, `LazyLock as JetWebStoreLazyLock`, `LazyLock`, `Mutex as JetWebFormMutex`, `Mutex as JetWebQueryMutex`, `Mutex as JetWebStoreMutex`, and `Mutex as JetWebTableMutex`
      --> /jet/build/pool_stale_id.rs:109999:31
       |
109999 | ...r, Arc as JetDataPlotArc, Arc as JetWebFormArc, Mutex as JetWebFormMutex, Arc as JetWebQueryArc, Mutex as JetWebQueryMutex, Arc as JetWebStoreArc, Condvar as JetWebStoreCondvar, LazyLock as JetWebStoreLazyLock, Mutex as JetWebStoreMutex, Arc as JetWebTableArc, Mutex as JetWebTableMutex, LazyLock, M...
       |       ^^^^^^^^^^^^^^^^^^^^^  ^^^^^^^^^^^^^^^^^^^^  ^^^^^^^^^^^^^^^^^^^^^^^^  ^^^^^^^^^^^^^^^^^^^^^  ^^^^^^^^^^^^^^^^^^^^^^^^^  ^^^^^^^^^^^^^^^^^^^^^  ^^^^^^^^^^^^^^^^^^^^^^^^^^^^^  ^^^^^^^^^^^^^^^^^^^^^^^^^^^^^^^  ^^^^^^^^^^^^^^^^^^^^^^^^^  ^^^^^^^^^^^^^^^^^^^^^  ^^^^^^^^^^^^^^^^^^^^^^^^^  ^^^^^^^^

warning: unused import: `Ordering as JetWebFormOrdering`
      --> /jet/build/pool_stale_id.rs:110000:60
       |
110000 | use std::sync::atomic::{AtomicBool, AtomicU8, AtomicUsize, Ordering as JetWebFormOrdering};
       |                                                            ^^^^^^^^^^^^^^^^^^^^^^^^^^^^^^

warning: unused imports: `SystemTime as JetWebStoreSystemTime`, `SystemTime`, `UNIX_EPOCH as JetWebStoreUnixEpoch`, and `UNIX_EPOCH`
      --> /jet/build/pool_stale_id.rs:110001:36
       |
110001 | ...tion, Instant, SystemTime as JetWebStoreSystemTime, UNIX_EPOCH as JetWebStoreUnixEpoch, SystemTime, UNIX_EPOCH};
       |                   ^^^^^^^^^^^^^^^^^^^^^^^^^^^^^^^^^^^  ^^^^^^^^^^^^^^^^^^^^^^^^^^^^^^^^^^  ^^^^^^^^^^  ^^^^^^^^^^

warning: type `__jet__shome_snate_sProjects_sGithub_sjet_sexamples_sfeatures_smemory_c_cpool_ustale_uid_djet_c_cPlayer` should have an upper camel case name
      --> /jet/build/pool_stale_id.rs:120669:8
       |
120669 | struct __jet__shome_snate_sProjects_sGithub_sjet_sexamples_sfeatures_smemory_c_cpool_ustale_uid_djet_c_cPlayer {
       |        ^^^^^^^^^^^^^^^^^^^^^^^^^^^^^^^^^^^^^^^^^^^^^^^^^^^^^^^^^^^^^^^^^^^^^^^^^^^^^^^^^^^^^^^^^^^^^^^^^^^^^^^ help: convert the identifier to upper camel case: `JetShomeSnateSProjectsSGithubSjetSexamplesSfeaturesSmemoryCCpoolUstaleUidDjetCCPlayer`

warning: type `__jet__shome_snate_sProjects_sGithub_sjet_sexamples_sfeatures_smemory_c_cpool_ustale_uid_djet_c_cTime` should have an upper camel case name
      --> /jet/build/pool_stale_id.rs:120682:10
       |
120682 | pub enum __jet__shome_snate_sProjects_sGithub_sjet_sexamples_sfeatures_smemory_c_cpool_ustale_uid_djet_c_cTime {
       |          ^^^^^^^^^^^^^^^^^^^^^^^^^^^^^^^^^^^^^^^^^^^^^^^^^^^^^^^^^^^^^^^^^^^^^^^^^^^^^^^^^^^^^^^^^^^^^^^^^^^^^ help: convert the identifier to upper camel case: `JetShomeSnateSProjectsSGithubSjetSexamplesSfeaturesSmemoryCCpoolUstaleUidDjetCCTime`

warning: unnecessary parentheses around function argument
      --> /jet/build/pool_stale_id.rs:120803:53
       |
120803 | ...me((((__jet_v_17375888754622087788.as_ref().expect("MIR value")).clone()) < ((__jet_v_15507243545615903735.as_ref().expect("MIR value")).clone())));
       |       ^                                                                                                                                             ^
       |
help: remove these parentheses
       |
120803 -                 __jet_v_14571790352224880829 = Some((((__jet_v_17375888754622087788.as_ref().expect("MIR value")).clone()) < ((__jet_v_15507243545615903735.as_ref().expect("MIR value")).clone())));
120803 +                 __jet_v_14571790352224880829 = Some(((__jet_v_17375888754622087788.as_ref().expect("MIR value")).clone()) < ((__jet_v_15507243545615903735.as_ref().expect("MIR value")).clone()));
       |

warning: unnecessary parentheses around function argument
      --> /jet/build/pool_stale_id.rs:120823:53
       |
120823 | ...me((((__jet_v_5343969401848713766.as_ref().expect("MIR value")).clone()) > ((__jet_v_550951667688427639.as_ref().expect("MIR value")).clone())));
       |       ^                                                                                                                                          ^
       |
help: remove these parentheses
       |
120823 -                 __jet_v_13680259165036883526 = Some((((__jet_v_5343969401848713766.as_ref().expect("MIR value")).clone()) > ((__jet_v_550951667688427639.as_ref().expect("MIR value")).clone())));
120823 +                 __jet_v_13680259165036883526 = Some(((__jet_v_5343969401848713766.as_ref().expect("MIR value")).clone()) > ((__jet_v_550951667688427639.as_ref().expect("MIR value")).clone()));
       |

warning: unnecessary parentheses around function argument
      --> /jet/build/pool_stale_id.rs:121037:53
       |
121037 |                 __jet_v_11239444869002407801 = Some((!(*(__jet_v_1850044602927191529.as_ref().expect("MIR value")))));
       |                                                     ^                                                              ^
       |
help: remove these parentheses
       |
121037 -                 __jet_v_11239444869002407801 = Some((!(*(__jet_v_1850044602927191529.as_ref().expect("MIR value")))));
121037 +                 __jet_v_11239444869002407801 = Some(!(*(__jet_v_1850044602927191529.as_ref().expect("MIR value"))));
       |

warning: unnecessary parentheses around function argument
      --> /jet/build/pool_stale_id.rs:121217:53
       |
121217 |                 __jet_v_14400611403483403913 = Some((!(*(__jet_v_1344111484787285729.as_ref().expect("MIR value")))));
       |                                                     ^                                                              ^
       |
help: remove these parentheses
       |
121217 -                 __jet_v_14400611403483403913 = Some((!(*(__jet_v_1344111484787285729.as_ref().expect("MIR value")))));
121217 +                 __jet_v_14400611403483403913 = Some(!(*(__jet_v_1344111484787285729.as_ref().expect("MIR value"))));
       |

warning: unnecessary parentheses around function argument
      --> /jet/build/pool_stale_id.rs:121280:52
       |
121280 |                 __jet_v_9140410773612848177 = Some((!(*(__jet_v_9615836030767171024.as_ref().expect("MIR value")))));
       |                                                    ^                                                              ^
       |
help: remove these parentheses
       |
121280 -                 __jet_v_9140410773612848177 = Some((!(*(__jet_v_9615836030767171024.as_ref().expect("MIR value")))));
121280 +                 __jet_v_9140410773612848177 = Some(!(*(__jet_v_9615836030767171024.as_ref().expect("MIR value"))));
       |

warning: unnecessary parentheses around function argument
      --> /jet/build/pool_stale_id.rs:121360:51
       |
121360 | ...me((((__jet_v_15715818043604010748.as_ref().expect("MIR value")).clone()) == ((__jet_v_17292734377424780118.as_ref().expect("MIR value")).clone())));
       |       ^                                                                                                                                              ^
       |
help: remove these parentheses
       |
121360 -                 __jet_v_515177670049299382 = Some((((__jet_v_15715818043604010748.as_ref().expect("MIR value")).clone()) == ((__jet_v_17292734377424780118.as_ref().expect("MIR value")).clone())));
121360 +                 __jet_v_515177670049299382 = Some(((__jet_v_15715818043604010748.as_ref().expect("MIR value")).clone()) == ((__jet_v_17292734377424780118.as_ref().expect("MIR value")).clone()));
       |

warning: unnecessary parentheses around function argument
      --> /jet/build/pool_stale_id.rs:121467:53
       |
121467 | ...me((((__jet_v_18257254516856490883.as_ref().expect("MIR value")).clone()) != ((__jet_v_14828253854768901124.as_ref().expect("MIR value")).clone())));
       |       ^                                                                                                                                              ^
       |
help: remove these parentheses
       |
121467 -                 __jet_v_18023529997571824877 = Some((((__jet_v_18257254516856490883.as_ref().expect("MIR value")).clone()) != ((__jet_v_14828253854768901124.as_ref().expect("MIR value")).clone())));
121467 +                 __jet_v_18023529997571824877 = Some(((__jet_v_18257254516856490883.as_ref().expect("MIR value")).clone()) != ((__jet_v_14828253854768901124.as_ref().expect("MIR value")).clone()));
       |

warning: unused label
      --> /jet/build/pool_stale_id.rs:121519:5
       |
121519 |     'mir_dispatch: loop {
       |     ^^^^^^^^^^^^^
       |
       = note: `#[warn(unused_labels)]` (part of `#[warn(unused)]`) on by default

error[E0308]: mismatched types
      --> /jet/build/pool_stale_id.rs:121524:53
       |
121524 |                 __jet_v_13133705822078129829 = Some(__jet_l_11039664712628643077.as_ref().expect("MIR local").clone());
       |                                                ---- ^^^^^^^^^^^^^^^^^^^^^^^^^^^^^^^^^^^^^^^^^^^^^^^^^^^^^^^^^^^^^^^^^ expected `JetPool<...>`, found `&JetPool<...>`
       |                                                |
       |                                                arguments to this enum variant are incorrect
       |
       = note: expected struct `jet_std::JetPool<_>`
               found reference `&jet_std::JetPool<_>`
note: `jet_std::JetPool<__jet__shome_snate_sProjects_sGithub_sjet_sexamples_sfeatures_smemory_c_cpool_ustale_uid_djet_c_cPlayer>` does not implement `Clone`, so `&jet_std::JetPool<__jet__shome_snate_sProjects_sGithub_sjet_sexamples_sfeatures_smemory_c_cpool_ustale_uid_djet_c_cPlayer>` was cloned instead
      --> /jet/build/pool_stale_id.rs:121524:53
       |
121524 |                 __jet_v_13133705822078129829 = Some(__jet_l_11039664712628643077.as_ref().expect("MIR local").clone());
       |                                                     ^^^^^^^^^^^^^^^^^^^^^^^^^^^^^^^^^^^^^^^^^^^^^^^^^^^^^^^^^
help: the type constructed contains `&jet_std::JetPool<__jet__shome_snate_sProjects_sGithub_sjet_sexamples_sfeatures_smemory_c_cpool_ustale_uid_djet_c_cPlayer>` due to the type of the argument passed
      --> /jet/build/pool_stale_id.rs:121524:48
       |
121524 |                 __jet_v_13133705822078129829 = Some(__jet_l_11039664712628643077.as_ref().expect("MIR local").clone());
       |                                                ^^^^^-----------------------------------------------------------------^
       |                                                     |
       |                                                     this argument influences the type of `Some`
note: tuple variant defined here
      --> /rustc/8bab26f4f68e0e26f0bb7960be334d5b520ea452/library/core/src/option.rs:605:4
help: consider annotating `jet_std::JetPool<__jet__shome_snate_sProjects_sGithub_sjet_sexamples_sfeatures_smemory_c_cpool_ustale_uid_djet_c_cPlayer>` with `#[derive(Clone)]`
       |
 76673 +     #[derive(Clone)]
 76674 |     pub struct JetPool<T> {
       |

error[E0425]: cannot find function `jet_pool_add` in this scope
      --> /jet/build/pool_stale_id.rs:121527:52
       |
121527 | ...   __jet_v_4464145397659873072 = Some(jet_pool_add(__jet_l_11039664712628643077.as_mut().expect("MIR local"), __jet_v_6367261...
       |                                          ^^^^^^^^^^^^ not found in this scope

error[E0308]: mismatched types
      --> /jet/build/pool_stale_id.rs:121529:53
       |
121529 |                 __jet_v_15523817777901115496 = Some(__jet_l_11039664712628643077.as_ref().expect("MIR local").clone());
       |                                                ---- ^^^^^^^^^^^^^^^^^^^^^^^^^^^^^^^^^^^^^^^^^^^^^^^^^^^^^^^^^^^^^^^^^ expected `JetPool<...>`, found `&JetPool<...>`
       |                                                |
       |                                                arguments to this enum variant are incorrect
       |
       = note: expected struct `jet_std::JetPool<_>`
               found reference `&jet_std::JetPool<_>`
note: `jet_std::JetPool<__jet__shome_snate_sProjects_sGithub_sjet_sexamples_sfeatures_smemory_c_cpool_ustale_uid_djet_c_cPlayer>` does not implement `Clone`, so `&jet_std::JetPool<__jet__shome_snate_sProjects_sGithub_sjet_sexamples_sfeatures_smemory_c_cpool_ustale_uid_djet_c_cPlayer>` was cloned instead
      --> /jet/build/pool_stale_id.rs:121529:53
       |
121529 |                 __jet_v_15523817777901115496 = Some(__jet_l_11039664712628643077.as_ref().expect("MIR local").clone());
       |                                                     ^^^^^^^^^^^^^^^^^^^^^^^^^^^^^^^^^^^^^^^^^^^^^^^^^^^^^^^^^
help: the type constructed contains `&jet_std::JetPool<__jet__shome_snate_sProjects_sGithub_sjet_sexamples_sfeatures_smemory_c_cpool_ustale_uid_djet_c_cPlayer>` due to the type of the argument passed
      --> /jet/build/pool_stale_id.rs:121529:48
       |
121529 |                 __jet_v_15523817777901115496 = Some(__jet_l_11039664712628643077.as_ref().expect("MIR local").clone());
       |                                                ^^^^^-----------------------------------------------------------------^
       |                                                     |
       |                                                     this argument influences the type of `Some`
note: tuple variant defined here
      --> /rustc/8bab26f4f68e0e26f0bb7960be334d5b520ea452/library/core/src/option.rs:605:4
help: consider annotating `jet_std::JetPool<__jet__shome_snate_sProjects_sGithub_sjet_sexamples_sfeatures_smemory_c_cpool_ustale_uid_djet_c_cPlayer>` with `#[derive(Clone)]`
       |
 76673 +     #[derive(Clone)]
 76674 |     pub struct JetPool<T> {
       |

error[E0425]: cannot find function `jet_pool_remove` in this scope
      --> /jet/build/pool_stale_id.rs:121531:51
       |
 28876 | fn jet_proof_record(kind: u8, state: u8, name: &str, message: &str, file: &str, line: u32) {
       | ------------------------------------------------------------------------------------------ similarly named function `jet_proof_record` defined here
...
121531 |                 __jet_v_548120621394222694 = Some(jet_pool_remove(__jet_l_11039664712628643077.as_mut().expect("MIR local"), __j...
       |                                                   ^^^^^^^^^^^^^^^
       |
help: a function with a similar name exists
       |
121531 -                 __jet_v_548120621394222694 = Some(jet_pool_remove(__jet_l_11039664712628643077.as_mut().expect("MIR local"), __jet_v_5996482906743456373.take().expect("MIR value")));
121531 +                 __jet_v_548120621394222694 = Some(jet_proof_record(__jet_l_11039664712628643077.as_mut().expect("MIR local"), __jet_v_5996482906743456373.take().expect("MIR value")));
       |

error[E0308]: mismatched types
      --> /jet/build/pool_stale_id.rs:121532:53
       |
121532 |                 __jet_v_18433744080540781463 = Some(__jet_l_11039664712628643077.as_ref().expect("MIR local").clone());
       |                                                ---- ^^^^^^^^^^^^^^^^^^^^^^^^^^^^^^^^^^^^^^^^^^^^^^^^^^^^^^^^^^^^^^^^^ expected `JetPool<...>`, found `&JetPool<...>`
       |                                                |
       |                                                arguments to this enum variant are incorrect
       |
       = note: expected struct `jet_std::JetPool<_>`
               found reference `&jet_std::JetPool<_>`
note: `jet_std::JetPool<__jet__shome_snate_sProjects_sGithub_sjet_sexamples_sfeatures_smemory_c_cpool_ustale_uid_djet_c_cPlayer>` does not implement `Clone`, so `&jet_std::JetPool<__jet__shome_snate_sProjects_sGithub_sjet_sexamples_sfeatures_smemory_c_cpool_ustale_uid_djet_c_cPlayer>` was cloned instead
      --> /jet/build/pool_stale_id.rs:121532:53
       |
121532 |                 __jet_v_18433744080540781463 = Some(__jet_l_11039664712628643077.as_ref().expect("MIR local").clone());
       |                                                     ^^^^^^^^^^^^^^^^^^^^^^^^^^^^^^^^^^^^^^^^^^^^^^^^^^^^^^^^^
help: the type constructed contains `&jet_std::JetPool<__jet__shome_snate_sProjects_sGithub_sjet_sexamples_sfeatures_smemory_c_cpool_ustale_uid_djet_c_cPlayer>` due to the type of the argument passed
      --> /jet/build/pool_stale_id.rs:121532:48
       |
121532 |                 __jet_v_18433744080540781463 = Some(__jet_l_11039664712628643077.as_ref().expect("MIR local").clone());
       |                                                ^^^^^-----------------------------------------------------------------^
       |                                                     |
       |                                                     this argument influences the type of `Some`
note: tuple variant defined here
      --> /rustc/8bab26f4f68e0e26f0bb7960be334d5b520ea452/library/core/src/option.rs:605:4
help: consider annotating `jet_std::JetPool<__jet__shome_snate_sProjects_sGithub_sjet_sexamples_sfeatures_smemory_c_cpool_ustale_uid_djet_c_cPlayer>` with `#[derive(Clone)]`
       |
 76673 +     #[derive(Clone)]
 76674 |     pub struct JetPool<T> {
       |

warning: unused import: `Read`
      --> /jet/build/pool_stale_id.rs:109995:15
       |
109995 | use std::io::{Read, Seek, SeekFrom, Write};
       |               ^^^^

warning: unused import: `Write`
      --> /jet/build/pool_stale_id.rs:109995:37
       |
109995 | use std::io::{Read, Seek, SeekFrom, Write};
       |                                     ^^^^^

warning: unused import: `Any`
      --> /jet/build/pool_stale_id.rs:109992:16
       |
109992 | use std::any::{Any as JetWebStoreAny, TypeId as JetWebStoreTypeId};
       |                ^^^

warning: value assigned to `cursor` is never read
      --> /jet/build/pool_stale_id.rs:117105:17
       |
117105 |                 cursor += 2;
       |                 ^^^^^^^^^^^ this value is reassigned later and never used
...
117108 |                 cursor += 1;
       |                 ----------- `cursor` is overwritten here before the previous value is read
       |
       = note: `#[warn(unused_assignments)]` (part of `#[warn(unused)]`) on by default

warning: value assigned to `cursor` is never read
      --> /jet/build/pool_stale_id.rs:117108:17
       |
117108 |                 cursor += 1;
       |                 ^^^^^^^^^^^
       |
       = help: maybe it is overwritten before being read?

error: aborting due to 5 previous errors; 57 warnings emitted

Some errors have detailed explanations: E0308, E0425.
For more information about an error, try `rustc --explain E0308`.
