error[E0425]: cannot find type `JetTestOutcome` in this scope
      --> /jet/build/pre_post.rs:120734:40
       |
  1010 | pub type JetOutcome<T, E> = Result<T, E>;
       | ----------------------------------------- similarly named type alias `JetOutcome` defined here
...
120734 | fn __jet_test_2570888203122196596() -> JetTestOutcome {
       |                                        ^^^^^^^^^^^^^^
       |
help: a type alias with a similar name exists
       |
120734 - fn __jet_test_2570888203122196596() -> JetTestOutcome {
120734 + fn __jet_test_2570888203122196596() -> JetOutcome {
       |

error[E0425]: cannot find type `JetPropertyCaseResult` in this scope
      --> /jet/build/pre_post.rs:120740:83
       |
120740 |     let __jet_run = |__jet_input: &(jet_foundation::Numeric::JetInt,)| -> (Result<JetPropertyCaseResult, String>, String) {
       |                                                                                   ^^^^^^^^^^^^^^^^^^^^^ not found in this scope
       |
help: you might be missing a type parameter
       |
120734 | fn __jet_test_2570888203122196596<JetPropertyCaseResult>() -> JetTestOutcome {
       |                                  +++++++++++++++++++++++

error[E0405]: cannot find trait `JetGen` in this scope
      --> /jet/build/pre_post.rs:120752:95
       |
120752 | ...   let __jet_arg0: jet_foundation::Numeric::JetInt = <jet_foundation::Numeric::JetInt as JetGen>::generate(&mut __jet_replay_...
       |                                                                                             ^^^^^^ not found in this scope

error[E0405]: cannot find trait `JetGen` in this scope
      --> /jet/build/pre_post.rs:120755:109
       |
120755 | ...ase_seed, &<jet_foundation::Numeric::JetInt as JetGen>::render(&__jet_arg0));
       |                                                   ^^^^^^ not found in this scope

error[E0405]: cannot find trait `JetGen` in this scope
      --> /jet/build/pre_post.rs:120768:94
       |
120768 | ...                   let __jet_candidates_0 = <jet_foundation::Numeric::JetInt as JetGen>::shrink(&__jet_minimized.0);
       |                                                                                    ^^^^^^ not found in this scope

error[E0405]: cannot find trait `JetGen` in this scope
      --> /jet/build/pre_post.rs:120781:89
       |
120781 | let __jet_minimized_display = format!("cents = {}", <jet_foundation::Numeric::JetInt as JetGen>::render(&__jet_minimized.0));
       |                                                                                         ^^^^^^ not found in this scope

error[E0422]: cannot find struct, variant or union type `JetTestOutcome` in this scope
      --> /jet/build/pre_post.rs:120782:8
       |
  1010 | pub type JetOutcome<T, E> = Result<T, E>;
       | ----------------------------------------- similarly named type alias `JetOutcome` defined here
...
120782 | return JetTestOutcome { name: "contract::add_fee".to_string(), ok: false, expected_failure: false, skipped: false, stdout: __jet...
       |        ^^^^^^^^^^^^^^
       |
help: a type alias with a similar name exists
       |
120782 - return JetTestOutcome { name: "contract::add_fee".to_string(), ok: false, expected_failure: false, skipped: false, stdout: __jet_stdout, stderr: format!("seed {} case {}: {} (input {})", __jet_replay_seed, __jet_replay_case, __jet_error, __jet_minimized_display), property_cases: Some(__jet_accepted_cases) };
120782 + return JetOutcome { name: "contract::add_fee".to_string(), ok: false, expected_failure: false, skipped: false, stdout: __jet_stdout, stderr: format!("seed {} case {}: {} (input {})", __jet_replay_seed, __jet_replay_case, __jet_error, __jet_minimized_display), property_cases: Some(__jet_accepted_cases) };
       |

error[E0405]: cannot find trait `JetGen` in this scope
      --> /jet/build/pre_post.rs:120793:95
       |
120793 |         let __jet_arg0: jet_foundation::Numeric::JetInt = <jet_foundation::Numeric::JetInt as JetGen>::generate(&mut __jet_rng);
       |                                                                                               ^^^^^^ not found in this scope

error[E0405]: cannot find trait `JetGen` in this scope
      --> /jet/build/pre_post.rs:120795:107
       |
120795 | ...ase_seed, &<jet_foundation::Numeric::JetInt as JetGen>::render(&__jet_arg0));
       |                                                   ^^^^^^ not found in this scope

error[E0405]: cannot find trait `JetGen` in this scope
      --> /jet/build/pre_post.rs:120806:94
       |
120806 | ...                   let __jet_candidates_0 = <jet_foundation::Numeric::JetInt as JetGen>::shrink(&__jet_minimized.0);
       |                                                                                    ^^^^^^ not found in this scope

error[E0405]: cannot find trait `JetGen` in this scope
      --> /jet/build/pre_post.rs:120819:89
       |
120819 | let __jet_minimized_display = format!("cents = {}", <jet_foundation::Numeric::JetInt as JetGen>::render(&__jet_minimized.0));
       |                                                                                         ^^^^^^ not found in this scope

error[E0422]: cannot find struct, variant or union type `JetTestOutcome` in this scope
      --> /jet/build/pre_post.rs:120820:8
       |
  1010 | pub type JetOutcome<T, E> = Result<T, E>;
       | ----------------------------------------- similarly named type alias `JetOutcome` defined here
...
120820 | return JetTestOutcome { name: "contract::add_fee".to_string(), ok: false, expected_failure: false, skipped: false, stdout: __jet...
       |        ^^^^^^^^^^^^^^
       |
help: a type alias with a similar name exists
       |
120820 - return JetTestOutcome { name: "contract::add_fee".to_string(), ok: false, expected_failure: false, skipped: false, stdout: __jet_stdout, stderr: format!("seed {} case {}: {} (input {})", __jet_seed, __jet_case_index, __jet_error, __jet_minimized_display), property_cases: Some(__jet_accepted_cases) };
120820 + return JetOutcome { name: "contract::add_fee".to_string(), ok: false, expected_failure: false, skipped: false, stdout: __jet_stdout, stderr: format!("seed {} case {}: {} (input {})", __jet_seed, __jet_case_index, __jet_error, __jet_minimized_display), property_cases: Some(__jet_accepted_cases) };
       |

error[E0422]: cannot find struct, variant or union type `JetTestOutcome` in this scope
      --> /jet/build/pre_post.rs:120824:1
       |
  1010 | pub type JetOutcome<T, E> = Result<T, E>;
       | ----------------------------------------- similarly named type alias `JetOutcome` defined here
...
120824 | JetTestOutcome { name: "contract::add_fee".to_string(), ok: true && __jet_accepted_cases > 0, expected_failure: false, skipped: ...
       | ^^^^^^^^^^^^^^
       |
help: a type alias with a similar name exists
       |
120824 - JetTestOutcome { name: "contract::add_fee".to_string(), ok: true && __jet_accepted_cases > 0, expected_failure: false, skipped: false, stdout: __jet_stdout, stderr: if __jet_accepted_cases == 0 { "E0613: no accepted contract examples".to_string() } else { String::new() }, property_cases: Some(__jet_accepted_cases) }
120824 + JetOutcome { name: "contract::add_fee".to_string(), ok: true && __jet_accepted_cases > 0, expected_failure: false, skipped: false, stdout: __jet_stdout, stderr: if __jet_accepted_cases == 0 { "E0613: no accepted contract examples".to_string() } else { String::new() }, property_cases: Some(__jet_accepted_cases) }
       |

error[E0425]: cannot find type `JetTestOutcome` in this scope
      --> /jet/build/pre_post.rs:120832:53
       |
  1010 | pub type JetOutcome<T, E> = Result<T, E>;
       | ----------------------------------------- similarly named type alias `JetOutcome` defined here
...
120832 |     let mut __jet_cases: Vec<(&'static str, fn() -> JetTestOutcome)> = vec![
       |                                                     ^^^^^^^^^^^^^^
       |
help: a type alias with a similar name exists
       |
120832 -     let mut __jet_cases: Vec<(&'static str, fn() -> JetTestOutcome)> = vec![
120832 +     let mut __jet_cases: Vec<(&'static str, fn() -> JetOutcome)> = vec![
       |
help: you might be missing a type parameter
       |
120829 | fn __jet_harness_run<JetTestOutcome>() -> bool {
       |                     ++++++++++++++++

warning: trait `__jet_Display` should have an upper camel case name
 --> /jet/build/pre_post.rs:4:11
  |
4 | pub trait __jet_Display {
  |           ^^^^^^^^^^^^^ help: convert the identifier to upper camel case: `JetDisplay`
  |
  = note: `#[warn(non_camel_case_types)]` (part of `#[warn(nonstandard_style)]`) on by default

warning: trait `__jet_Equatable` should have an upper camel case name
 --> /jet/build/pre_post.rs:8:11
  |
8 | pub trait __jet_Equatable: Sized { fn equal(&self, rhs: &Self) -> bool; }
  |           ^^^^^^^^^^^^^^^ help: convert the identifier to upper camel case: `JetEquatable`

warning: type `__jet_Ordering` should have an upper camel case name
  --> /jet/build/pre_post.rs:24:10
   |
24 | pub enum __jet_Ordering { __jet_Less, __jet_Equal, __jet_Greater }
   |          ^^^^^^^^^^^^^^ help: convert the identifier to upper camel case: `JetOrdering`

warning: variant `__jet_Less` should have an upper camel case name
  --> /jet/build/pre_post.rs:24:27
   |
24 | pub enum __jet_Ordering { __jet_Less, __jet_Equal, __jet_Greater }
   |                           ^^^^^^^^^^ help: convert the identifier to upper camel case: `JetLess`

warning: variant `__jet_Equal` should have an upper camel case name
  --> /jet/build/pre_post.rs:24:39
   |
24 | pub enum __jet_Ordering { __jet_Less, __jet_Equal, __jet_Greater }
   |                                       ^^^^^^^^^^^ help: convert the identifier to upper camel case: `JetEqual`

warning: variant `__jet_Greater` should have an upper camel case name
  --> /jet/build/pre_post.rs:24:52
   |
24 | pub enum __jet_Ordering { __jet_Less, __jet_Equal, __jet_Greater }
   |                                                    ^^^^^^^^^^^^^ help: convert the identifier to upper camel case: `JetGreater`

warning: trait `__jet_Comparable` should have an upper camel case name
  --> /jet/build/pre_post.rs:26:11
   |
26 | pub trait __jet_Comparable: Sized { fn compare(&self, rhs: &Self) -> __jet_Ordering; }
   |           ^^^^^^^^^^^^^^^^ help: convert the identifier to upper camel case: `JetComparable`

warning: trait `__jet_Add` should have an upper camel case name
  --> /jet/build/pre_post.rs:38:11
   |
38 | pub trait __jet_Add<Rhs = Self>: Sized { type Output; fn add(&self, rhs: &Rhs) -> Self::Output; }
   |           ^^^^^^^^^ help: convert the identifier to upper camel case: `JetAdd`

warning: trait `__jet_Sub` should have an upper camel case name
  --> /jet/build/pre_post.rs:39:11
   |
39 | pub trait __jet_Sub<Rhs = Self>: Sized { type Output; fn sub(&self, rhs: &Rhs) -> Self::Output; }
   |           ^^^^^^^^^ help: convert the identifier to upper camel case: `JetSub`

warning: trait `__jet_Mul` should have an upper camel case name
  --> /jet/build/pre_post.rs:40:11
   |
40 | pub trait __jet_Mul<Rhs = Self>: Sized { type Output; fn mul(&self, rhs: &Rhs) -> Self::Output; }
   |           ^^^^^^^^^ help: convert the identifier to upper camel case: `JetMul`

warning: trait `__jet_Div` should have an upper camel case name
  --> /jet/build/pre_post.rs:41:11
   |
41 | pub trait __jet_Div<Rhs = Self>: Sized { type Output; fn div(&self, rhs: &Rhs) -> Self::Output; }
   |           ^^^^^^^^^ help: convert the identifier to upper camel case: `JetDiv`

warning: trait `__jet_Serialize` should have an upper camel case name
     --> /jet/build/pre_post.rs:40590:7
      |
40590 | trait __jet_Serialize {
      |       ^^^^^^^^^^^^^^^ help: convert the identifier to upper camel case: `JetSerialize`

warning: unused import: `Cell`
     --> /jet/build/pre_post.rs:45084:21
      |
45084 |     use std::cell::{Cell, RefCell};
      |                     ^^^^
      |
      = note: `#[warn(unused_imports)]` (part of `#[warn(unused)]`) on by default

warning: unused import: `JetUninit`
     --> /jet/build/pre_post.rs:45088:43
      |
45088 |     pub use super::jet_uninit_semantics::{JetUninit, JetUninitFixed};
      |                                           ^^^^^^^^^

warning: unused imports: `JetSentryFrame`, `JetSentryGuard`, `jet_sentry_current_frame`, `jet_sentry_fenced_scope`, `jet_sentry_frame`, `jet_sentry_policy_scope`, `jet_sentry_reset`, `jet_sentry_scope`, and `jet_sentry_set_hardened`
     --> /jet/build/pre_post.rs:45101:35
      |
45101 |         jet_memory_ledger_record, jet_sentry_current_frame, jet_sentry_fenced_scope,
      |                                   ^^^^^^^^^^^^^^^^^^^^^^^^  ^^^^^^^^^^^^^^^^^^^^^^^
45102 |         jet_sentry_frame, jet_sentry_policy_scope, jet_sentry_reset, jet_sentry_scope,
      |         ^^^^^^^^^^^^^^^^  ^^^^^^^^^^^^^^^^^^^^^^^  ^^^^^^^^^^^^^^^^  ^^^^^^^^^^^^^^^^
45103 |         jet_sentry_set_hardened, JetSentryFrame, JetSentryGuard, MemoryLedgerWitness,
      |         ^^^^^^^^^^^^^^^^^^^^^^^  ^^^^^^^^^^^^^^  ^^^^^^^^^^^^^^

warning: unused import: `crate::jet_encoding_json::render_json`
     --> /jet/build/pre_post.rs:65083:13
      |
65083 |     pub use crate::jet_encoding_json::render_json;
      |             ^^^^^^^^^^^^^^^^^^^^^^^^^^^^^^^^^^^^^

warning: unnecessary parentheses around block return value
     --> /jet/build/pre_post.rs:69072:13
      |
69072 |             (((exponent as u64 + 1023) << 52) | (top & ((1u64 << 52) - 1)))
      |             ^                                                             ^
      |
      = note: `#[warn(unused_parens)]` (part of `#[warn(unused)]`) on by default
help: remove these parentheses
      |
69072 -             (((exponent as u64 + 1023) << 52) | (top & ((1u64 << 52) - 1)))
69072 +             ((exponent as u64 + 1023) << 52) | (top & ((1u64 << 52) - 1))
      |

warning: unused import: `crate::jet_int_compare_hot`
     --> /jet/build/pre_post.rs:69417:9
      |
69417 | pub use crate::jet_int_compare_hot;
      |         ^^^^^^^^^^^^^^^^^^^^^^^^^^

warning: unused import: `crate::jet_int_add_hot`
     --> /jet/build/pre_post.rs:69441:9
      |
69441 | pub use crate::jet_int_add_hot;
      |         ^^^^^^^^^^^^^^^^^^^^^^

warning: unused import: `crate::jet_int_sub_hot`
     --> /jet/build/pre_post.rs:69465:9
      |
69465 | pub use crate::jet_int_sub_hot;
      |         ^^^^^^^^^^^^^^^^^^^^^^

warning: unused import: `crate::jet_int_mul_hot`
     --> /jet/build/pre_post.rs:69489:9
      |
69489 | pub use crate::jet_int_mul_hot;
      |         ^^^^^^^^^^^^^^^^^^^^^^

warning: unused import: `crate::jet_int_add_inline`
     --> /jet/build/pre_post.rs:69503:9
      |
69503 | pub use crate::jet_int_add_inline;
      |         ^^^^^^^^^^^^^^^^^^^^^^^^^

warning: unused import: `crate::jet_int_sub_inline`
     --> /jet/build/pre_post.rs:69513:9
      |
69513 | pub use crate::jet_int_sub_inline;
      |         ^^^^^^^^^^^^^^^^^^^^^^^^^

warning: unused import: `crate::jet_int_mul_inline`
     --> /jet/build/pre_post.rs:69523:9
      |
69523 | pub use crate::jet_int_mul_inline;
      |         ^^^^^^^^^^^^^^^^^^^^^^^^^

warning: unused import: `crate::jet_int_compare_inline`
     --> /jet/build/pre_post.rs:69537:9
      |
69537 | pub use crate::jet_int_compare_inline;
      |         ^^^^^^^^^^^^^^^^^^^^^^^^^^^^^

warning: unused import: `crate::jet_int_neg_inline`
     --> /jet/build/pre_post.rs:69546:9
      |
69546 | pub use crate::jet_int_neg_inline;
      |         ^^^^^^^^^^^^^^^^^^^^^^^^^

warning: unused import: `crate::jet_int_bit_and_hot`
     --> /jet/build/pre_post.rs:69565:9
      |
69565 | pub use crate::jet_int_bit_and_hot;
      |         ^^^^^^^^^^^^^^^^^^^^^^^^^^

warning: unused import: `crate::jet_int_bit_or_hot`
     --> /jet/build/pre_post.rs:69581:9
      |
69581 | pub use crate::jet_int_bit_or_hot;
      |         ^^^^^^^^^^^^^^^^^^^^^^^^^

warning: unused import: `crate::jet_int_bit_xor_hot`
     --> /jet/build/pre_post.rs:69597:9
      |
69597 | pub use crate::jet_int_bit_xor_hot;
      |         ^^^^^^^^^^^^^^^^^^^^^^^^^^

warning: unused imports: `JetCellEditGuard` and `JetCellReadGuard`
     --> /jet/build/pre_post.rs:75351:35
      |
75351 | pub use self::jet_cell::{JetCell, JetCellEditGuard, JetCellReadGuard};
      |                                   ^^^^^^^^^^^^^^^^  ^^^^^^^^^^^^^^^^

warning: unused imports: `JetStreamSender` and `jet_stream_task`
     --> /jet/build/pre_post.rs:76292:21
      |
76292 |     pub use super::{jet_stream_task, JetStream, JetStreamSender};
      |                     ^^^^^^^^^^^^^^^             ^^^^^^^^^^^^^^^

warning: unused macro definition: `jet_plugin_bridge`
     --> /jet/build/pre_post.rs:86556:14
      |
86556 | macro_rules! jet_plugin_bridge {
      |              ^^^^^^^^^^^^^^^^^
      |
      = note: `#[warn(unused_macros)]` (part of `#[warn(unused)]`) on by default

warning: unused import: `std::io::Write`
     --> /jet/build/pre_post.rs:92457:13
      |
92457 |         use std::io::Write;
      |             ^^^^^^^^^^^^^^

warning: unused import: `core::cell::Cell`
      --> /jet/build/pre_post.rs:111250:5
       |
111250 | use core::cell::Cell;
       |     ^^^^^^^^^^^^^^^^

warning: unused import: `jet_foundation::Devtools::JetDevtoolsEvent as JetWebStoreDevtoolsEvent`
      --> /jet/build/pre_post.rs:111253:5
       |
111253 | use jet_foundation::Devtools::JetDevtoolsEvent as JetWebStoreDevtoolsEvent;
       |     ^^^^^^^^^^^^^^^^^^^^^^^^^^^^^^^^^^^^^^^^^^^^^^^^^^^^^^^^^^^^^^^^^^^^^^

warning: unused import: `TypeId as JetWebStoreTypeId`
      --> /jet/build/pre_post.rs:111255:39
       |
111255 | use std::any::{Any as JetWebStoreAny, TypeId as JetWebStoreTypeId};
       |                                       ^^^^^^^^^^^^^^^^^^^^^^^^^^^

warning: unused imports: `BTreeMap as JetWebFormMap`, `BTreeMap as JetWebTablePages`, `BTreeMap`, `BTreeSet as JetWebTableSet`, `BTreeSet`, `HashMap as JetWebStoreMap`, and `VecDeque as JetWebStoreDeque`
      --> /jet/build/pre_post.rs:111256:24
       |
111256 | ...::{BTreeMap, BTreeSet, HashMap, HashSet, BTreeMap as JetWebFormMap, VecDeque as JetWebStoreDeque, HashMap as JetWebStoreMap, BTreeMap as JetWebTablePages, BTreeSet as JetWebTableSet, V...
       |       ^^^^^^^^  ^^^^^^^^                    ^^^^^^^^^^^^^^^^^^^^^^^^^  ^^^^^^^^^^^^^^^^^^^^^^^^^^^^  ^^^^^^^^^^^^^^^^^^^^^^^^^  ^^^^^^^^^^^^^^^^^^^^^^^^^^^^  ^^^^^^^^^^^^^^^^^^^^^^^^^^

warning: unused import: `std::fs::OpenOptions`
      --> /jet/build/pre_post.rs:111257:5
       |
111257 | use std::fs::OpenOptions;
       |     ^^^^^^^^^^^^^^^^^^^^

warning: unused imports: `SeekFrom` and `Seek`
      --> /jet/build/pre_post.rs:111258:21
       |
111258 | use std::io::{Read, Seek, SeekFrom, Write};
       |                     ^^^^  ^^^^^^^^

warning: unused imports: `Component`, `PathBuf`, and `Path`
      --> /jet/build/pre_post.rs:111261:17
       |
111261 | use std::path::{Component, Path, PathBuf};
       |                 ^^^^^^^^^  ^^^^  ^^^^^^^

warning: unused imports: `Arc as JetDataPlotArc`, `Arc as JetWebFormArc`, `Arc as JetWebQueryArc`, `Arc as JetWebStoreArc`, `Arc as JetWebTableArc`, `Condvar as JetWebStoreCondvar`, `LazyLock as JetWebStoreLazyLock`, `LazyLock`, `Mutex as JetWebFormMutex`, `Mutex as JetWebQueryMutex`, `Mutex as JetWebStoreMutex`, and `Mutex as JetWebTableMutex`
      --> /jet/build/pre_post.rs:111262:31
       |
111262 | ...r, Arc as JetDataPlotArc, Arc as JetWebFormArc, Mutex as JetWebFormMutex, Arc as JetWebQueryArc, Mutex as JetWebQueryMutex, Arc as JetWebStoreArc, Condvar as JetWebStoreCondvar, LazyLock as JetWebStoreLazyLock, Mutex as JetWebStoreMutex, Arc as JetWebTableArc, Mutex as JetWebTableMutex, LazyLock, M...
       |       ^^^^^^^^^^^^^^^^^^^^^  ^^^^^^^^^^^^^^^^^^^^  ^^^^^^^^^^^^^^^^^^^^^^^^  ^^^^^^^^^^^^^^^^^^^^^  ^^^^^^^^^^^^^^^^^^^^^^^^^  ^^^^^^^^^^^^^^^^^^^^^  ^^^^^^^^^^^^^^^^^^^^^^^^^^^^^  ^^^^^^^^^^^^^^^^^^^^^^^^^^^^^^^  ^^^^^^^^^^^^^^^^^^^^^^^^^  ^^^^^^^^^^^^^^^^^^^^^  ^^^^^^^^^^^^^^^^^^^^^^^^^  ^^^^^^^^

warning: unused import: `Ordering as JetWebFormOrdering`
      --> /jet/build/pre_post.rs:111263:60
       |
111263 | use std::sync::atomic::{AtomicBool, AtomicU8, AtomicUsize, Ordering as JetWebFormOrdering};
       |                                                            ^^^^^^^^^^^^^^^^^^^^^^^^^^^^^^

warning: unused imports: `SystemTime as JetWebStoreSystemTime`, `SystemTime`, `UNIX_EPOCH as JetWebStoreUnixEpoch`, and `UNIX_EPOCH`
      --> /jet/build/pre_post.rs:111264:36
       |
111264 | ...tion, Instant, SystemTime as JetWebStoreSystemTime, UNIX_EPOCH as JetWebStoreUnixEpoch, SystemTime, UNIX_EPOCH};
       |                   ^^^^^^^^^^^^^^^^^^^^^^^^^^^^^^^^^^^  ^^^^^^^^^^^^^^^^^^^^^^^^^^^^^^^^^^  ^^^^^^^^^^  ^^^^^^^^^^

warning: type `__jet_ParseError` should have an upper camel case name
      --> /jet/build/pre_post.rs:120515:10
       |
120515 | pub type __jet_ParseError = String;
       |          ^^^^^^^^^^^^^^^^ help: convert the identifier to upper camel case: `JetParseError`

warning: type `__jet__shome_snate_sProjects_sGithub_sjet_sexamples_sfeatures_scontracts_c_cpre_upost_djet_c_cTime` should have an upper camel case name
      --> /jet/build/pre_post.rs:120518:10
       |
120518 | pub enum __jet__shome_snate_sProjects_sGithub_sjet_sexamples_sfeatures_scontracts_c_cpre_upost_djet_c_cTime {
       |          ^^^^^^^^^^^^^^^^^^^^^^^^^^^^^^^^^^^^^^^^^^^^^^^^^^^^^^^^^^^^^^^^^^^^^^^^^^^^^^^^^^^^^^^^^^^^^^^^^^ help: convert the identifier to upper camel case: `JetShomeSnateSProjectsSGithubSjetSexamplesSfeaturesScontractsCCpreUpostDjetCCTime`

warning: unused label
      --> /jet/build/pre_post.rs:120537:5
       |
120537 |     'mir_dispatch: loop {
       |     ^^^^^^^^^^^^^
       |
       = note: `#[warn(unused_labels)]` (part of `#[warn(unused)]`) on by default

warning: unnecessary parentheses around function argument
      --> /jet/build/pre_post.rs:120544:52
       |
120544 | ...me((((__jet_v_11399462064261558543.as_ref().expect("MIR value")).clone()) > ((__jet_v_2297062111694364194.as_ref().expect("MIR value")).clone())));
       |       ^                                                                                                                                            ^
       |
help: remove these parentheses
       |
120544 -                 __jet_v_5086135455355251791 = Some((((__jet_v_11399462064261558543.as_ref().expect("MIR value")).clone()) > ((__jet_v_2297062111694364194.as_ref().expect("MIR value")).clone())));
120544 +                 __jet_v_5086135455355251791 = Some(((__jet_v_11399462064261558543.as_ref().expect("MIR value")).clone()) > ((__jet_v_2297062111694364194.as_ref().expect("MIR value")).clone()));
       |

warning: unnecessary parentheses around function argument
      --> /jet/build/pre_post.rs:120586:53
       |
120586 | ...me((((__jet_v_6077525752708533391.as_ref().expect("MIR value")).clone()) > ((__jet_v_3628101607604453970.as_ref().expect("MIR value")).clone())));
       |       ^                                                                                                                                           ^
       |
help: remove these parentheses
       |
120586 -                 __jet_v_15259255274687953626 = Some((((__jet_v_6077525752708533391.as_ref().expect("MIR value")).clone()) > ((__jet_v_3628101607604453970.as_ref().expect("MIR value")).clone())));
120586 +                 __jet_v_15259255274687953626 = Some(((__jet_v_6077525752708533391.as_ref().expect("MIR value")).clone()) > ((__jet_v_3628101607604453970.as_ref().expect("MIR value")).clone()));
       |

warning: unused label
      --> /jet/build/pre_post.rs:120628:5
       |
120628 |     'mir_dispatch: loop {
       |     ^^^^^^^^^^^^^

warning: unnecessary parentheses around function argument
      --> /jet/build/pre_post.rs:120633:53
       |
120633 | ...me((((__jet_v_11329254096715806034.as_ref().expect("MIR value")).clone()) > ((__jet_v_11768693659427187631.as_ref().expect("MIR value")).clone())));
       |       ^                                                                                                                                             ^
       |
help: remove these parentheses
       |
120633 -                 __jet_v_16504383635973237019 = Some((((__jet_v_11329254096715806034.as_ref().expect("MIR value")).clone()) > ((__jet_v_11768693659427187631.as_ref().expect("MIR value")).clone())));
120633 +                 __jet_v_16504383635973237019 = Some(((__jet_v_11329254096715806034.as_ref().expect("MIR value")).clone()) > ((__jet_v_11768693659427187631.as_ref().expect("MIR value")).clone()));
       |

warning: unnecessary parentheses around function argument
      --> /jet/build/pre_post.rs:120704:52
       |
120704 | ...me((((__jet_v_8978294252908061460.as_ref().expect("MIR value")).clone()) > ((__jet_v_686110926969424356.as_ref().expect("MIR value")).clone())));
       |       ^                                                                                                                                          ^
       |
help: remove these parentheses
       |
120704 -                 __jet_v_8979906083533737337 = Some((((__jet_v_8978294252908061460.as_ref().expect("MIR value")).clone()) > ((__jet_v_686110926969424356.as_ref().expect("MIR value")).clone())));
120704 +                 __jet_v_8979906083533737337 = Some(((__jet_v_8978294252908061460.as_ref().expect("MIR value")).clone()) > ((__jet_v_686110926969424356.as_ref().expect("MIR value")).clone()));
       |

error[E0425]: cannot find function `jet_prop_seed` in this scope
      --> /jet/build/pre_post.rs:120735:18
       |
120735 | let __jet_seed = jet_prop_seed();
       |                  ^^^^^^^^^^^^^ not found in this scope

error[E0425]: cannot find function `jet_prop_replay_seed` in this scope
      --> /jet/build/pre_post.rs:120736:25
       |
120736 | let __jet_replay_seed = jet_prop_replay_seed();
       |                         ^^^^^^^^^^^^^^^^^^^^ not found in this scope

error[E0425]: cannot find function `jet_prop_replay_case` in this scope
      --> /jet/build/pre_post.rs:120737:25
       |
120737 | let __jet_replay_case = jet_prop_replay_case();
       |                         ^^^^^^^^^^^^^^^^^^^^ not found in this scope

error[E0425]: cannot find function `jet_test_contract_eligibility` in this scope
      --> /jet/build/pre_post.rs:120742:43
       |
120742 | let __jet_result = { let __jet_eligible = jet_test_contract_eligibility(|| __jet__shome_snate_sProjects_sGithub_sjet_sexamples_s...
       |                                           ^^^^^^^^^^^^^^^^^^^^^^^^^^^^^ not found in this scope

error[E0433]: cannot find type `JetPropertyCaseResult` in this scope
      --> /jet/build/pre_post.rs:120742:264
       |
120742 | ..._eligible { Ok(false) => Ok(JetPropertyCaseResult::Rejected), Ok(true) => jet_test_run_property(false, || { match __jet__shom...
       |                                ^^^^^^^^^^^^^^^^^^^^^ use of undeclared type `JetPropertyCaseResult`

error[E0425]: cannot find function `jet_test_run_property` in this scope
      --> /jet/build/pre_post.rs:120742:310
       |
 88509 | fn jet_text_property(table: &[(u32, u32)], cp: u32) -> bool {
       | ----------------------------------------------------------- similarly named function `jet_text_property` defined here
...
120742 | let __jet_result = { let __jet_eligible = jet_test_contract_eligibility(|| __jet__shome_snate_sProjects_sGithub_sjet_sexamples_sfeatures_scontracts_c_cpre_upost_djet_c_ccontract_hpre_c_cadd_ufee_x40502_d_d556(&__jet_arg0)); match __jet_eligible { Ok(false) => Ok(JetPropertyCaseResult::Rejected), Ok(true) => jet_test_run_property(fa...
       |                                                                                                                                                                                                                                                                                                                      ^^^^^^^^^^^^^^^^^^^^^
       |
help: a function with a similar name exists
       |
120742 - let __jet_result = { let __jet_eligible = jet_test_contract_eligibility(|| __jet__shome_snate_sProjects_sGithub_sjet_sexamples_sfeatures_scontracts_c_cpre_upost_djet_c_ccontract_hpre_c_cadd_ufee_x40502_d_d556(&__jet_arg0)); match __jet_eligible { Ok(false) => Ok(JetPropertyCaseResult::Rejected), Ok(true) => jet_test_run_property(false, || { match __jet__shome_snate_sProjects_sGithub_sjet_sexamples_sfeatures_scontracts_c_cpre_upost_djet_c_ccontract_c_cadd_ufee_x40502_d_d556(&__jet_arg0) { Ok(_) => Ok(()), Err(__e) => Err(format!("{:?}", __e)) } }), Err(__jet_pre_error) => Err(__jet_pre_error) } };
120742 + let __jet_result = { let __jet_eligible = jet_test_contract_eligibility(|| __jet__shome_snate_sProjects_sGithub_sjet_sexamples_sfeatures_scontracts_c_cpre_upost_djet_c_ccontract_hpre_c_cadd_ufee_x40502_d_d556(&__jet_arg0)); match __jet_eligible { Ok(false) => Ok(JetPropertyCaseResult::Rejected), Ok(true) => jet_text_property(false, || { match __jet__shome_snate_sProjects_sGithub_sjet_sexamples_sfeatures_scontracts_c_cpre_upost_djet_c_ccontract_c_cadd_ufee_x40502_d_d556(&__jet_arg0) { Ok(_) => Ok(()), Err(__e) => Err(format!("{:?}", __e)) } }), Err(__jet_pre_error) => Err(__jet_pre_error) } };
       |

error[E0425]: cannot find function `jet_test_take_output` in this scope
      --> /jet/build/pre_post.rs:120743:25
       |
120743 | let __jet_case_stdout = jet_test_take_output();
       |                         ^^^^^^^^^^^^^^^^^^^^ not found in this scope

error[E0425]: cannot find function `jet_prop_cases` in this scope
      --> /jet/build/pre_post.rs:120747:59
       |
120747 | if __jet_replay_seed == __jet_seed && __jet_replay_case < jet_prop_cases() {
       |                                                           ^^^^^^^^^^^^^^ not found in this scope

error[E0433]: cannot find type `JetRng` in this scope
      --> /jet/build/pre_post.rs:120748:35
       |
120748 | let mut __jet_replay_driver_rng = JetRng::new(__jet_replay_seed);
       |                                   ^^^^^^ use of undeclared type `JetRng`
       |
help: a struct with a similar name exists
       |
120748 - let mut __jet_replay_driver_rng = JetRng::new(__jet_replay_seed);
120748 + let mut __jet_replay_driver_rng = JetRange::new(__jet_replay_seed);
       |

error[E0433]: cannot find type `JetRng` in this scope
      --> /jet/build/pre_post.rs:120751:28
       |
120751 | let mut __jet_replay_rng = JetRng::new(__jet_case_seed);
       |                            ^^^^^^ use of undeclared type `JetRng`
       |
help: a struct with a similar name exists
       |
120751 - let mut __jet_replay_rng = JetRng::new(__jet_case_seed);
120751 + let mut __jet_replay_rng = JetRange::new(__jet_case_seed);
       |

error[E0425]: cannot find function `jet_prop_trace_sample` in this scope
      --> /jet/build/pre_post.rs:120755:1
       |
120755 | jet_prop_trace_sample("jet_test", __jet_replay_index, __jet_case_seed, &<jet_foundation::Numeric::JetInt as JetGen>::render(&__j...
       | ^^^^^^^^^^^^^^^^^^^^^ not found in this scope

error[E0433]: cannot find type `JetRng` in this scope
      --> /jet/build/pre_post.rs:120788:28
       |
120788 | let mut __jet_driver_rng = JetRng::new(__jet_seed);
       |                            ^^^^^^ use of undeclared type `JetRng`
       |
help: a struct with a similar name exists
       |
120788 - let mut __jet_driver_rng = JetRng::new(__jet_seed);
120788 + let mut __jet_driver_rng = JetRange::new(__jet_seed);
       |

error[E0425]: cannot find function `jet_prop_cases` in this scope
      --> /jet/build/pre_post.rs:120789:28
       |
120789 | for __jet_case_index in 0..jet_prop_cases() {
       |                            ^^^^^^^^^^^^^^ not found in this scope

error[E0433]: cannot find type `JetRng` in this scope
      --> /jet/build/pre_post.rs:120791:21
       |
120791 | let mut __jet_rng = JetRng::new(__jet_case_seed);
       |                     ^^^^^^ use of undeclared type `JetRng`
       |
help: a struct with a similar name exists
       |
120791 - let mut __jet_rng = JetRng::new(__jet_case_seed);
120791 + let mut __jet_rng = JetRange::new(__jet_case_seed);
       |

error[E0425]: cannot find function `jet_prop_trace_sample` in this scope
      --> /jet/build/pre_post.rs:120795:1
       |
120795 | jet_prop_trace_sample("jet_test", __jet_case_index, __jet_case_seed, &<jet_foundation::Numeric::JetInt as JetGen>::render(&__jet...
       | ^^^^^^^^^^^^^^^^^^^^^ not found in this scope

error[E0425]: cannot find function `jet_test_install_panic_hook` in this scope
      --> /jet/build/pre_post.rs:120830:5
       |
111402 | fn jet_scheduler_install_panic_hook() {
       | ------------------------------------- similarly named function `jet_scheduler_install_panic_hook` defined here
...
120830 |     jet_test_install_panic_hook();
       |     ^^^^^^^^^^^^^^^^^^^^^^^^^^^
       |
help: a function with a similar name exists
       |
120830 -     jet_test_install_panic_hook();
120830 +     jet_scheduler_install_panic_hook();
       |

error[E0425]: cannot find function `jet_test_trace_tier` in this scope
      --> /jet/build/pre_post.rs:120831:5
       |
 29942 | / fn jet_test_require(
 29943 | |     condition: bool,
 29944 | |     msg: &str,
 29945 | |     file: &str,
...      |
 29961 | | }
       | |_- similarly named function `jet_test_require` defined here
...
120831 |       jet_test_trace_tier();
       |       ^^^^^^^^^^^^^^^^^^^
       |
help: a function with a similar name exists
       |
120831 -     jet_test_trace_tier();
120831 +     jet_test_require();
       |

error[E0425]: cannot find function `jet_test_filter` in this scope
      --> /jet/build/pre_post.rs:120835:33
       |
 35294 | / fn jet_list_filter<T, F>(xs: Vec<T>, mut f: F) -> Vec<T>
 35295 | | where
 35296 | |     F: FnMut(&T) -> bool,
...      |
 35299 | | }
       | |_- similarly named function `jet_list_filter` defined here
...
120835 |       if let Some(__jet_filter) = jet_test_filter() { __jet_cases.retain(|(__jet_name, _)| __jet_name.contains(&__jet_filter)); }
       |                                   ^^^^^^^^^^^^^^^
       |
help: a function with a similar name exists
       |
120835 -     if let Some(__jet_filter) = jet_test_filter() { __jet_cases.retain(|(__jet_name, _)| __jet_name.contains(&__jet_filter)); }
120835 +     if let Some(__jet_filter) = jet_list_filter() { __jet_cases.retain(|(__jet_name, _)| __jet_name.contains(&__jet_filter)); }
       |

error[E0425]: cannot find function `jet_test_shuffle_seed` in this scope
      --> /jet/build/pre_post.rs:120837:31
       |
 33605 | fn jet_set_shuffle<T: 'static + Clone>(set: &std::collections::HashSet<T>) -> Vec<T> {
       | ------------------------------------------------------------------------------------ similarly named function `jet_set_shuffle` defined here
...
120837 |     if let Some(__jet_seed) = jet_test_shuffle_seed() { __jet_order = jet_test_shuffle_order(__jet_cases.len(), __jet_seed); }
       |                               ^^^^^^^^^^^^^^^^^^^^^
       |
help: a function with a similar name exists
       |
120837 -     if let Some(__jet_seed) = jet_test_shuffle_seed() { __jet_order = jet_test_shuffle_order(__jet_cases.len(), __jet_seed); }
120837 +     if let Some(__jet_seed) = jet_set_shuffle() { __jet_order = jet_test_shuffle_order(__jet_cases.len(), __jet_seed); }
       |

error[E0425]: cannot find function `jet_test_shuffle_order` in this scope
      --> /jet/build/pre_post.rs:120837:71
       |
120837 |     if let Some(__jet_seed) = jet_test_shuffle_seed() { __jet_order = jet_test_shuffle_order(__jet_cases.len(), __jet_seed); }
       |                                                                       ^^^^^^^^^^^^^^^^^^^^^^ not found in this scope

error[E0425]: cannot find function `jet_test_serial` in this scope
      --> /jet/build/pre_post.rs:120838:24
       |
 35819 | fn jet_list_equal<T: PartialEq>(left: &[T], right: &[T]) -> bool {
       | ---------------------------------------------------------------- similarly named function `jet_list_equal` defined here
...
120838 |     let __jet_serial = jet_test_serial();
       |                        ^^^^^^^^^^^^^^^
       |
help: a function with a similar name exists
       |
120838 -     let __jet_serial = jet_test_serial();
120838 +     let __jet_serial = jet_list_equal();
       |

error[E0425]: cannot find function `jet_test_finish` in this scope
      --> /jet/build/pre_post.rs:120852:5
       |
 31108 | / fn jet_list_find<T, F, I>(xs: I, mut f: F) -> JetOutcome<T, JetAbsent>
 31109 | | where
 31110 | |     I: IntoIterator<Item = T>,
 31111 | |     F: FnMut(&T) -> bool,
 31112 | | {
 31113 | |     jet_outcome_of(xs.into_iter().find(|x| f(x)))
 31114 | | }
       | |_- similarly named function `jet_list_find` defined here
...
120852 |       jet_test_finish(__jet_results)
       |       ^^^^^^^^^^^^^^^
       |
help: a function with a similar name exists
       |
120852 -     jet_test_finish(__jet_results)
120852 +     jet_list_find(__jet_results)
       |

warning: unused import: `Read`
      --> /jet/build/pre_post.rs:111258:15
       |
111258 | use std::io::{Read, Seek, SeekFrom, Write};
       |               ^^^^

warning: unused import: `Write`
      --> /jet/build/pre_post.rs:111258:37
       |
111258 | use std::io::{Read, Seek, SeekFrom, Write};
       |                                     ^^^^^

warning: unused import: `Any`
      --> /jet/build/pre_post.rs:111255:16
       |
111255 | use std::any::{Any as JetWebStoreAny, TypeId as JetWebStoreTypeId};
       |                ^^^

warning: value assigned to `cursor` is never read
      --> /jet/build/pre_post.rs:118368:17
       |
118368 |                 cursor += 2;
       |                 ^^^^^^^^^^^ this value is reassigned later and never used
...
118371 |                 cursor += 1;
       |                 ----------- `cursor` is overwritten here before the previous value is read
       |
       = note: `#[warn(unused_assignments)]` (part of `#[warn(unused)]`) on by default

warning: value assigned to `cursor` is never read
      --> /jet/build/pre_post.rs:118371:17
       |
118371 |                 cursor += 1;
       |                 ^^^^^^^^^^^
       |
       = help: maybe it is overwritten before being read?

error[E0433]: cannot find type `JetPropertyCaseResult` in this scope
      --> /jet/build/pre_post.rs:120800:4
       |
120800 | Ok(JetPropertyCaseResult::Rejected) => {},
       |    ^^^^^^^^^^^^^^^^^^^^^ use of undeclared type `JetPropertyCaseResult`

error[E0433]: cannot find type `JetPropertyCaseResult` in this scope
      --> /jet/build/pre_post.rs:120799:4
       |
120799 | Ok(JetPropertyCaseResult::Accepted) => { __jet_accepted_cases += 1; }
       |    ^^^^^^^^^^^^^^^^^^^^^ use of undeclared type `JetPropertyCaseResult`

error[E0433]: cannot find type `JetPropertyCaseResult` in this scope
      --> /jet/build/pre_post.rs:120762:4
       |
120762 | Ok(JetPropertyCaseResult::Rejected) => {},
       |    ^^^^^^^^^^^^^^^^^^^^^ use of undeclared type `JetPropertyCaseResult`

error[E0433]: cannot find type `JetPropertyCaseResult` in this scope
      --> /jet/build/pre_post.rs:120759:4
       |
120759 | Ok(JetPropertyCaseResult::Accepted) => {
       |    ^^^^^^^^^^^^^^^^^^^^^ use of undeclared type `JetPropertyCaseResult`

error: aborting due to 40 previous errors; 56 warnings emitted

Some errors have detailed explanations: E0405, E0422, E0425, E0433.
For more information about an error, try `rustc --explain E0405`.
