warning: trait `__jet_Display` should have an upper camel case name
 --> /jet/build/prim_dsl_symbolic_demo.rs:4:11
  |
4 | pub trait __jet_Display {
  |           ^^^^^^^^^^^^^ help: convert the identifier to upper camel case: `JetDisplay`
  |
  = note: `#[warn(non_camel_case_types)]` (part of `#[warn(nonstandard_style)]`) on by default

warning: trait `__jet_Equatable` should have an upper camel case name
 --> /jet/build/prim_dsl_symbolic_demo.rs:8:11
  |
8 | pub trait __jet_Equatable: Sized { fn equal(&self, rhs: &Self) -> bool; }
  |           ^^^^^^^^^^^^^^^ help: convert the identifier to upper camel case: `JetEquatable`

warning: type `__jet_Ordering` should have an upper camel case name
  --> /jet/build/prim_dsl_symbolic_demo.rs:24:10
   |
24 | pub enum __jet_Ordering { __jet_Less, __jet_Equal, __jet_Greater }
   |          ^^^^^^^^^^^^^^ help: convert the identifier to upper camel case: `JetOrdering`

warning: variant `__jet_Less` should have an upper camel case name
  --> /jet/build/prim_dsl_symbolic_demo.rs:24:27
   |
24 | pub enum __jet_Ordering { __jet_Less, __jet_Equal, __jet_Greater }
   |                           ^^^^^^^^^^ help: convert the identifier to upper camel case: `JetLess`

warning: variant `__jet_Equal` should have an upper camel case name
  --> /jet/build/prim_dsl_symbolic_demo.rs:24:39
   |
24 | pub enum __jet_Ordering { __jet_Less, __jet_Equal, __jet_Greater }
   |                                       ^^^^^^^^^^^ help: convert the identifier to upper camel case: `JetEqual`

warning: variant `__jet_Greater` should have an upper camel case name
  --> /jet/build/prim_dsl_symbolic_demo.rs:24:52
   |
24 | pub enum __jet_Ordering { __jet_Less, __jet_Equal, __jet_Greater }
   |                                                    ^^^^^^^^^^^^^ help: convert the identifier to upper camel case: `JetGreater`

warning: trait `__jet_Comparable` should have an upper camel case name
  --> /jet/build/prim_dsl_symbolic_demo.rs:26:11
   |
26 | pub trait __jet_Comparable: Sized { fn compare(&self, rhs: &Self) -> __jet_Ordering; }
   |           ^^^^^^^^^^^^^^^^ help: convert the identifier to upper camel case: `JetComparable`

warning: trait `__jet_Add` should have an upper camel case name
  --> /jet/build/prim_dsl_symbolic_demo.rs:38:11
   |
38 | pub trait __jet_Add<Rhs = Self>: Sized { type Output; fn add(&self, rhs: &Rhs) -> Self::Output; }
   |           ^^^^^^^^^ help: convert the identifier to upper camel case: `JetAdd`

warning: trait `__jet_Sub` should have an upper camel case name
  --> /jet/build/prim_dsl_symbolic_demo.rs:39:11
   |
39 | pub trait __jet_Sub<Rhs = Self>: Sized { type Output; fn sub(&self, rhs: &Rhs) -> Self::Output; }
   |           ^^^^^^^^^ help: convert the identifier to upper camel case: `JetSub`

warning: trait `__jet_Mul` should have an upper camel case name
  --> /jet/build/prim_dsl_symbolic_demo.rs:40:11
   |
40 | pub trait __jet_Mul<Rhs = Self>: Sized { type Output; fn mul(&self, rhs: &Rhs) -> Self::Output; }
   |           ^^^^^^^^^ help: convert the identifier to upper camel case: `JetMul`

warning: trait `__jet_Div` should have an upper camel case name
  --> /jet/build/prim_dsl_symbolic_demo.rs:41:11
   |
41 | pub trait __jet_Div<Rhs = Self>: Sized { type Output; fn div(&self, rhs: &Rhs) -> Self::Output; }
   |           ^^^^^^^^^ help: convert the identifier to upper camel case: `JetDiv`

warning: trait `__jet_Serialize` should have an upper camel case name
     --> /jet/build/prim_dsl_symbolic_demo.rs:40577:7
      |
40577 | trait __jet_Serialize {
      |       ^^^^^^^^^^^^^^^ help: convert the identifier to upper camel case: `JetSerialize`

warning: unused import: `Cell`
     --> /jet/build/prim_dsl_symbolic_demo.rs:45071:21
      |
45071 |     use std::cell::{Cell, RefCell};
      |                     ^^^^
      |
      = note: `#[warn(unused_imports)]` (part of `#[warn(unused)]`) on by default

warning: unused import: `JetUninit`
     --> /jet/build/prim_dsl_symbolic_demo.rs:45075:43
      |
45075 |     pub use super::jet_uninit_semantics::{JetUninit, JetUninitFixed};
      |                                           ^^^^^^^^^

warning: unused imports: `JetSentryFrame`, `JetSentryGuard`, `jet_sentry_current_frame`, `jet_sentry_fenced_scope`, `jet_sentry_frame`, `jet_sentry_policy_scope`, `jet_sentry_reset`, `jet_sentry_scope`, and `jet_sentry_set_hardened`
     --> /jet/build/prim_dsl_symbolic_demo.rs:45088:35
      |
45088 |         jet_memory_ledger_record, jet_sentry_current_frame, jet_sentry_fenced_scope,
      |                                   ^^^^^^^^^^^^^^^^^^^^^^^^  ^^^^^^^^^^^^^^^^^^^^^^^
45089 |         jet_sentry_frame, jet_sentry_policy_scope, jet_sentry_reset, jet_sentry_scope,
      |         ^^^^^^^^^^^^^^^^  ^^^^^^^^^^^^^^^^^^^^^^^  ^^^^^^^^^^^^^^^^  ^^^^^^^^^^^^^^^^
45090 |         jet_sentry_set_hardened, JetSentryFrame, JetSentryGuard, MemoryLedgerWitness,
      |         ^^^^^^^^^^^^^^^^^^^^^^^  ^^^^^^^^^^^^^^  ^^^^^^^^^^^^^^

warning: unused import: `crate::jet_encoding_json::render_json`
     --> /jet/build/prim_dsl_symbolic_demo.rs:65067:13
      |
65067 |     pub use crate::jet_encoding_json::render_json;
      |             ^^^^^^^^^^^^^^^^^^^^^^^^^^^^^^^^^^^^^

warning: unnecessary parentheses around block return value
     --> /jet/build/prim_dsl_symbolic_demo.rs:69056:13
      |
69056 |             (((exponent as u64 + 1023) << 52) | (top & ((1u64 << 52) - 1)))
      |             ^                                                             ^
      |
      = note: `#[warn(unused_parens)]` (part of `#[warn(unused)]`) on by default
help: remove these parentheses
      |
69056 -             (((exponent as u64 + 1023) << 52) | (top & ((1u64 << 52) - 1)))
69056 +             ((exponent as u64 + 1023) << 52) | (top & ((1u64 << 52) - 1))
      |

warning: unused import: `crate::jet_int_compare_hot`
     --> /jet/build/prim_dsl_symbolic_demo.rs:69401:9
      |
69401 | pub use crate::jet_int_compare_hot;
      |         ^^^^^^^^^^^^^^^^^^^^^^^^^^

warning: unused import: `crate::jet_int_add_hot`
     --> /jet/build/prim_dsl_symbolic_demo.rs:69425:9
      |
69425 | pub use crate::jet_int_add_hot;
      |         ^^^^^^^^^^^^^^^^^^^^^^

warning: unused import: `crate::jet_int_sub_hot`
     --> /jet/build/prim_dsl_symbolic_demo.rs:69449:9
      |
69449 | pub use crate::jet_int_sub_hot;
      |         ^^^^^^^^^^^^^^^^^^^^^^

warning: unused import: `crate::jet_int_mul_hot`
     --> /jet/build/prim_dsl_symbolic_demo.rs:69473:9
      |
69473 | pub use crate::jet_int_mul_hot;
      |         ^^^^^^^^^^^^^^^^^^^^^^

warning: unused import: `crate::jet_int_add_inline`
     --> /jet/build/prim_dsl_symbolic_demo.rs:69487:9
      |
69487 | pub use crate::jet_int_add_inline;
      |         ^^^^^^^^^^^^^^^^^^^^^^^^^

warning: unused import: `crate::jet_int_sub_inline`
     --> /jet/build/prim_dsl_symbolic_demo.rs:69497:9
      |
69497 | pub use crate::jet_int_sub_inline;
      |         ^^^^^^^^^^^^^^^^^^^^^^^^^

warning: unused import: `crate::jet_int_mul_inline`
     --> /jet/build/prim_dsl_symbolic_demo.rs:69507:9
      |
69507 | pub use crate::jet_int_mul_inline;
      |         ^^^^^^^^^^^^^^^^^^^^^^^^^

warning: unused import: `crate::jet_int_compare_inline`
     --> /jet/build/prim_dsl_symbolic_demo.rs:69521:9
      |
69521 | pub use crate::jet_int_compare_inline;
      |         ^^^^^^^^^^^^^^^^^^^^^^^^^^^^^

warning: unused import: `crate::jet_int_neg_inline`
     --> /jet/build/prim_dsl_symbolic_demo.rs:69530:9
      |
69530 | pub use crate::jet_int_neg_inline;
      |         ^^^^^^^^^^^^^^^^^^^^^^^^^

warning: unused import: `crate::jet_int_bit_and_hot`
     --> /jet/build/prim_dsl_symbolic_demo.rs:69549:9
      |
69549 | pub use crate::jet_int_bit_and_hot;
      |         ^^^^^^^^^^^^^^^^^^^^^^^^^^

warning: unused import: `crate::jet_int_bit_or_hot`
     --> /jet/build/prim_dsl_symbolic_demo.rs:69565:9
      |
69565 | pub use crate::jet_int_bit_or_hot;
      |         ^^^^^^^^^^^^^^^^^^^^^^^^^

warning: unused import: `crate::jet_int_bit_xor_hot`
     --> /jet/build/prim_dsl_symbolic_demo.rs:69581:9
      |
69581 | pub use crate::jet_int_bit_xor_hot;
      |         ^^^^^^^^^^^^^^^^^^^^^^^^^^

warning: unused imports: `JetCellEditGuard` and `JetCellReadGuard`
     --> /jet/build/prim_dsl_symbolic_demo.rs:75335:35
      |
75335 | pub use self::jet_cell::{JetCell, JetCellEditGuard, JetCellReadGuard};
      |                                   ^^^^^^^^^^^^^^^^  ^^^^^^^^^^^^^^^^

warning: unused imports: `JetStreamSender` and `jet_stream_task`
     --> /jet/build/prim_dsl_symbolic_demo.rs:76276:21
      |
76276 |     pub use super::{jet_stream_task, JetStream, JetStreamSender};
      |                     ^^^^^^^^^^^^^^^             ^^^^^^^^^^^^^^^

warning: unused macro definition: `jet_plugin_bridge`
     --> /jet/build/prim_dsl_symbolic_demo.rs:86540:14
      |
86540 | macro_rules! jet_plugin_bridge {
      |              ^^^^^^^^^^^^^^^^^
      |
      = note: `#[warn(unused_macros)]` (part of `#[warn(unused)]`) on by default

warning: unused import: `std::io::Write`
     --> /jet/build/prim_dsl_symbolic_demo.rs:92412:13
      |
92412 |         use std::io::Write;
      |             ^^^^^^^^^^^^^^

warning: unused import: `core::cell::Cell`
      --> /jet/build/prim_dsl_symbolic_demo.rs:111205:5
       |
111205 | use core::cell::Cell;
       |     ^^^^^^^^^^^^^^^^

warning: unused import: `jet_foundation::Devtools::JetDevtoolsEvent as JetWebStoreDevtoolsEvent`
      --> /jet/build/prim_dsl_symbolic_demo.rs:111208:5
       |
111208 | use jet_foundation::Devtools::JetDevtoolsEvent as JetWebStoreDevtoolsEvent;
       |     ^^^^^^^^^^^^^^^^^^^^^^^^^^^^^^^^^^^^^^^^^^^^^^^^^^^^^^^^^^^^^^^^^^^^^^

warning: unused import: `TypeId as JetWebStoreTypeId`
      --> /jet/build/prim_dsl_symbolic_demo.rs:111210:39
       |
111210 | use std::any::{Any as JetWebStoreAny, TypeId as JetWebStoreTypeId};
       |                                       ^^^^^^^^^^^^^^^^^^^^^^^^^^^

warning: unused imports: `BTreeMap as JetWebFormMap`, `BTreeMap as JetWebTablePages`, `BTreeMap`, `BTreeSet as JetWebTableSet`, `BTreeSet`, `HashMap as JetWebStoreMap`, and `VecDeque as JetWebStoreDeque`
      --> /jet/build/prim_dsl_symbolic_demo.rs:111211:24
       |
111211 | ...::{BTreeMap, BTreeSet, HashMap, HashSet, BTreeMap as JetWebFormMap, VecDeque as JetWebStoreDeque, HashMap as JetWebStoreMap, BTreeMap as JetWebTablePages, BTreeSet as JetWebTableSet, V...
       |       ^^^^^^^^  ^^^^^^^^                    ^^^^^^^^^^^^^^^^^^^^^^^^^  ^^^^^^^^^^^^^^^^^^^^^^^^^^^^  ^^^^^^^^^^^^^^^^^^^^^^^^^  ^^^^^^^^^^^^^^^^^^^^^^^^^^^^  ^^^^^^^^^^^^^^^^^^^^^^^^^^

warning: unused import: `std::fs::OpenOptions`
      --> /jet/build/prim_dsl_symbolic_demo.rs:111212:5
       |
111212 | use std::fs::OpenOptions;
       |     ^^^^^^^^^^^^^^^^^^^^

warning: unused imports: `SeekFrom` and `Seek`
      --> /jet/build/prim_dsl_symbolic_demo.rs:111213:21
       |
111213 | use std::io::{Read, Seek, SeekFrom, Write};
       |                     ^^^^  ^^^^^^^^

warning: unused imports: `Component`, `PathBuf`, and `Path`
      --> /jet/build/prim_dsl_symbolic_demo.rs:111216:17
       |
111216 | use std::path::{Component, Path, PathBuf};
       |                 ^^^^^^^^^  ^^^^  ^^^^^^^

warning: unused imports: `Arc as JetDataPlotArc`, `Arc as JetWebFormArc`, `Arc as JetWebQueryArc`, `Arc as JetWebStoreArc`, `Arc as JetWebTableArc`, `Condvar as JetWebStoreCondvar`, `LazyLock as JetWebStoreLazyLock`, `LazyLock`, `Mutex as JetWebFormMutex`, `Mutex as JetWebQueryMutex`, `Mutex as JetWebStoreMutex`, and `Mutex as JetWebTableMutex`
      --> /jet/build/prim_dsl_symbolic_demo.rs:111217:31
       |
111217 | ...r, Arc as JetDataPlotArc, Arc as JetWebFormArc, Mutex as JetWebFormMutex, Arc as JetWebQueryArc, Mutex as JetWebQueryMutex, Arc as JetWebStoreArc, Condvar as JetWebStoreCondvar, LazyLock as JetWebStoreLazyLock, Mutex as JetWebStoreMutex, Arc as JetWebTableArc, Mutex as JetWebTableMutex, LazyLock, M...
       |       ^^^^^^^^^^^^^^^^^^^^^  ^^^^^^^^^^^^^^^^^^^^  ^^^^^^^^^^^^^^^^^^^^^^^^  ^^^^^^^^^^^^^^^^^^^^^  ^^^^^^^^^^^^^^^^^^^^^^^^^  ^^^^^^^^^^^^^^^^^^^^^  ^^^^^^^^^^^^^^^^^^^^^^^^^^^^^  ^^^^^^^^^^^^^^^^^^^^^^^^^^^^^^^  ^^^^^^^^^^^^^^^^^^^^^^^^^  ^^^^^^^^^^^^^^^^^^^^^  ^^^^^^^^^^^^^^^^^^^^^^^^^  ^^^^^^^^

warning: unused import: `Ordering as JetWebFormOrdering`
      --> /jet/build/prim_dsl_symbolic_demo.rs:111218:60
       |
111218 | use std::sync::atomic::{AtomicBool, AtomicU8, AtomicUsize, Ordering as JetWebFormOrdering};
       |                                                            ^^^^^^^^^^^^^^^^^^^^^^^^^^^^^^

warning: unused imports: `SystemTime as JetWebStoreSystemTime`, `SystemTime`, `UNIX_EPOCH as JetWebStoreUnixEpoch`, and `UNIX_EPOCH`
      --> /jet/build/prim_dsl_symbolic_demo.rs:111219:36
       |
111219 | ...tion, Instant, SystemTime as JetWebStoreSystemTime, UNIX_EPOCH as JetWebStoreUnixEpoch, SystemTime, UNIX_EPOCH};
       |                   ^^^^^^^^^^^^^^^^^^^^^^^^^^^^^^^^^^^  ^^^^^^^^^^^^^^^^^^^^^^^^^^^^^^^^^^  ^^^^^^^^^^  ^^^^^^^^^^

warning: type `__jet__shome_snate_s_dcache_sjet_htest_hscratch_sprim_hdsl_c_csymbolic_djet_c_cDual` should have an upper camel case name
      --> /jet/build/prim_dsl_symbolic_demo.rs:123600:12
       |
123600 | pub struct __jet__shome_snate_s_dcache_sjet_htest_hscratch_sprim_hdsl_c_csymbolic_djet_c_cDual {
       |            ^^^^^^^^^^^^^^^^^^^^^^^^^^^^^^^^^^^^^^^^^^^^^^^^^^^^^^^^^^^^^^^^^^^^^^^^^^^^^^^^^^^ help: convert the identifier to upper camel case: `JetShomeSnateSDcacheSjetHtestHscratchSprimHdslCCsymbolicDjetCCDual`

warning: type `__jet_ParseError` should have an upper camel case name
      --> /jet/build/prim_dsl_symbolic_demo.rs:123623:10
       |
123623 | pub type __jet_ParseError = String;
       |          ^^^^^^^^^^^^^^^^ help: convert the identifier to upper camel case: `JetParseError`

warning: type `__jet__shome_snate_s_dcache_sjet_htest_hscratch_sprim_hdsl_c_csymbolic_djet_c_cNode` should have an upper camel case name
      --> /jet/build/prim_dsl_symbolic_demo.rs:123626:10
       |
123626 | pub enum __jet__shome_snate_s_dcache_sjet_htest_hscratch_sprim_hdsl_c_csymbolic_djet_c_cNode {
       |          ^^^^^^^^^^^^^^^^^^^^^^^^^^^^^^^^^^^^^^^^^^^^^^^^^^^^^^^^^^^^^^^^^^^^^^^^^^^^^^^^^^^ help: convert the identifier to upper camel case: `JetShomeSnateSDcacheSjetHtestHscratchSprimHdslCCsymbolicDjetCCNode`

warning: variant `__jet_Const` should have an upper camel case name
      --> /jet/build/prim_dsl_symbolic_demo.rs:123627:5
       |
123627 |     __jet_Const(f64),
       |     ^^^^^^^^^^^ help: convert the identifier to upper camel case: `JetConst`

warning: variant `__jet_Var` should have an upper camel case name
      --> /jet/build/prim_dsl_symbolic_demo.rs:123628:5
       |
123628 |     __jet_Var(String),
       |     ^^^^^^^^^ help: convert the identifier to upper camel case: `JetVar`

warning: variant `__jet_Add` should have an upper camel case name
      --> /jet/build/prim_dsl_symbolic_demo.rs:123629:5
       |
123629 |     __jet_Add,
       |     ^^^^^^^^^ help: convert the identifier to upper camel case: `JetAdd`

warning: variant `__jet_Mul` should have an upper camel case name
      --> /jet/build/prim_dsl_symbolic_demo.rs:123630:5
       |
123630 |     __jet_Mul,
       |     ^^^^^^^^^ help: convert the identifier to upper camel case: `JetMul`

warning: variant `__jet_Neg` should have an upper camel case name
      --> /jet/build/prim_dsl_symbolic_demo.rs:123631:5
       |
123631 |     __jet_Neg,
       |     ^^^^^^^^^ help: convert the identifier to upper camel case: `JetNeg`

warning: type `__jet__shome_snate_s_dcache_sjet_htest_hscratch_sprim_hdsl_c_csymbolic_djet_c_cExpr` should have an upper camel case name
      --> /jet/build/prim_dsl_symbolic_demo.rs:123659:12
       |
123659 | pub struct __jet__shome_snate_s_dcache_sjet_htest_hscratch_sprim_hdsl_c_csymbolic_djet_c_cExpr {
       |            ^^^^^^^^^^^^^^^^^^^^^^^^^^^^^^^^^^^^^^^^^^^^^^^^^^^^^^^^^^^^^^^^^^^^^^^^^^^^^^^^^^^ help: convert the identifier to upper camel case: `JetShomeSnateSDcacheSjetHtestHscratchSprimHdslCCsymbolicDjetCCExpr`

warning: unnecessary parentheses around block return value
      --> /jet/build/prim_dsl_symbolic_demo.rs:123717:228
       |
123717 | ...); ((&__jet_left).len() == (&__jet_right).len() && (&__jet_left).iter().zip((&__jet_right).iter()).all(|(__jet_left,__jet_right)| <__jet__shome_snate_s_dcache_sjet_htest_hscratch_sprim_hdsl_c_csymbolic_djet_c_cNode as __jet_Equatable>::equal(__jet_left, __jet_right))) }));
       |       ^                                                                                                                                                                                                                                                                       ^
       |
help: remove these parentheses
       |
123717 -                 __jet_v_12451218241583616279 = Some(!({ let __jet_left = (__jet_v_5026209685861740065.as_ref().expect("MIR value")).clone(); let __jet_right = (__jet_v_4490658079776667777.as_ref().expect("MIR value")).clone(); ((&__jet_left).len() == (&__jet_right).len() && (&__jet_left).iter().zip((&__jet_right).iter()).all(|(__jet_left,__jet_right)| <__jet__shome_snate_s_dcache_sjet_htest_hscratch_sprim_hdsl_c_csymbolic_djet_c_cNode as __jet_Equatable>::equal(__jet_left, __jet_right))) }));
123717 +                 __jet_v_12451218241583616279 = Some(!({ let __jet_left = (__jet_v_5026209685861740065.as_ref().expect("MIR value")).clone(); let __jet_right = (__jet_v_4490658079776667777.as_ref().expect("MIR value")).clone(); (&__jet_left).len() == (&__jet_right).len() && (&__jet_left).iter().zip((&__jet_right).iter()).all(|(__jet_left,__jet_right)| <__jet__shome_snate_s_dcache_sjet_htest_hscratch_sprim_hdsl_c_csymbolic_djet_c_cNode as __jet_Equatable>::equal(__jet_left, __jet_right)) }));
       |

warning: unnecessary parentheses around function argument
      --> /jet/build/prim_dsl_symbolic_demo.rs:124237:52
       |
124237 |                 __jet_v_2729243210416536843 = Some((!(*(__jet_v_4545478027022871852.as_ref().expect("MIR value")))));
       |                                                    ^                                                              ^
       |
help: remove these parentheses
       |
124237 -                 __jet_v_2729243210416536843 = Some((!(*(__jet_v_4545478027022871852.as_ref().expect("MIR value")))));
124237 +                 __jet_v_2729243210416536843 = Some(!(*(__jet_v_4545478027022871852.as_ref().expect("MIR value"))));
       |

warning: unnecessary parentheses around function argument
      --> /jet/build/prim_dsl_symbolic_demo.rs:124288:52
       |
124288 |                 __jet_v_4130795330509801379 = Some((!(*(__jet_v_605231992590692840.as_ref().expect("MIR value")))));
       |                                                    ^                                                             ^
       |
help: remove these parentheses
       |
124288 -                 __jet_v_4130795330509801379 = Some((!(*(__jet_v_605231992590692840.as_ref().expect("MIR value")))));
124288 +                 __jet_v_4130795330509801379 = Some(!(*(__jet_v_605231992590692840.as_ref().expect("MIR value"))));
       |

warning: unnecessary parentheses around function argument
      --> /jet/build/prim_dsl_symbolic_demo.rs:124319:53
       |
124319 | ...me((((__jet_v_4500593607465826484.as_ref().expect("MIR value")).clone()) == ((__jet_v_10212962495756028923.as_ref().expect("MIR value")).clone())));
       |       ^                                                                                                                                             ^
       |
help: remove these parentheses
       |
124319 -                 __jet_v_12132289925680275992 = Some((((__jet_v_4500593607465826484.as_ref().expect("MIR value")).clone()) == ((__jet_v_10212962495756028923.as_ref().expect("MIR value")).clone())));
124319 +                 __jet_v_12132289925680275992 = Some(((__jet_v_4500593607465826484.as_ref().expect("MIR value")).clone()) == ((__jet_v_10212962495756028923.as_ref().expect("MIR value")).clone()));
       |

warning: unnecessary parentheses around function argument
      --> /jet/build/prim_dsl_symbolic_demo.rs:124379:52
       |
124379 |                 __jet_v_1498493679455315923 = Some((!(*(__jet_v_1422088510581885025.as_ref().expect("MIR value")))));
       |                                                    ^                                                              ^
       |
help: remove these parentheses
       |
124379 -                 __jet_v_1498493679455315923 = Some((!(*(__jet_v_1422088510581885025.as_ref().expect("MIR value")))));
124379 +                 __jet_v_1498493679455315923 = Some(!(*(__jet_v_1422088510581885025.as_ref().expect("MIR value"))));
       |

warning: unnecessary parentheses around function argument
      --> /jet/build/prim_dsl_symbolic_demo.rs:124651:53
       |
124651 |                 __jet_v_13150228363138806303 = Some((!(*(__jet_v_12284014581789814229.as_ref().expect("MIR value")))));
       |                                                     ^                                                               ^
       |
help: remove these parentheses
       |
124651 -                 __jet_v_13150228363138806303 = Some((!(*(__jet_v_12284014581789814229.as_ref().expect("MIR value")))));
124651 +                 __jet_v_13150228363138806303 = Some(!(*(__jet_v_12284014581789814229.as_ref().expect("MIR value"))));
       |

warning: unnecessary parentheses around function argument
      --> /jet/build/prim_dsl_symbolic_demo.rs:124684:52
       |
124684 | ...me((((__jet_v_781604854910474309.as_ref().expect("MIR value")).clone()) == ((__jet_v_14709118594417354119.as_ref().expect("MIR value")).clone())));
       |       ^                                                                                                                                            ^
       |
help: remove these parentheses
       |
124684 -                 __jet_v_2934266659683224690 = Some((((__jet_v_781604854910474309.as_ref().expect("MIR value")).clone()) == ((__jet_v_14709118594417354119.as_ref().expect("MIR value")).clone())));
124684 +                 __jet_v_2934266659683224690 = Some(((__jet_v_781604854910474309.as_ref().expect("MIR value")).clone()) == ((__jet_v_14709118594417354119.as_ref().expect("MIR value")).clone()));
       |

warning: unnecessary parentheses around function argument
      --> /jet/build/prim_dsl_symbolic_demo.rs:124714:51
       |
124714 |                 __jet_v_119722886306382024 = Some((!(*(__jet_v_126974335727312601.as_ref().expect("MIR value")))));
       |                                                   ^                                                             ^
       |
help: remove these parentheses
       |
124714 -                 __jet_v_119722886306382024 = Some((!(*(__jet_v_126974335727312601.as_ref().expect("MIR value")))));
124714 +                 __jet_v_119722886306382024 = Some(!(*(__jet_v_126974335727312601.as_ref().expect("MIR value"))));
       |

warning: unnecessary parentheses around function argument
      --> /jet/build/prim_dsl_symbolic_demo.rs:124761:52
       |
124761 |                 __jet_v_7049012797663565846 = Some((!(*(__jet_v_5760321308078634542.as_ref().expect("MIR value")))));
       |                                                    ^                                                              ^
       |
help: remove these parentheses
       |
124761 -                 __jet_v_7049012797663565846 = Some((!(*(__jet_v_5760321308078634542.as_ref().expect("MIR value")))));
124761 +                 __jet_v_7049012797663565846 = Some(!(*(__jet_v_5760321308078634542.as_ref().expect("MIR value"))));
       |

warning: unnecessary parentheses around function argument
      --> /jet/build/prim_dsl_symbolic_demo.rs:125027:53
       |
125027 |                 __jet_v_17723449574000315206 = Some((!(*(__jet_v_13874124732876044475.as_ref().expect("MIR value")))));
       |                                                     ^                                                               ^
       |
help: remove these parentheses
       |
125027 -                 __jet_v_17723449574000315206 = Some((!(*(__jet_v_13874124732876044475.as_ref().expect("MIR value")))));
125027 +                 __jet_v_17723449574000315206 = Some(!(*(__jet_v_13874124732876044475.as_ref().expect("MIR value"))));
       |

warning: unnecessary parentheses around function argument
      --> /jet/build/prim_dsl_symbolic_demo.rs:125154:53
       |
125154 | ...me((((__jet_v_757311587415326385.as_ref().expect("MIR value")).clone()) == ((__jet_v_3546237387501793414.as_ref().expect("MIR value")).clone())));
       |       ^                                                                                                                                           ^
       |
help: remove these parentheses
       |
125154 -                 __jet_v_14420730850398654997 = Some((((__jet_v_757311587415326385.as_ref().expect("MIR value")).clone()) == ((__jet_v_3546237387501793414.as_ref().expect("MIR value")).clone())));
125154 +                 __jet_v_14420730850398654997 = Some(((__jet_v_757311587415326385.as_ref().expect("MIR value")).clone()) == ((__jet_v_3546237387501793414.as_ref().expect("MIR value")).clone()));
       |

warning: unnecessary parentheses around function argument
      --> /jet/build/prim_dsl_symbolic_demo.rs:125313:53
       |
125313 |                 __jet_v_17600463591715865696 = Some((!(*(__jet_v_14088576032445246292.as_ref().expect("MIR value")))));
       |                                                     ^                                                               ^
       |
help: remove these parentheses
       |
125313 -                 __jet_v_17600463591715865696 = Some((!(*(__jet_v_14088576032445246292.as_ref().expect("MIR value")))));
125313 +                 __jet_v_17600463591715865696 = Some(!(*(__jet_v_14088576032445246292.as_ref().expect("MIR value"))));
       |

warning: unnecessary parentheses around function argument
      --> /jet/build/prim_dsl_symbolic_demo.rs:125721:52
       |
125721 |                 __jet_v_6036756239463401353 = Some((!(*(__jet_v_6918500321440652491.as_ref().expect("MIR value")))));
       |                                                    ^                                                              ^
       |
help: remove these parentheses
       |
125721 -                 __jet_v_6036756239463401353 = Some((!(*(__jet_v_6918500321440652491.as_ref().expect("MIR value")))));
125721 +                 __jet_v_6036756239463401353 = Some(!(*(__jet_v_6918500321440652491.as_ref().expect("MIR value"))));
       |

warning: unnecessary parentheses around function argument
      --> /jet/build/prim_dsl_symbolic_demo.rs:125759:52
       |
125759 |                 __jet_v_5473700231079038507 = Some((!(*(__jet_v_8491323191665953762.as_ref().expect("MIR value")))));
       |                                                    ^                                                              ^
       |
help: remove these parentheses
       |
125759 -                 __jet_v_5473700231079038507 = Some((!(*(__jet_v_8491323191665953762.as_ref().expect("MIR value")))));
125759 +                 __jet_v_5473700231079038507 = Some(!(*(__jet_v_8491323191665953762.as_ref().expect("MIR value"))));
       |

warning: unnecessary parentheses around function argument
      --> /jet/build/prim_dsl_symbolic_demo.rs:125999:52
       |
125999 | ...me((((__jet_v_12933679019085312000.as_ref().expect("MIR value")).clone()) == ((__jet_v_16879904701937586953.as_ref().expect("MIR value")).clone())));
       |       ^                                                                                                                                              ^
       |
help: remove these parentheses
       |
125999 -                 __jet_v_5612189310206717848 = Some((((__jet_v_12933679019085312000.as_ref().expect("MIR value")).clone()) == ((__jet_v_16879904701937586953.as_ref().expect("MIR value")).clone())));
125999 +                 __jet_v_5612189310206717848 = Some(((__jet_v_12933679019085312000.as_ref().expect("MIR value")).clone()) == ((__jet_v_16879904701937586953.as_ref().expect("MIR value")).clone()));
       |

warning: unnecessary parentheses around function argument
      --> /jet/build/prim_dsl_symbolic_demo.rs:126013:52
       |
126013 | ...me((((__jet_v_10445650630079751619.as_ref().expect("MIR value")).clone()) == ((__jet_v_4600413165017145726.as_ref().expect("MIR value")).clone())));
       |       ^                                                                                                                                             ^
       |
help: remove these parentheses
       |
126013 -                 __jet_v_1955503472223541084 = Some((((__jet_v_10445650630079751619.as_ref().expect("MIR value")).clone()) == ((__jet_v_4600413165017145726.as_ref().expect("MIR value")).clone())));
126013 +                 __jet_v_1955503472223541084 = Some(((__jet_v_10445650630079751619.as_ref().expect("MIR value")).clone()) == ((__jet_v_4600413165017145726.as_ref().expect("MIR value")).clone()));
       |

warning: unnecessary parentheses around function argument
      --> /jet/build/prim_dsl_symbolic_demo.rs:126033:53
       |
126033 | ...me((((__jet_v_13129762462124209469.as_ref().expect("MIR value")).clone()) == ((__jet_v_13216377231642303497.as_ref().expect("MIR value")).clone())));
       |       ^                                                                                                                                              ^
       |
help: remove these parentheses
       |
126033 -                 __jet_v_12443586475594393370 = Some((((__jet_v_13129762462124209469.as_ref().expect("MIR value")).clone()) == ((__jet_v_13216377231642303497.as_ref().expect("MIR value")).clone())));
126033 +                 __jet_v_12443586475594393370 = Some(((__jet_v_13129762462124209469.as_ref().expect("MIR value")).clone()) == ((__jet_v_13216377231642303497.as_ref().expect("MIR value")).clone()));
       |

warning: unnecessary parentheses around function argument
      --> /jet/build/prim_dsl_symbolic_demo.rs:126832:53
       |
126832 | ...me((((__jet_v_2405562424748285424.as_ref().expect("MIR value")).clone()) != ((__jet_v_5335618572303604215.as_ref().expect("MIR value")).clone())));
       |       ^                                                                                                                                            ^
       |
help: remove these parentheses
       |
126832 -                 __jet_v_10445745940281952207 = Some((((__jet_v_2405562424748285424.as_ref().expect("MIR value")).clone()) != ((__jet_v_5335618572303604215.as_ref().expect("MIR value")).clone())));
126832 +                 __jet_v_10445745940281952207 = Some(((__jet_v_2405562424748285424.as_ref().expect("MIR value")).clone()) != ((__jet_v_5335618572303604215.as_ref().expect("MIR value")).clone()));
       |

warning: unnecessary parentheses around function argument
      --> /jet/build/prim_dsl_symbolic_demo.rs:126965:52
       |
126965 | ...me((((__jet_v_16893804279083819182.as_ref().expect("MIR value")).clone()) != ((__jet_v_2773154835230944608.as_ref().expect("MIR value")).clone())));
       |       ^                                                                                                                                             ^
       |
help: remove these parentheses
       |
126965 -                 __jet_v_4185706215459722062 = Some((((__jet_v_16893804279083819182.as_ref().expect("MIR value")).clone()) != ((__jet_v_2773154835230944608.as_ref().expect("MIR value")).clone())));
126965 +                 __jet_v_4185706215459722062 = Some(((__jet_v_16893804279083819182.as_ref().expect("MIR value")).clone()) != ((__jet_v_2773154835230944608.as_ref().expect("MIR value")).clone()));
       |

warning: unused label
      --> /jet/build/prim_dsl_symbolic_demo.rs:127867:5
       |
127867 |     'mir_dispatch: loop {
       |     ^^^^^^^^^^^^^
       |
       = note: `#[warn(unused_labels)]` (part of `#[warn(unused)]`) on by default

warning: unnecessary parentheses around function argument
      --> /jet/build/prim_dsl_symbolic_demo.rs:129148:52
       |
129148 | ...me((((__jet_v_15047185908489233816.as_ref().expect("MIR value")).clone()) == ((__jet_v_660009051107218529.as_ref().expect("MIR value")).clone())));
       |       ^                                                                                                                                            ^
       |
help: remove these parentheses
       |
129148 -                 __jet_v_5151322474228030976 = Some((((__jet_v_15047185908489233816.as_ref().expect("MIR value")).clone()) == ((__jet_v_660009051107218529.as_ref().expect("MIR value")).clone())));
129148 +                 __jet_v_5151322474228030976 = Some(((__jet_v_15047185908489233816.as_ref().expect("MIR value")).clone()) == ((__jet_v_660009051107218529.as_ref().expect("MIR value")).clone()));
       |

warning: unused label
      --> /jet/build/prim_dsl_symbolic_demo.rs:130077:5
       |
130077 |     'mir_dispatch: loop {
       |     ^^^^^^^^^^^^^

warning: unnecessary parentheses around function argument
      --> /jet/build/prim_dsl_symbolic_demo.rs:131147:52
       |
131147 | ...me((((__jet_v_14444368498163587766.as_ref().expect("MIR value")).clone()) || ((__jet_v_13659240128950940302.as_ref().expect("MIR value")).clone())));
       |       ^                                                                                                                                              ^
       |
help: remove these parentheses
       |
131147 -                 __jet_v_2214307639775776982 = Some((((__jet_v_14444368498163587766.as_ref().expect("MIR value")).clone()) || ((__jet_v_13659240128950940302.as_ref().expect("MIR value")).clone())));
131147 +                 __jet_v_2214307639775776982 = Some(((__jet_v_14444368498163587766.as_ref().expect("MIR value")).clone()) || ((__jet_v_13659240128950940302.as_ref().expect("MIR value")).clone()));
       |

warning: unused label
      --> /jet/build/prim_dsl_symbolic_demo.rs:132020:5
       |
132020 |     'mir_dispatch: loop {
       |     ^^^^^^^^^^^^^

warning: unused label
      --> /jet/build/prim_dsl_symbolic_demo.rs:132122:5
       |
132122 |     'mir_dispatch: loop {
       |     ^^^^^^^^^^^^^

warning: unnecessary parentheses around function argument
      --> /jet/build/prim_dsl_symbolic_demo.rs:132170:52
       |
132170 | ...me((((__jet_v_38089472960480758.as_ref().expect("MIR value")).clone()) < ((__jet_v_3508280992695779899.as_ref().expect("MIR value")).clone())));
       |       ^                                                                                                                                         ^
       |
help: remove these parentheses
       |
132170 -                 __jet_v_8108829500635065904 = Some((((__jet_v_38089472960480758.as_ref().expect("MIR value")).clone()) < ((__jet_v_3508280992695779899.as_ref().expect("MIR value")).clone())));
132170 +                 __jet_v_8108829500635065904 = Some(((__jet_v_38089472960480758.as_ref().expect("MIR value")).clone()) < ((__jet_v_3508280992695779899.as_ref().expect("MIR value")).clone()));
       |

warning: unnecessary parentheses around function argument
      --> /jet/build/prim_dsl_symbolic_demo.rs:132184:52
       |
132184 | ...me((((__jet_v_11565404716814768309.as_ref().expect("MIR value")).clone()) == ((__jet_v_11570849698823298468.as_ref().expect("MIR value")).clone())));
       |       ^                                                                                                                                              ^
       |
help: remove these parentheses
       |
132184 -                 __jet_v_3553416917905295574 = Some((((__jet_v_11565404716814768309.as_ref().expect("MIR value")).clone()) == ((__jet_v_11570849698823298468.as_ref().expect("MIR value")).clone())));
132184 +                 __jet_v_3553416917905295574 = Some(((__jet_v_11565404716814768309.as_ref().expect("MIR value")).clone()) == ((__jet_v_11570849698823298468.as_ref().expect("MIR value")).clone()));
       |

error[E0308]: mismatched types
      --> /jet/build/prim_dsl_symbolic_demo.rs:132231:53
       |
132231 | ... = Some(&(*jet_index_vec_ref(& ((*__jet_expr).__jet_code), jet_std::jet_int_owned_to_i64(__jet_v_9464978234832704835.as_ref().expect("MIR value")).unwrap_or_else(|_| jet_arithmetic_stop("symbolic.jet", 71u32, "index exceeds host range")), "symbolic.jet", 71u32)));
       |       ---- ^^^^^^^^^^^^^^^^^^^^^^^^^^^^^^^^^^^^^^^^^^^^^^^^^^^^^^^^^^^^^^^^^^^^^^^^^^^^^^^^^^^^^^^^^^^^^^^^^^^^^^^^^^^^^^^^^^^^^^^^^^^^^^^^^^^^^^^^^^^^^^^^^^^^^^^^^^^^^^^^^^^^^^^^^^^^^^^^^^^^^^^^^^^^^^^^^^^^^^^^^^^^^^^^^^^^^^^^^^^^^^^^^^^^^^^^^^^^^^^^^^^^^^^^^^^^^^ expected `__jet__shome_snate_s_dcache_sjet_htest_hscratch_sprim_hdsl_c_csymbolic_djet_c_cNode`, found `&...`
       |       |
       |       arguments to this enum variant are incorrect
       |
help: the type constructed contains `&__jet__shome_snate_s_dcache_sjet_htest_hscratch_sprim_hdsl_c_csymbolic_djet_c_cNode` due to the type of the argument passed
      --> /jet/build/prim_dsl_symbolic_demo.rs:132231:48
       |
132231 | ... = Some(&(*jet_index_vec_ref(& ((*__jet_expr).__jet_code), jet_std::jet_int_owned_to_i64(__jet_v_9464978234832704835.as_ref().expect("MIR value")).unwrap_or_else(|_| jet_arithmetic_stop("symbolic.jet", 71u32, "index exceeds host range")), "symbolic.jet", 71u32)));
       |       ^^^^^--------------------------------------------------------------------------------------------------------------------------------------------------------------------------------------------------------------------------------------------------------------^
       |            |
       |            this argument influences the type of `Some`
note: tuple variant defined here
      --> /rustc/8bab26f4f68e0e26f0bb7960be334d5b520ea452/library/core/src/option.rs:605:4
help: consider removing the borrow
       |
132231 -                 __jet_v_14391167783905544561 = Some(&(*jet_index_vec_ref(& ((*__jet_expr).__jet_code), jet_std::jet_int_owned_to_i64(__jet_v_9464978234832704835.as_ref().expect("MIR value")).unwrap_or_else(|_| jet_arithmetic_stop("symbolic.jet", 71u32, "index exceeds host range")), "symbolic.jet", 71u32)));
132231 +                 __jet_v_14391167783905544561 = Some((*jet_index_vec_ref(& ((*__jet_expr).__jet_code), jet_std::jet_int_owned_to_i64(__jet_v_9464978234832704835.as_ref().expect("MIR value")).unwrap_or_else(|_| jet_arithmetic_stop("symbolic.jet", 71u32, "index exceeds host range")), "symbolic.jet", 71u32)));
       |

warning: unused import: `Read`
      --> /jet/build/prim_dsl_symbolic_demo.rs:111213:15
       |
111213 | use std::io::{Read, Seek, SeekFrom, Write};
       |               ^^^^

warning: unused import: `Write`
      --> /jet/build/prim_dsl_symbolic_demo.rs:111213:37
       |
111213 | use std::io::{Read, Seek, SeekFrom, Write};
       |                                     ^^^^^

warning: unused import: `Any`
      --> /jet/build/prim_dsl_symbolic_demo.rs:111210:16
       |
111210 | use std::any::{Any as JetWebStoreAny, TypeId as JetWebStoreTypeId};
       |                ^^^

warning: value assigned to `cursor` is never read
      --> /jet/build/prim_dsl_symbolic_demo.rs:118323:17
       |
118323 |                 cursor += 2;
       |                 ^^^^^^^^^^^ this value is reassigned later and never used
...
118326 |                 cursor += 1;
       |                 ----------- `cursor` is overwritten here before the previous value is read
       |
       = note: `#[warn(unused_assignments)]` (part of `#[warn(unused)]`) on by default

warning: value assigned to `cursor` is never read
      --> /jet/build/prim_dsl_symbolic_demo.rs:118326:17
       |
118326 |                 cursor += 1;
       |                 ^^^^^^^^^^^
       |
       = help: maybe it is overwritten before being read?

error: aborting due to 1 previous error; 84 warnings emitted

For more information about this error, try `rustc --explain E0308`.
