error[E0432]: unresolved imports `jet_devtools_control::JetDevtoolsGameControlCallbackGuard`, `jet_devtools_control::jet_devtools_install_game_control_callback`, `jet_devtools_control::jet_devtools_take_game_control_relays`, `jet_devtools_control::jet_devtools_clear_game_control_relays`
      --> /jet/build/raylib_window.rs:132541:137
       |
132541 | ...t, JetDevtoolsGameControlCallbackGuard,jet_devtools_install_game_control_callback, jet_devtools_clear_commands,jet_devtools_enqueue_command, jet_devtools_requeue_command_front,jet_devtools_command_count, jet_devtools_poll_command,jet_devtools_poll_database_explain, jet_devtools_enqueue_game_control,jet_devtools_poll_game_control, jet_devtools_record_command_receipt,jet_devtools_update_command_receipt, jet_devtools_poll_command_receipt,jet_devtools_command_receipt_count, jet_devtools_clear_command_receipts,jet_devtools_take_game_control_relays, jet_devtools_clear_game_control_relays};
       |       ^^^^^^^^^^^^^^^^^^^^^^^^^^^^^^^^^^^ ^^^^^^^^^^^^^^^^^^^^^^^^^^^^^^^^^^^^^^^^^^                                                                                                                                                                                                                                                                                                                                                                                                                                              ^^^^^^^^^^^^^^^^^^^^^^^^^^^^^^^^^^^^^  ^^^^^^^^^^^^^^^^^^^^^^^^^^^^^^^^^^^^^^ no `jet_devtools_clear_game_control_relays` in `jet_devtools_control`
       |       |                                   |                                                                                                                                                                                                                                                                                                                                                                                                                                                                                       |
       |       |                                   no `jet_devtools_install_game_control_callback` in `jet_devtools_control`                                                                                                                                                                                                                                                                                                                                                                                                               no `jet_devtools_take_game_control_relays` in `jet_devtools_control`
       |       no `JetDevtoolsGameControlCallbackGuard` in `jet_devtools_control`
       |
       = help: consider importing this struct through its public re-export instead:
               crate::jet_foundation::StreamCursor::JetDevtoolsGameControlCallbackGuard
help: a similar name exists in the module
       |
132541 - pub use jet_devtools_control::{JetDevtoolsCommand, JetDevtoolsCommandReceipt, JetDevtoolsGameControlKind,JetDevtoolsGameControlRequest, JetDevtoolsGameControlCallbackGuard,jet_devtools_install_game_control_callback, jet_devtools_clear_commands,jet_devtools_enqueue_command, jet_devtools_requeue_command_front,jet_devtools_command_count, jet_devtools_poll_command,jet_devtools_poll_database_explain, jet_devtools_enqueue_game_control,jet_devtools_poll_game_control, jet_devtools_record_command_receipt,jet_devtools_update_command_receipt, jet_devtools_poll_command_receipt,jet_devtools_command_receipt_count, jet_devtools_clear_command_receipts,jet_devtools_take_game_control_relays, jet_devtools_clear_game_control_relays};
132541 + pub use jet_devtools_control::{JetDevtoolsCommand, JetDevtoolsCommandReceipt, JetDevtoolsGameControlKind,JetDevtoolsGameControlRequest, JetDevtoolsGameControlCallbackGuard,jet_devtools_poll_game_control, jet_devtools_clear_commands,jet_devtools_enqueue_command, jet_devtools_requeue_command_front,jet_devtools_command_count, jet_devtools_poll_command,jet_devtools_poll_database_explain, jet_devtools_enqueue_game_control,jet_devtools_poll_game_control, jet_devtools_record_command_receipt,jet_devtools_update_command_receipt, jet_devtools_poll_command_receipt,jet_devtools_command_receipt_count, jet_devtools_clear_command_receipts,jet_devtools_take_game_control_relays, jet_devtools_clear_game_control_relays};
       |
help: a similar name exists in the module
       |
132541 - pub use jet_devtools_control::{JetDevtoolsCommand, JetDevtoolsCommandReceipt, JetDevtoolsGameControlKind,JetDevtoolsGameControlRequest, JetDevtoolsGameControlCallbackGuard,jet_devtools_install_game_control_callback, jet_devtools_clear_commands,jet_devtools_enqueue_command, jet_devtools_requeue_command_front,jet_devtools_command_count, jet_devtools_poll_command,jet_devtools_poll_database_explain, jet_devtools_enqueue_game_control,jet_devtools_poll_game_control, jet_devtools_record_command_receipt,jet_devtools_update_command_receipt, jet_devtools_poll_command_receipt,jet_devtools_command_receipt_count, jet_devtools_clear_command_receipts,jet_devtools_take_game_control_relays, jet_devtools_clear_game_control_relays};
132541 + pub use jet_devtools_control::{JetDevtoolsCommand, JetDevtoolsCommandReceipt, JetDevtoolsGameControlKind,JetDevtoolsGameControlRequest, JetDevtoolsGameControlCallbackGuard,jet_devtools_install_game_control_callback, jet_devtools_clear_commands,jet_devtools_enqueue_command, jet_devtools_requeue_command_front,jet_devtools_command_count, jet_devtools_poll_command,jet_devtools_poll_database_explain, jet_devtools_enqueue_game_control,jet_devtools_poll_game_control, jet_devtools_record_command_receipt,jet_devtools_update_command_receipt, jet_devtools_poll_command_receipt,jet_devtools_command_receipt_count, jet_devtools_clear_command_receipts,jet_devtools_poll_game_control, jet_devtools_clear_game_control_relays};
       |
help: a similar name exists in the module
       |
132541 - pub use jet_devtools_control::{JetDevtoolsCommand, JetDevtoolsCommandReceipt, JetDevtoolsGameControlKind,JetDevtoolsGameControlRequest, JetDevtoolsGameControlCallbackGuard,jet_devtools_install_game_control_callback, jet_devtools_clear_commands,jet_devtools_enqueue_command, jet_devtools_requeue_command_front,jet_devtools_command_count, jet_devtools_poll_command,jet_devtools_poll_database_explain, jet_devtools_enqueue_game_control,jet_devtools_poll_game_control, jet_devtools_record_command_receipt,jet_devtools_update_command_receipt, jet_devtools_poll_command_receipt,jet_devtools_command_receipt_count, jet_devtools_clear_command_receipts,jet_devtools_take_game_control_relays, jet_devtools_clear_game_control_relays};
132541 + pub use jet_devtools_control::{JetDevtoolsCommand, JetDevtoolsCommandReceipt, JetDevtoolsGameControlKind,JetDevtoolsGameControlRequest, JetDevtoolsGameControlCallbackGuard,jet_devtools_install_game_control_callback, jet_devtools_clear_commands,jet_devtools_enqueue_command, jet_devtools_requeue_command_front,jet_devtools_command_count, jet_devtools_poll_command,jet_devtools_poll_database_explain, jet_devtools_enqueue_game_control,jet_devtools_poll_game_control, jet_devtools_record_command_receipt,jet_devtools_update_command_receipt, jet_devtools_poll_command_receipt,jet_devtools_command_receipt_count, jet_devtools_clear_command_receipts,jet_devtools_take_game_control_relays, jet_devtools_poll_game_control};
       |

error[E0603]: struct import `RaylibWindow` is private
      --> /jet/build/raylib_window.rs:139046:58
       |
139046 |     let mut __jet_l_6005688663322597444: Option<jet_std::RaylibWindow> = None;
       |                                                          ^^^^^^^^^^^^ private struct import
       |
note: the struct import `RaylibWindow` is defined here...
      --> /jet/build/raylib_window.rs:61811:9
       |
 61811 |     use super::*;
       |         ^^^^^^^^
note: ...and refers to the struct `RaylibWindow` which is defined here
      --> /jet/build/raylib_window.rs:87959:1
       |
 87959 | struct RaylibWindow {
       | ^^^^^^^^^^^^^^^^^^^
help: consider importing this struct through its public re-export instead
       |
139046 -     let mut __jet_l_6005688663322597444: Option<jet_std::RaylibWindow> = None;
139046 +     let mut __jet_l_6005688663322597444: Option<jet_foundation::StreamCursor::RaylibWindow> = None;
       |
help: import `RaylibWindow` directly
       |
139046 -     let mut __jet_l_6005688663322597444: Option<jet_std::RaylibWindow> = None;
139046 +     let mut __jet_l_6005688663322597444: Option<super::RaylibWindow> = None;
       |

error[E0603]: struct import `RaylibColor` is private
      --> /jet/build/raylib_window.rs:139048:58
       |
139048 |     let mut __jet_l_6183564266014002250: Option<jet_std::RaylibColor> = None;
       |                                                          ^^^^^^^^^^^ private struct import
       |
note: the struct import `RaylibColor` is defined here...
      --> /jet/build/raylib_window.rs:61811:9
       |
 61811 |     use super::*;
       |         ^^^^^^^^
note: ...and refers to the struct `RaylibColor` which is defined here
      --> /jet/build/raylib_window.rs:87967:1
       |
 87967 | struct RaylibColor {
       | ^^^^^^^^^^^^^^^^^^
help: consider importing this struct through its public re-export instead
       |
139048 -     let mut __jet_l_6183564266014002250: Option<jet_std::RaylibColor> = None;
139048 +     let mut __jet_l_6183564266014002250: Option<jet_foundation::StreamCursor::RaylibColor> = None;
       |
help: import `RaylibColor` directly
       |
139048 -     let mut __jet_l_6183564266014002250: Option<jet_std::RaylibColor> = None;
139048 +     let mut __jet_l_6183564266014002250: Option<super::RaylibColor> = None;
       |

error[E0603]: struct import `RaylibColor` is private
      --> /jet/build/raylib_window.rs:139049:59
       |
139049 |     let mut __jet_l_12826649010879115279: Option<jet_std::RaylibColor> = None;
       |                                                           ^^^^^^^^^^^ private struct import
       |
note: the struct import `RaylibColor` is defined here...
      --> /jet/build/raylib_window.rs:61811:9
       |
 61811 |     use super::*;
       |         ^^^^^^^^
note: ...and refers to the struct `RaylibColor` which is defined here
      --> /jet/build/raylib_window.rs:87967:1
       |
 87967 | struct RaylibColor {
       | ^^^^^^^^^^^^^^^^^^
help: consider importing this struct through its public re-export instead
       |
139049 -     let mut __jet_l_12826649010879115279: Option<jet_std::RaylibColor> = None;
139049 +     let mut __jet_l_12826649010879115279: Option<jet_foundation::StreamCursor::RaylibColor> = None;
       |
help: import `RaylibColor` directly
       |
139049 -     let mut __jet_l_12826649010879115279: Option<jet_std::RaylibColor> = None;
139049 +     let mut __jet_l_12826649010879115279: Option<super::RaylibColor> = None;
       |

error[E0603]: struct import `RaylibSound` is private
      --> /jet/build/raylib_window.rs:139051:59
       |
139051 |     let mut __jet_l_17192321793411669287: Option<jet_std::RaylibSound> = None;
       |                                                           ^^^^^^^^^^^ private struct import
       |
note: the struct import `RaylibSound` is defined here...
      --> /jet/build/raylib_window.rs:61811:9
       |
 61811 |     use super::*;
       |         ^^^^^^^^
note: ...and refers to the struct `RaylibSound` which is defined here
      --> /jet/build/raylib_window.rs:87976:1
       |
 87976 | struct RaylibSound {
       | ^^^^^^^^^^^^^^^^^^
help: consider importing this struct through its public re-export instead
       |
139051 -     let mut __jet_l_17192321793411669287: Option<jet_std::RaylibSound> = None;
139051 +     let mut __jet_l_17192321793411669287: Option<jet_foundation::StreamCursor::RaylibSound> = None;
       |
help: import `RaylibSound` directly
       |
139051 -     let mut __jet_l_17192321793411669287: Option<jet_std::RaylibSound> = None;
139051 +     let mut __jet_l_17192321793411669287: Option<super::RaylibSound> = None;
       |

error[E0603]: struct import `RaylibColor` is private
      --> /jet/build/raylib_window.rs:139055:58
       |
139055 |     let mut __jet_v_1014808571170891101: Option<jet_std::RaylibColor> = None;
       |                                                          ^^^^^^^^^^^ private struct import
       |
note: the struct import `RaylibColor` is defined here...
      --> /jet/build/raylib_window.rs:61811:9
       |
 61811 |     use super::*;
       |         ^^^^^^^^
note: ...and refers to the struct `RaylibColor` which is defined here
      --> /jet/build/raylib_window.rs:87967:1
       |
 87967 | struct RaylibColor {
       | ^^^^^^^^^^^^^^^^^^
help: consider importing this struct through its public re-export instead
       |
139055 -     let mut __jet_v_1014808571170891101: Option<jet_std::RaylibColor> = None;
139055 +     let mut __jet_v_1014808571170891101: Option<jet_foundation::StreamCursor::RaylibColor> = None;
       |
help: import `RaylibColor` directly
       |
139055 -     let mut __jet_v_1014808571170891101: Option<jet_std::RaylibColor> = None;
139055 +     let mut __jet_v_1014808571170891101: Option<super::RaylibColor> = None;
       |

error[E0603]: struct import `RaylibColor` is private
      --> /jet/build/raylib_window.rs:139063:58
       |
139063 |     let mut __jet_v_3564688258071820278: Option<jet_std::RaylibColor> = None;
       |                                                          ^^^^^^^^^^^ private struct import
       |
note: the struct import `RaylibColor` is defined here...
      --> /jet/build/raylib_window.rs:61811:9
       |
 61811 |     use super::*;
       |         ^^^^^^^^
note: ...and refers to the struct `RaylibColor` which is defined here
      --> /jet/build/raylib_window.rs:87967:1
       |
 87967 | struct RaylibColor {
       | ^^^^^^^^^^^^^^^^^^
help: consider importing this struct through its public re-export instead
       |
139063 -     let mut __jet_v_3564688258071820278: Option<jet_std::RaylibColor> = None;
139063 +     let mut __jet_v_3564688258071820278: Option<jet_foundation::StreamCursor::RaylibColor> = None;
       |
help: import `RaylibColor` directly
       |
139063 -     let mut __jet_v_3564688258071820278: Option<jet_std::RaylibColor> = None;
139063 +     let mut __jet_v_3564688258071820278: Option<super::RaylibColor> = None;
       |

error[E0603]: struct import `RaylibColor` is private
      --> /jet/build/raylib_window.rs:139068:58
       |
139068 |     let mut __jet_v_4689445640121095911: Option<jet_std::RaylibColor> = None;
       |                                                          ^^^^^^^^^^^ private struct import
       |
note: the struct import `RaylibColor` is defined here...
      --> /jet/build/raylib_window.rs:61811:9
       |
 61811 |     use super::*;
       |         ^^^^^^^^
note: ...and refers to the struct `RaylibColor` which is defined here
      --> /jet/build/raylib_window.rs:87967:1
       |
 87967 | struct RaylibColor {
       | ^^^^^^^^^^^^^^^^^^
help: consider importing this struct through its public re-export instead
       |
139068 -     let mut __jet_v_4689445640121095911: Option<jet_std::RaylibColor> = None;
139068 +     let mut __jet_v_4689445640121095911: Option<jet_foundation::StreamCursor::RaylibColor> = None;
       |
help: import `RaylibColor` directly
       |
139068 -     let mut __jet_v_4689445640121095911: Option<jet_std::RaylibColor> = None;
139068 +     let mut __jet_v_4689445640121095911: Option<super::RaylibColor> = None;
       |

error[E0603]: struct import `RaylibWindow` is private
      --> /jet/build/raylib_window.rs:139070:58
       |
139070 |     let mut __jet_v_5018963232368114001: Option<jet_std::RaylibWindow> = None;
       |                                                          ^^^^^^^^^^^^ private struct import
       |
note: the struct import `RaylibWindow` is defined here...
      --> /jet/build/raylib_window.rs:61811:9
       |
 61811 |     use super::*;
       |         ^^^^^^^^
note: ...and refers to the struct `RaylibWindow` which is defined here
      --> /jet/build/raylib_window.rs:87959:1
       |
 87959 | struct RaylibWindow {
       | ^^^^^^^^^^^^^^^^^^^
help: consider importing this struct through its public re-export instead
       |
139070 -     let mut __jet_v_5018963232368114001: Option<jet_std::RaylibWindow> = None;
139070 +     let mut __jet_v_5018963232368114001: Option<jet_foundation::StreamCursor::RaylibWindow> = None;
       |
help: import `RaylibWindow` directly
       |
139070 -     let mut __jet_v_5018963232368114001: Option<jet_std::RaylibWindow> = None;
139070 +     let mut __jet_v_5018963232368114001: Option<super::RaylibWindow> = None;
       |

error[E0603]: struct import `RaylibWindow` is private
      --> /jet/build/raylib_window.rs:139078:58
       |
139078 |     let mut __jet_v_6261987965571688962: Option<jet_std::RaylibWindow> = None;
       |                                                          ^^^^^^^^^^^^ private struct import
       |
note: the struct import `RaylibWindow` is defined here...
      --> /jet/build/raylib_window.rs:61811:9
       |
 61811 |     use super::*;
       |         ^^^^^^^^
note: ...and refers to the struct `RaylibWindow` which is defined here
      --> /jet/build/raylib_window.rs:87959:1
       |
 87959 | struct RaylibWindow {
       | ^^^^^^^^^^^^^^^^^^^
help: consider importing this struct through its public re-export instead
       |
139078 -     let mut __jet_v_6261987965571688962: Option<jet_std::RaylibWindow> = None;
139078 +     let mut __jet_v_6261987965571688962: Option<jet_foundation::StreamCursor::RaylibWindow> = None;
       |
help: import `RaylibWindow` directly
       |
139078 -     let mut __jet_v_6261987965571688962: Option<jet_std::RaylibWindow> = None;
139078 +     let mut __jet_v_6261987965571688962: Option<super::RaylibWindow> = None;
       |

error[E0603]: struct import `RaylibColor` is private
      --> /jet/build/raylib_window.rs:139081:58
       |
139081 |     let mut __jet_v_6606820892867953912: Option<jet_std::RaylibColor> = None;
       |                                                          ^^^^^^^^^^^ private struct import
       |
note: the struct import `RaylibColor` is defined here...
      --> /jet/build/raylib_window.rs:61811:9
       |
 61811 |     use super::*;
       |         ^^^^^^^^
note: ...and refers to the struct `RaylibColor` which is defined here
      --> /jet/build/raylib_window.rs:87967:1
       |
 87967 | struct RaylibColor {
       | ^^^^^^^^^^^^^^^^^^
help: consider importing this struct through its public re-export instead
       |
139081 -     let mut __jet_v_6606820892867953912: Option<jet_std::RaylibColor> = None;
139081 +     let mut __jet_v_6606820892867953912: Option<jet_foundation::StreamCursor::RaylibColor> = None;
       |
help: import `RaylibColor` directly
       |
139081 -     let mut __jet_v_6606820892867953912: Option<jet_std::RaylibColor> = None;
139081 +     let mut __jet_v_6606820892867953912: Option<super::RaylibColor> = None;
       |

error[E0603]: struct import `RaylibSound` is private
      --> /jet/build/raylib_window.rs:139087:58
       |
139087 |     let mut __jet_v_7713096815428182972: Option<jet_std::RaylibSound> = None;
       |                                                          ^^^^^^^^^^^ private struct import
       |
note: the struct import `RaylibSound` is defined here...
      --> /jet/build/raylib_window.rs:61811:9
       |
 61811 |     use super::*;
       |         ^^^^^^^^
note: ...and refers to the struct `RaylibSound` which is defined here
      --> /jet/build/raylib_window.rs:87976:1
       |
 87976 | struct RaylibSound {
       | ^^^^^^^^^^^^^^^^^^
help: consider importing this struct through its public re-export instead
       |
139087 -     let mut __jet_v_7713096815428182972: Option<jet_std::RaylibSound> = None;
139087 +     let mut __jet_v_7713096815428182972: Option<jet_foundation::StreamCursor::RaylibSound> = None;
       |
help: import `RaylibSound` directly
       |
139087 -     let mut __jet_v_7713096815428182972: Option<jet_std::RaylibSound> = None;
139087 +     let mut __jet_v_7713096815428182972: Option<super::RaylibSound> = None;
       |

error[E0603]: struct import `RaylibWindow` is private
      --> /jet/build/raylib_window.rs:139092:58
       |
139092 |     let mut __jet_v_8422426494054796237: Option<jet_std::RaylibWindow> = None;
       |                                                          ^^^^^^^^^^^^ private struct import
       |
note: the struct import `RaylibWindow` is defined here...
      --> /jet/build/raylib_window.rs:61811:9
       |
 61811 |     use super::*;
       |         ^^^^^^^^
note: ...and refers to the struct `RaylibWindow` which is defined here
      --> /jet/build/raylib_window.rs:87959:1
       |
 87959 | struct RaylibWindow {
       | ^^^^^^^^^^^^^^^^^^^
help: consider importing this struct through its public re-export instead
       |
139092 -     let mut __jet_v_8422426494054796237: Option<jet_std::RaylibWindow> = None;
139092 +     let mut __jet_v_8422426494054796237: Option<jet_foundation::StreamCursor::RaylibWindow> = None;
       |
help: import `RaylibWindow` directly
       |
139092 -     let mut __jet_v_8422426494054796237: Option<jet_std::RaylibWindow> = None;
139092 +     let mut __jet_v_8422426494054796237: Option<super::RaylibWindow> = None;
       |

error[E0603]: struct import `RaylibWindow` is private
      --> /jet/build/raylib_window.rs:139100:59
       |
139100 |     let mut __jet_v_10442950266672823087: Option<jet_std::RaylibWindow> = None;
       |                                                           ^^^^^^^^^^^^ private struct import
       |
note: the struct import `RaylibWindow` is defined here...
      --> /jet/build/raylib_window.rs:61811:9
       |
 61811 |     use super::*;
       |         ^^^^^^^^
note: ...and refers to the struct `RaylibWindow` which is defined here
      --> /jet/build/raylib_window.rs:87959:1
       |
 87959 | struct RaylibWindow {
       | ^^^^^^^^^^^^^^^^^^^
help: consider importing this struct through its public re-export instead
       |
139100 -     let mut __jet_v_10442950266672823087: Option<jet_std::RaylibWindow> = None;
139100 +     let mut __jet_v_10442950266672823087: Option<jet_foundation::StreamCursor::RaylibWindow> = None;
       |
help: import `RaylibWindow` directly
       |
139100 -     let mut __jet_v_10442950266672823087: Option<jet_std::RaylibWindow> = None;
139100 +     let mut __jet_v_10442950266672823087: Option<super::RaylibWindow> = None;
       |

error[E0603]: struct import `RaylibColor` is private
      --> /jet/build/raylib_window.rs:139103:59
       |
139103 |     let mut __jet_v_12473096074540244038: Option<jet_std::RaylibColor> = None;
       |                                                           ^^^^^^^^^^^ private struct import
       |
note: the struct import `RaylibColor` is defined here...
      --> /jet/build/raylib_window.rs:61811:9
       |
 61811 |     use super::*;
       |         ^^^^^^^^
note: ...and refers to the struct `RaylibColor` which is defined here
      --> /jet/build/raylib_window.rs:87967:1
       |
 87967 | struct RaylibColor {
       | ^^^^^^^^^^^^^^^^^^
help: consider importing this struct through its public re-export instead
       |
139103 -     let mut __jet_v_12473096074540244038: Option<jet_std::RaylibColor> = None;
139103 +     let mut __jet_v_12473096074540244038: Option<jet_foundation::StreamCursor::RaylibColor> = None;
       |
help: import `RaylibColor` directly
       |
139103 -     let mut __jet_v_12473096074540244038: Option<jet_std::RaylibColor> = None;
139103 +     let mut __jet_v_12473096074540244038: Option<super::RaylibColor> = None;
       |

error[E0603]: struct import `RaylibWindow` is private
      --> /jet/build/raylib_window.rs:139108:59
       |
139108 |     let mut __jet_v_14444946637180768614: Option<jet_std::RaylibWindow> = None;
       |                                                           ^^^^^^^^^^^^ private struct import
       |
note: the struct import `RaylibWindow` is defined here...
      --> /jet/build/raylib_window.rs:61811:9
       |
 61811 |     use super::*;
       |         ^^^^^^^^
note: ...and refers to the struct `RaylibWindow` which is defined here
      --> /jet/build/raylib_window.rs:87959:1
       |
 87959 | struct RaylibWindow {
       | ^^^^^^^^^^^^^^^^^^^
help: consider importing this struct through its public re-export instead
       |
139108 -     let mut __jet_v_14444946637180768614: Option<jet_std::RaylibWindow> = None;
139108 +     let mut __jet_v_14444946637180768614: Option<jet_foundation::StreamCursor::RaylibWindow> = None;
       |
help: import `RaylibWindow` directly
       |
139108 -     let mut __jet_v_14444946637180768614: Option<jet_std::RaylibWindow> = None;
139108 +     let mut __jet_v_14444946637180768614: Option<super::RaylibWindow> = None;
       |

error[E0603]: struct import `RaylibSound` is private
      --> /jet/build/raylib_window.rs:139121:59
       |
139121 |     let mut __jet_v_17761937468152475819: Option<jet_std::RaylibSound> = None;
       |                                                           ^^^^^^^^^^^ private struct import
       |
note: the struct import `RaylibSound` is defined here...
      --> /jet/build/raylib_window.rs:61811:9
       |
 61811 |     use super::*;
       |         ^^^^^^^^
note: ...and refers to the struct `RaylibSound` which is defined here
      --> /jet/build/raylib_window.rs:87976:1
       |
 87976 | struct RaylibSound {
       | ^^^^^^^^^^^^^^^^^^
help: consider importing this struct through its public re-export instead
       |
139121 -     let mut __jet_v_17761937468152475819: Option<jet_std::RaylibSound> = None;
139121 +     let mut __jet_v_17761937468152475819: Option<jet_foundation::StreamCursor::RaylibSound> = None;
       |
help: import `RaylibSound` directly
       |
139121 -     let mut __jet_v_17761937468152475819: Option<jet_std::RaylibSound> = None;
139121 +     let mut __jet_v_17761937468152475819: Option<super::RaylibSound> = None;
       |

warning: trait `__jet_Display` should have an upper camel case name
 --> /jet/build/raylib_window.rs:4:11
  |
4 | pub trait __jet_Display {
  |           ^^^^^^^^^^^^^ help: convert the identifier to upper camel case: `JetDisplay`
  |
  = note: `#[warn(non_camel_case_types)]` (part of `#[warn(nonstandard_style)]`) on by default

warning: trait `__jet_Equatable` should have an upper camel case name
 --> /jet/build/raylib_window.rs:8:11
  |
8 | pub trait __jet_Equatable: Sized { fn equal(&self, rhs: &Self) -> bool; }
  |           ^^^^^^^^^^^^^^^ help: convert the identifier to upper camel case: `JetEquatable`

warning: type `__jet_Ordering` should have an upper camel case name
  --> /jet/build/raylib_window.rs:24:10
   |
24 | pub enum __jet_Ordering { __jet_Less, __jet_Equal, __jet_Greater }
   |          ^^^^^^^^^^^^^^ help: convert the identifier to upper camel case: `JetOrdering`

warning: variant `__jet_Less` should have an upper camel case name
  --> /jet/build/raylib_window.rs:24:27
   |
24 | pub enum __jet_Ordering { __jet_Less, __jet_Equal, __jet_Greater }
   |                           ^^^^^^^^^^ help: convert the identifier to upper camel case: `JetLess`

warning: variant `__jet_Equal` should have an upper camel case name
  --> /jet/build/raylib_window.rs:24:39
   |
24 | pub enum __jet_Ordering { __jet_Less, __jet_Equal, __jet_Greater }
   |                                       ^^^^^^^^^^^ help: convert the identifier to upper camel case: `JetEqual`

warning: variant `__jet_Greater` should have an upper camel case name
  --> /jet/build/raylib_window.rs:24:52
   |
24 | pub enum __jet_Ordering { __jet_Less, __jet_Equal, __jet_Greater }
   |                                                    ^^^^^^^^^^^^^ help: convert the identifier to upper camel case: `JetGreater`

warning: trait `__jet_Comparable` should have an upper camel case name
  --> /jet/build/raylib_window.rs:26:11
   |
26 | pub trait __jet_Comparable: Sized { fn compare(&self, rhs: &Self) -> __jet_Ordering; }
   |           ^^^^^^^^^^^^^^^^ help: convert the identifier to upper camel case: `JetComparable`

warning: trait `__jet_Add` should have an upper camel case name
  --> /jet/build/raylib_window.rs:38:11
   |
38 | pub trait __jet_Add<Rhs = Self>: Sized { type Output; fn add(&self, rhs: &Rhs) -> Self::Output; }
   |           ^^^^^^^^^ help: convert the identifier to upper camel case: `JetAdd`

warning: trait `__jet_Sub` should have an upper camel case name
  --> /jet/build/raylib_window.rs:39:11
   |
39 | pub trait __jet_Sub<Rhs = Self>: Sized { type Output; fn sub(&self, rhs: &Rhs) -> Self::Output; }
   |           ^^^^^^^^^ help: convert the identifier to upper camel case: `JetSub`

warning: trait `__jet_Mul` should have an upper camel case name
  --> /jet/build/raylib_window.rs:40:11
   |
40 | pub trait __jet_Mul<Rhs = Self>: Sized { type Output; fn mul(&self, rhs: &Rhs) -> Self::Output; }
   |           ^^^^^^^^^ help: convert the identifier to upper camel case: `JetMul`

warning: trait `__jet_Div` should have an upper camel case name
  --> /jet/build/raylib_window.rs:41:11
   |
41 | pub trait __jet_Div<Rhs = Self>: Sized { type Output; fn div(&self, rhs: &Rhs) -> Self::Output; }
   |           ^^^^^^^^^ help: convert the identifier to upper camel case: `JetDiv`

warning: trait `__jet_Index` should have an upper camel case name
  --> /jet/build/raylib_window.rs:42:11
   |
42 | pub trait __jet_Index {
   |           ^^^^^^^^^^^ help: convert the identifier to upper camel case: `JetIndex`

warning: associated type `__jet_Key` should have an upper camel case name
  --> /jet/build/raylib_window.rs:43:10
   |
43 |     type __jet_Key;
   |          ^^^^^^^^^ help: convert the identifier to upper camel case: `JetKey`

warning: associated type `__jet_Value` should have an upper camel case name
  --> /jet/build/raylib_window.rs:44:10
   |
44 |     type __jet_Value;
   |          ^^^^^^^^^^^ help: convert the identifier to upper camel case: `JetValue`

warning: trait `__jet_IndexMut` should have an upper camel case name
  --> /jet/build/raylib_window.rs:47:11
   |
47 | pub trait __jet_IndexMut: __jet_Index {
   |           ^^^^^^^^^^^^^^ help: convert the identifier to upper camel case: `JetIndexMut`

warning: trait `__jet_Serialize` should have an upper camel case name
     --> /jet/build/raylib_window.rs:41750:7
      |
41750 | trait __jet_Serialize {
      |       ^^^^^^^^^^^^^^^ help: convert the identifier to upper camel case: `JetSerialize`

warning: unused import: `Cell`
     --> /jet/build/raylib_window.rs:46275:21
      |
46275 |     use std::cell::{Cell, RefCell};
      |                     ^^^^
      |
      = note: `#[warn(unused_imports)]` (part of `#[warn(unused)]`) on by default

warning: unused import: `JetUninit`
     --> /jet/build/raylib_window.rs:46279:43
      |
46279 |     pub use super::jet_uninit_semantics::{JetUninit, JetUninitFixed};
      |                                           ^^^^^^^^^

warning: unused imports: `JetSentryFrame`, `JetSentryGuard`, `jet_sentry_current_frame`, `jet_sentry_fenced_scope`, `jet_sentry_frame`, `jet_sentry_policy_scope`, `jet_sentry_reset`, `jet_sentry_scope`, and `jet_sentry_set_hardened`
     --> /jet/build/raylib_window.rs:46292:35
      |
46292 |         jet_memory_ledger_record, jet_sentry_current_frame, jet_sentry_fenced_scope,
      |                                   ^^^^^^^^^^^^^^^^^^^^^^^^  ^^^^^^^^^^^^^^^^^^^^^^^
46293 |         jet_sentry_frame, jet_sentry_policy_scope, jet_sentry_reset, jet_sentry_scope,
      |         ^^^^^^^^^^^^^^^^  ^^^^^^^^^^^^^^^^^^^^^^^  ^^^^^^^^^^^^^^^^  ^^^^^^^^^^^^^^^^
46294 |         jet_sentry_set_hardened, JetSentryFrame, JetSentryGuard, MemoryLedgerWitness,
      |         ^^^^^^^^^^^^^^^^^^^^^^^  ^^^^^^^^^^^^^^  ^^^^^^^^^^^^^^

warning: unnecessary parentheses around block return value
     --> /jet/build/raylib_window.rs:70356:13
      |
70356 |             (((exponent as u64 + 1023) << 52) | (top & ((1u64 << 52) - 1)))
      |             ^                                                             ^
      |
      = note: `#[warn(unused_parens)]` (part of `#[warn(unused)]`) on by default
help: remove these parentheses
      |
70356 -             (((exponent as u64 + 1023) << 52) | (top & ((1u64 << 52) - 1)))
70356 +             ((exponent as u64 + 1023) << 52) | (top & ((1u64 << 52) - 1))
      |

warning: unused import: `crate::jet_int_compare_hot`
     --> /jet/build/raylib_window.rs:70707:9
      |
70707 | pub use crate::jet_int_compare_hot;
      |         ^^^^^^^^^^^^^^^^^^^^^^^^^^

warning: unused import: `crate::jet_int_add_hot`
     --> /jet/build/raylib_window.rs:70731:9
      |
70731 | pub use crate::jet_int_add_hot;
      |         ^^^^^^^^^^^^^^^^^^^^^^

warning: unused import: `crate::jet_int_sub_hot`
     --> /jet/build/raylib_window.rs:70755:9
      |
70755 | pub use crate::jet_int_sub_hot;
      |         ^^^^^^^^^^^^^^^^^^^^^^

warning: unused import: `crate::jet_int_mul_hot`
     --> /jet/build/raylib_window.rs:70779:9
      |
70779 | pub use crate::jet_int_mul_hot;
      |         ^^^^^^^^^^^^^^^^^^^^^^

warning: unused import: `crate::jet_int_add_inline`
     --> /jet/build/raylib_window.rs:70793:9
      |
70793 | pub use crate::jet_int_add_inline;
      |         ^^^^^^^^^^^^^^^^^^^^^^^^^

warning: unused import: `crate::jet_int_sub_inline`
     --> /jet/build/raylib_window.rs:70803:9
      |
70803 | pub use crate::jet_int_sub_inline;
      |         ^^^^^^^^^^^^^^^^^^^^^^^^^

warning: unused import: `crate::jet_int_mul_inline`
     --> /jet/build/raylib_window.rs:70813:9
      |
70813 | pub use crate::jet_int_mul_inline;
      |         ^^^^^^^^^^^^^^^^^^^^^^^^^

warning: unused import: `crate::jet_int_compare_inline`
     --> /jet/build/raylib_window.rs:70827:9
      |
70827 | pub use crate::jet_int_compare_inline;
      |         ^^^^^^^^^^^^^^^^^^^^^^^^^^^^^

warning: unused import: `crate::jet_int_neg_inline`
     --> /jet/build/raylib_window.rs:70836:9
      |
70836 | pub use crate::jet_int_neg_inline;
      |         ^^^^^^^^^^^^^^^^^^^^^^^^^

warning: unused import: `crate::jet_int_bit_and_hot`
     --> /jet/build/raylib_window.rs:70855:9
      |
70855 | pub use crate::jet_int_bit_and_hot;
      |         ^^^^^^^^^^^^^^^^^^^^^^^^^^

warning: unused import: `crate::jet_int_bit_or_hot`
     --> /jet/build/raylib_window.rs:70871:9
      |
70871 | pub use crate::jet_int_bit_or_hot;
      |         ^^^^^^^^^^^^^^^^^^^^^^^^^

warning: unused import: `crate::jet_int_bit_xor_hot`
     --> /jet/build/raylib_window.rs:70887:9
      |
70887 | pub use crate::jet_int_bit_xor_hot;
      |         ^^^^^^^^^^^^^^^^^^^^^^^^^^

warning: unused imports: `JetCellEditGuard` and `JetCellReadGuard`
     --> /jet/build/raylib_window.rs:76719:35
      |
76719 | pub use self::jet_cell::{JetCell, JetCellEditGuard, JetCellReadGuard};
      |                                   ^^^^^^^^^^^^^^^^  ^^^^^^^^^^^^^^^^

warning: unused imports: `JetStreamSender` and `jet_stream_task`
     --> /jet/build/raylib_window.rs:77660:21
      |
77660 |     pub use super::{jet_stream_task, JetStream, JetStreamSender};
      |                     ^^^^^^^^^^^^^^^             ^^^^^^^^^^^^^^^

warning: unused macro definition: `jet_plugin_bridge`
     --> /jet/build/raylib_window.rs:87934:14
      |
87934 | macro_rules! jet_plugin_bridge {
      |              ^^^^^^^^^^^^^^^^^
      |
      = note: `#[warn(unused_macros)]` (part of `#[warn(unused)]`) on by default

warning: unused import: `std::io::Write`
     --> /jet/build/raylib_window.rs:93892:13
      |
93892 |         use std::io::Write;
      |             ^^^^^^^^^^^^^^

warning: unused import: `core::cell::Cell`
      --> /jet/build/raylib_window.rs:114752:5
       |
114752 | use core::cell::Cell;
       |     ^^^^^^^^^^^^^^^^

warning: unused import: `jet_foundation::Devtools::JetDevtoolsEvent as JetWebStoreDevtoolsEvent`
      --> /jet/build/raylib_window.rs:114755:5
       |
114755 | use jet_foundation::Devtools::JetDevtoolsEvent as JetWebStoreDevtoolsEvent;
       |     ^^^^^^^^^^^^^^^^^^^^^^^^^^^^^^^^^^^^^^^^^^^^^^^^^^^^^^^^^^^^^^^^^^^^^^

warning: unused import: `TypeId as JetWebStoreTypeId`
      --> /jet/build/raylib_window.rs:114757:39
       |
114757 | use std::any::{Any as JetWebStoreAny, TypeId as JetWebStoreTypeId};
       |                                       ^^^^^^^^^^^^^^^^^^^^^^^^^^^

warning: unused imports: `BTreeMap as JetWebFormMap`, `BTreeMap as JetWebTablePages`, `BTreeSet as JetWebTableSet`, `HashMap as JetWebStoreMap`, and `VecDeque as JetWebStoreDeque`
      --> /jet/build/raylib_window.rs:114758:62
       |
114758 | ...t, BTreeMap as JetWebFormMap, VecDeque as JetWebStoreDeque, HashMap as JetWebStoreMap, BTreeMap as JetWebTablePages, BTreeSet as JetWebTableSet, V...
       |       ^^^^^^^^^^^^^^^^^^^^^^^^^  ^^^^^^^^^^^^^^^^^^^^^^^^^^^^  ^^^^^^^^^^^^^^^^^^^^^^^^^  ^^^^^^^^^^^^^^^^^^^^^^^^^^^^  ^^^^^^^^^^^^^^^^^^^^^^^^^^

warning: unused import: `std::fs::OpenOptions`
      --> /jet/build/raylib_window.rs:114759:5
       |
114759 | use std::fs::OpenOptions;
       |     ^^^^^^^^^^^^^^^^^^^^

warning: unused imports: `SeekFrom` and `Seek`
      --> /jet/build/raylib_window.rs:114760:21
       |
114760 | use std::io::{Read, Seek, SeekFrom, Write};
       |                     ^^^^  ^^^^^^^^

warning: unused imports: `Component`, `PathBuf`, and `Path`
      --> /jet/build/raylib_window.rs:114763:17
       |
114763 | use std::path::{Component, Path, PathBuf};
       |                 ^^^^^^^^^  ^^^^  ^^^^^^^

warning: unused imports: `Arc as JetDataPlotArc`, `Arc as JetWebFormArc`, `Arc as JetWebQueryArc`, `Arc as JetWebStoreArc`, `Arc as JetWebTableArc`, `Condvar as JetWebStoreCondvar`, `LazyLock as JetWebStoreLazyLock`, `LazyLock`, `Mutex as JetWebFormMutex`, `Mutex as JetWebQueryMutex`, `Mutex as JetWebStoreMutex`, and `Mutex as JetWebTableMutex`
      --> /jet/build/raylib_window.rs:114764:31
       |
114764 | ...r, Arc as JetDataPlotArc, Arc as JetWebFormArc, Mutex as JetWebFormMutex, Arc as JetWebQueryArc, Mutex as JetWebQueryMutex, Arc as JetWebStoreArc, Condvar as JetWebStoreCondvar, LazyLock as JetWebStoreLazyLock, Mutex as JetWebStoreMutex, Arc as JetWebTableArc, Mutex as JetWebTableMutex, LazyLock, M...
       |       ^^^^^^^^^^^^^^^^^^^^^  ^^^^^^^^^^^^^^^^^^^^  ^^^^^^^^^^^^^^^^^^^^^^^^  ^^^^^^^^^^^^^^^^^^^^^  ^^^^^^^^^^^^^^^^^^^^^^^^^  ^^^^^^^^^^^^^^^^^^^^^  ^^^^^^^^^^^^^^^^^^^^^^^^^^^^^  ^^^^^^^^^^^^^^^^^^^^^^^^^^^^^^^  ^^^^^^^^^^^^^^^^^^^^^^^^^  ^^^^^^^^^^^^^^^^^^^^^  ^^^^^^^^^^^^^^^^^^^^^^^^^  ^^^^^^^^

warning: unused import: `Ordering as JetWebFormOrdering`
      --> /jet/build/raylib_window.rs:114765:60
       |
114765 | use std::sync::atomic::{AtomicBool, AtomicU8, AtomicUsize, Ordering as JetWebFormOrdering};
       |                                                            ^^^^^^^^^^^^^^^^^^^^^^^^^^^^^^

warning: unused imports: `SystemTime as JetWebStoreSystemTime`, `SystemTime`, `UNIX_EPOCH as JetWebStoreUnixEpoch`, and `UNIX_EPOCH`
      --> /jet/build/raylib_window.rs:114766:36
       |
114766 | ...nstant, SystemTime as JetWebStoreSystemTime, UNIX_EPOCH as JetWebStoreUnixEpoch, SystemTime, UNIX_EPOCH};
       |            ^^^^^^^^^^^^^^^^^^^^^^^^^^^^^^^^^^^  ^^^^^^^^^^^^^^^^^^^^^^^^^^^^^^^^^^  ^^^^^^^^^^  ^^^^^^^^^^

warning: type `__jet__shome_snate_sProjects_sGithub_sjet_sexamples_sfeatures_sgame_c_craylib_uwindow_djet_c_cTime` should have an upper camel case name
      --> /jet/build/raylib_window.rs:139037:10
       |
139037 | pub enum __jet__shome_snate_sProjects_sGithub_sjet_sexamples_sfeatures_sgame_c_craylib_uwindow_djet_c_cTime {
       |          ^^^^^^^^^^^^^^^^^^^^^^^^^^^^^^^^^^^^^^^^^^^^^^^^^^^^^^^^^^^^^^^^^^^^^^^^^^^^^^^^^^^^^^^^^^^^^^^^^^ help: convert the identifier to upper camel case: `JetShomeSnateSProjectsSGithubSjetSexamplesSfeaturesSgameCCraylibUwindowDjetCCTime`

warning: type `__jet_ParseError` should have an upper camel case name
      --> /jet/build/raylib_window.rs:139040:10
       |
139040 | pub type __jet_ParseError = String;
       |          ^^^^^^^^^^^^^^^^ help: convert the identifier to upper camel case: `JetParseError`

warning: unnecessary parentheses around function argument
      --> /jet/build/raylib_window.rs:139131:52
       |
139131 | ...me((((__jet_v_9129158190385629328.as_ref().expect("MIR value")).clone()) > ((__jet_v_875083530947023086.as_ref().expect("MIR value")).clone())));
       |       ^                                                                                                                                          ^
       |
help: remove these parentheses
       |
139131 -                 __jet_v_5198307546341546707 = Some((((__jet_v_9129158190385629328.as_ref().expect("MIR value")).clone()) > ((__jet_v_875083530947023086.as_ref().expect("MIR value")).clone())));
139131 +                 __jet_v_5198307546341546707 = Some(((__jet_v_9129158190385629328.as_ref().expect("MIR value")).clone()) > ((__jet_v_875083530947023086.as_ref().expect("MIR value")).clone()));
       |

warning: unnecessary parentheses around function argument
      --> /jet/build/raylib_window.rs:139231:53
       |
139231 |                 __jet_v_12654288805679605330 = Some((!(*(__jet_v_5011755516547396849.as_ref().expect("MIR value")))));
       |                                                     ^                                                              ^
       |
help: remove these parentheses
       |
139231 -                 __jet_v_12654288805679605330 = Some((!(*(__jet_v_5011755516547396849.as_ref().expect("MIR value")))));
139231 +                 __jet_v_12654288805679605330 = Some(!(*(__jet_v_5011755516547396849.as_ref().expect("MIR value"))));
       |

warning: unused import: `Read`
      --> /jet/build/raylib_window.rs:114760:15
       |
114760 | use std::io::{Read, Seek, SeekFrom, Write};
       |               ^^^^

warning: unused import: `Write`
      --> /jet/build/raylib_window.rs:114760:37
       |
114760 | use std::io::{Read, Seek, SeekFrom, Write};
       |                                     ^^^^^

warning: unused import: `Any`
      --> /jet/build/raylib_window.rs:114757:16
       |
114757 | use std::any::{Any as JetWebStoreAny, TypeId as JetWebStoreTypeId};
       |                ^^^

warning: value assigned to `cursor` is never read
      --> /jet/build/raylib_window.rs:121874:17
       |
121874 |                 cursor += 2;
       |                 ^^^^^^^^^^^ this value is reassigned later and never used
...
121877 |                 cursor += 1;
       |                 ----------- `cursor` is overwritten here before the previous value is read
       |
       = note: `#[warn(unused_assignments)]` (part of `#[warn(unused)]`) on by default

warning: value assigned to `cursor` is never read
      --> /jet/build/raylib_window.rs:121877:17
       |
121877 |                 cursor += 1;
       |                 ^^^^^^^^^^^
       |
       = help: maybe it is overwritten before being read?

warning: variable does not need to be mutable
      --> /jet/build/raylib_window.rs:137146:9
       |
137146 |     let mut frame_idx: i64 = 0;
       |         ----^^^^^^^^^
       |         |
       |         help: remove this `mut`
       |
       = note: `#[warn(unused_mut)]` (part of `#[warn(unused)]`) on by default

warning: unused variable: `index`
      --> /jet/build/raylib_window.rs:137149:20
       |
137149 |     while let Some(index) = frame_plan.next_frame() {
       |                    ^^^^^ help: if this is intentional, prefix it with an underscore: `_index`
       |
       = note: `#[warn(unused_variables)]` (part of `#[warn(unused)]`) on by default

error: aborting due to 17 previous errors; 57 warnings emitted

Some errors have detailed explanations: E0432, E0603.
For more information about an error, try `rustc --explain E0432`.
