error[E0576]: cannot find method or associated constant `encode` in trait `__jet_Encode`
      --> /jet/build/recursive_min.rs:133890:173
       |
133890 | ...ecursive_umin_djet_c_cExpr as __jet_Encode>::encode(__jet_l_16415865860307815499.as_ref().expect("MIR local")));
       |                                                 ^^^^^^ not found in `__jet_Encode`

error[E0576]: cannot find method or associated constant `decode` in trait `__jet_Decode`
      --> /jet/build/recursive_min.rs:134114:173
       |
134114 | ...ecursive_umin_djet_c_cExpr as __jet_Decode>::decode(__jet_l_518021643980547931.as_ref().expect("MIR local")));
       |                                                 ^^^^^^ not found in `__jet_Decode`

warning: trait `__jet_Display` should have an upper camel case name
 --> /jet/build/recursive_min.rs:4:11
  |
4 | pub trait __jet_Display {
  |           ^^^^^^^^^^^^^ help: convert the identifier to upper camel case: `JetDisplay`
  |
  = note: `#[warn(non_camel_case_types)]` (part of `#[warn(nonstandard_style)]`) on by default

warning: trait `__jet_Equatable` should have an upper camel case name
 --> /jet/build/recursive_min.rs:8:11
  |
8 | pub trait __jet_Equatable: Sized { fn equal(&self, rhs: &Self) -> bool; }
  |           ^^^^^^^^^^^^^^^ help: convert the identifier to upper camel case: `JetEquatable`

warning: type `__jet_Ordering` should have an upper camel case name
  --> /jet/build/recursive_min.rs:24:10
   |
24 | pub enum __jet_Ordering { __jet_Less, __jet_Equal, __jet_Greater }
   |          ^^^^^^^^^^^^^^ help: convert the identifier to upper camel case: `JetOrdering`

warning: variant `__jet_Less` should have an upper camel case name
  --> /jet/build/recursive_min.rs:24:27
   |
24 | pub enum __jet_Ordering { __jet_Less, __jet_Equal, __jet_Greater }
   |                           ^^^^^^^^^^ help: convert the identifier to upper camel case: `JetLess`

warning: variant `__jet_Equal` should have an upper camel case name
  --> /jet/build/recursive_min.rs:24:39
   |
24 | pub enum __jet_Ordering { __jet_Less, __jet_Equal, __jet_Greater }
   |                                       ^^^^^^^^^^^ help: convert the identifier to upper camel case: `JetEqual`

warning: variant `__jet_Greater` should have an upper camel case name
  --> /jet/build/recursive_min.rs:24:52
   |
24 | pub enum __jet_Ordering { __jet_Less, __jet_Equal, __jet_Greater }
   |                                                    ^^^^^^^^^^^^^ help: convert the identifier to upper camel case: `JetGreater`

warning: trait `__jet_Comparable` should have an upper camel case name
  --> /jet/build/recursive_min.rs:26:11
   |
26 | pub trait __jet_Comparable: Sized { fn compare(&self, rhs: &Self) -> __jet_Ordering; }
   |           ^^^^^^^^^^^^^^^^ help: convert the identifier to upper camel case: `JetComparable`

warning: trait `__jet_Serialize` should have an upper camel case name
     --> /jet/build/recursive_min.rs:39794:7
      |
39794 | trait __jet_Serialize {
      |       ^^^^^^^^^^^^^^^ help: convert the identifier to upper camel case: `JetSerialize`

warning: unused import: `Cell`
     --> /jet/build/recursive_min.rs:44268:21
      |
44268 |     use std::cell::{Cell, RefCell};
      |                     ^^^^
      |
      = note: `#[warn(unused_imports)]` (part of `#[warn(unused)]`) on by default

warning: unused import: `JetUninit`
     --> /jet/build/recursive_min.rs:44272:43
      |
44272 |     pub use super::jet_uninit_semantics::{JetUninit, JetUninitFixed};
      |                                           ^^^^^^^^^

warning: unused imports: `JetSentryFrame`, `JetSentryGuard`, `jet_sentry_current_frame`, `jet_sentry_fenced_scope`, `jet_sentry_frame`, `jet_sentry_policy_scope`, `jet_sentry_reset`, `jet_sentry_scope`, and `jet_sentry_set_hardened`
     --> /jet/build/recursive_min.rs:44285:35
      |
44285 |         jet_memory_ledger_record, jet_sentry_current_frame, jet_sentry_fenced_scope,
      |                                   ^^^^^^^^^^^^^^^^^^^^^^^^  ^^^^^^^^^^^^^^^^^^^^^^^
44286 |         jet_sentry_frame, jet_sentry_policy_scope, jet_sentry_reset, jet_sentry_scope,
      |         ^^^^^^^^^^^^^^^^  ^^^^^^^^^^^^^^^^^^^^^^^  ^^^^^^^^^^^^^^^^  ^^^^^^^^^^^^^^^^
44287 |         jet_sentry_set_hardened, JetSentryFrame, JetSentryGuard, MemoryLedgerWitness,
      |         ^^^^^^^^^^^^^^^^^^^^^^^  ^^^^^^^^^^^^^^  ^^^^^^^^^^^^^^

warning: unused import: `crate::jet_encoding_json::render_json`
     --> /jet/build/recursive_min.rs:64244:13
      |
64244 |     pub use crate::jet_encoding_json::render_json;
      |             ^^^^^^^^^^^^^^^^^^^^^^^^^^^^^^^^^^^^^

warning: unnecessary parentheses around block return value
     --> /jet/build/recursive_min.rs:68183:13
      |
68183 |             (((exponent as u64 + 1023) << 52) | (top & ((1u64 << 52) - 1)))
      |             ^                                                             ^
      |
      = note: `#[warn(unused_parens)]` (part of `#[warn(unused)]`) on by default
help: remove these parentheses
      |
68183 -             (((exponent as u64 + 1023) << 52) | (top & ((1u64 << 52) - 1)))
68183 +             ((exponent as u64 + 1023) << 52) | (top & ((1u64 << 52) - 1))
      |

warning: unused import: `crate::jet_int_compare_hot`
     --> /jet/build/recursive_min.rs:68521:9
      |
68521 | pub use crate::jet_int_compare_hot;
      |         ^^^^^^^^^^^^^^^^^^^^^^^^^^

warning: unused import: `crate::jet_int_add_hot`
     --> /jet/build/recursive_min.rs:68545:9
      |
68545 | pub use crate::jet_int_add_hot;
      |         ^^^^^^^^^^^^^^^^^^^^^^

warning: unused import: `crate::jet_int_sub_hot`
     --> /jet/build/recursive_min.rs:68569:9
      |
68569 | pub use crate::jet_int_sub_hot;
      |         ^^^^^^^^^^^^^^^^^^^^^^

warning: unused import: `crate::jet_int_mul_hot`
     --> /jet/build/recursive_min.rs:68593:9
      |
68593 | pub use crate::jet_int_mul_hot;
      |         ^^^^^^^^^^^^^^^^^^^^^^

warning: unused import: `crate::jet_int_add_inline`
     --> /jet/build/recursive_min.rs:68607:9
      |
68607 | pub use crate::jet_int_add_inline;
      |         ^^^^^^^^^^^^^^^^^^^^^^^^^

warning: unused import: `crate::jet_int_sub_inline`
     --> /jet/build/recursive_min.rs:68617:9
      |
68617 | pub use crate::jet_int_sub_inline;
      |         ^^^^^^^^^^^^^^^^^^^^^^^^^

warning: unused import: `crate::jet_int_mul_inline`
     --> /jet/build/recursive_min.rs:68627:9
      |
68627 | pub use crate::jet_int_mul_inline;
      |         ^^^^^^^^^^^^^^^^^^^^^^^^^

warning: unused import: `crate::jet_int_compare_inline`
     --> /jet/build/recursive_min.rs:68641:9
      |
68641 | pub use crate::jet_int_compare_inline;
      |         ^^^^^^^^^^^^^^^^^^^^^^^^^^^^^

warning: unused import: `crate::jet_int_neg_inline`
     --> /jet/build/recursive_min.rs:68650:9
      |
68650 | pub use crate::jet_int_neg_inline;
      |         ^^^^^^^^^^^^^^^^^^^^^^^^^

warning: unused import: `crate::jet_int_bit_and_hot`
     --> /jet/build/recursive_min.rs:68669:9
      |
68669 | pub use crate::jet_int_bit_and_hot;
      |         ^^^^^^^^^^^^^^^^^^^^^^^^^^

warning: unused import: `crate::jet_int_bit_or_hot`
     --> /jet/build/recursive_min.rs:68685:9
      |
68685 | pub use crate::jet_int_bit_or_hot;
      |         ^^^^^^^^^^^^^^^^^^^^^^^^^

warning: unused import: `crate::jet_int_bit_xor_hot`
     --> /jet/build/recursive_min.rs:68701:9
      |
68701 | pub use crate::jet_int_bit_xor_hot;
      |         ^^^^^^^^^^^^^^^^^^^^^^^^^^

warning: unused imports: `JetCellEditGuard` and `JetCellReadGuard`
     --> /jet/build/recursive_min.rs:74372:35
      |
74372 | pub use self::jet_cell::{JetCell, JetCellEditGuard, JetCellReadGuard};
      |                                   ^^^^^^^^^^^^^^^^  ^^^^^^^^^^^^^^^^

warning: unused imports: `JetStreamSender` and `jet_stream_task`
     --> /jet/build/recursive_min.rs:75275:21
      |
75275 |     pub use super::{jet_stream_task, JetStream, JetStreamSender};
      |                     ^^^^^^^^^^^^^^^             ^^^^^^^^^^^^^^^

warning: unused import: `std::io::Write`
     --> /jet/build/recursive_min.rs:94404:13
      |
94404 |         use std::io::Write;
      |             ^^^^^^^^^^^^^^

warning: unused import: `core::cell::Cell`
      --> /jet/build/recursive_min.rs:112609:5
       |
112609 | use core::cell::Cell;
       |     ^^^^^^^^^^^^^^^^

warning: unused import: `jet_foundation::Devtools::JetDevtoolsEvent as JetWebStoreDevtoolsEvent`
      --> /jet/build/recursive_min.rs:112612:5
       |
112612 | use jet_foundation::Devtools::JetDevtoolsEvent as JetWebStoreDevtoolsEvent;
       |     ^^^^^^^^^^^^^^^^^^^^^^^^^^^^^^^^^^^^^^^^^^^^^^^^^^^^^^^^^^^^^^^^^^^^^^

warning: unused import: `TypeId as JetWebStoreTypeId`
      --> /jet/build/recursive_min.rs:112614:39
       |
112614 | use std::any::{Any as JetWebStoreAny, TypeId as JetWebStoreTypeId};
       |                                       ^^^^^^^^^^^^^^^^^^^^^^^^^^^

warning: unused imports: `BTreeMap as JetWebFormMap`, `BTreeMap as JetWebTablePages`, `BTreeSet as JetWebTableSet`, `HashMap as JetWebStoreMap`, and `VecDeque as JetWebStoreDeque`
      --> /jet/build/recursive_min.rs:112615:62
       |
112615 | ...t, BTreeMap as JetWebFormMap, VecDeque as JetWebStoreDeque, HashMap as JetWebStoreMap, BTreeMap as JetWebTablePages, BTreeSet as JetWebTableSet, V...
       |       ^^^^^^^^^^^^^^^^^^^^^^^^^  ^^^^^^^^^^^^^^^^^^^^^^^^^^^^  ^^^^^^^^^^^^^^^^^^^^^^^^^  ^^^^^^^^^^^^^^^^^^^^^^^^^^^^  ^^^^^^^^^^^^^^^^^^^^^^^^^^

warning: unused import: `std::fs::OpenOptions`
      --> /jet/build/recursive_min.rs:112616:5
       |
112616 | use std::fs::OpenOptions;
       |     ^^^^^^^^^^^^^^^^^^^^

warning: unused imports: `SeekFrom` and `Seek`
      --> /jet/build/recursive_min.rs:112617:21
       |
112617 | use std::io::{Read, Seek, SeekFrom, Write};
       |                     ^^^^  ^^^^^^^^

warning: unused imports: `Component`, `PathBuf`, and `Path`
      --> /jet/build/recursive_min.rs:112620:17
       |
112620 | use std::path::{Component, Path, PathBuf};
       |                 ^^^^^^^^^  ^^^^  ^^^^^^^

warning: unused imports: `Arc as JetWebFormArc`, `Arc as JetWebQueryArc`, `Arc as JetWebStoreArc`, `Arc as JetWebTableArc`, `Condvar as JetWebStoreCondvar`, `LazyLock as JetWebStoreLazyLock`, `LazyLock`, `Mutex as JetWebFormMutex`, `Mutex as JetWebQueryMutex`, `Mutex as JetWebStoreMutex`, and `Mutex as JetWebTableMutex`
      --> /jet/build/recursive_min.rs:112621:54
       |
112621 | ...c, Arc as JetWebFormArc, Mutex as JetWebFormMutex, Arc as JetWebQueryArc, Mutex as JetWebQueryMutex, Arc as JetWebStoreArc, Condvar as JetWebStoreCondvar, LazyLock as JetWebStoreLazyLock, Mutex as JetWebStoreMutex, Arc as JetWebTableArc, Mutex as JetWebTableMutex, LazyLock, M...
       |       ^^^^^^^^^^^^^^^^^^^^  ^^^^^^^^^^^^^^^^^^^^^^^^  ^^^^^^^^^^^^^^^^^^^^^  ^^^^^^^^^^^^^^^^^^^^^^^^^  ^^^^^^^^^^^^^^^^^^^^^  ^^^^^^^^^^^^^^^^^^^^^^^^^^^^^  ^^^^^^^^^^^^^^^^^^^^^^^^^^^^^^^  ^^^^^^^^^^^^^^^^^^^^^^^^^  ^^^^^^^^^^^^^^^^^^^^^  ^^^^^^^^^^^^^^^^^^^^^^^^^  ^^^^^^^^

warning: unused import: `Ordering as JetWebFormOrdering`
      --> /jet/build/recursive_min.rs:112622:60
       |
112622 | use std::sync::atomic::{AtomicBool, AtomicU8, AtomicUsize, Ordering as JetWebFormOrdering};
       |                                                            ^^^^^^^^^^^^^^^^^^^^^^^^^^^^^^

warning: unused imports: `SystemTime as JetWebStoreSystemTime`, `SystemTime`, `UNIX_EPOCH as JetWebStoreUnixEpoch`, and `UNIX_EPOCH`
      --> /jet/build/recursive_min.rs:112623:36
       |
112623 | ...tion, Instant, SystemTime as JetWebStoreSystemTime, UNIX_EPOCH as JetWebStoreUnixEpoch, SystemTime, UNIX_EPOCH};
       |                   ^^^^^^^^^^^^^^^^^^^^^^^^^^^^^^^^^^^  ^^^^^^^^^^^^^^^^^^^^^^^^^^^^^^^^^^  ^^^^^^^^^^  ^^^^^^^^^^

warning: type `__jet__shome_snate_s_dcache_sjet_hluna_sdx3_s_udefects_sdsl_hrecursive_c_crecursive_umin_djet_c_cExpr` should have an upper camel case name
      --> /jet/build/recursive_min.rs:133842:6
       |
133842 | enum __jet__shome_snate_s_dcache_sjet_hluna_sdx3_s_udefects_sdsl_hrecursive_c_crecursive_umin_djet_c_cExpr {
       |      ^^^^^^^^^^^^^^^^^^^^^^^^^^^^^^^^^^^^^^^^^^^^^^^^^^^^^^^^^^^^^^^^^^^^^^^^^^^^^^^^^^^^^^^^^^^^^^^^^^^^^ help: convert the identifier to upper camel case: `JetShomeSnateSDcacheSjetHlunaSdx3SUdefectsSdslHrecursiveCCrecursiveUminDjetCCExpr`

warning: variant `__jet_Wrap` should have an upper camel case name
      --> /jet/build/recursive_min.rs:133843:5
       |
133843 |     __jet_Wrap(Box<__jet__shome_snate_s_dcache_sjet_hluna_sdx3_s_udefects_sdsl_hrecursive_c_crecursive_umin_djet_c_cExpr>),
       |     ^^^^^^^^^^ help: convert the identifier to upper camel case: `JetWrap`

warning: unnecessary parentheses around function argument
      --> /jet/build/recursive_min.rs:134010:53
       |
134010 | ...me((((__jet_v_5367426199575995373.as_ref().expect("MIR value")).clone()) == ((__jet_v_17284941108589667149.as_ref().expect("MIR value")).clone())));
       |       ^                                                                                                                                             ^
       |
help: remove these parentheses
       |
134010 -                 __jet_v_14210760042211514910 = Some((((__jet_v_5367426199575995373.as_ref().expect("MIR value")).clone()) == ((__jet_v_17284941108589667149.as_ref().expect("MIR value")).clone())));
134010 +                 __jet_v_14210760042211514910 = Some(((__jet_v_5367426199575995373.as_ref().expect("MIR value")).clone()) == ((__jet_v_17284941108589667149.as_ref().expect("MIR value")).clone()));
       |

warning: unused label
      --> /jet/build/recursive_min.rs:134396:5
       |
134396 |     'mir_dispatch: loop {
       |     ^^^^^^^^^^^^^
       |
       = note: `#[warn(unused_labels)]` (part of `#[warn(unused)]`) on by default

error[E0308]: mismatched types
      --> /jet/build/recursive_min.rs:133870:240
       |
133870 | ...sive_umin_djet_c_cExpr::__jet_Wrap(payload) => payload, _ => unreachable!("MIR enum payload variant mismatch") });
       |                                                   ^^^^^^^ expected `__jet__shome_snate_s_dcache_sjet_hluna_sdx3_s_udefects_sdsl_hrecursive_c_crecursive_umin_djet_c_cExpr`, found `Box<...>`
       |
       = note: expected enum `__jet__shome_snate_s_dcache_sjet_hluna_sdx3_s_udefects_sdsl_hrecursive_c_crecursive_umin_djet_c_cExpr`
                found struct `Box<__jet__shome_snate_s_dcache_sjet_hluna_sdx3_s_udefects_sdsl_hrecursive_c_crecursive_umin_djet_c_cExpr>`
help: consider unboxing the value
       |
133870 |                 __jet_v_6772513896049601857 = Some(match __jet_v_442674353184581773.take().expect("MIR value") { __jet__shome_snate_s_dcache_sjet_hluna_sdx3_s_udefects_sdsl_hrecursive_c_crecursive_umin_djet_c_cExpr::__jet_Wrap(payload) => *payload, _ => unreachable!("MIR enum payload variant mismatch") });
       |                                                                                                                                                                                                                                                +

error[E0308]: mismatched types
      --> /jet/build/recursive_min.rs:134027:241
       |
134027 | ...sive_umin_djet_c_cExpr::__jet_Wrap(payload) => payload, _ => unreachable!("MIR enum payload variant mismatch") });
       |                                                   ^^^^^^^ expected `__jet__shome_snate_s_dcache_sjet_hluna_sdx3_s_udefects_sdsl_hrecursive_c_crecursive_umin_djet_c_cExpr`, found `Box<...>`
       |
       = note: expected enum `__jet__shome_snate_s_dcache_sjet_hluna_sdx3_s_udefects_sdsl_hrecursive_c_crecursive_umin_djet_c_cExpr`
                found struct `Box<__jet__shome_snate_s_dcache_sjet_hluna_sdx3_s_udefects_sdsl_hrecursive_c_crecursive_umin_djet_c_cExpr>`
help: consider unboxing the value
       |
134027 |                 __jet_v_2989084314403629695 = Some(match __jet_v_9007609019064630368.take().expect("MIR value") { __jet__shome_snate_s_dcache_sjet_hluna_sdx3_s_udefects_sdsl_hrecursive_c_crecursive_umin_djet_c_cExpr::__jet_Wrap(payload) => *payload, _ => unreachable!("MIR enum payload variant mismatch") });
       |                                                                                                                                                                                                                                                 +

error[E0308]: mismatched types
      --> /jet/build/recursive_min.rs:134038:242
       |
134038 | ...sive_umin_djet_c_cExpr::__jet_Wrap(payload) => payload, _ => unreachable!("MIR enum payload variant mismatch") });
       |                                                   ^^^^^^^ expected `__jet__shome_snate_s_dcache_sjet_hluna_sdx3_s_udefects_sdsl_hrecursive_c_crecursive_umin_djet_c_cExpr`, found `Box<...>`
       |
       = note: expected enum `__jet__shome_snate_s_dcache_sjet_hluna_sdx3_s_udefects_sdsl_hrecursive_c_crecursive_umin_djet_c_cExpr`
                found struct `Box<__jet__shome_snate_s_dcache_sjet_hluna_sdx3_s_udefects_sdsl_hrecursive_c_crecursive_umin_djet_c_cExpr>`
help: consider unboxing the value
       |
134038 |                 __jet_v_15650367605901943773 = Some(match __jet_v_2062807963754886514.take().expect("MIR value") { __jet__shome_snate_s_dcache_sjet_hluna_sdx3_s_udefects_sdsl_hrecursive_c_crecursive_umin_djet_c_cExpr::__jet_Wrap(payload) => *payload, _ => unreachable!("MIR enum payload variant mismatch") });
       |                                                                                                                                                                                                                                                  +

error[E0308]: mismatched types
      --> /jet/build/recursive_min.rs:134265:242
       |
134265 | ...sive_umin_djet_c_cExpr::__jet_Wrap(payload) => payload, _ => unreachable!("MIR enum payload variant mismatch") });
       |                                                   ^^^^^^^ expected `__jet__shome_snate_s_dcache_sjet_hluna_sdx3_s_udefects_sdsl_hrecursive_c_crecursive_umin_djet_c_cExpr`, found `Box<...>`
       |
       = note: expected enum `__jet__shome_snate_s_dcache_sjet_hluna_sdx3_s_udefects_sdsl_hrecursive_c_crecursive_umin_djet_c_cExpr`
                found struct `Box<__jet__shome_snate_s_dcache_sjet_hluna_sdx3_s_udefects_sdsl_hrecursive_c_crecursive_umin_djet_c_cExpr>`
help: consider unboxing the value
       |
134265 |                 __jet_v_8435420116426946497 = Some(match __jet_v_18187766181805648062.take().expect("MIR value") { __jet__shome_snate_s_dcache_sjet_hluna_sdx3_s_udefects_sdsl_hrecursive_c_crecursive_umin_djet_c_cExpr::__jet_Wrap(payload) => *payload, _ => unreachable!("MIR enum payload variant mismatch") });
       |                                                                                                                                                                                                                                                  +

error[E0308]: mismatched types
      --> /jet/build/recursive_min.rs:134300:243
       |
134300 | ...sive_umin_djet_c_cExpr::__jet_Wrap(payload) => payload, _ => unreachable!("MIR enum payload variant mismatch") });
       |                                                   ^^^^^^^ expected `__jet__shome_snate_s_dcache_sjet_hluna_sdx3_s_udefects_sdsl_hrecursive_c_crecursive_umin_djet_c_cExpr`, found `Box<...>`
       |
       = note: expected enum `__jet__shome_snate_s_dcache_sjet_hluna_sdx3_s_udefects_sdsl_hrecursive_c_crecursive_umin_djet_c_cExpr`
                found struct `Box<__jet__shome_snate_s_dcache_sjet_hluna_sdx3_s_udefects_sdsl_hrecursive_c_crecursive_umin_djet_c_cExpr>`
help: consider unboxing the value
       |
134300 |                 __jet_v_18328867679533809945 = Some(match __jet_v_12780144491885634882.take().expect("MIR value") { __jet__shome_snate_s_dcache_sjet_hluna_sdx3_s_udefects_sdsl_hrecursive_c_crecursive_umin_djet_c_cExpr::__jet_Wrap(payload) => *payload, _ => unreachable!("MIR enum payload variant mismatch") });
       |                                                                                                                                                                                                                                                   +

warning: unused import: `Read`
      --> /jet/build/recursive_min.rs:112617:15
       |
112617 | use std::io::{Read, Seek, SeekFrom, Write};
       |               ^^^^

warning: unused import: `Write`
      --> /jet/build/recursive_min.rs:112617:37
       |
112617 | use std::io::{Read, Seek, SeekFrom, Write};
       |                                     ^^^^^

warning: unused import: `Any`
      --> /jet/build/recursive_min.rs:112614:16
       |
112614 | use std::any::{Any as JetWebStoreAny, TypeId as JetWebStoreTypeId};
       |                ^^^

warning: value assigned to `cursor` is never read
      --> /jet/build/recursive_min.rs:119727:17
       |
119727 |                 cursor += 2;
       |                 ^^^^^^^^^^^ this value is reassigned later and never used
...
119730 |                 cursor += 1;
       |                 ----------- `cursor` is overwritten here before the previous value is read
       |
       = note: `#[warn(unused_assignments)]` (part of `#[warn(unused)]`) on by default

warning: value assigned to `cursor` is never read
      --> /jet/build/recursive_min.rs:119730:17
       |
119730 |                 cursor += 1;
       |                 ^^^^^^^^^^^
       |
       = help: maybe it is overwritten before being read?

warning: unused variable: `prior`
      --> /jet/build/recursive_min.rs:128400:9
       |
128400 |         prior: &[jet_std::DataWatchEntry<jet_std::GroupValue<K, V>>],
       |         ^^^^^ help: if this is intentional, prefix it with an underscore: `_prior`
       |
       = note: `#[warn(unused_variables)]` (part of `#[warn(unused)]`) on by default

error: aborting due to 7 previous errors; 48 warnings emitted

Some errors have detailed explanations: E0308, E0576.
For more information about an error, try `rustc --explain E0308`.
