warning: trait `__jet_Display` should have an upper camel case name
 --> /jet/build/regex.rs:4:11
  |
4 | pub trait __jet_Display {
  |           ^^^^^^^^^^^^^ help: convert the identifier to upper camel case: `JetDisplay`
  |
  = note: `#[warn(non_camel_case_types)]` (part of `#[warn(nonstandard_style)]`) on by default

warning: trait `__jet_Equatable` should have an upper camel case name
 --> /jet/build/regex.rs:8:11
  |
8 | pub trait __jet_Equatable: Sized { fn equal(&self, rhs: &Self) -> bool; }
  |           ^^^^^^^^^^^^^^^ help: convert the identifier to upper camel case: `JetEquatable`

warning: type `__jet_Ordering` should have an upper camel case name
  --> /jet/build/regex.rs:24:10
   |
24 | pub enum __jet_Ordering { __jet_Less, __jet_Equal, __jet_Greater }
   |          ^^^^^^^^^^^^^^ help: convert the identifier to upper camel case: `JetOrdering`

warning: variant `__jet_Less` should have an upper camel case name
  --> /jet/build/regex.rs:24:27
   |
24 | pub enum __jet_Ordering { __jet_Less, __jet_Equal, __jet_Greater }
   |                           ^^^^^^^^^^ help: convert the identifier to upper camel case: `JetLess`

warning: variant `__jet_Equal` should have an upper camel case name
  --> /jet/build/regex.rs:24:39
   |
24 | pub enum __jet_Ordering { __jet_Less, __jet_Equal, __jet_Greater }
   |                                       ^^^^^^^^^^^ help: convert the identifier to upper camel case: `JetEqual`

warning: variant `__jet_Greater` should have an upper camel case name
  --> /jet/build/regex.rs:24:52
   |
24 | pub enum __jet_Ordering { __jet_Less, __jet_Equal, __jet_Greater }
   |                                                    ^^^^^^^^^^^^^ help: convert the identifier to upper camel case: `JetGreater`

warning: trait `__jet_Comparable` should have an upper camel case name
  --> /jet/build/regex.rs:26:11
   |
26 | pub trait __jet_Comparable: Sized { fn compare(&self, rhs: &Self) -> __jet_Ordering; }
   |           ^^^^^^^^^^^^^^^^ help: convert the identifier to upper camel case: `JetComparable`

warning: trait `__jet_Add` should have an upper camel case name
  --> /jet/build/regex.rs:38:11
   |
38 | pub trait __jet_Add<Rhs = Self>: Sized { type Output; fn add(&self, rhs: &Rhs) -> Self::Output; }
   |           ^^^^^^^^^ help: convert the identifier to upper camel case: `JetAdd`

warning: trait `__jet_Sub` should have an upper camel case name
  --> /jet/build/regex.rs:39:11
   |
39 | pub trait __jet_Sub<Rhs = Self>: Sized { type Output; fn sub(&self, rhs: &Rhs) -> Self::Output; }
   |           ^^^^^^^^^ help: convert the identifier to upper camel case: `JetSub`

warning: trait `__jet_Mul` should have an upper camel case name
  --> /jet/build/regex.rs:40:11
   |
40 | pub trait __jet_Mul<Rhs = Self>: Sized { type Output; fn mul(&self, rhs: &Rhs) -> Self::Output; }
   |           ^^^^^^^^^ help: convert the identifier to upper camel case: `JetMul`

warning: trait `__jet_Div` should have an upper camel case name
  --> /jet/build/regex.rs:41:11
   |
41 | pub trait __jet_Div<Rhs = Self>: Sized { type Output; fn div(&self, rhs: &Rhs) -> Self::Output; }
   |           ^^^^^^^^^ help: convert the identifier to upper camel case: `JetDiv`

warning: trait `__jet_Index` should have an upper camel case name
  --> /jet/build/regex.rs:42:11
   |
42 | pub trait __jet_Index {
   |           ^^^^^^^^^^^ help: convert the identifier to upper camel case: `JetIndex`

warning: associated type `__jet_Key` should have an upper camel case name
  --> /jet/build/regex.rs:43:10
   |
43 |     type __jet_Key;
   |          ^^^^^^^^^ help: convert the identifier to upper camel case: `JetKey`

warning: associated type `__jet_Value` should have an upper camel case name
  --> /jet/build/regex.rs:44:10
   |
44 |     type __jet_Value;
   |          ^^^^^^^^^^^ help: convert the identifier to upper camel case: `JetValue`

warning: trait `__jet_IndexMut` should have an upper camel case name
  --> /jet/build/regex.rs:47:11
   |
47 | pub trait __jet_IndexMut: __jet_Index {
   |           ^^^^^^^^^^^^^^ help: convert the identifier to upper camel case: `JetIndexMut`

warning: trait `__jet_Serialize` should have an upper camel case name
     --> /jet/build/regex.rs:41665:7
      |
41665 | trait __jet_Serialize {
      |       ^^^^^^^^^^^^^^^ help: convert the identifier to upper camel case: `JetSerialize`

warning: unused import: `Cell`
     --> /jet/build/regex.rs:46190:21
      |
46190 |     use std::cell::{Cell, RefCell};
      |                     ^^^^
      |
      = note: `#[warn(unused_imports)]` (part of `#[warn(unused)]`) on by default

warning: unused import: `JetUninit`
     --> /jet/build/regex.rs:46194:43
      |
46194 |     pub use super::jet_uninit_semantics::{JetUninit, JetUninitFixed};
      |                                           ^^^^^^^^^

warning: unused imports: `JetSentryFrame`, `JetSentryGuard`, `jet_sentry_current_frame`, `jet_sentry_fenced_scope`, `jet_sentry_frame`, `jet_sentry_policy_scope`, `jet_sentry_reset`, `jet_sentry_scope`, and `jet_sentry_set_hardened`
     --> /jet/build/regex.rs:46207:35
      |
46207 |         jet_memory_ledger_record, jet_sentry_current_frame, jet_sentry_fenced_scope,
      |                                   ^^^^^^^^^^^^^^^^^^^^^^^^  ^^^^^^^^^^^^^^^^^^^^^^^
46208 |         jet_sentry_frame, jet_sentry_policy_scope, jet_sentry_reset, jet_sentry_scope,
      |         ^^^^^^^^^^^^^^^^  ^^^^^^^^^^^^^^^^^^^^^^^  ^^^^^^^^^^^^^^^^  ^^^^^^^^^^^^^^^^
46209 |         jet_sentry_set_hardened, JetSentryFrame, JetSentryGuard, MemoryLedgerWitness,
      |         ^^^^^^^^^^^^^^^^^^^^^^^  ^^^^^^^^^^^^^^  ^^^^^^^^^^^^^^

warning: unused import: `crate::jet_encoding_json::render_json`
     --> /jet/build/regex.rs:66189:13
      |
66189 |     pub use crate::jet_encoding_json::render_json;
      |             ^^^^^^^^^^^^^^^^^^^^^^^^^^^^^^^^^^^^^

warning: unnecessary parentheses around block return value
     --> /jet/build/regex.rs:70251:13
      |
70251 |             (((exponent as u64 + 1023) << 52) | (top & ((1u64 << 52) - 1)))
      |             ^                                                             ^
      |
      = note: `#[warn(unused_parens)]` (part of `#[warn(unused)]`) on by default
help: remove these parentheses
      |
70251 -             (((exponent as u64 + 1023) << 52) | (top & ((1u64 << 52) - 1)))
70251 +             ((exponent as u64 + 1023) << 52) | (top & ((1u64 << 52) - 1))
      |

warning: unused import: `crate::jet_int_compare_hot`
     --> /jet/build/regex.rs:70596:9
      |
70596 | pub use crate::jet_int_compare_hot;
      |         ^^^^^^^^^^^^^^^^^^^^^^^^^^

warning: unused import: `crate::jet_int_add_hot`
     --> /jet/build/regex.rs:70620:9
      |
70620 | pub use crate::jet_int_add_hot;
      |         ^^^^^^^^^^^^^^^^^^^^^^

warning: unused import: `crate::jet_int_sub_hot`
     --> /jet/build/regex.rs:70644:9
      |
70644 | pub use crate::jet_int_sub_hot;
      |         ^^^^^^^^^^^^^^^^^^^^^^

warning: unused import: `crate::jet_int_mul_hot`
     --> /jet/build/regex.rs:70668:9
      |
70668 | pub use crate::jet_int_mul_hot;
      |         ^^^^^^^^^^^^^^^^^^^^^^

warning: unused import: `crate::jet_int_add_inline`
     --> /jet/build/regex.rs:70682:9
      |
70682 | pub use crate::jet_int_add_inline;
      |         ^^^^^^^^^^^^^^^^^^^^^^^^^

warning: unused import: `crate::jet_int_sub_inline`
     --> /jet/build/regex.rs:70692:9
      |
70692 | pub use crate::jet_int_sub_inline;
      |         ^^^^^^^^^^^^^^^^^^^^^^^^^

warning: unused import: `crate::jet_int_mul_inline`
     --> /jet/build/regex.rs:70702:9
      |
70702 | pub use crate::jet_int_mul_inline;
      |         ^^^^^^^^^^^^^^^^^^^^^^^^^

warning: unused import: `crate::jet_int_compare_inline`
     --> /jet/build/regex.rs:70716:9
      |
70716 | pub use crate::jet_int_compare_inline;
      |         ^^^^^^^^^^^^^^^^^^^^^^^^^^^^^

warning: unused import: `crate::jet_int_neg_inline`
     --> /jet/build/regex.rs:70725:9
      |
70725 | pub use crate::jet_int_neg_inline;
      |         ^^^^^^^^^^^^^^^^^^^^^^^^^

warning: unused import: `crate::jet_int_bit_and_hot`
     --> /jet/build/regex.rs:70744:9
      |
70744 | pub use crate::jet_int_bit_and_hot;
      |         ^^^^^^^^^^^^^^^^^^^^^^^^^^

warning: unused import: `crate::jet_int_bit_or_hot`
     --> /jet/build/regex.rs:70760:9
      |
70760 | pub use crate::jet_int_bit_or_hot;
      |         ^^^^^^^^^^^^^^^^^^^^^^^^^

warning: unused import: `crate::jet_int_bit_xor_hot`
     --> /jet/build/regex.rs:70776:9
      |
70776 | pub use crate::jet_int_bit_xor_hot;
      |         ^^^^^^^^^^^^^^^^^^^^^^^^^^

warning: unused imports: `JetCellEditGuard` and `JetCellReadGuard`
     --> /jet/build/regex.rs:76604:35
      |
76604 | pub use self::jet_cell::{JetCell, JetCellEditGuard, JetCellReadGuard};
      |                                   ^^^^^^^^^^^^^^^^  ^^^^^^^^^^^^^^^^

warning: unused imports: `JetStreamSender` and `jet_stream_task`
     --> /jet/build/regex.rs:77545:21
      |
77545 |     pub use super::{jet_stream_task, JetStream, JetStreamSender};
      |                     ^^^^^^^^^^^^^^^             ^^^^^^^^^^^^^^^

warning: unused macro definition: `jet_plugin_bridge`
     --> /jet/build/regex.rs:87809:14
      |
87809 | macro_rules! jet_plugin_bridge {
      |              ^^^^^^^^^^^^^^^^^
      |
      = note: `#[warn(unused_macros)]` (part of `#[warn(unused)]`) on by default

warning: unused import: `std::io::Write`
     --> /jet/build/regex.rs:93749:13
      |
93749 |         use std::io::Write;
      |             ^^^^^^^^^^^^^^

warning: unused import: `core::cell::Cell`
      --> /jet/build/regex.rs:114609:5
       |
114609 | use core::cell::Cell;
       |     ^^^^^^^^^^^^^^^^

warning: unused import: `jet_foundation::Devtools::JetDevtoolsEvent as JetWebStoreDevtoolsEvent`
      --> /jet/build/regex.rs:114612:5
       |
114612 | use jet_foundation::Devtools::JetDevtoolsEvent as JetWebStoreDevtoolsEvent;
       |     ^^^^^^^^^^^^^^^^^^^^^^^^^^^^^^^^^^^^^^^^^^^^^^^^^^^^^^^^^^^^^^^^^^^^^^

warning: unused import: `TypeId as JetWebStoreTypeId`
      --> /jet/build/regex.rs:114614:39
       |
114614 | use std::any::{Any as JetWebStoreAny, TypeId as JetWebStoreTypeId};
       |                                       ^^^^^^^^^^^^^^^^^^^^^^^^^^^

warning: unused imports: `BTreeMap as JetWebFormMap`, `BTreeMap as JetWebTablePages`, `BTreeMap`, `BTreeSet as JetWebTableSet`, `BTreeSet`, `HashMap as JetWebStoreMap`, and `VecDeque as JetWebStoreDeque`
      --> /jet/build/regex.rs:114615:24
       |
114615 | ...::{BTreeMap, BTreeSet, HashMap, HashSet, BTreeMap as JetWebFormMap, VecDeque as JetWebStoreDeque, HashMap as JetWebStoreMap, BTreeMap as JetWebTablePages, BTreeSet as JetWebTableSet, V...
       |       ^^^^^^^^  ^^^^^^^^                    ^^^^^^^^^^^^^^^^^^^^^^^^^  ^^^^^^^^^^^^^^^^^^^^^^^^^^^^  ^^^^^^^^^^^^^^^^^^^^^^^^^  ^^^^^^^^^^^^^^^^^^^^^^^^^^^^  ^^^^^^^^^^^^^^^^^^^^^^^^^^

warning: unused import: `std::fs::OpenOptions`
      --> /jet/build/regex.rs:114616:5
       |
114616 | use std::fs::OpenOptions;
       |     ^^^^^^^^^^^^^^^^^^^^

warning: unused imports: `SeekFrom` and `Seek`
      --> /jet/build/regex.rs:114617:21
       |
114617 | use std::io::{Read, Seek, SeekFrom, Write};
       |                     ^^^^  ^^^^^^^^

warning: unused imports: `Component`, `PathBuf`, and `Path`
      --> /jet/build/regex.rs:114620:17
       |
114620 | use std::path::{Component, Path, PathBuf};
       |                 ^^^^^^^^^  ^^^^  ^^^^^^^

warning: unused imports: `Arc as JetDataPlotArc`, `Arc as JetWebFormArc`, `Arc as JetWebQueryArc`, `Arc as JetWebStoreArc`, `Arc as JetWebTableArc`, `Condvar as JetWebStoreCondvar`, `LazyLock as JetWebStoreLazyLock`, `LazyLock`, `Mutex as JetWebFormMutex`, `Mutex as JetWebQueryMutex`, `Mutex as JetWebStoreMutex`, and `Mutex as JetWebTableMutex`
      --> /jet/build/regex.rs:114621:31
       |
114621 | ...r, Arc as JetDataPlotArc, Arc as JetWebFormArc, Mutex as JetWebFormMutex, Arc as JetWebQueryArc, Mutex as JetWebQueryMutex, Arc as JetWebStoreArc, Condvar as JetWebStoreCondvar, LazyLock as JetWebStoreLazyLock, Mutex as JetWebStoreMutex, Arc as JetWebTableArc, Mutex as JetWebTableMutex, LazyLock, M...
       |       ^^^^^^^^^^^^^^^^^^^^^  ^^^^^^^^^^^^^^^^^^^^  ^^^^^^^^^^^^^^^^^^^^^^^^  ^^^^^^^^^^^^^^^^^^^^^  ^^^^^^^^^^^^^^^^^^^^^^^^^  ^^^^^^^^^^^^^^^^^^^^^  ^^^^^^^^^^^^^^^^^^^^^^^^^^^^^  ^^^^^^^^^^^^^^^^^^^^^^^^^^^^^^^  ^^^^^^^^^^^^^^^^^^^^^^^^^  ^^^^^^^^^^^^^^^^^^^^^  ^^^^^^^^^^^^^^^^^^^^^^^^^  ^^^^^^^^

warning: unused import: `Ordering as JetWebFormOrdering`
      --> /jet/build/regex.rs:114622:60
       |
114622 | use std::sync::atomic::{AtomicBool, AtomicU8, AtomicUsize, Ordering as JetWebFormOrdering};
       |                                                            ^^^^^^^^^^^^^^^^^^^^^^^^^^^^^^

warning: unused imports: `SystemTime as JetWebStoreSystemTime`, `SystemTime`, `UNIX_EPOCH as JetWebStoreUnixEpoch`, and `UNIX_EPOCH`
      --> /jet/build/regex.rs:114623:36
       |
114623 | ...tion, Instant, SystemTime as JetWebStoreSystemTime, UNIX_EPOCH as JetWebStoreUnixEpoch, SystemTime, UNIX_EPOCH};
       |                   ^^^^^^^^^^^^^^^^^^^^^^^^^^^^^^^^^^^  ^^^^^^^^^^^^^^^^^^^^^^^^^^^^^^^^^^  ^^^^^^^^^^  ^^^^^^^^^^

warning: type `__jet_ParseError` should have an upper camel case name
      --> /jet/build/regex.rs:123927:10
       |
123927 | pub type __jet_ParseError = String;
       |          ^^^^^^^^^^^^^^^^ help: convert the identifier to upper camel case: `JetParseError`

warning: type `__jet__shome_snate_sProjects_sGithub_sjet_sexamples_sfeatures_stext_c_cregex_djet_c_cTime` should have an upper camel case name
      --> /jet/build/regex.rs:123930:10
       |
123930 | pub enum __jet__shome_snate_sProjects_sGithub_sjet_sexamples_sfeatures_stext_c_cregex_djet_c_cTime {
       |          ^^^^^^^^^^^^^^^^^^^^^^^^^^^^^^^^^^^^^^^^^^^^^^^^^^^^^^^^^^^^^^^^^^^^^^^^^^^^^^^^^^^^^^^^^ help: convert the identifier to upper camel case: `JetShomeSnateSProjectsSGithubSjetSexamplesSfeaturesStextCCregexDjetCCTime`

warning: unused label
      --> /jet/build/regex.rs:124774:5
       |
124774 |     'mir_dispatch: loop {
       |     ^^^^^^^^^^^^^
       |
       = note: `#[warn(unused_labels)]` (part of `#[warn(unused)]`) on by default

error[E0308]: mismatched types
      --> /jet/build/regex.rs:124329:148
       |
124329 | ...e((jet_std::JetRegexMatch::group_start(__jet_l_9435151167512647758.as_ref().expect("MIR local"), __jet_v_14578797271913670203.take().expect("MIR value")))....
       |       ----------------------------------- arguments to this function are incorrect                  ^^^^^^^^^^^^^^^^^^^^^^^^^^^^^^^^^^^^^^^^^^^^^^^^^^^^^^^ expected `i64`, found `JetInt`
       |
note: method defined here
      --> /jet/build/regex.rs:62250:12
       |
 62250 |     pub fn group_start(&self, n: i64) -> JetOutcome<i64, JetAbsent> {
       |            ^^^^^^^^^^^        ------

error[E0631]: type mismatch in closure arguments
      --> /jet/build/regex.rs:124480:1471
       |
124480 | ...ew(move |mut __jet_m: &jet_std::JetRegexMatch| { let _ = (&__jet_history_keep, &__jet_history_ticket); let mut __jet_history_guard = __jet_history_owner.borrow(); let __jet_history_env = & *__jet_history_guard; jet_history_with_types(__jet_history_env.0.clone(), || __jet__shome_snate_sProjects_sGithub_sjet_sexamples_sfeatures_stext_c_cregex_djet_c_crun_c_clambda_x401346_d_d1365(__jet_m)) }); jet_history_register_callback(__jet_history_callback, &...
       |       ------------------------------------------- found signature defined here                                                                                                                                                                                                                                                                                                                                                              ^^^^^^^^^^^^^^^^^^^^^^ expected due to this
       |
       = note: expected closure signature `fn(JetRegexMatch) -> _`
                  found closure signature `fn(&JetRegexMatch) -> _`
       = note: required for the cast from `Box<{closure@/jet/build/regex.rs:124480:1049: 124480:1092}>` to `Box<dyn JetHistoryFn1<'_, JetRegexMatch, String>>`
help: consider adjusting the signature so it does not borrow its argument
       |
124480 -                 __jet_v_7638866291122216559 = Some({  let __jet_history_owner = std::rc::Rc::new(std::cell::RefCell::new((__jet_history_types.clone(),))); let __jet_history_reader: std::rc::Rc<JetHistoryCaptureReader<'_>> = { let __jet_history_owner = __jet_history_owner.clone(); std::rc::Rc::new(move || { let __jet_history_guard = __jet_history_owner.try_borrow().map_err(|_| "history captures are busy".to_string())?; let __jet_history_env = &*__jet_history_guard; let __jet_history_types = &__jet_history_env.0; let __jet_history_depth = 0usize;  Ok(jet_std::DataTree::Object(vec![("function_identity".to_string(), jet_std::DataTree::Text("function:/home/nate/Projects/Github/jet/examples/features/text::regex.jet::run::lambda@1346..1365:1346-1365".to_string())), ("captures".to_string(), jet_std::DataTree::Array(vec![]))])) }) }; let __jet_history_keep = __jet_history_reader.clone(); let __jet_history_ticket = JetHistoryLocalTicket::default(); let __jet_history_life = __jet_history_ticket.0.clone(); let __jet_history_callback = Box::new(move |mut __jet_m: &jet_std::JetRegexMatch| { let _ = (&__jet_history_keep, &__jet_history_ticket); let mut __jet_history_guard = __jet_history_owner.borrow(); let __jet_history_env = & *__jet_history_guard; jet_history_with_types(__jet_history_env.0.clone(), || __jet__shome_snate_sProjects_sGithub_sjet_sexamples_sfeatures_stext_c_cregex_djet_c_crun_c_clambda_x401346_d_d1365(__jet_m)) }); jet_history_register_callback(__jet_history_callback, &__jet_history_reader, &__jet_history_life) });
124480 +                 __jet_v_7638866291122216559 = Some({  let __jet_history_owner = std::rc::Rc::new(std::cell::RefCell::new((__jet_history_types.clone(),))); let __jet_history_reader: std::rc::Rc<JetHistoryCaptureReader<'_>> = { let __jet_history_owner = __jet_history_owner.clone(); std::rc::Rc::new(move || { let __jet_history_guard = __jet_history_owner.try_borrow().map_err(|_| "history captures are busy".to_string())?; let __jet_history_env = &*__jet_history_guard; let __jet_history_types = &__jet_history_env.0; let __jet_history_depth = 0usize;  Ok(jet_std::DataTree::Object(vec![("function_identity".to_string(), jet_std::DataTree::Text("function:/home/nate/Projects/Github/jet/examples/features/text::regex.jet::run::lambda@1346..1365:1346-1365".to_string())), ("captures".to_string(), jet_std::DataTree::Array(vec![]))])) }) }; let __jet_history_keep = __jet_history_reader.clone(); let __jet_history_ticket = JetHistoryLocalTicket::default(); let __jet_history_life = __jet_history_ticket.0.clone(); let __jet_history_callback = Box::new(move |mut __jet_m: jet_std::JetRegexMatch| { let _ = (&__jet_history_keep, &__jet_history_ticket); let mut __jet_history_guard = __jet_history_owner.borrow(); let __jet_history_env = & *__jet_history_guard; jet_history_with_types(__jet_history_env.0.clone(), || __jet__shome_snate_sProjects_sGithub_sjet_sexamples_sfeatures_stext_c_cregex_djet_c_crun_c_clambda_x401346_d_d1365(__jet_m)) }); jet_history_register_callback(__jet_history_callback, &__jet_history_reader, &__jet_history_life) });
       |

error[E0308]: mismatched types
      --> /jet/build/regex.rs:124616:199
       |
124616 | ...me(jet_std::JetRegex::split_limit(__jet_l_3544560065625497111.as_ref().expect("MIR local"), __jet_v_4312821154353270505.as_ref().expect("MIR value"), __jet_v_18198819280289584217.take().expect("MIR value")));
       |       ------------------------------ arguments to this function are incorrect                                                                            ^^^^^^^^^^^^^^^^^^^^^^^^^^^^^^^^^^^^^^^^^^^^^^^^^^^^^^^ expected `i64`, found `JetInt`
       |
note: method defined here
      --> /jet/build/regex.rs:62527:12
       |
 62527 |     pub fn split_limit(&self, text: &str, limit: i64) -> Vec<String> {
       |            ^^^^^^^^^^^                    ----------

error[E0308]: mismatched types
      --> /jet/build/regex.rs:124714:145
       |
124714 | ...e((jet_std::JetRegexMatch::group_end(__jet_l_9435151167512647758.as_ref().expect("MIR local"), __jet_v_9656349703347447283.take().expect("MIR value")))....
       |       --------------------------------- arguments to this function are incorrect                  ^^^^^^^^^^^^^^^^^^^^^^^^^^^^^^^^^^^^^^^^^^^^^^^^^^^^^^ expected `i64`, found `JetInt`
       |
note: method defined here
      --> /jet/build/regex.rs:62255:12
       |
 62255 |     pub fn group_end(&self, n: i64) -> JetOutcome<i64, JetAbsent> {
       |            ^^^^^^^^^        ------

warning: unused import: `Read`
      --> /jet/build/regex.rs:114617:15
       |
114617 | use std::io::{Read, Seek, SeekFrom, Write};
       |               ^^^^

warning: unused import: `Write`
      --> /jet/build/regex.rs:114617:37
       |
114617 | use std::io::{Read, Seek, SeekFrom, Write};
       |                                     ^^^^^

warning: unused import: `Any`
      --> /jet/build/regex.rs:114614:16
       |
114614 | use std::any::{Any as JetWebStoreAny, TypeId as JetWebStoreTypeId};
       |                ^^^

warning: value assigned to `cursor` is never read
      --> /jet/build/regex.rs:121731:17
       |
121731 |                 cursor += 2;
       |                 ^^^^^^^^^^^ this value is reassigned later and never used
...
121734 |                 cursor += 1;
       |                 ----------- `cursor` is overwritten here before the previous value is read
       |
       = note: `#[warn(unused_assignments)]` (part of `#[warn(unused)]`) on by default

warning: value assigned to `cursor` is never read
      --> /jet/build/regex.rs:121734:17
       |
121734 |                 cursor += 1;
       |                 ^^^^^^^^^^^
       |
       = help: maybe it is overwritten before being read?

error: aborting due to 4 previous errors; 55 warnings emitted

Some errors have detailed explanations: E0308, E0631.
For more information about an error, try `rustc --explain E0308`.
