warning: trait `__jet_Display` should have an upper camel case name
 --> /jet/build/response_assert.rs:9:11
  |
9 | pub trait __jet_Display {
  |           ^^^^^^^^^^^^^ help: convert the identifier to upper camel case: `JetDisplay`
  |
  = note: `#[warn(non_camel_case_types)]` (part of `#[warn(nonstandard_style)]`) on by default

warning: trait `__jet_Equatable` should have an upper camel case name
  --> /jet/build/response_assert.rs:13:11
   |
13 | pub trait __jet_Equatable: Sized { fn equal(&self, rhs: &Self) -> bool; }
   |           ^^^^^^^^^^^^^^^ help: convert the identifier to upper camel case: `JetEquatable`

warning: type `__jet_Ordering` should have an upper camel case name
  --> /jet/build/response_assert.rs:29:10
   |
29 | pub enum __jet_Ordering { __jet_Less, __jet_Equal, __jet_Greater }
   |          ^^^^^^^^^^^^^^ help: convert the identifier to upper camel case: `JetOrdering`

warning: variant `__jet_Less` should have an upper camel case name
  --> /jet/build/response_assert.rs:29:27
   |
29 | pub enum __jet_Ordering { __jet_Less, __jet_Equal, __jet_Greater }
   |                           ^^^^^^^^^^ help: convert the identifier to upper camel case: `JetLess`

warning: variant `__jet_Equal` should have an upper camel case name
  --> /jet/build/response_assert.rs:29:39
   |
29 | pub enum __jet_Ordering { __jet_Less, __jet_Equal, __jet_Greater }
   |                                       ^^^^^^^^^^^ help: convert the identifier to upper camel case: `JetEqual`

warning: variant `__jet_Greater` should have an upper camel case name
  --> /jet/build/response_assert.rs:29:52
   |
29 | pub enum __jet_Ordering { __jet_Less, __jet_Equal, __jet_Greater }
   |                                                    ^^^^^^^^^^^^^ help: convert the identifier to upper camel case: `JetGreater`

warning: trait `__jet_Comparable` should have an upper camel case name
  --> /jet/build/response_assert.rs:31:11
   |
31 | pub trait __jet_Comparable: Sized { fn compare(&self, rhs: &Self) -> __jet_Ordering; }
   |           ^^^^^^^^^^^^^^^^ help: convert the identifier to upper camel case: `JetComparable`

warning: trait `__jet_Add` should have an upper camel case name
  --> /jet/build/response_assert.rs:43:11
   |
43 | pub trait __jet_Add<Rhs = Self>: Sized { type Output; fn add(&self, rhs: &Rhs) -> Self::Output; }
   |           ^^^^^^^^^ help: convert the identifier to upper camel case: `JetAdd`

warning: trait `__jet_Sub` should have an upper camel case name
  --> /jet/build/response_assert.rs:44:11
   |
44 | pub trait __jet_Sub<Rhs = Self>: Sized { type Output; fn sub(&self, rhs: &Rhs) -> Self::Output; }
   |           ^^^^^^^^^ help: convert the identifier to upper camel case: `JetSub`

warning: trait `__jet_Mul` should have an upper camel case name
  --> /jet/build/response_assert.rs:45:11
   |
45 | pub trait __jet_Mul<Rhs = Self>: Sized { type Output; fn mul(&self, rhs: &Rhs) -> Self::Output; }
   |           ^^^^^^^^^ help: convert the identifier to upper camel case: `JetMul`

warning: trait `__jet_Div` should have an upper camel case name
  --> /jet/build/response_assert.rs:46:11
   |
46 | pub trait __jet_Div<Rhs = Self>: Sized { type Output; fn div(&self, rhs: &Rhs) -> Self::Output; }
   |           ^^^^^^^^^ help: convert the identifier to upper camel case: `JetDiv`

warning: trait `__jet_Serialize` should have an upper camel case name
     --> /jet/build/response_assert.rs:40594:7
      |
40594 | trait __jet_Serialize {
      |       ^^^^^^^^^^^^^^^ help: convert the identifier to upper camel case: `JetSerialize`

warning: unused import: `Cell`
     --> /jet/build/response_assert.rs:45088:21
      |
45088 |     use std::cell::{Cell, RefCell};
      |                     ^^^^
      |
      = note: `#[warn(unused_imports)]` (part of `#[warn(unused)]`) on by default

warning: unused import: `JetUninit`
     --> /jet/build/response_assert.rs:45092:43
      |
45092 |     pub use super::jet_uninit_semantics::{JetUninit, JetUninitFixed};
      |                                           ^^^^^^^^^

warning: unused imports: `JetSentryFrame`, `JetSentryGuard`, `jet_sentry_current_frame`, `jet_sentry_fenced_scope`, `jet_sentry_frame`, `jet_sentry_policy_scope`, `jet_sentry_reset`, `jet_sentry_scope`, and `jet_sentry_set_hardened`
     --> /jet/build/response_assert.rs:45105:35
      |
45105 |         jet_memory_ledger_record, jet_sentry_current_frame, jet_sentry_fenced_scope,
      |                                   ^^^^^^^^^^^^^^^^^^^^^^^^  ^^^^^^^^^^^^^^^^^^^^^^^
45106 |         jet_sentry_frame, jet_sentry_policy_scope, jet_sentry_reset, jet_sentry_scope,
      |         ^^^^^^^^^^^^^^^^  ^^^^^^^^^^^^^^^^^^^^^^^  ^^^^^^^^^^^^^^^^  ^^^^^^^^^^^^^^^^
45107 |         jet_sentry_set_hardened, JetSentryFrame, JetSentryGuard, MemoryLedgerWitness,
      |         ^^^^^^^^^^^^^^^^^^^^^^^  ^^^^^^^^^^^^^^  ^^^^^^^^^^^^^^

warning: unnecessary parentheses around block return value
     --> /jet/build/response_assert.rs:69073:13
      |
69073 |             (((exponent as u64 + 1023) << 52) | (top & ((1u64 << 52) - 1)))
      |             ^                                                             ^
      |
      = note: `#[warn(unused_parens)]` (part of `#[warn(unused)]`) on by default
help: remove these parentheses
      |
69073 -             (((exponent as u64 + 1023) << 52) | (top & ((1u64 << 52) - 1)))
69073 +             ((exponent as u64 + 1023) << 52) | (top & ((1u64 << 52) - 1))
      |

warning: unused import: `crate::jet_int_compare_hot`
     --> /jet/build/response_assert.rs:69418:9
      |
69418 | pub use crate::jet_int_compare_hot;
      |         ^^^^^^^^^^^^^^^^^^^^^^^^^^

warning: unused import: `crate::jet_int_add_hot`
     --> /jet/build/response_assert.rs:69442:9
      |
69442 | pub use crate::jet_int_add_hot;
      |         ^^^^^^^^^^^^^^^^^^^^^^

warning: unused import: `crate::jet_int_sub_hot`
     --> /jet/build/response_assert.rs:69466:9
      |
69466 | pub use crate::jet_int_sub_hot;
      |         ^^^^^^^^^^^^^^^^^^^^^^

warning: unused import: `crate::jet_int_mul_hot`
     --> /jet/build/response_assert.rs:69490:9
      |
69490 | pub use crate::jet_int_mul_hot;
      |         ^^^^^^^^^^^^^^^^^^^^^^

warning: unused import: `crate::jet_int_add_inline`
     --> /jet/build/response_assert.rs:69504:9
      |
69504 | pub use crate::jet_int_add_inline;
      |         ^^^^^^^^^^^^^^^^^^^^^^^^^

warning: unused import: `crate::jet_int_sub_inline`
     --> /jet/build/response_assert.rs:69514:9
      |
69514 | pub use crate::jet_int_sub_inline;
      |         ^^^^^^^^^^^^^^^^^^^^^^^^^

warning: unused import: `crate::jet_int_mul_inline`
     --> /jet/build/response_assert.rs:69524:9
      |
69524 | pub use crate::jet_int_mul_inline;
      |         ^^^^^^^^^^^^^^^^^^^^^^^^^

warning: unused import: `crate::jet_int_compare_inline`
     --> /jet/build/response_assert.rs:69538:9
      |
69538 | pub use crate::jet_int_compare_inline;
      |         ^^^^^^^^^^^^^^^^^^^^^^^^^^^^^

warning: unused import: `crate::jet_int_neg_inline`
     --> /jet/build/response_assert.rs:69547:9
      |
69547 | pub use crate::jet_int_neg_inline;
      |         ^^^^^^^^^^^^^^^^^^^^^^^^^

warning: unused import: `crate::jet_int_bit_and_hot`
     --> /jet/build/response_assert.rs:69566:9
      |
69566 | pub use crate::jet_int_bit_and_hot;
      |         ^^^^^^^^^^^^^^^^^^^^^^^^^^

warning: unused import: `crate::jet_int_bit_or_hot`
     --> /jet/build/response_assert.rs:69582:9
      |
69582 | pub use crate::jet_int_bit_or_hot;
      |         ^^^^^^^^^^^^^^^^^^^^^^^^^

warning: unused import: `crate::jet_int_bit_xor_hot`
     --> /jet/build/response_assert.rs:69598:9
      |
69598 | pub use crate::jet_int_bit_xor_hot;
      |         ^^^^^^^^^^^^^^^^^^^^^^^^^^

warning: unused imports: `JetCellEditGuard` and `JetCellReadGuard`
     --> /jet/build/response_assert.rs:75352:35
      |
75352 | pub use self::jet_cell::{JetCell, JetCellEditGuard, JetCellReadGuard};
      |                                   ^^^^^^^^^^^^^^^^  ^^^^^^^^^^^^^^^^

warning: unused imports: `JetStreamSender` and `jet_stream_task`
     --> /jet/build/response_assert.rs:76293:21
      |
76293 |     pub use super::{jet_stream_task, JetStream, JetStreamSender};
      |                     ^^^^^^^^^^^^^^^             ^^^^^^^^^^^^^^^

warning: unused macro definition: `jet_plugin_bridge`
     --> /jet/build/response_assert.rs:86699:14
      |
86699 | macro_rules! jet_plugin_bridge {
      |              ^^^^^^^^^^^^^^^^^
      |
      = note: `#[warn(unused_macros)]` (part of `#[warn(unused)]`) on by default

warning: unused import: `std::io::Write`
     --> /jet/build/response_assert.rs:92600:13
      |
92600 |         use std::io::Write;
      |             ^^^^^^^^^^^^^^

warning: unused import: `core::cell::Cell`
      --> /jet/build/response_assert.rs:111393:5
       |
111393 | use core::cell::Cell;
       |     ^^^^^^^^^^^^^^^^

warning: unused import: `std::fs::OpenOptions`
      --> /jet/build/response_assert.rs:111400:5
       |
111400 | use std::fs::OpenOptions;
       |     ^^^^^^^^^^^^^^^^^^^^

warning: unused import: `SeekFrom`
      --> /jet/build/response_assert.rs:111401:27
       |
111401 | use std::io::{Read, Seek, SeekFrom, Write};
       |                           ^^^^^^^^

warning: unused imports: `Component` and `Path`
      --> /jet/build/response_assert.rs:111404:17
       |
111404 | use std::path::{Component, Path, PathBuf};
       |                 ^^^^^^^^^  ^^^^

warning: unused import: `Arc as JetDataPlotArc`
      --> /jet/build/response_assert.rs:111405:31
       |
111405 | use std::sync::{Arc, Condvar, Arc as JetDataPlotArc, Arc as JetWebFormArc, Mutex as JetWebFormMutex, Arc as JetWebQueryArc, Mute...
       |                               ^^^^^^^^^^^^^^^^^^^^^

warning: type `__jet__shome_snate_s_dcache_sjet_hluna_sdx3_shttp_hshared_c_cresponse_uassert_djet_c_cState` should have an upper camel case name
      --> /jet/build/response_assert.rs:154964:8
       |
154964 | struct __jet__shome_snate_s_dcache_sjet_hluna_sdx3_shttp_hshared_c_cresponse_uassert_djet_c_cState {
       |        ^^^^^^^^^^^^^^^^^^^^^^^^^^^^^^^^^^^^^^^^^^^^^^^^^^^^^^^^^^^^^^^^^^^^^^^^^^^^^^^^^^^^^^^^^^^ help: convert the identifier to upper camel case: `JetShomeSnateSDcacheSjetHlunaSdx3ShttpHsharedCCresponseUassertDjetCCState`

warning: type `__jet__shome_snate_s_dcache_sjet_hluna_sdx3_shttp_hshared_c_cresponse_uassert_djet_c_c_u_uJetUnion_uHTTPError_uNetError_uTaskFailure` should have an upper camel case name
      --> /jet/build/response_assert.rs:154985:6
       |
154985 | enum __jet__shome_snate_s_dcache_sjet_hluna_sdx3_shttp_hshared_c_cresponse_uassert_djet_c_c_u_uJetUnion_uHTTPError_uNetError_uTaskFailure {
       |      ^^^^^^^^^^^^^^^^^^^^^^^^^^^^^^^^^^^^^^^^^^^^^^^^^^^^^^^^^^^^^^^^^^^^^^^^^^^^^^^^^^^^^^^^^^^^^^^^^^^^^^^^^^^^^^^^^^^^^^^^^^^^^^^^^^^^ help: convert the identifier to upper camel case: `JetShomeSnateSDcacheSjetHlunaSdx3ShttpHsharedCCresponseUassertDjetCCUUJetUnionUHttperrorUNetErrorUTaskFailure`

warning: variant `__jet_HTTPError` should have an upper camel case name
      --> /jet/build/response_assert.rs:154986:5
       |
154986 |     __jet_HTTPError(JetHTTPError),
       |     ^^^^^^^^^^^^^^^ help: convert the identifier to upper camel case: `JetHttperror`

warning: variant `__jet_NetError` should have an upper camel case name
      --> /jet/build/response_assert.rs:154987:5
       |
154987 |     __jet_NetError(JetNetError),
       |     ^^^^^^^^^^^^^^ help: convert the identifier to upper camel case: `JetNetError`

warning: variant `__jet_TaskFailure` should have an upper camel case name
      --> /jet/build/response_assert.rs:154988:5
       |
154988 |     __jet_TaskFailure(JetTaskFailure),
       |     ^^^^^^^^^^^^^^^^^ help: convert the identifier to upper camel case: `JetTaskFailure`

warning: type `__jet_ParseError` should have an upper camel case name
      --> /jet/build/response_assert.rs:154991:10
       |
154991 | pub type __jet_ParseError = String;
       |          ^^^^^^^^^^^^^^^^ help: convert the identifier to upper camel case: `JetParseError`

warning: unnecessary parentheses around function argument
      --> /jet/build/response_assert.rs:155128:52
       |
155128 | ...me((((__jet_v_3417546980413373157.as_ref().expect("MIR value")).clone()) > ((__jet_v_4509567843910572589.as_ref().expect("MIR value")).clone())));
       |       ^                                                                                                                                           ^
       |
help: remove these parentheses
       |
155128 -                 __jet_v_7960453861469671739 = Some((((__jet_v_3417546980413373157.as_ref().expect("MIR value")).clone()) > ((__jet_v_4509567843910572589.as_ref().expect("MIR value")).clone())));
155128 +                 __jet_v_7960453861469671739 = Some(((__jet_v_3417546980413373157.as_ref().expect("MIR value")).clone()) > ((__jet_v_4509567843910572589.as_ref().expect("MIR value")).clone()));
       |

warning: unnecessary parentheses around function argument
      --> /jet/build/response_assert.rs:155167:53
       |
155167 | ...me((((__jet_v_3043318230982811056.as_ref().expect("MIR value")).clone()) < ((__jet_v_6323103751516190071.as_ref().expect("MIR value")).clone())));
       |       ^                                                                                                                                           ^
       |
help: remove these parentheses
       |
155167 -                 __jet_v_10212331604031830118 = Some((((__jet_v_3043318230982811056.as_ref().expect("MIR value")).clone()) < ((__jet_v_6323103751516190071.as_ref().expect("MIR value")).clone())));
155167 +                 __jet_v_10212331604031830118 = Some(((__jet_v_3043318230982811056.as_ref().expect("MIR value")).clone()) < ((__jet_v_6323103751516190071.as_ref().expect("MIR value")).clone()));
       |

warning: unnecessary parentheses around function argument
      --> /jet/build/response_assert.rs:155217:52
       |
155217 | ...me((((__jet_v_6935954106952510798.as_ref().expect("MIR value")).clone()) != ((__jet_v_13230698559802345062.as_ref().expect("MIR value")).clone())));
       |       ^                                                                                                                                             ^
       |
help: remove these parentheses
       |
155217 -                 __jet_v_8878187503917063975 = Some((((__jet_v_6935954106952510798.as_ref().expect("MIR value")).clone()) != ((__jet_v_13230698559802345062.as_ref().expect("MIR value")).clone())));
155217 +                 __jet_v_8878187503917063975 = Some(((__jet_v_6935954106952510798.as_ref().expect("MIR value")).clone()) != ((__jet_v_13230698559802345062.as_ref().expect("MIR value")).clone()));
       |

warning: unnecessary parentheses around function argument
      --> /jet/build/response_assert.rs:155479:52
       |
155479 | ...me((((__jet_v_6195950485221751201.as_ref().expect("MIR value")).clone()) == ((__jet_v_5355911258341233386.as_ref().expect("MIR value")).clone())));
       |       ^                                                                                                                                            ^
       |
help: remove these parentheses
       |
155479 -                 __jet_v_2254297829272644188 = Some((((__jet_v_6195950485221751201.as_ref().expect("MIR value")).clone()) == ((__jet_v_5355911258341233386.as_ref().expect("MIR value")).clone())));
155479 +                 __jet_v_2254297829272644188 = Some(((__jet_v_6195950485221751201.as_ref().expect("MIR value")).clone()) == ((__jet_v_5355911258341233386.as_ref().expect("MIR value")).clone()));
       |

warning: unnecessary parentheses around function argument
      --> /jet/build/response_assert.rs:155576:53
       |
155576 |                 __jet_v_16425036554967489964 = Some((!(*(__jet_v_1451015664931260247.as_ref().expect("MIR value")))));
       |                                                     ^                                                              ^
       |
help: remove these parentheses
       |
155576 -                 __jet_v_16425036554967489964 = Some((!(*(__jet_v_1451015664931260247.as_ref().expect("MIR value")))));
155576 +                 __jet_v_16425036554967489964 = Some(!(*(__jet_v_1451015664931260247.as_ref().expect("MIR value"))));
       |

warning: unnecessary parentheses around function argument
      --> /jet/build/response_assert.rs:155729:53
       |
155729 |                 __jet_v_15409932553837175459 = Some((!(*(__jet_v_5474533053553645704.as_ref().expect("MIR value")))));
       |                                                     ^                                                              ^
       |
help: remove these parentheses
       |
155729 -                 __jet_v_15409932553837175459 = Some((!(*(__jet_v_5474533053553645704.as_ref().expect("MIR value")))));
155729 +                 __jet_v_15409932553837175459 = Some(!(*(__jet_v_5474533053553645704.as_ref().expect("MIR value"))));
       |

warning: unnecessary parentheses around function argument
      --> /jet/build/response_assert.rs:155816:53
       |
155816 |                 __jet_v_14074235056566894013 = Some((!(*(__jet_v_12164566880117782745.as_ref().expect("MIR value")))));
       |                                                     ^                                                               ^
       |
help: remove these parentheses
       |
155816 -                 __jet_v_14074235056566894013 = Some((!(*(__jet_v_12164566880117782745.as_ref().expect("MIR value")))));
155816 +                 __jet_v_14074235056566894013 = Some(!(*(__jet_v_12164566880117782745.as_ref().expect("MIR value"))));
       |

warning: unused label
      --> /jet/build/response_assert.rs:155919:5
       |
155919 |     'mir_dispatch: loop {
       |     ^^^^^^^^^^^^^
       |
       = note: `#[warn(unused_labels)]` (part of `#[warn(unused)]`) on by default

warning: unnecessary parentheses around function argument
      --> /jet/build/response_assert.rs:156158:53
       |
156158 | ...me((((__jet_v_17940971338919686057.as_ref().expect("MIR value")).clone()) != ((__jet_v_4793373640245910766.as_ref().expect("MIR value")).clone())));
       |       ^                                                                                                                                             ^
       |
help: remove these parentheses
       |
156158 -                 __jet_v_17503085025496530081 = Some((((__jet_v_17940971338919686057.as_ref().expect("MIR value")).clone()) != ((__jet_v_4793373640245910766.as_ref().expect("MIR value")).clone())));
156158 +                 __jet_v_17503085025496530081 = Some(((__jet_v_17940971338919686057.as_ref().expect("MIR value")).clone()) != ((__jet_v_4793373640245910766.as_ref().expect("MIR value")).clone()));
       |

warning: unnecessary parentheses around function argument
      --> /jet/build/response_assert.rs:156224:52
       |
156224 | ...me((((__jet_v_1351531218125303738.as_ref().expect("MIR value")).clone()) != ((__jet_v_4386403087073038628.as_ref().expect("MIR value")).clone())));
       |       ^                                                                                                                                            ^
       |
help: remove these parentheses
       |
156224 -                 __jet_v_4079422031528391552 = Some((((__jet_v_1351531218125303738.as_ref().expect("MIR value")).clone()) != ((__jet_v_4386403087073038628.as_ref().expect("MIR value")).clone())));
156224 +                 __jet_v_4079422031528391552 = Some(((__jet_v_1351531218125303738.as_ref().expect("MIR value")).clone()) != ((__jet_v_4386403087073038628.as_ref().expect("MIR value")).clone()));
       |

warning: unused label
      --> /jet/build/response_assert.rs:156306:5
       |
156306 |     'mir_dispatch: loop {
       |     ^^^^^^^^^^^^^

warning: unreachable call
      --> /jet/build/response_assert.rs:156071:47
       |
156071 | ... = Some(jet_panic_rich("response_assert.jet", 22u32...) { String::new() } else { String::new() }));
       |       ^^^^ -------------------------------------------...------------------------------------------- any code following this expression is unreachable
       |       |
       |       unreachable call
       |
       = note: `#[warn(unreachable_code)]` (part of `#[warn(unused)]`) on by default

error[E0308]: mismatched types
      --> /jet/build/response_assert.rs:156094:129
       |
156094 | ...me(jet_http_body_text(__jet_v_4548707772068759919.as_ref().expect("MIR value"), (__jet_v_12253989559090881980.as_ref().expect("MIR value")).clone()));
       |       ------------------ arguments to this function are incorrect                  ^^^^^^^^^^^^^^^^^^^^^^^^^^^^^^^^^^^^^^^^^^^^^^^^^^^^^^^^^^^^^^^^^^^ expected `i64`, found `JetInt`
       |
note: function defined here
      --> /jet/build/response_assert.rs:123045:4
       |
123045 | fn jet_http_body_text(body: &JetHTTPBody, limit: i64) -> Result<String, JetHTTPError> {
       |    ^^^^^^^^^^^^^^^^^^                     ----------

warning: unreachable call
      --> /jet/build/response_assert.rs:156137:48
       |
156137 | ... = Some(jet_panic_rich("response_assert.jet", 20u32...) { String::new() } else { String::new() }));
       |       ^^^^ -------------------------------------------...------------------------------------------- any code following this expression is unreachable
       |       |
       |       unreachable call

warning: unreachable statement
      --> /jet/build/response_assert.rs:156267:1
       |
156265 |  let __jet_history_owner = std::sync::Arc::new(std::sync::Mutex::new((__jet_capture_0, __jet_capture_1, __jet_history_types.clone(),))); let __jet_history_reader: std::sync::Arc<JetHistorySendCaptureReader<'_>> = { let __jet_history_owner = __jet_history_owner.clone(); std::sync::Arc::new(move || { let __jet_history_guard = __jet_history_owner.try_lock().map_err(|_| "history captures are busy".to_string())?; let __jet_history_env = &*__jet_history_guard; let __jet_history_types = &__jet_history_env.2; let __jet_history_depth = 0usize; let __jet_history_capture_value_0 = { return Err("history capture is opaque or redacted".to_string()) };
       |                                                                                                                                                                                                                                                                                                                                                                                                                                                                                                                                                                                                    --------------------------------------------------------------- any code following this expression is unreachable
156266 |
156267 | let __jet_history_capture_value_1 = { return Err("history capture is opaque or redacted".to_string()) };
       | ^^^^^^^^^^^^^^^^^^^^^^^^^^^^^^^^^^^^^^^^^^^^^^^^^^^^^^^^^^^^^^^^^^^^^^^^^^^^^^^^^^^^^^^^^^^^^^^^^^^^^^^^ unreachable statement

warning: unreachable call
      --> /jet/build/response_assert.rs:156290:46
       |
156290 | ... = Some(jet_panic_rich("response_assert.jet", 21u32...) { String::new() } else { String::new() }));
       |       ^^^^ -------------------------------------------...------------------------------------------- any code following this expression is unreachable
       |       |
       |       unreachable call

warning: unused import: `Write`
      --> /jet/build/response_assert.rs:111401:37
       |
111401 | use std::io::{Read, Seek, SeekFrom, Write};
       |                                     ^^^^^

warning: unused import: `std::io::Write`
      --> /jet/build/response_assert.rs:129788:9
       |
129788 |     use std::io::Write;
       |         ^^^^^^^^^^^^^^

warning: unused import: `Seek`
      --> /jet/build/response_assert.rs:111401:21
       |
111401 | use std::io::{Read, Seek, SeekFrom, Write};
       |                     ^^^^

warning: value assigned to `cursor` is never read
      --> /jet/build/response_assert.rs:118511:17
       |
118511 |                 cursor += 2;
       |                 ^^^^^^^^^^^ this value is reassigned later and never used
...
118514 |                 cursor += 1;
       |                 ----------- `cursor` is overwritten here before the previous value is read
       |
       = note: `#[warn(unused_assignments)]` (part of `#[warn(unused)]`) on by default

warning: value assigned to `cursor` is never read
      --> /jet/build/response_assert.rs:118514:17
       |
118514 |                 cursor += 1;
       |                 ^^^^^^^^^^^
       |
       = help: maybe it is overwritten before being read?

error: aborting due to 1 previous error; 63 warnings emitted

For more information about this error, try `rustc --explain E0308`.
