warning: trait `__jet_Display` should have an upper camel case name
 --> /jet/build/scalar_generics.rs:4:11
  |
4 | pub trait __jet_Display {
  |           ^^^^^^^^^^^^^ help: convert the identifier to upper camel case: `JetDisplay`
  |
  = note: `#[warn(non_camel_case_types)]` (part of `#[warn(nonstandard_style)]`) on by default

warning: trait `__jet_Equatable` should have an upper camel case name
 --> /jet/build/scalar_generics.rs:8:11
  |
8 | pub trait __jet_Equatable: Sized { fn equal(&self, rhs: &Self) -> bool; }
  |           ^^^^^^^^^^^^^^^ help: convert the identifier to upper camel case: `JetEquatable`

warning: type `__jet_Ordering` should have an upper camel case name
  --> /jet/build/scalar_generics.rs:24:10
   |
24 | pub enum __jet_Ordering { __jet_Less, __jet_Equal, __jet_Greater }
   |          ^^^^^^^^^^^^^^ help: convert the identifier to upper camel case: `JetOrdering`

warning: variant `__jet_Less` should have an upper camel case name
  --> /jet/build/scalar_generics.rs:24:27
   |
24 | pub enum __jet_Ordering { __jet_Less, __jet_Equal, __jet_Greater }
   |                           ^^^^^^^^^^ help: convert the identifier to upper camel case: `JetLess`

warning: variant `__jet_Equal` should have an upper camel case name
  --> /jet/build/scalar_generics.rs:24:39
   |
24 | pub enum __jet_Ordering { __jet_Less, __jet_Equal, __jet_Greater }
   |                                       ^^^^^^^^^^^ help: convert the identifier to upper camel case: `JetEqual`

warning: variant `__jet_Greater` should have an upper camel case name
  --> /jet/build/scalar_generics.rs:24:52
   |
24 | pub enum __jet_Ordering { __jet_Less, __jet_Equal, __jet_Greater }
   |                                                    ^^^^^^^^^^^^^ help: convert the identifier to upper camel case: `JetGreater`

warning: trait `__jet_Comparable` should have an upper camel case name
  --> /jet/build/scalar_generics.rs:26:11
   |
26 | pub trait __jet_Comparable: Sized { fn compare(&self, rhs: &Self) -> __jet_Ordering; }
   |           ^^^^^^^^^^^^^^^^ help: convert the identifier to upper camel case: `JetComparable`

warning: trait `__jet_Add` should have an upper camel case name
  --> /jet/build/scalar_generics.rs:38:11
   |
38 | pub trait __jet_Add<Rhs = Self>: Sized { type Output; fn add(&self, rhs: &Rhs) -> Self::Output; }
   |           ^^^^^^^^^ help: convert the identifier to upper camel case: `JetAdd`

warning: trait `__jet_Sub` should have an upper camel case name
  --> /jet/build/scalar_generics.rs:39:11
   |
39 | pub trait __jet_Sub<Rhs = Self>: Sized { type Output; fn sub(&self, rhs: &Rhs) -> Self::Output; }
   |           ^^^^^^^^^ help: convert the identifier to upper camel case: `JetSub`

warning: trait `__jet_Mul` should have an upper camel case name
  --> /jet/build/scalar_generics.rs:40:11
   |
40 | pub trait __jet_Mul<Rhs = Self>: Sized { type Output; fn mul(&self, rhs: &Rhs) -> Self::Output; }
   |           ^^^^^^^^^ help: convert the identifier to upper camel case: `JetMul`

warning: trait `__jet_Div` should have an upper camel case name
  --> /jet/build/scalar_generics.rs:41:11
   |
41 | pub trait __jet_Div<Rhs = Self>: Sized { type Output; fn div(&self, rhs: &Rhs) -> Self::Output; }
   |           ^^^^^^^^^ help: convert the identifier to upper camel case: `JetDiv`

warning: trait `__jet_Serialize` should have an upper camel case name
     --> /jet/build/scalar_generics.rs:39936:7
      |
39936 | trait __jet_Serialize {
      |       ^^^^^^^^^^^^^^^ help: convert the identifier to upper camel case: `JetSerialize`

warning: unused import: `Cell`
     --> /jet/build/scalar_generics.rs:44410:21
      |
44410 |     use std::cell::{Cell, RefCell};
      |                     ^^^^
      |
      = note: `#[warn(unused_imports)]` (part of `#[warn(unused)]`) on by default

warning: unused import: `JetUninit`
     --> /jet/build/scalar_generics.rs:44414:43
      |
44414 |     pub use super::jet_uninit_semantics::{JetUninit, JetUninitFixed};
      |                                           ^^^^^^^^^

warning: unused imports: `JetSentryFrame`, `JetSentryGuard`, `jet_sentry_current_frame`, `jet_sentry_fenced_scope`, `jet_sentry_frame`, `jet_sentry_policy_scope`, `jet_sentry_reset`, `jet_sentry_scope`, and `jet_sentry_set_hardened`
     --> /jet/build/scalar_generics.rs:44427:35
      |
44427 |         jet_memory_ledger_record, jet_sentry_current_frame, jet_sentry_fenced_scope,
      |                                   ^^^^^^^^^^^^^^^^^^^^^^^^  ^^^^^^^^^^^^^^^^^^^^^^^
44428 |         jet_sentry_frame, jet_sentry_policy_scope, jet_sentry_reset, jet_sentry_scope,
      |         ^^^^^^^^^^^^^^^^  ^^^^^^^^^^^^^^^^^^^^^^^  ^^^^^^^^^^^^^^^^  ^^^^^^^^^^^^^^^^
44429 |         jet_sentry_set_hardened, JetSentryFrame, JetSentryGuard, MemoryLedgerWitness,
      |         ^^^^^^^^^^^^^^^^^^^^^^^  ^^^^^^^^^^^^^^  ^^^^^^^^^^^^^^

warning: unused import: `crate::jet_encoding_json::render_json`
     --> /jet/build/scalar_generics.rs:64386:13
      |
64386 |     pub use crate::jet_encoding_json::render_json;
      |             ^^^^^^^^^^^^^^^^^^^^^^^^^^^^^^^^^^^^^

warning: unnecessary parentheses around block return value
     --> /jet/build/scalar_generics.rs:68375:13
      |
68375 |             (((exponent as u64 + 1023) << 52) | (top & ((1u64 << 52) - 1)))
      |             ^                                                             ^
      |
      = note: `#[warn(unused_parens)]` (part of `#[warn(unused)]`) on by default
help: remove these parentheses
      |
68375 -             (((exponent as u64 + 1023) << 52) | (top & ((1u64 << 52) - 1)))
68375 +             ((exponent as u64 + 1023) << 52) | (top & ((1u64 << 52) - 1))
      |

warning: unused import: `crate::jet_int_compare_hot`
     --> /jet/build/scalar_generics.rs:68713:9
      |
68713 | pub use crate::jet_int_compare_hot;
      |         ^^^^^^^^^^^^^^^^^^^^^^^^^^

warning: unused import: `crate::jet_int_add_hot`
     --> /jet/build/scalar_generics.rs:68737:9
      |
68737 | pub use crate::jet_int_add_hot;
      |         ^^^^^^^^^^^^^^^^^^^^^^

warning: unused import: `crate::jet_int_sub_hot`
     --> /jet/build/scalar_generics.rs:68761:9
      |
68761 | pub use crate::jet_int_sub_hot;
      |         ^^^^^^^^^^^^^^^^^^^^^^

warning: unused import: `crate::jet_int_mul_hot`
     --> /jet/build/scalar_generics.rs:68785:9
      |
68785 | pub use crate::jet_int_mul_hot;
      |         ^^^^^^^^^^^^^^^^^^^^^^

warning: unused import: `crate::jet_int_add_inline`
     --> /jet/build/scalar_generics.rs:68799:9
      |
68799 | pub use crate::jet_int_add_inline;
      |         ^^^^^^^^^^^^^^^^^^^^^^^^^

warning: unused import: `crate::jet_int_sub_inline`
     --> /jet/build/scalar_generics.rs:68809:9
      |
68809 | pub use crate::jet_int_sub_inline;
      |         ^^^^^^^^^^^^^^^^^^^^^^^^^

warning: unused import: `crate::jet_int_mul_inline`
     --> /jet/build/scalar_generics.rs:68819:9
      |
68819 | pub use crate::jet_int_mul_inline;
      |         ^^^^^^^^^^^^^^^^^^^^^^^^^

warning: unused import: `crate::jet_int_compare_inline`
     --> /jet/build/scalar_generics.rs:68833:9
      |
68833 | pub use crate::jet_int_compare_inline;
      |         ^^^^^^^^^^^^^^^^^^^^^^^^^^^^^

warning: unused import: `crate::jet_int_neg_inline`
     --> /jet/build/scalar_generics.rs:68842:9
      |
68842 | pub use crate::jet_int_neg_inline;
      |         ^^^^^^^^^^^^^^^^^^^^^^^^^

warning: unused import: `crate::jet_int_bit_and_hot`
     --> /jet/build/scalar_generics.rs:68861:9
      |
68861 | pub use crate::jet_int_bit_and_hot;
      |         ^^^^^^^^^^^^^^^^^^^^^^^^^^

warning: unused import: `crate::jet_int_bit_or_hot`
     --> /jet/build/scalar_generics.rs:68877:9
      |
68877 | pub use crate::jet_int_bit_or_hot;
      |         ^^^^^^^^^^^^^^^^^^^^^^^^^

warning: unused import: `crate::jet_int_bit_xor_hot`
     --> /jet/build/scalar_generics.rs:68893:9
      |
68893 | pub use crate::jet_int_bit_xor_hot;
      |         ^^^^^^^^^^^^^^^^^^^^^^^^^^

warning: unused imports: `JetCellEditGuard` and `JetCellReadGuard`
     --> /jet/build/scalar_generics.rs:74647:35
      |
74647 | pub use self::jet_cell::{JetCell, JetCellEditGuard, JetCellReadGuard};
      |                                   ^^^^^^^^^^^^^^^^  ^^^^^^^^^^^^^^^^

warning: unused imports: `JetStreamSender` and `jet_stream_task`
     --> /jet/build/scalar_generics.rs:75555:21
      |
75555 |     pub use super::{jet_stream_task, JetStream, JetStreamSender};
      |                     ^^^^^^^^^^^^^^^             ^^^^^^^^^^^^^^^

warning: unused import: `std::io::Write`
     --> /jet/build/scalar_generics.rs:91635:13
      |
91635 |         use std::io::Write;
      |             ^^^^^^^^^^^^^^

warning: unused import: `core::cell::Cell`
      --> /jet/build/scalar_generics.rs:109850:5
       |
109850 | use core::cell::Cell;
       |     ^^^^^^^^^^^^^^^^

warning: unused import: `jet_foundation::Devtools::JetDevtoolsEvent as JetWebStoreDevtoolsEvent`
      --> /jet/build/scalar_generics.rs:109853:5
       |
109853 | use jet_foundation::Devtools::JetDevtoolsEvent as JetWebStoreDevtoolsEvent;
       |     ^^^^^^^^^^^^^^^^^^^^^^^^^^^^^^^^^^^^^^^^^^^^^^^^^^^^^^^^^^^^^^^^^^^^^^

warning: unused import: `TypeId as JetWebStoreTypeId`
      --> /jet/build/scalar_generics.rs:109855:39
       |
109855 | use std::any::{Any as JetWebStoreAny, TypeId as JetWebStoreTypeId};
       |                                       ^^^^^^^^^^^^^^^^^^^^^^^^^^^

warning: unused imports: `BTreeMap as JetWebFormMap`, `BTreeMap as JetWebTablePages`, `BTreeMap`, `BTreeSet as JetWebTableSet`, `BTreeSet`, `HashMap as JetWebStoreMap`, and `VecDeque as JetWebStoreDeque`
      --> /jet/build/scalar_generics.rs:109856:24
       |
109856 | ...::{BTreeMap, BTreeSet, HashMap, HashSet, BTreeMap as JetWebFormMap, VecDeque as JetWebStoreDeque, HashMap as JetWebStoreMap, BTreeMap as JetWebTablePages, BTreeSet as JetWebTableSet, V...
       |       ^^^^^^^^  ^^^^^^^^                    ^^^^^^^^^^^^^^^^^^^^^^^^^  ^^^^^^^^^^^^^^^^^^^^^^^^^^^^  ^^^^^^^^^^^^^^^^^^^^^^^^^  ^^^^^^^^^^^^^^^^^^^^^^^^^^^^  ^^^^^^^^^^^^^^^^^^^^^^^^^^

warning: unused import: `std::fs::OpenOptions`
      --> /jet/build/scalar_generics.rs:109857:5
       |
109857 | use std::fs::OpenOptions;
       |     ^^^^^^^^^^^^^^^^^^^^

warning: unused imports: `SeekFrom` and `Seek`
      --> /jet/build/scalar_generics.rs:109858:21
       |
109858 | use std::io::{Read, Seek, SeekFrom, Write};
       |                     ^^^^  ^^^^^^^^

warning: unused imports: `Component`, `PathBuf`, and `Path`
      --> /jet/build/scalar_generics.rs:109861:17
       |
109861 | use std::path::{Component, Path, PathBuf};
       |                 ^^^^^^^^^  ^^^^  ^^^^^^^

warning: unused imports: `Arc as JetDataPlotArc`, `Arc as JetWebFormArc`, `Arc as JetWebQueryArc`, `Arc as JetWebStoreArc`, `Arc as JetWebTableArc`, `Condvar as JetWebStoreCondvar`, `LazyLock as JetWebStoreLazyLock`, `LazyLock`, `Mutex as JetWebFormMutex`, `Mutex as JetWebQueryMutex`, `Mutex as JetWebStoreMutex`, and `Mutex as JetWebTableMutex`
      --> /jet/build/scalar_generics.rs:109862:31
       |
109862 | ...r, Arc as JetDataPlotArc, Arc as JetWebFormArc, Mutex as JetWebFormMutex, Arc as JetWebQueryArc, Mutex as JetWebQueryMutex, Arc as JetWebStoreArc, Condvar as JetWebStoreCondvar, LazyLock as JetWebStoreLazyLock, Mutex as JetWebStoreMutex, Arc as JetWebTableArc, Mutex as JetWebTableMutex, LazyLock, M...
       |       ^^^^^^^^^^^^^^^^^^^^^  ^^^^^^^^^^^^^^^^^^^^  ^^^^^^^^^^^^^^^^^^^^^^^^  ^^^^^^^^^^^^^^^^^^^^^  ^^^^^^^^^^^^^^^^^^^^^^^^^  ^^^^^^^^^^^^^^^^^^^^^  ^^^^^^^^^^^^^^^^^^^^^^^^^^^^^  ^^^^^^^^^^^^^^^^^^^^^^^^^^^^^^^  ^^^^^^^^^^^^^^^^^^^^^^^^^  ^^^^^^^^^^^^^^^^^^^^^  ^^^^^^^^^^^^^^^^^^^^^^^^^  ^^^^^^^^

warning: unused import: `Ordering as JetWebFormOrdering`
      --> /jet/build/scalar_generics.rs:109863:60
       |
109863 | use std::sync::atomic::{AtomicBool, AtomicU8, AtomicUsize, Ordering as JetWebFormOrdering};
       |                                                            ^^^^^^^^^^^^^^^^^^^^^^^^^^^^^^

warning: unused imports: `SystemTime as JetWebStoreSystemTime`, `SystemTime`, `UNIX_EPOCH as JetWebStoreUnixEpoch`, and `UNIX_EPOCH`
      --> /jet/build/scalar_generics.rs:109864:36
       |
109864 | ...tion, Instant, SystemTime as JetWebStoreSystemTime, UNIX_EPOCH as JetWebStoreUnixEpoch, SystemTime, UNIX_EPOCH};
       |                   ^^^^^^^^^^^^^^^^^^^^^^^^^^^^^^^^^^^  ^^^^^^^^^^^^^^^^^^^^^^^^^^^^^^^^^^  ^^^^^^^^^^  ^^^^^^^^^^

warning: type `__jet__shome_snate_sProjects_sGithub_sjet_sexamples_sfeatures_stypes_c_cscalar_ugenerics_djet_c_cScore` should have an upper camel case name
      --> /jet/build/scalar_generics.rs:121995:8
       |
121995 | struct __jet__shome_snate_sProjects_sGithub_sjet_sexamples_sfeatures_stypes_c_cscalar_ugenerics_djet_c_cScore {
       |        ^^^^^^^^^^^^^^^^^^^^^^^^^^^^^^^^^^^^^^^^^^^^^^^^^^^^^^^^^^^^^^^^^^^^^^^^^^^^^^^^^^^^^^^^^^^^^^^^^^^^^^ help: convert the identifier to upper camel case: `JetShomeSnateSProjectsSGithubSjetSexamplesSfeaturesStypesCCscalarUgenericsDjetCCScore`

warning: unnecessary parentheses around function argument
      --> /jet/build/scalar_generics.rs:122262:53
       |
122262 |                 __jet_v_17669370797325661231 = Some((!(*(__jet_v_2470498223593270647.as_ref().expect("MIR value")))));
       |                                                     ^                                                              ^
       |
help: remove these parentheses
       |
122262 -                 __jet_v_17669370797325661231 = Some((!(*(__jet_v_2470498223593270647.as_ref().expect("MIR value")))));
122262 +                 __jet_v_17669370797325661231 = Some(!(*(__jet_v_2470498223593270647.as_ref().expect("MIR value"))));
       |

warning: unnecessary parentheses around function argument
      --> /jet/build/scalar_generics.rs:122321:53
       |
122321 |                 __jet_v_17769888280604064028 = Some((!(*(__jet_v_2109468268447856435.as_ref().expect("MIR value")))));
       |                                                     ^                                                              ^
       |
help: remove these parentheses
       |
122321 -                 __jet_v_17769888280604064028 = Some((!(*(__jet_v_2109468268447856435.as_ref().expect("MIR value")))));
122321 +                 __jet_v_17769888280604064028 = Some(!(*(__jet_v_2109468268447856435.as_ref().expect("MIR value"))));
       |

warning: unnecessary parentheses around function argument
      --> /jet/build/scalar_generics.rs:122415:52
       |
122415 |                 __jet_v_8086401132797032147 = Some((!(*(__jet_v_3668161757534299784.as_ref().expect("MIR value")))));
       |                                                    ^                                                              ^
       |
help: remove these parentheses
       |
122415 -                 __jet_v_8086401132797032147 = Some((!(*(__jet_v_3668161757534299784.as_ref().expect("MIR value")))));
122415 +                 __jet_v_8086401132797032147 = Some(!(*(__jet_v_3668161757534299784.as_ref().expect("MIR value"))));
       |

warning: unnecessary parentheses around function argument
      --> /jet/build/scalar_generics.rs:122501:53
       |
122501 | ...me((((__jet_v_8020898580430686854.as_ref().expect("MIR value")).clone()) == ((__jet_v_636418282743835837.as_ref().expect("MIR value")).clone())));
       |       ^                                                                                                                                           ^
       |
help: remove these parentheses
       |
122501 -                 __jet_v_11305111754515326933 = Some((((__jet_v_8020898580430686854.as_ref().expect("MIR value")).clone()) == ((__jet_v_636418282743835837.as_ref().expect("MIR value")).clone())));
122501 +                 __jet_v_11305111754515326933 = Some(((__jet_v_8020898580430686854.as_ref().expect("MIR value")).clone()) == ((__jet_v_636418282743835837.as_ref().expect("MIR value")).clone()));
       |

warning: unnecessary parentheses around function argument
      --> /jet/build/scalar_generics.rs:122715:53
       |
122715 | ...me((((__jet_v_12901212474311533873.as_ref().expect("MIR value")).clone()) != ((__jet_v_18031525396320480514.as_ref().expect("MIR value")).clone())));
       |       ^                                                                                                                                              ^
       |
help: remove these parentheses
       |
122715 -                 __jet_v_17802927654487516865 = Some((((__jet_v_12901212474311533873.as_ref().expect("MIR value")).clone()) != ((__jet_v_18031525396320480514.as_ref().expect("MIR value")).clone())));
122715 +                 __jet_v_17802927654487516865 = Some(((__jet_v_12901212474311533873.as_ref().expect("MIR value")).clone()) != ((__jet_v_18031525396320480514.as_ref().expect("MIR value")).clone()));
       |

warning: unnecessary parentheses around function argument
      --> /jet/build/scalar_generics.rs:122777:52
       |
122777 | ...me((((__jet_v_787385818579400283.as_ref().expect("MIR value")).clone()) > ((__jet_v_16475695397693485962.as_ref().expect("MIR value")).clone())));
       |       ^                                                                                                                                           ^
       |
help: remove these parentheses
       |
122777 -                 __jet_v_7758956973565838412 = Some((((__jet_v_787385818579400283.as_ref().expect("MIR value")).clone()) > ((__jet_v_16475695397693485962.as_ref().expect("MIR value")).clone())));
122777 +                 __jet_v_7758956973565838412 = Some(((__jet_v_787385818579400283.as_ref().expect("MIR value")).clone()) > ((__jet_v_16475695397693485962.as_ref().expect("MIR value")).clone()));
       |

warning: unnecessary parentheses around function argument
      --> /jet/build/scalar_generics.rs:122802:52
       |
122802 | ...me((((__jet_v_8507299181774883564.as_ref().expect("MIR value")).clone()) < ((__jet_v_5425453404611033228.as_ref().expect("MIR value")).clone())));
       |       ^                                                                                                                                           ^
       |
help: remove these parentheses
       |
122802 -                 __jet_v_1426093817741647154 = Some((((__jet_v_8507299181774883564.as_ref().expect("MIR value")).clone()) < ((__jet_v_5425453404611033228.as_ref().expect("MIR value")).clone())));
122802 +                 __jet_v_1426093817741647154 = Some(((__jet_v_8507299181774883564.as_ref().expect("MIR value")).clone()) < ((__jet_v_5425453404611033228.as_ref().expect("MIR value")).clone()));
       |

warning: unused label
      --> /jet/build/scalar_generics.rs:122946:5
       |
122946 |     'mir_dispatch: loop {
       |     ^^^^^^^^^^^^^
       |
       = note: `#[warn(unused_labels)]` (part of `#[warn(unused)]`) on by default

error[E0308]: mismatched types
      --> /jet/build/scalar_generics.rs:122854:126
       |
122854 | ...")).clone()).cmp((__jet_v_6296920568558399534.as_ref().expect("MIR value")).clone()));
       |                 --- ^^^^^^^^^^^^^^^^^^^^^^^^^^^^^^^^^^^^^^^^^^^^^^^^^^^^^^^^^^^^^^^^^^ expected `&i64`, found `i64`
       |                 |
       |                 arguments to this method are incorrect
       |
note: method defined here
      --> /rustc/8bab26f4f68e0e26f0bb7960be334d5b520ea452/library/core/src/cmp.rs:1000:7
help: consider borrowing here
       |
122854 |                 __jet_v_4408783873515993541 = Some(((__jet_v_13145372421150650287.as_ref().expect("MIR value")).clone()).cmp(&(__jet_v_6296920568558399534.as_ref().expect("MIR value")).clone()));
       |                                                                                                                              +

error[E0308]: mismatched types
      --> /jet/build/scalar_generics.rs:122854:52
       |
122854 | ... = Some(((__jet_v_13145372421150650287.as_ref().expect("MIR value")).clone()).cmp((__jet_v_6296920568558399534.as_ref().expect("MIR value")).clone()));
       |       ---- ^^^^^^^^^^^^^^^^^^^^^^^^^^^^^^^^^^^^^^^^^^^^^^^^^^^^^^^^^^^^^^^^^^^^^^^^^^^^^^^^^^^^^^^^^^^^^^^^^^^^^^^^^^^^^^^^^^^^^^^^^^^^^^^^^^^^^^^^^^^^^ expected `__jet_Ordering`, found `Ordering`
       |       |
       |       arguments to this enum variant are incorrect
       |
help: the type constructed contains `std::cmp::Ordering` due to the type of the argument passed
      --> /jet/build/scalar_generics.rs:122854:47
       |
122854 | ... = Some(((__jet_v_13145372421150650287.as_ref().expect("MIR value")).clone()).cmp((__jet_v_6296920568558399534.as_ref().expect("MIR value")).clone()));
       |       ^^^^^---------------------------------------------------------------------------------------------------------------------------------------------^
       |            |
       |            this argument influences the type of `Some`
note: tuple variant defined here
      --> /rustc/8bab26f4f68e0e26f0bb7960be334d5b520ea452/library/core/src/option.rs:605:4

error[E0308]: mismatched types
      --> /jet/build/scalar_generics.rs:122920:125
       |
122920 | ...clone()).cmp((__jet_v_17455000304546149759.as_ref().expect("MIR value")).clone()));
       |             --- ^^^^^^^^^^^^^^^^^^^^^^^^^^^^^^^^^^^^^^^^^^^^^^^^^^^^^^^^^^^^^^^^^^^ expected `&JetInt`, found `JetInt`
       |             |
       |             arguments to this method are incorrect
       |
note: method defined here
      --> /rustc/8bab26f4f68e0e26f0bb7960be334d5b520ea452/library/core/src/cmp.rs:1000:7
help: consider borrowing here
       |
122920 |                 __jet_v_4092291477221396154 = Some(((__jet_v_5945205018620477734.as_ref().expect("MIR value")).clone()).cmp(&(__jet_v_17455000304546149759.as_ref().expect("MIR value")).clone()));
       |                                                                                                                             +

error[E0308]: mismatched types
      --> /jet/build/scalar_generics.rs:122920:52
       |
122920 | ... = Some(((__jet_v_5945205018620477734.as_ref().expect("MIR value")).clone()).cmp((__jet_v_17455000304546149759.as_ref().expect("MIR value")).clone()));
       |       ---- ^^^^^^^^^^^^^^^^^^^^^^^^^^^^^^^^^^^^^^^^^^^^^^^^^^^^^^^^^^^^^^^^^^^^^^^^^^^^^^^^^^^^^^^^^^^^^^^^^^^^^^^^^^^^^^^^^^^^^^^^^^^^^^^^^^^^^^^^^^^^^ expected `__jet_Ordering`, found `Ordering`
       |       |
       |       arguments to this enum variant are incorrect
       |
help: the type constructed contains `std::cmp::Ordering` due to the type of the argument passed
      --> /jet/build/scalar_generics.rs:122920:47
       |
122920 | ... = Some(((__jet_v_5945205018620477734.as_ref().expect("MIR value")).clone()).cmp((__jet_v_17455000304546149759.as_ref().expect("MIR value")).clone()));
       |       ^^^^^---------------------------------------------------------------------------------------------------------------------------------------------^
       |            |
       |            this argument influences the type of `Some`
note: tuple variant defined here
      --> /rustc/8bab26f4f68e0e26f0bb7960be334d5b520ea452/library/core/src/option.rs:605:4

error[E0107]: function takes 0 generic arguments but 1 generic argument was supplied
      --> /jet/build/scalar_generics.rs:123052:52
       |
123052 | ...me(__jet__shome_snate_sProjects_sGithub_sjet_sexamples_sfeatures_stypes_c_cscalar_ugenerics_djet_c_cmax_uof_u_ugeneric_u_uInt::<jet_foundation::Numeric::JetInt>(__...
       |       ^^^^^^^^^^^^^^^^^^^^^^^^^^^^^^^^^^^^^^^^^^^^^^^^^^^^^^^^^^^^^^^^^^^^^^^^^^^^^^^^^^^^^^^^^^^^^^^^^^^^^^^^^^^^^^^^^^^^^^^^^^----------------------------------- help: remove the unnecessary generics
       |       |
       |       expected 0 generic arguments
       |
note: function defined here, with 0 generic parameters
      --> /jet/build/scalar_generics.rs:122879:4
       |
122879 | fn __jet__shome_snate_sProjects_sGithub_sjet_sexamples_sfeatures_stypes_c_cscalar_ugenerics_djet_c_cmax_uof_u_ugeneric_u_uInt(__...
       |    ^^^^^^^^^^^^^^^^^^^^^^^^^^^^^^^^^^^^^^^^^^^^^^^^^^^^^^^^^^^^^^^^^^^^^^^^^^^^^^^^^^^^^^^^^^^^^^^^^^^^^^^^^^^^^^^^^^^^^^^^^^

error[E0107]: function takes 0 generic arguments but 1 generic argument was supplied
      --> /jet/build/scalar_generics.rs:123085:52
       |
123085 | ...me(__jet__shome_snate_sProjects_sGithub_sjet_sexamples_sfeatures_stypes_c_cscalar_ugenerics_djet_c_cmax_uof_u_ugeneric_u_uI64::<i64>((_...
       |       ^^^^^^^^^^^^^^^^^^^^^^^^^^^^^^^^^^^^^^^^^^^^^^^^^^^^^^^^^^^^^^^^^^^^^^^^^^^^^^^^^^^^^^^^^^^^^^^^^^^^^^^^^^^^^^^^^^^^^^^^^^------- help: remove the unnecessary generics
       |       |
       |       expected 0 generic arguments
       |
note: function defined here, with 0 generic parameters
      --> /jet/build/scalar_generics.rs:122820:4
       |
122820 | fn __jet__shome_snate_sProjects_sGithub_sjet_sexamples_sfeatures_stypes_c_cscalar_ugenerics_djet_c_cmax_uof_u_ugeneric_u_uI64(__...
       |    ^^^^^^^^^^^^^^^^^^^^^^^^^^^^^^^^^^^^^^^^^^^^^^^^^^^^^^^^^^^^^^^^^^^^^^^^^^^^^^^^^^^^^^^^^^^^^^^^^^^^^^^^^^^^^^^^^^^^^^^^^^

error[E0107]: function takes 0 generic arguments but 1 generic argument was supplied
      --> /jet/build/scalar_generics.rs:123119:52
       |
123119 | ...me(__jet__shome_snate_sProjects_sGithub_sjet_sexamples_sfeatures_stypes_c_cscalar_ugenerics_djet_c_ccopy_uof_u_ugeneric_u_uFloat::<f64>((_...
       |       ^^^^^^^^^^^^^^^^^^^^^^^^^^^^^^^^^^^^^^^^^^^^^^^^^^^^^^^^^^^^^^^^^^^^^^^^^^^^^^^^^^^^^^^^^^^^^^^^^^^^^^^^^^^^^^^^^^^^^^^^^^^^^------- help: remove the unnecessary generics
       |       |
       |       expected 0 generic arguments
       |
note: function defined here, with 0 generic parameters
      --> /jet/build/scalar_generics.rs:122938:4
       |
122938 | fn __jet__shome_snate_sProjects_sGithub_sjet_sexamples_sfeatures_stypes_c_cscalar_ugenerics_djet_c_ccopy_uof_u_ugeneric_u_uFloat(__...
       |    ^^^^^^^^^^^^^^^^^^^^^^^^^^^^^^^^^^^^^^^^^^^^^^^^^^^^^^^^^^^^^^^^^^^^^^^^^^^^^^^^^^^^^^^^^^^^^^^^^^^^^^^^^^^^^^^^^^^^^^^^^^^^^

error[E0107]: function takes 0 generic arguments but 1 generic argument was supplied
      --> /jet/build/scalar_generics.rs:123194:52
       |
123194 | ...me(__jet__shome_snate_sProjects_sGithub_sjet_sexamples_sfeatures_stypes_c_cscalar_ugenerics_djet_c_cmax_uof_u_ugeneric_u_uScore::<__jet__shome_snate_sProjects_sGithub_sjet_sexamples_sfeatures_stypes_c_cscalar_ugenerics_djet_c_cScore>(__...
       |       ^^^^^^^^^^^^^^^^^^^^^^^^^^^^^^^^^^^^^^^^^^^^^^^^^^^^^^^^^^^^^^^^^^^^^^^^^^^^^^^^^^^^^^^^^^^^^^^^^^^^^^^^^^^^^^^^^^^^^^^^^^^^---------------------------------------------------------------------------------------------------------- help: remove the unnecessary generics
       |       |
       |       expected 0 generic arguments
       |
note: function defined here, with 0 generic parameters
      --> /jet/build/scalar_generics.rs:123211:4
       |
123211 | fn __jet__shome_snate_sProjects_sGithub_sjet_sexamples_sfeatures_stypes_c_cscalar_ugenerics_djet_c_cmax_uof_u_ugeneric_u_uScore(__...
       |    ^^^^^^^^^^^^^^^^^^^^^^^^^^^^^^^^^^^^^^^^^^^^^^^^^^^^^^^^^^^^^^^^^^^^^^^^^^^^^^^^^^^^^^^^^^^^^^^^^^^^^^^^^^^^^^^^^^^^^^^^^^^^

warning: unused import: `Read`
      --> /jet/build/scalar_generics.rs:109858:15
       |
109858 | use std::io::{Read, Seek, SeekFrom, Write};
       |               ^^^^

warning: unused import: `Write`
      --> /jet/build/scalar_generics.rs:109858:37
       |
109858 | use std::io::{Read, Seek, SeekFrom, Write};
       |                                     ^^^^^

warning: unused import: `Any`
      --> /jet/build/scalar_generics.rs:109855:16
       |
109855 | use std::any::{Any as JetWebStoreAny, TypeId as JetWebStoreTypeId};
       |                ^^^

warning: value assigned to `cursor` is never read
      --> /jet/build/scalar_generics.rs:116968:17
       |
116968 |                 cursor += 2;
       |                 ^^^^^^^^^^^ this value is reassigned later and never used
...
116971 |                 cursor += 1;
       |                 ----------- `cursor` is overwritten here before the previous value is read
       |
       = note: `#[warn(unused_assignments)]` (part of `#[warn(unused)]`) on by default

warning: value assigned to `cursor` is never read
      --> /jet/build/scalar_generics.rs:116971:17
       |
116971 |                 cursor += 1;
       |                 ^^^^^^^^^^^
       |
       = help: maybe it is overwritten before being read?

error: aborting due to 8 previous errors; 56 warnings emitted

Some errors have detailed explanations: E0107, E0308.
For more information about an error, try `rustc --explain E0107`.
