warning: trait `__jet_Display` should have an upper camel case name
 --> /jet/build/scoped_borrow_bands.rs:4:11
  |
4 | pub trait __jet_Display {
  |           ^^^^^^^^^^^^^ help: convert the identifier to upper camel case: `JetDisplay`
  |
  = note: `#[warn(non_camel_case_types)]` (part of `#[warn(nonstandard_style)]`) on by default

warning: trait `__jet_Equatable` should have an upper camel case name
 --> /jet/build/scoped_borrow_bands.rs:8:11
  |
8 | pub trait __jet_Equatable: Sized { fn equal(&self, rhs: &Self) -> bool; }
  |           ^^^^^^^^^^^^^^^ help: convert the identifier to upper camel case: `JetEquatable`

warning: type `__jet_Ordering` should have an upper camel case name
  --> /jet/build/scoped_borrow_bands.rs:24:10
   |
24 | pub enum __jet_Ordering { __jet_Less, __jet_Equal, __jet_Greater }
   |          ^^^^^^^^^^^^^^ help: convert the identifier to upper camel case: `JetOrdering`

warning: variant `__jet_Less` should have an upper camel case name
  --> /jet/build/scoped_borrow_bands.rs:24:27
   |
24 | pub enum __jet_Ordering { __jet_Less, __jet_Equal, __jet_Greater }
   |                           ^^^^^^^^^^ help: convert the identifier to upper camel case: `JetLess`

warning: variant `__jet_Equal` should have an upper camel case name
  --> /jet/build/scoped_borrow_bands.rs:24:39
   |
24 | pub enum __jet_Ordering { __jet_Less, __jet_Equal, __jet_Greater }
   |                                       ^^^^^^^^^^^ help: convert the identifier to upper camel case: `JetEqual`

warning: variant `__jet_Greater` should have an upper camel case name
  --> /jet/build/scoped_borrow_bands.rs:24:52
   |
24 | pub enum __jet_Ordering { __jet_Less, __jet_Equal, __jet_Greater }
   |                                                    ^^^^^^^^^^^^^ help: convert the identifier to upper camel case: `JetGreater`

warning: trait `__jet_Comparable` should have an upper camel case name
  --> /jet/build/scoped_borrow_bands.rs:26:11
   |
26 | pub trait __jet_Comparable: Sized { fn compare(&self, rhs: &Self) -> __jet_Ordering; }
   |           ^^^^^^^^^^^^^^^^ help: convert the identifier to upper camel case: `JetComparable`

warning: trait `__jet_Add` should have an upper camel case name
  --> /jet/build/scoped_borrow_bands.rs:38:11
   |
38 | pub trait __jet_Add<Rhs = Self>: Sized { type Output; fn add(&self, rhs: &Rhs) -> Self::Output; }
   |           ^^^^^^^^^ help: convert the identifier to upper camel case: `JetAdd`

warning: trait `__jet_Sub` should have an upper camel case name
  --> /jet/build/scoped_borrow_bands.rs:39:11
   |
39 | pub trait __jet_Sub<Rhs = Self>: Sized { type Output; fn sub(&self, rhs: &Rhs) -> Self::Output; }
   |           ^^^^^^^^^ help: convert the identifier to upper camel case: `JetSub`

warning: trait `__jet_Mul` should have an upper camel case name
  --> /jet/build/scoped_borrow_bands.rs:40:11
   |
40 | pub trait __jet_Mul<Rhs = Self>: Sized { type Output; fn mul(&self, rhs: &Rhs) -> Self::Output; }
   |           ^^^^^^^^^ help: convert the identifier to upper camel case: `JetMul`

warning: trait `__jet_Div` should have an upper camel case name
  --> /jet/build/scoped_borrow_bands.rs:41:11
   |
41 | pub trait __jet_Div<Rhs = Self>: Sized { type Output; fn div(&self, rhs: &Rhs) -> Self::Output; }
   |           ^^^^^^^^^ help: convert the identifier to upper camel case: `JetDiv`

warning: trait `__jet_Index` should have an upper camel case name
  --> /jet/build/scoped_borrow_bands.rs:42:11
   |
42 | pub trait __jet_Index {
   |           ^^^^^^^^^^^ help: convert the identifier to upper camel case: `JetIndex`

warning: associated type `__jet_Key` should have an upper camel case name
  --> /jet/build/scoped_borrow_bands.rs:43:10
   |
43 |     type __jet_Key;
   |          ^^^^^^^^^ help: convert the identifier to upper camel case: `JetKey`

warning: associated type `__jet_Value` should have an upper camel case name
  --> /jet/build/scoped_borrow_bands.rs:44:10
   |
44 |     type __jet_Value;
   |          ^^^^^^^^^^^ help: convert the identifier to upper camel case: `JetValue`

warning: trait `__jet_IndexMut` should have an upper camel case name
  --> /jet/build/scoped_borrow_bands.rs:47:11
   |
47 | pub trait __jet_IndexMut: __jet_Index {
   |           ^^^^^^^^^^^^^^ help: convert the identifier to upper camel case: `JetIndexMut`

warning: trait `__jet_Serialize` should have an upper camel case name
     --> /jet/build/scoped_borrow_bands.rs:41750:7
      |
41750 | trait __jet_Serialize {
      |       ^^^^^^^^^^^^^^^ help: convert the identifier to upper camel case: `JetSerialize`

warning: unused import: `Cell`
     --> /jet/build/scoped_borrow_bands.rs:46275:21
      |
46275 |     use std::cell::{Cell, RefCell};
      |                     ^^^^
      |
      = note: `#[warn(unused_imports)]` (part of `#[warn(unused)]`) on by default

warning: unused import: `JetUninit`
     --> /jet/build/scoped_borrow_bands.rs:46279:43
      |
46279 |     pub use super::jet_uninit_semantics::{JetUninit, JetUninitFixed};
      |                                           ^^^^^^^^^

warning: unused imports: `JetSentryFrame`, `JetSentryGuard`, `jet_sentry_current_frame`, `jet_sentry_fenced_scope`, `jet_sentry_frame`, `jet_sentry_policy_scope`, `jet_sentry_reset`, `jet_sentry_scope`, and `jet_sentry_set_hardened`
     --> /jet/build/scoped_borrow_bands.rs:46292:35
      |
46292 |         jet_memory_ledger_record, jet_sentry_current_frame, jet_sentry_fenced_scope,
      |                                   ^^^^^^^^^^^^^^^^^^^^^^^^  ^^^^^^^^^^^^^^^^^^^^^^^
46293 |         jet_sentry_frame, jet_sentry_policy_scope, jet_sentry_reset, jet_sentry_scope,
      |         ^^^^^^^^^^^^^^^^  ^^^^^^^^^^^^^^^^^^^^^^^  ^^^^^^^^^^^^^^^^  ^^^^^^^^^^^^^^^^
46294 |         jet_sentry_set_hardened, JetSentryFrame, JetSentryGuard, MemoryLedgerWitness,
      |         ^^^^^^^^^^^^^^^^^^^^^^^  ^^^^^^^^^^^^^^  ^^^^^^^^^^^^^^

warning: unused import: `crate::jet_encoding_json::render_json`
     --> /jet/build/scoped_borrow_bands.rs:66300:13
      |
66300 |     pub use crate::jet_encoding_json::render_json;
      |             ^^^^^^^^^^^^^^^^^^^^^^^^^^^^^^^^^^^^^

warning: unnecessary parentheses around block return value
     --> /jet/build/scoped_borrow_bands.rs:70362:13
      |
70362 |             (((exponent as u64 + 1023) << 52) | (top & ((1u64 << 52) - 1)))
      |             ^                                                             ^
      |
      = note: `#[warn(unused_parens)]` (part of `#[warn(unused)]`) on by default
help: remove these parentheses
      |
70362 -             (((exponent as u64 + 1023) << 52) | (top & ((1u64 << 52) - 1)))
70362 +             ((exponent as u64 + 1023) << 52) | (top & ((1u64 << 52) - 1))
      |

warning: unused import: `crate::jet_int_compare_hot`
     --> /jet/build/scoped_borrow_bands.rs:70713:9
      |
70713 | pub use crate::jet_int_compare_hot;
      |         ^^^^^^^^^^^^^^^^^^^^^^^^^^

warning: unused import: `crate::jet_int_add_hot`
     --> /jet/build/scoped_borrow_bands.rs:70737:9
      |
70737 | pub use crate::jet_int_add_hot;
      |         ^^^^^^^^^^^^^^^^^^^^^^

warning: unused import: `crate::jet_int_sub_hot`
     --> /jet/build/scoped_borrow_bands.rs:70761:9
      |
70761 | pub use crate::jet_int_sub_hot;
      |         ^^^^^^^^^^^^^^^^^^^^^^

warning: unused import: `crate::jet_int_mul_hot`
     --> /jet/build/scoped_borrow_bands.rs:70785:9
      |
70785 | pub use crate::jet_int_mul_hot;
      |         ^^^^^^^^^^^^^^^^^^^^^^

warning: unused import: `crate::jet_int_add_inline`
     --> /jet/build/scoped_borrow_bands.rs:70799:9
      |
70799 | pub use crate::jet_int_add_inline;
      |         ^^^^^^^^^^^^^^^^^^^^^^^^^

warning: unused import: `crate::jet_int_sub_inline`
     --> /jet/build/scoped_borrow_bands.rs:70809:9
      |
70809 | pub use crate::jet_int_sub_inline;
      |         ^^^^^^^^^^^^^^^^^^^^^^^^^

warning: unused import: `crate::jet_int_mul_inline`
     --> /jet/build/scoped_borrow_bands.rs:70819:9
      |
70819 | pub use crate::jet_int_mul_inline;
      |         ^^^^^^^^^^^^^^^^^^^^^^^^^

warning: unused import: `crate::jet_int_compare_inline`
     --> /jet/build/scoped_borrow_bands.rs:70833:9
      |
70833 | pub use crate::jet_int_compare_inline;
      |         ^^^^^^^^^^^^^^^^^^^^^^^^^^^^^

warning: unused import: `crate::jet_int_neg_inline`
     --> /jet/build/scoped_borrow_bands.rs:70842:9
      |
70842 | pub use crate::jet_int_neg_inline;
      |         ^^^^^^^^^^^^^^^^^^^^^^^^^

warning: unused import: `crate::jet_int_bit_and_hot`
     --> /jet/build/scoped_borrow_bands.rs:70861:9
      |
70861 | pub use crate::jet_int_bit_and_hot;
      |         ^^^^^^^^^^^^^^^^^^^^^^^^^^

warning: unused import: `crate::jet_int_bit_or_hot`
     --> /jet/build/scoped_borrow_bands.rs:70877:9
      |
70877 | pub use crate::jet_int_bit_or_hot;
      |         ^^^^^^^^^^^^^^^^^^^^^^^^^

warning: unused import: `crate::jet_int_bit_xor_hot`
     --> /jet/build/scoped_borrow_bands.rs:70893:9
      |
70893 | pub use crate::jet_int_bit_xor_hot;
      |         ^^^^^^^^^^^^^^^^^^^^^^^^^^

warning: unused imports: `JetCellEditGuard` and `JetCellReadGuard`
     --> /jet/build/scoped_borrow_bands.rs:76732:35
      |
76732 | pub use self::jet_cell::{JetCell, JetCellEditGuard, JetCellReadGuard};
      |                                   ^^^^^^^^^^^^^^^^  ^^^^^^^^^^^^^^^^

warning: unused imports: `JetStreamSender` and `jet_stream_task`
     --> /jet/build/scoped_borrow_bands.rs:77673:21
      |
77673 |     pub use super::{jet_stream_task, JetStream, JetStreamSender};
      |                     ^^^^^^^^^^^^^^^             ^^^^^^^^^^^^^^^

warning: unused macro definition: `jet_plugin_bridge`
     --> /jet/build/scoped_borrow_bands.rs:87947:14
      |
87947 | macro_rules! jet_plugin_bridge {
      |              ^^^^^^^^^^^^^^^^^
      |
      = note: `#[warn(unused_macros)]` (part of `#[warn(unused)]`) on by default

warning: unused import: `std::io::Write`
     --> /jet/build/scoped_borrow_bands.rs:93906:13
      |
93906 |         use std::io::Write;
      |             ^^^^^^^^^^^^^^

warning: unused import: `core::cell::Cell`
      --> /jet/build/scoped_borrow_bands.rs:114766:5
       |
114766 | use core::cell::Cell;
       |     ^^^^^^^^^^^^^^^^

warning: unused import: `jet_foundation::Devtools::JetDevtoolsEvent as JetWebStoreDevtoolsEvent`
      --> /jet/build/scoped_borrow_bands.rs:114769:5
       |
114769 | use jet_foundation::Devtools::JetDevtoolsEvent as JetWebStoreDevtoolsEvent;
       |     ^^^^^^^^^^^^^^^^^^^^^^^^^^^^^^^^^^^^^^^^^^^^^^^^^^^^^^^^^^^^^^^^^^^^^^

warning: unused import: `TypeId as JetWebStoreTypeId`
      --> /jet/build/scoped_borrow_bands.rs:114771:39
       |
114771 | use std::any::{Any as JetWebStoreAny, TypeId as JetWebStoreTypeId};
       |                                       ^^^^^^^^^^^^^^^^^^^^^^^^^^^

warning: unused imports: `BTreeMap as JetWebFormMap`, `BTreeMap as JetWebTablePages`, `BTreeMap`, `BTreeSet as JetWebTableSet`, `BTreeSet`, `HashMap as JetWebStoreMap`, and `VecDeque as JetWebStoreDeque`
      --> /jet/build/scoped_borrow_bands.rs:114772:24
       |
114772 | ...::{BTreeMap, BTreeSet, HashMap, HashSet, BTreeMap as JetWebFormMap, VecDeque as JetWebStoreDeque, HashMap as JetWebStoreMap, BTreeMap as JetWebTablePages, BTreeSet as JetWebTableSet, V...
       |       ^^^^^^^^  ^^^^^^^^                    ^^^^^^^^^^^^^^^^^^^^^^^^^  ^^^^^^^^^^^^^^^^^^^^^^^^^^^^  ^^^^^^^^^^^^^^^^^^^^^^^^^  ^^^^^^^^^^^^^^^^^^^^^^^^^^^^  ^^^^^^^^^^^^^^^^^^^^^^^^^^

warning: unused import: `std::fs::OpenOptions`
      --> /jet/build/scoped_borrow_bands.rs:114773:5
       |
114773 | use std::fs::OpenOptions;
       |     ^^^^^^^^^^^^^^^^^^^^

warning: unused imports: `SeekFrom` and `Seek`
      --> /jet/build/scoped_borrow_bands.rs:114774:21
       |
114774 | use std::io::{Read, Seek, SeekFrom, Write};
       |                     ^^^^  ^^^^^^^^

warning: unused imports: `Component`, `PathBuf`, and `Path`
      --> /jet/build/scoped_borrow_bands.rs:114777:17
       |
114777 | use std::path::{Component, Path, PathBuf};
       |                 ^^^^^^^^^  ^^^^  ^^^^^^^

warning: unused imports: `Arc as JetDataPlotArc`, `Arc as JetWebFormArc`, `Arc as JetWebQueryArc`, `Arc as JetWebStoreArc`, `Arc as JetWebTableArc`, `Condvar as JetWebStoreCondvar`, `LazyLock as JetWebStoreLazyLock`, `LazyLock`, `Mutex as JetWebFormMutex`, `Mutex as JetWebQueryMutex`, `Mutex as JetWebStoreMutex`, and `Mutex as JetWebTableMutex`
      --> /jet/build/scoped_borrow_bands.rs:114778:31
       |
114778 | ...r, Arc as JetDataPlotArc, Arc as JetWebFormArc, Mutex as JetWebFormMutex, Arc as JetWebQueryArc, Mutex as JetWebQueryMutex, Arc as JetWebStoreArc, Condvar as JetWebStoreCondvar, LazyLock as JetWebStoreLazyLock, Mutex as JetWebStoreMutex, Arc as JetWebTableArc, Mutex as JetWebTableMutex, LazyLock, M...
       |       ^^^^^^^^^^^^^^^^^^^^^  ^^^^^^^^^^^^^^^^^^^^  ^^^^^^^^^^^^^^^^^^^^^^^^  ^^^^^^^^^^^^^^^^^^^^^  ^^^^^^^^^^^^^^^^^^^^^^^^^  ^^^^^^^^^^^^^^^^^^^^^  ^^^^^^^^^^^^^^^^^^^^^^^^^^^^^  ^^^^^^^^^^^^^^^^^^^^^^^^^^^^^^^  ^^^^^^^^^^^^^^^^^^^^^^^^^  ^^^^^^^^^^^^^^^^^^^^^  ^^^^^^^^^^^^^^^^^^^^^^^^^  ^^^^^^^^

warning: unused import: `Ordering as JetWebFormOrdering`
      --> /jet/build/scoped_borrow_bands.rs:114779:60
       |
114779 | use std::sync::atomic::{AtomicBool, AtomicU8, AtomicUsize, Ordering as JetWebFormOrdering};
       |                                                            ^^^^^^^^^^^^^^^^^^^^^^^^^^^^^^

warning: unused imports: `SystemTime as JetWebStoreSystemTime`, `SystemTime`, `UNIX_EPOCH as JetWebStoreUnixEpoch`, and `UNIX_EPOCH`
      --> /jet/build/scoped_borrow_bands.rs:114780:36
       |
114780 | ...tion, Instant, SystemTime as JetWebStoreSystemTime, UNIX_EPOCH as JetWebStoreUnixEpoch, SystemTime, UNIX_EPOCH};
       |                   ^^^^^^^^^^^^^^^^^^^^^^^^^^^^^^^^^^^  ^^^^^^^^^^^^^^^^^^^^^^^^^^^^^^^^^^  ^^^^^^^^^^  ^^^^^^^^^^

warning: type `__jet__shome_snate_sProjects_sGithub_sjet_sexamples_sfeatures_sconcurrency_c_cscoped_uborrow_ubands_djet_c_cTime` should have an upper camel case name
      --> /jet/build/scoped_borrow_bands.rs:127261:10
       |
127261 | pub enum __jet__shome_snate_sProjects_sGithub_sjet_sexamples_sfeatures_sconcurrency_c_cscoped_uborrow_ubands_djet_c_cTime {
       |          ^^^^^^^^^^^^^^^^^^^^^^^^^^^^^^^^^^^^^^^^^^^^^^^^^^^^^^^^^^^^^^^^^^^^^^^^^^^^^^^^^^^^^^^^^^^^^^^^^^^^^^^^^^^^^^^^ help: convert the identifier to upper camel case: `JetShomeSnateSProjectsSGithubSjetSexamplesSfeaturesSconcurrencyCCscopedUborrowUbandsDjetCCTime`

warning: type `__jet__shome_snate_sProjects_sGithub_sjet_sexamples_sfeatures_sconcurrency_c_cscoped_uborrow_ubands_djet_c_cParticle` should have an upper camel case name
      --> /jet/build/scoped_borrow_bands.rs:127265:8
       |
127265 | struct __jet__shome_snate_sProjects_sGithub_sjet_sexamples_sfeatures_sconcurrency_c_cscoped_uborrow_ubands_djet_c_cParticle {
       |        ^^^^^^^^^^^^^^^^^^^^^^^^^^^^^^^^^^^^^^^^^^^^^^^^^^^^^^^^^^^^^^^^^^^^^^^^^^^^^^^^^^^^^^^^^^^^^^^^^^^^^^^^^^^^^^^^^^^^ help: convert the identifier to upper camel case: `JetShomeSnateSProjectsSGithubSjetSexamplesSfeaturesSconcurrencyCCscopedUborrowUbandsDjetCCParticle`

warning: type `__jet_ParseError` should have an upper camel case name
      --> /jet/build/scoped_borrow_bands.rs:127288:10
       |
127288 | pub type __jet_ParseError = String;
       |          ^^^^^^^^^^^^^^^^ help: convert the identifier to upper camel case: `JetParseError`

warning: unnecessary trailing semicolon
      --> /jet/build/scoped_borrow_bands.rs:127321:58
       |
127321 |                 /* MIR scope enter 4071031721168504680 */;
       |                                                          ^ help: remove this semicolon
       |
       = note: `#[warn(redundant_semicolons)]` (part of `#[warn(unused)]`) on by default

warning: unnecessary parentheses around function argument
      --> /jet/build/scoped_borrow_bands.rs:127332:52
       |
127332 | ...me((((__jet_v_10432848773539589763.as_ref().expect("MIR value")).clone()) != ((__jet_v_12817510926126260056.as_ref().expect("MIR value")).clone())));
       |       ^                                                                                                                                              ^
       |
help: remove these parentheses
       |
127332 -                 __jet_v_2373875886521355496 = Some((((__jet_v_10432848773539589763.as_ref().expect("MIR value")).clone()) != ((__jet_v_12817510926126260056.as_ref().expect("MIR value")).clone())));
127332 +                 __jet_v_2373875886521355496 = Some(((__jet_v_10432848773539589763.as_ref().expect("MIR value")).clone()) != ((__jet_v_12817510926126260056.as_ref().expect("MIR value")).clone()));
       |

warning: unnecessary parentheses around function argument
      --> /jet/build/scoped_borrow_bands.rs:127353:52
       |
127353 | ...me((((__jet_v_14354425503629073950.as_ref().expect("MIR value")).clone()) != ((__jet_v_17011598361613164573.as_ref().expect("MIR value")).clone())));
       |       ^                                                                                                                                              ^
       |
help: remove these parentheses
       |
127353 -                 __jet_v_3663996711979196487 = Some((((__jet_v_14354425503629073950.as_ref().expect("MIR value")).clone()) != ((__jet_v_17011598361613164573.as_ref().expect("MIR value")).clone())));
127353 +                 __jet_v_3663996711979196487 = Some(((__jet_v_14354425503629073950.as_ref().expect("MIR value")).clone()) != ((__jet_v_17011598361613164573.as_ref().expect("MIR value")).clone()));
       |

warning: unnecessary trailing semicolon
      --> /jet/build/scoped_borrow_bands.rs:127365:58
       |
127365 |                 /* MIR scope enter 1995061173959618480 */;
       |                                                          ^ help: remove this semicolon

warning: unnecessary trailing semicolon
      --> /jet/build/scoped_borrow_bands.rs:127440:59
       |
127440 |                 /* MIR scope enter 11294253794847612567 */;
       |                                                           ^ help: remove this semicolon

warning: unnecessary parentheses around function argument
      --> /jet/build/scoped_borrow_bands.rs:127451:52
       |
127451 | ...me((((__jet_v_11205818745869871983.as_ref().expect("MIR value")).clone()) > ((__jet_v_5521546441206866947.as_ref().expect("MIR value")).clone())));
       |       ^                                                                                                                                            ^
       |
help: remove these parentheses
       |
127451 -                 __jet_v_7702503327273509197 = Some((((__jet_v_11205818745869871983.as_ref().expect("MIR value")).clone()) > ((__jet_v_5521546441206866947.as_ref().expect("MIR value")).clone())));
127451 +                 __jet_v_7702503327273509197 = Some(((__jet_v_11205818745869871983.as_ref().expect("MIR value")).clone()) > ((__jet_v_5521546441206866947.as_ref().expect("MIR value")).clone()));
       |

warning: unnecessary trailing semicolon
      --> /jet/build/scoped_borrow_bands.rs:127463:59
       |
127463 |                 /* MIR scope enter 17674170871418472697 */;
       |                                                           ^ help: remove this semicolon

warning: unnecessary parentheses around function argument
      --> /jet/build/scoped_borrow_bands.rs:127479:53
       |
127479 | ...me((((__jet_v_3456738982418333606.as_ref().expect("MIR value")).clone()) < ((__jet_v_6182134823758324531.as_ref().expect("MIR value")).clone())));
       |       ^                                                                                                                                           ^
       |
help: remove these parentheses
       |
127479 -                 __jet_v_16982461815571306083 = Some((((__jet_v_3456738982418333606.as_ref().expect("MIR value")).clone()) < ((__jet_v_6182134823758324531.as_ref().expect("MIR value")).clone())));
127479 +                 __jet_v_16982461815571306083 = Some(((__jet_v_3456738982418333606.as_ref().expect("MIR value")).clone()) < ((__jet_v_6182134823758324531.as_ref().expect("MIR value")).clone()));
       |

warning: unnecessary parentheses around function argument
      --> /jet/build/scoped_borrow_bands.rs:127506:53
       |
127506 | ...me((((__jet_v_7018486052737612296.as_ref().expect("MIR value")).clone()) > ((__jet_v_8617453889884614649.as_ref().expect("MIR value")).clone())));
       |       ^                                                                                                                                           ^
       |
help: remove these parentheses
       |
127506 -                 __jet_v_11686369062627155218 = Some((((__jet_v_7018486052737612296.as_ref().expect("MIR value")).clone()) > ((__jet_v_8617453889884614649.as_ref().expect("MIR value")).clone())));
127506 +                 __jet_v_11686369062627155218 = Some(((__jet_v_7018486052737612296.as_ref().expect("MIR value")).clone()) > ((__jet_v_8617453889884614649.as_ref().expect("MIR value")).clone()));
       |

warning: unnecessary trailing semicolon
      --> /jet/build/scoped_borrow_bands.rs:127518:57
       |
127518 |                 /* MIR scope enter 264159504943633413 */;
       |                                                         ^ help: remove this semicolon

warning: unnecessary trailing semicolon
      --> /jet/build/scoped_borrow_bands.rs:127525:59
       |
127525 |                 /* MIR scope enter 17932586894606754743 */;
       |                                                           ^ help: remove this semicolon

warning: unnecessary parentheses around function argument
      --> /jet/build/scoped_borrow_bands.rs:127541:52
       |
127541 | ...me((((__jet_v_11796219524650270871.as_ref().expect("MIR value")).clone()) < ((__jet_v_9612335659902724533.as_ref().expect("MIR value")).clone())));
       |       ^                                                                                                                                            ^
       |
help: remove these parentheses
       |
127541 -                 __jet_v_2686175863270415517 = Some((((__jet_v_11796219524650270871.as_ref().expect("MIR value")).clone()) < ((__jet_v_9612335659902724533.as_ref().expect("MIR value")).clone())));
127541 +                 __jet_v_2686175863270415517 = Some(((__jet_v_11796219524650270871.as_ref().expect("MIR value")).clone()) < ((__jet_v_9612335659902724533.as_ref().expect("MIR value")).clone()));
       |

warning: unnecessary trailing semicolon
      --> /jet/build/scoped_borrow_bands.rs:127728:58
       |
127728 |                 /* MIR scope exit 15534069577017490260 */;
       |                                                          ^ help: remove this semicolon

warning: unnecessary trailing semicolon
      --> /jet/build/scoped_borrow_bands.rs:127753:59
       |
127753 |                 /* MIR scope enter 18015239052515655844 */;
       |                                                           ^ help: remove this semicolon

warning: unnecessary trailing semicolon
      --> /jet/build/scoped_borrow_bands.rs:127758:58
       |
127758 |                 /* MIR scope exit 18015239052515655844 */;
       |                                                          ^ help: remove this semicolon

warning: unnecessary parentheses around function argument
      --> /jet/build/scoped_borrow_bands.rs:127913:53
       |
127913 |                 __jet_v_13667293791570178270 = Some((!(*(__jet_v_7168376052809132283.as_ref().expect("MIR value")))));
       |                                                     ^                                                              ^
       |
help: remove these parentheses
       |
127913 -                 __jet_v_13667293791570178270 = Some((!(*(__jet_v_7168376052809132283.as_ref().expect("MIR value")))));
127913 +                 __jet_v_13667293791570178270 = Some(!(*(__jet_v_7168376052809132283.as_ref().expect("MIR value"))));
       |

warning: unnecessary parentheses around function argument
      --> /jet/build/scoped_borrow_bands.rs:127944:51
       |
127944 | ...me((((__jet_v_1597579337816578484.as_ref().expect("MIR value")).clone()) == ((__jet_v_6689877297329873577.as_ref().expect("MIR value")).clone())));
       |       ^                                                                                                                                            ^
       |
help: remove these parentheses
       |
127944 -                 __jet_v_227399715574579182 = Some((((__jet_v_1597579337816578484.as_ref().expect("MIR value")).clone()) == ((__jet_v_6689877297329873577.as_ref().expect("MIR value")).clone())));
127944 +                 __jet_v_227399715574579182 = Some(((__jet_v_1597579337816578484.as_ref().expect("MIR value")).clone()) == ((__jet_v_6689877297329873577.as_ref().expect("MIR value")).clone()));
       |

warning: unnecessary parentheses around function argument
      --> /jet/build/scoped_borrow_bands.rs:127967:53
       |
127967 |                 __jet_v_10616632697247788303 = Some((!(*(__jet_v_16044004665838164547.as_ref().expect("MIR value")))));
       |                                                     ^                                                               ^
       |
help: remove these parentheses
       |
127967 -                 __jet_v_10616632697247788303 = Some((!(*(__jet_v_16044004665838164547.as_ref().expect("MIR value")))));
127967 +                 __jet_v_10616632697247788303 = Some(!(*(__jet_v_16044004665838164547.as_ref().expect("MIR value"))));
       |

warning: unnecessary trailing semicolon
      --> /jet/build/scoped_borrow_bands.rs:127979:58
       |
127979 |                 /* MIR scope exit 15534062979947720994 */;
       |                                                          ^ help: remove this semicolon

warning: unnecessary parentheses around function argument
      --> /jet/build/scoped_borrow_bands.rs:128128:52
       |
128128 |                 __jet_v_4832219832619415724 = Some((!(*(__jet_v_10477099696992030056.as_ref().expect("MIR value")))));
       |                                                    ^                                                               ^
       |
help: remove these parentheses
       |
128128 -                 __jet_v_4832219832619415724 = Some((!(*(__jet_v_10477099696992030056.as_ref().expect("MIR value")))));
128128 +                 __jet_v_4832219832619415724 = Some(!(*(__jet_v_10477099696992030056.as_ref().expect("MIR value"))));
       |

warning: unnecessary parentheses around function argument
      --> /jet/build/scoped_borrow_bands.rs:128170:52
       |
128170 |                 __jet_v_5927781629508867082 = Some((!(*(__jet_v_3959661141621355177.as_ref().expect("MIR value")))));
       |                                                    ^                                                              ^
       |
help: remove these parentheses
       |
128170 -                 __jet_v_5927781629508867082 = Some((!(*(__jet_v_3959661141621355177.as_ref().expect("MIR value")))));
128170 +                 __jet_v_5927781629508867082 = Some(!(*(__jet_v_3959661141621355177.as_ref().expect("MIR value"))));
       |

warning: unnecessary parentheses around function argument
      --> /jet/build/scoped_borrow_bands.rs:128188:52
       |
128188 |                 __jet_v_7377796117056021543 = Some((!(*(__jet_v_17709978252999591051.as_ref().expect("MIR value")))));
       |                                                    ^                                                               ^
       |
help: remove these parentheses
       |
128188 -                 __jet_v_7377796117056021543 = Some((!(*(__jet_v_17709978252999591051.as_ref().expect("MIR value")))));
128188 +                 __jet_v_7377796117056021543 = Some(!(*(__jet_v_17709978252999591051.as_ref().expect("MIR value"))));
       |

warning: unnecessary parentheses around function argument
      --> /jet/build/scoped_borrow_bands.rs:128219:53
       |
128219 | ...me((((__jet_v_15440822237159921580.as_ref().expect("MIR value")).clone()) == ((__jet_v_8623582437492964685.as_ref().expect("MIR value")).clone())));
       |       ^                                                                                                                                             ^
       |
help: remove these parentheses
       |
128219 -                 __jet_v_10355339794158758568 = Some((((__jet_v_15440822237159921580.as_ref().expect("MIR value")).clone()) == ((__jet_v_8623582437492964685.as_ref().expect("MIR value")).clone())));
128219 +                 __jet_v_10355339794158758568 = Some(((__jet_v_15440822237159921580.as_ref().expect("MIR value")).clone()) == ((__jet_v_8623582437492964685.as_ref().expect("MIR value")).clone()));
       |

warning: unnecessary trailing semicolon
      --> /jet/build/scoped_borrow_bands.rs:128375:58
       |
128375 |                 /* MIR scope exit 15534059681412836361 */;
       |                                                          ^ help: remove this semicolon

warning: unnecessary trailing semicolon
      --> /jet/build/scoped_borrow_bands.rs:128381:58
       |
128381 |                 /* MIR scope exit 15534056382877951728 */;
       |                                                          ^ help: remove this semicolon

warning: unnecessary trailing semicolon
      --> /jet/build/scoped_borrow_bands.rs:128417:59
       |
128417 |                 /* MIR scope enter 15534062979947720994 */;
       |                                                           ^ help: remove this semicolon

warning: unnecessary trailing semicolon
      --> /jet/build/scoped_borrow_bands.rs:128425:59
       |
128425 |                 /* MIR scope enter 15534064079459349205 */;
       |                                                           ^ help: remove this semicolon

warning: unnecessary trailing semicolon
      --> /jet/build/scoped_borrow_bands.rs:128430:58
       |
128430 |                 /* MIR scope exit 15534064079459349205 */;
       |                                                          ^ help: remove this semicolon

warning: unnecessary trailing semicolon
      --> /jet/build/scoped_borrow_bands.rs:128436:59
       |
128436 |                 /* MIR scope enter 15534060780924464572 */;
       |                                                           ^ help: remove this semicolon

warning: unnecessary trailing semicolon
      --> /jet/build/scoped_borrow_bands.rs:128445:59
       |
128445 |                 /* MIR scope enter 15534058581901208150 */;
       |                                                           ^ help: remove this semicolon

warning: unnecessary trailing semicolon
      --> /jet/build/scoped_borrow_bands.rs:128448:58
       |
128448 |                 /* MIR scope exit 15534058581901208150 */;
       |                                                          ^ help: remove this semicolon

warning: unnecessary trailing semicolon
      --> /jet/build/scoped_borrow_bands.rs:128454:59
       |
128454 |                 /* MIR scope enter 15534059681412836361 */;
       |                                                           ^ help: remove this semicolon

warning: unnecessary trailing semicolon
      --> /jet/build/scoped_borrow_bands.rs:128468:59
       |
128468 |                 /* MIR scope enter 15534056382877951728 */;
       |                                                           ^ help: remove this semicolon

warning: unnecessary trailing semicolon
      --> /jet/build/scoped_borrow_bands.rs:128476:59
       |
128476 |                 /* MIR scope enter 15534057482389579939 */;
       |                                                           ^ help: remove this semicolon

warning: unnecessary trailing semicolon
      --> /jet/build/scoped_borrow_bands.rs:128481:58
       |
128481 |                 /* MIR scope exit 15534057482389579939 */;
       |                                                          ^ help: remove this semicolon

warning: unnecessary trailing semicolon
      --> /jet/build/scoped_borrow_bands.rs:128487:59
       |
128487 |                 /* MIR scope enter 15534069577017490260 */;
       |                                                           ^ help: remove this semicolon

warning: unnecessary trailing semicolon
      --> /jet/build/scoped_borrow_bands.rs:128494:59
       |
128494 |                 /* MIR scope enter 15534070676529118471 */;
       |                                                           ^ help: remove this semicolon

warning: unnecessary trailing semicolon
      --> /jet/build/scoped_borrow_bands.rs:128497:58
       |
128497 |                 /* MIR scope exit 15534070676529118471 */;
       |                                                          ^ help: remove this semicolon

warning: unused label
      --> /jet/build/scoped_borrow_bands.rs:128628:5
       |
128628 |     'mir_dispatch: loop {
       |     ^^^^^^^^^^^^^
       |
       = note: `#[warn(unused_labels)]` (part of `#[warn(unused)]`) on by default

warning: unused label
      --> /jet/build/scoped_borrow_bands.rs:128661:5
       |
128661 |     'mir_dispatch: loop {
       |     ^^^^^^^^^^^^^

warning: unused label
      --> /jet/build/scoped_borrow_bands.rs:128688:5
       |
128688 |     'mir_dispatch: loop {
       |     ^^^^^^^^^^^^^

warning: unused label
      --> /jet/build/scoped_borrow_bands.rs:128707:5
       |
128707 |     'mir_dispatch: loop {
       |     ^^^^^^^^^^^^^

warning: unnecessary trailing semicolon
      --> /jet/build/scoped_borrow_bands.rs:128824:57
       |
128824 |                 /* MIR scope exit 4820248819891320339 */;
       |                                                         ^ help: remove this semicolon

warning: unnecessary trailing semicolon
      --> /jet/build/scoped_borrow_bands.rs:128843:58
       |
128843 |                 /* MIR scope enter 4989347557673483424 */;
       |                                                          ^ help: remove this semicolon

warning: unnecessary trailing semicolon
      --> /jet/build/scoped_borrow_bands.rs:128885:57
       |
128885 |                 /* MIR scope exit 4989347557673483424 */;
       |                                                         ^ help: remove this semicolon

warning: unnecessary trailing semicolon
      --> /jet/build/scoped_borrow_bands.rs:128898:58
       |
128898 |                 /* MIR scope enter 4820248819891320339 */;
       |                                                          ^ help: remove this semicolon

warning: unused label
      --> /jet/build/scoped_borrow_bands.rs:128953:5
       |
128953 |     'mir_dispatch: loop {
       |     ^^^^^^^^^^^^^

warning: unreachable call
      --> /jet/build/scoped_borrow_bands.rs:128804:47
       |
128804 | ... = Some(jet_panic_rich("scoped_borrow_bands.jet", 4...) { String::new() } else { String::new() }));
       |       ^^^^ -------------------------------------------...------------------------------------------- any code following this expression is unreachable
       |       |
       |       unreachable call
       |
       = note: `#[warn(unreachable_code)]` (part of `#[warn(unused)]`) on by default

warning: unreachable call
      --> /jet/build/scoped_borrow_bands.rs:128817:48
       |
128817 | ... = Some(jet_panic_rich("scoped_borrow_bands.jet", 26u32, "run", "        }} ?? panic(\"task.all failed\"))", 15u32, 5u32, &((__jet_v_1900164295619293515.as_ref().expect("MIR value")).clone()), &if cfg!(debug_assertions) { String::new() } else { String::new() }));
       |       ^^^^ ------------------------------------------------------------------------------------------------------------------------------------------------------------------------------------------------------------------------------------------------------------- any code following this expression is unreachable
       |       |
       |       unreachable call

warning: unreachable expression
      --> /jet/build/scoped_borrow_bands.rs:128989:5
       |
128988 |     let value = { return Err("history capture is opaque or redacted".to_string()) };
       |                   --------------------------------------------------------------- any code following this expression is unreachable
128989 |     Ok(jet_std::DataTree::Array(vec![jet_std::DataTree::Text("Group".to_string()), value]))
       |     ^^^^^^^^^^^^^^^^^^^^^^^^^^^^^^^^^^^^^^^^^^^^^^^^^^^^^^^^^^^^^^^^^^^^^^^^^^^^^^^^^^^^^^^ unreachable expression

warning: unused import: `Read`
      --> /jet/build/scoped_borrow_bands.rs:114774:15
       |
114774 | use std::io::{Read, Seek, SeekFrom, Write};
       |               ^^^^

warning: unused import: `Write`
      --> /jet/build/scoped_borrow_bands.rs:114774:37
       |
114774 | use std::io::{Read, Seek, SeekFrom, Write};
       |                                     ^^^^^

warning: unused import: `Any`
      --> /jet/build/scoped_borrow_bands.rs:114771:16
       |
114771 | use std::any::{Any as JetWebStoreAny, TypeId as JetWebStoreTypeId};
       |                ^^^

warning: value assigned to `cursor` is never read
      --> /jet/build/scoped_borrow_bands.rs:121931:17
       |
121931 |                 cursor += 2;
       |                 ^^^^^^^^^^^ this value is reassigned later and never used
...
121934 |                 cursor += 1;
       |                 ----------- `cursor` is overwritten here before the previous value is read
       |
       = note: `#[warn(unused_assignments)]` (part of `#[warn(unused)]`) on by default

warning: value assigned to `cursor` is never read
      --> /jet/build/scoped_borrow_bands.rs:121934:17
       |
121934 |                 cursor += 1;
       |                 ^^^^^^^^^^^
       |
       = help: maybe it is overwritten before being read?

error[E0502]: cannot borrow `__jet_l_16921931608875159034` as immutable because it is also borrowed as mutable
      --> /jet/build/scoped_borrow_bands.rs:128826:77
       |
128788 | ...975: Option<std::sync::Arc<dyn Fn() -> JetOutcome<jet_foundation::Numeric::JetInt, JetErr> + Send + Sync + 'static>> = None;
       |         --------------------------------------------------------------------------------------------------------------- type annotation requires that `__jet_l_16921931608875159034` is borrowed for `'static`
...
128826 | ...5341701 = Some((*jet_index_vec_ref(& (*__jet_l_16921931608875159034.as_ref().expect("MIR local")), jet_std::jet_int_owned_to_...
       |                                           ^^^^^^^^^^^^^^^^^^^^^^^^^^^^ immutable borrow occurs here
...
128909 | ...0632975 = Some({ let __jet_capture_0 = &mut (*jet_index_vec_mut(&mut (*__jet_l_16921931608875159034.as_mut().expect("MIR loca...
       |                                                                           ---------------------------- mutable borrow occurs here

error[E0506]: cannot assign to `__jet_l_16921931608875159034` because it is borrowed
      --> /jet/build/scoped_borrow_bands.rs:128842:17
       |
128788 | ..._jet_v_16375849761160632975: Option<std::sync::Arc<dyn Fn() -> JetOutcome<jet_foundation::Numeric::JetInt, JetErr> + Send + Sync + 'static>> = ...
       |                                 --------------------------------------------------------------------------------------------------------------- type annotation requires that `__jet_l_16921931608875159034` is borrowed for `'static`
...
128842 | ...   __jet_l_16921931608875159034 = Some(__jet_v_4801013641529388610.take().expect("MIR value"));
       |       ^^^^^^^^^^^^^^^^^^^^^^^^^^^^ `__jet_l_16921931608875159034` is assigned to here but it was already borrowed
...
128909 | ...   __jet_v_16375849761160632975 = Some({ let __jet_capture_0 = &mut (*jet_index_vec_mut(&mut (*__jet_l_16921931608875159034.as_mut().expect("MI...
       |                                                                                                   ---------------------------- `__jet_l_16921931608875159034` is borrowed here

error[E0597]: `__jet_l_16921931608875159034` does not live long enough
      --> /jet/build/scoped_borrow_bands.rs:128855:109
       |
128728 |     let mut __jet_l_16921931608875159034: Option<Vec<__jet__shome_snate_sProjects_sGithub_sjet_sexamples_sfeatures_sconcurrency_c_cscoped_uborrow_ubands_dje...
       |         -------------------------------- binding `__jet_l_16921931608875159034` declared here
...
128791 |     let mut __jet_v_16933669687321482212: Option<std::sync::Arc<dyn Fn() -> JetOutcome<jet_foundation::Numeric::JetInt, JetErr> + Send + Sync + 'static>> = ...
       |                                           --------------------------------------------------------------------------------------------------------------- type annotation requires that `__jet_l_16921931608875159034` is borrowed for `'static`
...
128855 |                 __jet_v_16933669687321482212 = Some({ let __jet_capture_0 = &mut (*jet_index_vec_mut(&mut (*__jet_l_16921931608875159034.as_mut().expect("MI...
       |                                                                                                             ^^^^^^^^^^^^^^^^^^^^^^^^^^^^ borrowed value does not live long enough
...
128937 | }
       | - `__jet_l_16921931608875159034` dropped here while still borrowed

error[E0499]: cannot borrow `__jet_l_16921931608875159034` as mutable more than once at a time
      --> /jet/build/scoped_borrow_bands.rs:128863:108
       |
128791 | ...212: Option<std::sync::Arc<dyn Fn() -> JetOutcome<jet_foundation::Numeric::JetInt, JetErr> + Send + Sync + 'static>> = None;
       |         --------------------------------------------------------------------------------------------------------------- type annotation requires that `__jet_l_16921931608875159034` is borrowed for `'static`
...
128855 | ...1482212 = Some({ let __jet_capture_0 = &mut (*jet_index_vec_mut(&mut (*__jet_l_16921931608875159034.as_mut().expect("MIR loca...
       |                                                                           ---------------------------- first mutable borrow occurs here
...
128863 | ...969889 = Some({ let __jet_capture_0 = &mut (*jet_index_vec_mut(&mut (*__jet_l_16921931608875159034.as_mut().expect("MIR local...
       |                                                                          ^^^^^^^^^^^^^^^^^^^^^^^^^^^^ second mutable borrow occurs here

error[E0502]: cannot borrow `__jet_l_16921931608875159034` as immutable because it is also borrowed as mutable
      --> /jet/build/scoped_borrow_bands.rs:128887:77
       |
128788 | ...975: Option<std::sync::Arc<dyn Fn() -> JetOutcome<jet_foundation::Numeric::JetInt, JetErr> + Send + Sync + 'static>> = None;
       |         --------------------------------------------------------------------------------------------------------------- type annotation requires that `__jet_l_16921931608875159034` is borrowed for `'static`
...
128887 | ...0758912 = Some((*jet_index_vec_ref(& (*__jet_l_16921931608875159034.as_ref().expect("MIR local")), jet_std::jet_int_owned_to_...
       |                                           ^^^^^^^^^^^^^^^^^^^^^^^^^^^^ immutable borrow occurs here
...
128909 | ...0632975 = Some({ let __jet_capture_0 = &mut (*jet_index_vec_mut(&mut (*__jet_l_16921931608875159034.as_mut().expect("MIR loca...
       |                                                                           ---------------------------- mutable borrow occurs here

error[E0502]: cannot borrow `__jet_l_16921931608875159034` as immutable because it is also borrowed as mutable
      --> /jet/build/scoped_borrow_bands.rs:128891:77
       |
128788 | ...975: Option<std::sync::Arc<dyn Fn() -> JetOutcome<jet_foundation::Numeric::JetInt, JetErr> + Send + Sync + 'static>> = None;
       |         --------------------------------------------------------------------------------------------------------------- type annotation requires that `__jet_l_16921931608875159034` is borrowed for `'static`
...
128891 | ...2012874 = Some((*jet_index_vec_ref(& (*__jet_l_16921931608875159034.as_ref().expect("MIR local")), jet_std::jet_int_owned_to_...
       |                                           ^^^^^^^^^^^^^^^^^^^^^^^^^^^^ immutable borrow occurs here
...
128909 | ...0632975 = Some({ let __jet_capture_0 = &mut (*jet_index_vec_mut(&mut (*__jet_l_16921931608875159034.as_mut().expect("MIR loca...
       |                                                                           ---------------------------- mutable borrow occurs here

error[E0502]: cannot borrow `__jet_l_16921931608875159034` as immutable because it is also borrowed as mutable
      --> /jet/build/scoped_borrow_bands.rs:128895:76
       |
128788 | ...975: Option<std::sync::Arc<dyn Fn() -> JetOutcome<jet_foundation::Numeric::JetInt, JetErr> + Send + Sync + 'static>> = None;
       |         --------------------------------------------------------------------------------------------------------------- type annotation requires that `__jet_l_16921931608875159034` is borrowed for `'static`
...
128895 | ...606462 = Some((*jet_index_vec_ref(& (*__jet_l_16921931608875159034.as_ref().expect("MIR local")), jet_std::jet_int_owned_to_i...
       |                                          ^^^^^^^^^^^^^^^^^^^^^^^^^^^^ immutable borrow occurs here
...
128909 | ...0632975 = Some({ let __jet_capture_0 = &mut (*jet_index_vec_mut(&mut (*__jet_l_16921931608875159034.as_mut().expect("MIR loca...
       |                                                                           ---------------------------- mutable borrow occurs here

error[E0597]: `__jet_l_16921931608875159034` does not live long enough
      --> /jet/build/scoped_borrow_bands.rs:128909:109
       |
128728 |     let mut __jet_l_16921931608875159034: Option<Vec<__jet__shome_snate_sProjects_sGithub_sjet_sexamples_sfeatures_sconcurrency_c_cscoped_uborrow_ubands_dje...
       |         -------------------------------- binding `__jet_l_16921931608875159034` declared here
...
128788 |     let mut __jet_v_16375849761160632975: Option<std::sync::Arc<dyn Fn() -> JetOutcome<jet_foundation::Numeric::JetInt, JetErr> + Send + Sync + 'static>> = ...
       |                                           --------------------------------------------------------------------------------------------------------------- type annotation requires that `__jet_l_16921931608875159034` is borrowed for `'static`
...
128909 |                 __jet_v_16375849761160632975 = Some({ let __jet_capture_0 = &mut (*jet_index_vec_mut(&mut (*__jet_l_16921931608875159034.as_mut().expect("MI...
       |                                                                                                             ^^^^^^^^^^^^^^^^^^^^^^^^^^^^ borrowed value does not live long enough
...
128937 | }
       | - `__jet_l_16921931608875159034` dropped here while still borrowed

warning: unused variable: `value`
      --> /jet/build/scoped_borrow_bands.rs:128986:91
       |
128986 | ...2c15e3f2ed7f090ac702e5c1(value: &jet_std::JetTaskGroup, __jet_history_depth: usize, __jet_history_types: &JetHistoryTypes) ->...
       |                             ^^^^^ help: if this is intentional, prefix it with an underscore: `_value`
       |
       = note: `#[warn(unused_variables)]` (part of `#[warn(unused)]`) on by default

warning: unused variable: `value`
      --> /jet/build/scoped_borrow_bands.rs:128988:9
       |
128988 |     let value = { return Err("history capture is opaque or redacted".to_string()) };
       |         ^^^^^ help: if this is intentional, prefix it with an underscore: `_value`

error: aborting due to 8 previous errors; 107 warnings emitted

Some errors have detailed explanations: E0499, E0502, E0506, E0597.
For more information about an error, try `rustc --explain E0499`.
