error: mismatched closing delimiter: `}`
      --> /jet/build/scope_expect_fail_code.rs:121549:64
       |
121548 |             1722618955211267374 => {
       |                                    - closing delimiter possibly meant for this
121549 |                 let __jet_scope_step = std::panic::catch_unwind(std::panic::AssertUnwindSafe(|| {
       |                                                                ^ unclosed delimiter
...
121575 |             }
       |             ^ mismatched closing delimiter

error: mismatched closing delimiter: `}`
      --> /jet/build/scope_expect_fail_code.rs:121577:64
       |
121576 |             4330346661361104356 => {
       |                                    - closing delimiter possibly meant for this
121577 |                 let __jet_scope_step = std::panic::catch_unwind(std::panic::AssertUnwindSafe(|| {
       |                                                                ^ unclosed delimiter
...
121596 |             }
       |             ^ mismatched closing delimiter

error: mismatched closing delimiter: `}`
      --> /jet/build/scope_expect_fail_code.rs:121598:64
       |
121597 |             6552723750692540900 => {
       |                                    - closing delimiter possibly meant for this
121598 |                 let __jet_scope_step = std::panic::catch_unwind(std::panic::AssertUnwindSafe(|| {
       |                                                                ^ unclosed delimiter
...
121614 |             }
       |             ^ mismatched closing delimiter

error: aborting due to 3 previous errors

