error: mismatched closing delimiter: `}`
      --> /jet/build/scope_expect_fail_passes.rs:121556:64
       |
121555 |             3026617587806131378 => {
       |                                    - closing delimiter possibly meant for this
121556 |                 let __jet_scope_step = std::panic::catch_unwind(std::panic::AssertUnwindSafe(|| {
       |                                                                ^ unclosed delimiter
...
121572 |             }
       |             ^ mismatched closing delimiter

error: mismatched closing delimiter: `}`
      --> /jet/build/scope_expect_fail_passes.rs:121574:64
       |
121573 |             4438717128698278033 => {
       |                                    - closing delimiter possibly meant for this
121574 |                 let __jet_scope_step = std::panic::catch_unwind(std::panic::AssertUnwindSafe(|| {
       |                                                                ^ unclosed delimiter
...
121601 |             }
       |             ^ mismatched closing delimiter

error: mismatched closing delimiter: `}`
      --> /jet/build/scope_expect_fail_passes.rs:121603:64
       |
121602 |             11014702235538952296 => {
       |                                     - closing delimiter possibly meant for this
121603 |                 let __jet_scope_step = std::panic::catch_unwind(std::panic::AssertUnwindSafe(|| {
       |                                                                ^ unclosed delimiter
...
121623 |             }
       |             ^ mismatched closing delimiter

error: mismatched closing delimiter: `}`
      --> /jet/build/scope_expect_fail_passes.rs:121625:64
       |
121624 |             15736574899039771003 => {
       |                                     - closing delimiter possibly meant for this
121625 |                 let __jet_scope_step = std::panic::catch_unwind(std::panic::AssertUnwindSafe(|| {
       |                                                                ^ unclosed delimiter
...
121647 |             }
       |             ^ mismatched closing delimiter

error: mismatched closing delimiter: `}`
      --> /jet/build/scope_expect_fail_passes.rs:121649:64
       |
121648 |             17820105727359636459 => {
       |                                     - closing delimiter possibly meant for this
121649 |                 let __jet_scope_step = std::panic::catch_unwind(std::panic::AssertUnwindSafe(|| {
       |                                                                ^ unclosed delimiter
...
121673 |             }
       |             ^ mismatched closing delimiter

error: mismatched closing delimiter: `}`
      --> /jet/build/scope_expect_fail_passes.rs:121675:64
       |
121674 |             18245925528859702270 => {
       |                                     - closing delimiter possibly meant for this
121675 |                 let __jet_scope_step = std::panic::catch_unwind(std::panic::AssertUnwindSafe(|| {
       |                                                                ^ unclosed delimiter
...
121694 |             }
       |             ^ mismatched closing delimiter

error: aborting due to 6 previous errors

