warning: trait `__jet_Display` should have an upper camel case name
 --> /jet/build/shield_commit.rs:4:11
  |
4 | pub trait __jet_Display {
  |           ^^^^^^^^^^^^^ help: convert the identifier to upper camel case: `JetDisplay`
  |
  = note: `#[warn(non_camel_case_types)]` (part of `#[warn(nonstandard_style)]`) on by default

warning: trait `__jet_Equatable` should have an upper camel case name
 --> /jet/build/shield_commit.rs:8:11
  |
8 | pub trait __jet_Equatable: Sized { fn equal(&self, rhs: &Self) -> bool; }
  |           ^^^^^^^^^^^^^^^ help: convert the identifier to upper camel case: `JetEquatable`

warning: type `__jet_Ordering` should have an upper camel case name
  --> /jet/build/shield_commit.rs:24:10
   |
24 | pub enum __jet_Ordering { __jet_Less, __jet_Equal, __jet_Greater }
   |          ^^^^^^^^^^^^^^ help: convert the identifier to upper camel case: `JetOrdering`

warning: variant `__jet_Less` should have an upper camel case name
  --> /jet/build/shield_commit.rs:24:27
   |
24 | pub enum __jet_Ordering { __jet_Less, __jet_Equal, __jet_Greater }
   |                           ^^^^^^^^^^ help: convert the identifier to upper camel case: `JetLess`

warning: variant `__jet_Equal` should have an upper camel case name
  --> /jet/build/shield_commit.rs:24:39
   |
24 | pub enum __jet_Ordering { __jet_Less, __jet_Equal, __jet_Greater }
   |                                       ^^^^^^^^^^^ help: convert the identifier to upper camel case: `JetEqual`

warning: variant `__jet_Greater` should have an upper camel case name
  --> /jet/build/shield_commit.rs:24:52
   |
24 | pub enum __jet_Ordering { __jet_Less, __jet_Equal, __jet_Greater }
   |                                                    ^^^^^^^^^^^^^ help: convert the identifier to upper camel case: `JetGreater`

warning: trait `__jet_Comparable` should have an upper camel case name
  --> /jet/build/shield_commit.rs:26:11
   |
26 | pub trait __jet_Comparable: Sized { fn compare(&self, rhs: &Self) -> __jet_Ordering; }
   |           ^^^^^^^^^^^^^^^^ help: convert the identifier to upper camel case: `JetComparable`

warning: trait `__jet_Add` should have an upper camel case name
  --> /jet/build/shield_commit.rs:38:11
   |
38 | pub trait __jet_Add<Rhs = Self>: Sized { type Output; fn add(&self, rhs: &Rhs) -> Self::Output; }
   |           ^^^^^^^^^ help: convert the identifier to upper camel case: `JetAdd`

warning: trait `__jet_Sub` should have an upper camel case name
  --> /jet/build/shield_commit.rs:39:11
   |
39 | pub trait __jet_Sub<Rhs = Self>: Sized { type Output; fn sub(&self, rhs: &Rhs) -> Self::Output; }
   |           ^^^^^^^^^ help: convert the identifier to upper camel case: `JetSub`

warning: trait `__jet_Mul` should have an upper camel case name
  --> /jet/build/shield_commit.rs:40:11
   |
40 | pub trait __jet_Mul<Rhs = Self>: Sized { type Output; fn mul(&self, rhs: &Rhs) -> Self::Output; }
   |           ^^^^^^^^^ help: convert the identifier to upper camel case: `JetMul`

warning: trait `__jet_Div` should have an upper camel case name
  --> /jet/build/shield_commit.rs:41:11
   |
41 | pub trait __jet_Div<Rhs = Self>: Sized { type Output; fn div(&self, rhs: &Rhs) -> Self::Output; }
   |           ^^^^^^^^^ help: convert the identifier to upper camel case: `JetDiv`

warning: trait `__jet_Serialize` should have an upper camel case name
     --> /jet/build/shield_commit.rs:39936:7
      |
39936 | trait __jet_Serialize {
      |       ^^^^^^^^^^^^^^^ help: convert the identifier to upper camel case: `JetSerialize`

warning: unused import: `Cell`
     --> /jet/build/shield_commit.rs:44410:21
      |
44410 |     use std::cell::{Cell, RefCell};
      |                     ^^^^
      |
      = note: `#[warn(unused_imports)]` (part of `#[warn(unused)]`) on by default

warning: unused import: `JetUninit`
     --> /jet/build/shield_commit.rs:44414:43
      |
44414 |     pub use super::jet_uninit_semantics::{JetUninit, JetUninitFixed};
      |                                           ^^^^^^^^^

warning: unused imports: `JetSentryFrame`, `JetSentryGuard`, `jet_sentry_current_frame`, `jet_sentry_fenced_scope`, `jet_sentry_frame`, `jet_sentry_policy_scope`, `jet_sentry_reset`, `jet_sentry_scope`, and `jet_sentry_set_hardened`
     --> /jet/build/shield_commit.rs:44427:35
      |
44427 |         jet_memory_ledger_record, jet_sentry_current_frame, jet_sentry_fenced_scope,
      |                                   ^^^^^^^^^^^^^^^^^^^^^^^^  ^^^^^^^^^^^^^^^^^^^^^^^
44428 |         jet_sentry_frame, jet_sentry_policy_scope, jet_sentry_reset, jet_sentry_scope,
      |         ^^^^^^^^^^^^^^^^  ^^^^^^^^^^^^^^^^^^^^^^^  ^^^^^^^^^^^^^^^^  ^^^^^^^^^^^^^^^^
44429 |         jet_sentry_set_hardened, JetSentryFrame, JetSentryGuard, MemoryLedgerWitness,
      |         ^^^^^^^^^^^^^^^^^^^^^^^  ^^^^^^^^^^^^^^  ^^^^^^^^^^^^^^

warning: unused import: `crate::jet_encoding_json::render_json`
     --> /jet/build/shield_commit.rs:64386:13
      |
64386 |     pub use crate::jet_encoding_json::render_json;
      |             ^^^^^^^^^^^^^^^^^^^^^^^^^^^^^^^^^^^^^

warning: unnecessary parentheses around block return value
     --> /jet/build/shield_commit.rs:68375:13
      |
68375 |             (((exponent as u64 + 1023) << 52) | (top & ((1u64 << 52) - 1)))
      |             ^                                                             ^
      |
      = note: `#[warn(unused_parens)]` (part of `#[warn(unused)]`) on by default
help: remove these parentheses
      |
68375 -             (((exponent as u64 + 1023) << 52) | (top & ((1u64 << 52) - 1)))
68375 +             ((exponent as u64 + 1023) << 52) | (top & ((1u64 << 52) - 1))
      |

warning: unused import: `crate::jet_int_compare_hot`
     --> /jet/build/shield_commit.rs:68713:9
      |
68713 | pub use crate::jet_int_compare_hot;
      |         ^^^^^^^^^^^^^^^^^^^^^^^^^^

warning: unused import: `crate::jet_int_add_hot`
     --> /jet/build/shield_commit.rs:68737:9
      |
68737 | pub use crate::jet_int_add_hot;
      |         ^^^^^^^^^^^^^^^^^^^^^^

warning: unused import: `crate::jet_int_sub_hot`
     --> /jet/build/shield_commit.rs:68761:9
      |
68761 | pub use crate::jet_int_sub_hot;
      |         ^^^^^^^^^^^^^^^^^^^^^^

warning: unused import: `crate::jet_int_mul_hot`
     --> /jet/build/shield_commit.rs:68785:9
      |
68785 | pub use crate::jet_int_mul_hot;
      |         ^^^^^^^^^^^^^^^^^^^^^^

warning: unused import: `crate::jet_int_add_inline`
     --> /jet/build/shield_commit.rs:68799:9
      |
68799 | pub use crate::jet_int_add_inline;
      |         ^^^^^^^^^^^^^^^^^^^^^^^^^

warning: unused import: `crate::jet_int_sub_inline`
     --> /jet/build/shield_commit.rs:68809:9
      |
68809 | pub use crate::jet_int_sub_inline;
      |         ^^^^^^^^^^^^^^^^^^^^^^^^^

warning: unused import: `crate::jet_int_mul_inline`
     --> /jet/build/shield_commit.rs:68819:9
      |
68819 | pub use crate::jet_int_mul_inline;
      |         ^^^^^^^^^^^^^^^^^^^^^^^^^

warning: unused import: `crate::jet_int_compare_inline`
     --> /jet/build/shield_commit.rs:68833:9
      |
68833 | pub use crate::jet_int_compare_inline;
      |         ^^^^^^^^^^^^^^^^^^^^^^^^^^^^^

warning: unused import: `crate::jet_int_neg_inline`
     --> /jet/build/shield_commit.rs:68842:9
      |
68842 | pub use crate::jet_int_neg_inline;
      |         ^^^^^^^^^^^^^^^^^^^^^^^^^

warning: unused import: `crate::jet_int_bit_and_hot`
     --> /jet/build/shield_commit.rs:68861:9
      |
68861 | pub use crate::jet_int_bit_and_hot;
      |         ^^^^^^^^^^^^^^^^^^^^^^^^^^

warning: unused import: `crate::jet_int_bit_or_hot`
     --> /jet/build/shield_commit.rs:68877:9
      |
68877 | pub use crate::jet_int_bit_or_hot;
      |         ^^^^^^^^^^^^^^^^^^^^^^^^^

warning: unused import: `crate::jet_int_bit_xor_hot`
     --> /jet/build/shield_commit.rs:68893:9
      |
68893 | pub use crate::jet_int_bit_xor_hot;
      |         ^^^^^^^^^^^^^^^^^^^^^^^^^^

warning: unused imports: `JetCellEditGuard` and `JetCellReadGuard`
     --> /jet/build/shield_commit.rs:74647:35
      |
74647 | pub use self::jet_cell::{JetCell, JetCellEditGuard, JetCellReadGuard};
      |                                   ^^^^^^^^^^^^^^^^  ^^^^^^^^^^^^^^^^

warning: unused imports: `JetStreamSender` and `jet_stream_task`
     --> /jet/build/shield_commit.rs:75555:21
      |
75555 |     pub use super::{jet_stream_task, JetStream, JetStreamSender};
      |                     ^^^^^^^^^^^^^^^             ^^^^^^^^^^^^^^^

warning: unused import: `std::io::Write`
     --> /jet/build/shield_commit.rs:91635:13
      |
91635 |         use std::io::Write;
      |             ^^^^^^^^^^^^^^

warning: unused import: `core::cell::Cell`
      --> /jet/build/shield_commit.rs:109850:5
       |
109850 | use core::cell::Cell;
       |     ^^^^^^^^^^^^^^^^

warning: unused import: `jet_foundation::Devtools::JetDevtoolsEvent as JetWebStoreDevtoolsEvent`
      --> /jet/build/shield_commit.rs:109853:5
       |
109853 | use jet_foundation::Devtools::JetDevtoolsEvent as JetWebStoreDevtoolsEvent;
       |     ^^^^^^^^^^^^^^^^^^^^^^^^^^^^^^^^^^^^^^^^^^^^^^^^^^^^^^^^^^^^^^^^^^^^^^

warning: unused import: `TypeId as JetWebStoreTypeId`
      --> /jet/build/shield_commit.rs:109855:39
       |
109855 | use std::any::{Any as JetWebStoreAny, TypeId as JetWebStoreTypeId};
       |                                       ^^^^^^^^^^^^^^^^^^^^^^^^^^^

warning: unused imports: `BTreeMap as JetWebFormMap`, `BTreeMap as JetWebTablePages`, `BTreeMap`, `BTreeSet as JetWebTableSet`, `BTreeSet`, `HashMap as JetWebStoreMap`, and `VecDeque as JetWebStoreDeque`
      --> /jet/build/shield_commit.rs:109856:24
       |
109856 | ...::{BTreeMap, BTreeSet, HashMap, HashSet, BTreeMap as JetWebFormMap, VecDeque as JetWebStoreDeque, HashMap as JetWebStoreMap, BTreeMap as JetWebTablePages, BTreeSet as JetWebTableSet, V...
       |       ^^^^^^^^  ^^^^^^^^                    ^^^^^^^^^^^^^^^^^^^^^^^^^  ^^^^^^^^^^^^^^^^^^^^^^^^^^^^  ^^^^^^^^^^^^^^^^^^^^^^^^^  ^^^^^^^^^^^^^^^^^^^^^^^^^^^^  ^^^^^^^^^^^^^^^^^^^^^^^^^^

warning: unused import: `std::fs::OpenOptions`
      --> /jet/build/shield_commit.rs:109857:5
       |
109857 | use std::fs::OpenOptions;
       |     ^^^^^^^^^^^^^^^^^^^^

warning: unused imports: `SeekFrom` and `Seek`
      --> /jet/build/shield_commit.rs:109858:21
       |
109858 | use std::io::{Read, Seek, SeekFrom, Write};
       |                     ^^^^  ^^^^^^^^

warning: unused imports: `Component`, `PathBuf`, and `Path`
      --> /jet/build/shield_commit.rs:109861:17
       |
109861 | use std::path::{Component, Path, PathBuf};
       |                 ^^^^^^^^^  ^^^^  ^^^^^^^

warning: unused imports: `Arc as JetDataPlotArc`, `Arc as JetWebFormArc`, `Arc as JetWebQueryArc`, `Arc as JetWebStoreArc`, `Arc as JetWebTableArc`, `Condvar as JetWebStoreCondvar`, `LazyLock as JetWebStoreLazyLock`, `LazyLock`, `Mutex as JetWebFormMutex`, `Mutex as JetWebQueryMutex`, `Mutex as JetWebStoreMutex`, and `Mutex as JetWebTableMutex`
      --> /jet/build/shield_commit.rs:109862:31
       |
109862 | ...r, Arc as JetDataPlotArc, Arc as JetWebFormArc, Mutex as JetWebFormMutex, Arc as JetWebQueryArc, Mutex as JetWebQueryMutex, Arc as JetWebStoreArc, Condvar as JetWebStoreCondvar, LazyLock as JetWebStoreLazyLock, Mutex as JetWebStoreMutex, Arc as JetWebTableArc, Mutex as JetWebTableMutex, LazyLock, M...
       |       ^^^^^^^^^^^^^^^^^^^^^  ^^^^^^^^^^^^^^^^^^^^  ^^^^^^^^^^^^^^^^^^^^^^^^  ^^^^^^^^^^^^^^^^^^^^^  ^^^^^^^^^^^^^^^^^^^^^^^^^  ^^^^^^^^^^^^^^^^^^^^^  ^^^^^^^^^^^^^^^^^^^^^^^^^^^^^  ^^^^^^^^^^^^^^^^^^^^^^^^^^^^^^^  ^^^^^^^^^^^^^^^^^^^^^^^^^  ^^^^^^^^^^^^^^^^^^^^^  ^^^^^^^^^^^^^^^^^^^^^^^^^  ^^^^^^^^

warning: unused import: `Ordering as JetWebFormOrdering`
      --> /jet/build/shield_commit.rs:109863:60
       |
109863 | use std::sync::atomic::{AtomicBool, AtomicU8, AtomicUsize, Ordering as JetWebFormOrdering};
       |                                                            ^^^^^^^^^^^^^^^^^^^^^^^^^^^^^^

warning: unused imports: `SystemTime as JetWebStoreSystemTime`, `SystemTime`, `UNIX_EPOCH as JetWebStoreUnixEpoch`, and `UNIX_EPOCH`
      --> /jet/build/shield_commit.rs:109864:36
       |
109864 | ...tion, Instant, SystemTime as JetWebStoreSystemTime, UNIX_EPOCH as JetWebStoreUnixEpoch, SystemTime, UNIX_EPOCH};
       |                   ^^^^^^^^^^^^^^^^^^^^^^^^^^^^^^^^^^^  ^^^^^^^^^^^^^^^^^^^^^^^^^^^^^^^^^^  ^^^^^^^^^^  ^^^^^^^^^^

warning: type `__jet__shome_snate_sProjects_sGithub_sjet_sexamples_sfeatures_sconcurrency_c_cshield_ucommit_djet_c_cTime` should have an upper camel case name
      --> /jet/build/shield_commit.rs:118866:10
       |
118866 | pub enum __jet__shome_snate_sProjects_sGithub_sjet_sexamples_sfeatures_sconcurrency_c_cshield_ucommit_djet_c_cTime {
       |          ^^^^^^^^^^^^^^^^^^^^^^^^^^^^^^^^^^^^^^^^^^^^^^^^^^^^^^^^^^^^^^^^^^^^^^^^^^^^^^^^^^^^^^^^^^^^^^^^^^^^^^^^^ help: convert the identifier to upper camel case: `JetShomeSnateSProjectsSGithubSjetSexamplesSfeaturesSconcurrencyCCshieldUcommitDjetCCTime`

warning: unused label
      --> /jet/build/shield_commit.rs:119055:5
       |
119055 |     'mir_dispatch: loop {
       |     ^^^^^^^^^^^^^
       |
       = note: `#[warn(unused_labels)]` (part of `#[warn(unused)]`) on by default

warning: unused label
      --> /jet/build/shield_commit.rs:119155:5
       |
119155 |     'mir_dispatch: loop {
       |     ^^^^^^^^^^^^^

error[E0308]: arguments to this function are incorrect
      --> /jet/build/shield_commit.rs:119001:51
       |
119001 | ...me(jet_std::JetTaskGroup::spawn_at(__jet_v_18015224094603650363.take().expect("MIR value"), __jet_v_6478656552432404585.take().expect("MIR value"), __jet_v_14480796259076256372.take().expect("MIR value"), {...
       |       ^^^^^^^^^^^^^^^^^^^^^^^^^^^^^^^ -------------------------------------------------------  ------------------------------------------------------  ------------------------------------------------------- expected `&str`, found `String`
       |                                       |                                                        |
       |                                       |                                                        expected `usize`, found `JetInt`
       |                                       expected `&JetTaskGroup`, found `JetTaskGroup`
       |
note: method defined here
      --> /jet/build/shield_commit.rs:75210:16
       |
 75210 |         pub fn spawn_at<'env, F, T>(
       |                ^^^^^^^^
 75211 |             &self,
       |             -----
 75212 |             spawn_site: usize,
       |             -----------------
 75213 |             label: &str,
       |             -----------
help: consider borrowing here
       |
119001 |                 __jet_v_929120790026909605 = Some(jet_std::JetTaskGroup::spawn_at(&__jet_v_18015224094603650363.take().expect("MIR value"), __jet_v_6478656552432404585.take().expect("MIR value"), __jet_v_14480796259076256372.take().expect("MIR value"), { let __jet_callback = __jet_v_13684277997239201904.take().expect("MIR value"); move || (__jet_callback)() }));
       |                                                                                   +
help: consider borrowing here
       |
119001 |                 __jet_v_929120790026909605 = Some(jet_std::JetTaskGroup::spawn_at(__jet_v_18015224094603650363.take().expect("MIR value"), __jet_v_6478656552432404585.take().expect("MIR value"), &__jet_v_14480796259076256372.take().expect("MIR value"), { let __jet_callback = __jet_v_13684277997239201904.take().expect("MIR value"); move || (__jet_callback)() }));
       |                                                                                                                                                                                                    +

error[E0308]: mismatched types
      --> /jet/build/shield_commit.rs:119001:51
       |
119001 | ... = Some(jet_std::JetTaskGroup::spawn_at(__jet_v_180..."MIR value"); move || (__jet_callback)() }));
       |       ---- ^^^^^^^^^^^^^^^^^^^^^^^^^^^^^^^^^^^^^^^^^^^...^^^^^^^^^^^^^^^^^^^^^^^^^^^^^^^^^^^^^^^^^^^ expected `JetTask<Result<JetInt, JetErr>>`, found `JetTask<JetInt>`
       |       |
       |       arguments to this enum variant are incorrect
       |
       = note: expected struct `JetTask<Result<jet_foundation_numeric::JetInt, JetErr>>`
                  found struct `JetTask<jet_foundation_numeric::JetInt>`
help: the type constructed contains `JetTask<jet_foundation_numeric::JetInt>` due to the type of the argument passed
      --> /jet/build/shield_commit.rs:119001:46
       |
119001 | ... = Some(jet_std::JetTaskGroup::spawn_at(__jet_...MIR value"); move || (__jet_callback)() }));
       |       ^^^^^--------------------------------------...------------------------------------------^
       |            |
       |            this argument influences the type of `Some`
note: tuple variant defined here
      --> /rustc/8bab26f4f68e0e26f0bb7960be334d5b520ea452/library/core/src/option.rs:605:4

error[E0308]: arguments to this function are incorrect
      --> /jet/build/shield_commit.rs:119006:53
       |
119006 | ...me(jet_std::JetTaskGroup::spawn_at(__jet_v_2526930894805470235.take().expect("MIR value"), __jet_v_7655619256367510854.take().expect("MIR value"), __jet_v_17199264658516530572.take().expect("MIR value"), {...
       |       ^^^^^^^^^^^^^^^^^^^^^^^^^^^^^^^ ------------------------------------------------------  ------------------------------------------------------  ------------------------------------------------------- expected `&str`, found `String`
       |                                       |                                                       |
       |                                       |                                                       expected `usize`, found `JetInt`
       |                                       expected `&JetTaskGroup`, found `JetTaskGroup`
       |
note: method defined here
      --> /jet/build/shield_commit.rs:75210:16
       |
 75210 |         pub fn spawn_at<'env, F, T>(
       |                ^^^^^^^^
 75211 |             &self,
       |             -----
 75212 |             spawn_site: usize,
       |             -----------------
 75213 |             label: &str,
       |             -----------
help: consider borrowing here
       |
119006 |                 __jet_v_13727001956594641261 = Some(jet_std::JetTaskGroup::spawn_at(&__jet_v_2526930894805470235.take().expect("MIR value"), __jet_v_7655619256367510854.take().expect("MIR value"), __jet_v_17199264658516530572.take().expect("MIR value"), { let __jet_callback = __jet_v_16991147928906672177.take().expect("MIR value"); move || (__jet_callback)() }));
       |                                                                                     +
help: consider borrowing here
       |
119006 |                 __jet_v_13727001956594641261 = Some(jet_std::JetTaskGroup::spawn_at(__jet_v_2526930894805470235.take().expect("MIR value"), __jet_v_7655619256367510854.take().expect("MIR value"), &__jet_v_17199264658516530572.take().expect("MIR value"), { let __jet_callback = __jet_v_16991147928906672177.take().expect("MIR value"); move || (__jet_callback)() }));
       |                                                                                                                                                                                                     +

error[E0308]: mismatched types
      --> /jet/build/shield_commit.rs:119006:53
       |
119006 | ... = Some(jet_std::JetTaskGroup::spawn_at(__jet_v_252..."MIR value"); move || (__jet_callback)() }));
       |       ---- ^^^^^^^^^^^^^^^^^^^^^^^^^^^^^^^^^^^^^^^^^^^...^^^^^^^^^^^^^^^^^^^^^^^^^^^^^^^^^^^^^^^^^^^ expected `JetTask<Result<JetInt, JetErr>>`, found `JetTask<JetInt>`
       |       |
       |       arguments to this enum variant are incorrect
       |
       = note: expected struct `JetTask<Result<jet_foundation_numeric::JetInt, JetErr>>`
                  found struct `JetTask<jet_foundation_numeric::JetInt>`
help: the type constructed contains `JetTask<jet_foundation_numeric::JetInt>` due to the type of the argument passed
      --> /jet/build/shield_commit.rs:119006:48
       |
119006 | ... = Some(jet_std::JetTaskGroup::spawn_at(__jet_...MIR value"); move || (__jet_callback)() }));
       |       ^^^^^--------------------------------------...------------------------------------------^
       |            |
       |            this argument influences the type of `Some`
note: tuple variant defined here
      --> /rustc/8bab26f4f68e0e26f0bb7960be334d5b520ea452/library/core/src/option.rs:605:4

error[E0308]: mismatched types
      --> /jet/build/shield_commit.rs:119008:76
       |
119008 | ...38968994202 = Some(jet_std::jet_task_race(__jet_v_8178526084372225905.take().expect("MIR value")) /* task_group=Race */);
       |                       ---------------------- ^^^^^^^^^^^^^^^^^^^^^^^^^^^^^^^^^^^^^^^^^^^^^^^^^^^^^^ expected `Vec<JetTask<JetInt>>`, found `Vec<JetTask<Result<JetInt, JetErr>>>`
       |                       |
       |                       arguments to this function are incorrect
       |
       = note: expected struct `Vec<JetTask<jet_foundation_numeric::JetInt>>`
                  found struct `Vec<JetTask<Result<jet_foundation_numeric::JetInt, JetErr>>>`
note: function defined here
      --> /jet/build/shield_commit.rs:75434:12
       |
 75434 |     pub fn jet_task_race<T: Send + 'static>(
       |            ^^^^^^^^^^^^^
 75435 |         tasks: Vec<JetTask<T>>,
       |         ----------------------

warning: unreachable call
      --> /jet/build/shield_commit.rs:119024:48
       |
119024 | ... = Some(jet_panic_rich("shield_commit.jet", 21u32, ...) { String::new() } else { String::new() }));
       |       ^^^^ -------------------------------------------...------------------------------------------- any code following this expression is unreachable
       |       |
       |       unreachable call
       |
       = note: `#[warn(unreachable_code)]` (part of `#[warn(unused)]`) on by default

warning: unreachable call
      --> /jet/build/shield_commit.rs:119100:47
       |
119100 | ... = Some(jet_panic_rich("shield_commit.jet", 8u32, "shielded_commit", "        time.sleep(20ms)", 22u32, 2u32, &((__jet_v_1856902411855068687.as_ref().expect("MIR value")).clone()), &if cfg!(debug_assertions) { String::new() } else { String::new() }));
       |       ^^^^ ------------------------------------------------------------------------------------------------------------------------------------------------------------------------------------------------------------------------------------------------- any code following this expression is unreachable
       |       |
       |       unreachable call

error[E0609]: no field `key` on type `&JetTaskGroup`
      --> /jet/build/shield_commit.rs:119180:128
       |
119180 | ...history_encode_type(&__jet_history_types, "K", &value.key, __jet_history_depth + 1)?), ("value".to_string(), jet_history_enco...
       |                                                          ^^^ unknown field

error[E0609]: no field `value` on type `&JetTaskGroup`
      --> /jet/build/shield_commit.rs:119180:241
       |
119180 | ...istory_encode_type(&__jet_history_types, "V", &value.value, __jet_history_depth + 1)?)]) };
       |                                                         ^^^^^ unknown field

warning: unused import: `Read`
      --> /jet/build/shield_commit.rs:109858:15
       |
109858 | use std::io::{Read, Seek, SeekFrom, Write};
       |               ^^^^

warning: unused import: `Write`
      --> /jet/build/shield_commit.rs:109858:37
       |
109858 | use std::io::{Read, Seek, SeekFrom, Write};
       |                                     ^^^^^

warning: unused import: `Any`
      --> /jet/build/shield_commit.rs:109855:16
       |
109855 | use std::any::{Any as JetWebStoreAny, TypeId as JetWebStoreTypeId};
       |                ^^^

warning: value assigned to `cursor` is never read
      --> /jet/build/shield_commit.rs:116968:17
       |
116968 |                 cursor += 2;
       |                 ^^^^^^^^^^^ this value is reassigned later and never used
...
116971 |                 cursor += 1;
       |                 ----------- `cursor` is overwritten here before the previous value is read
       |
       = note: `#[warn(unused_assignments)]` (part of `#[warn(unused)]`) on by default

warning: value assigned to `cursor` is never read
      --> /jet/build/shield_commit.rs:116971:17
       |
116971 |                 cursor += 1;
       |                 ^^^^^^^^^^^
       |
       = help: maybe it is overwritten before being read?

error: aborting due to 7 previous errors; 52 warnings emitted

Some errors have detailed explanations: E0308, E0609.
For more information about an error, try `rustc --explain E0308`.
