warning: trait `__jet_Display` should have an upper camel case name
 --> /jet/build/struct_impl.rs:4:11
  |
4 | pub trait __jet_Display {
  |           ^^^^^^^^^^^^^ help: convert the identifier to upper camel case: `JetDisplay`
  |
  = note: `#[warn(non_camel_case_types)]` (part of `#[warn(nonstandard_style)]`) on by default

warning: trait `__jet_Equatable` should have an upper camel case name
 --> /jet/build/struct_impl.rs:8:11
  |
8 | pub trait __jet_Equatable: Sized { fn equal(&self, rhs: &Self) -> bool; }
  |           ^^^^^^^^^^^^^^^ help: convert the identifier to upper camel case: `JetEquatable`

warning: type `__jet_Ordering` should have an upper camel case name
  --> /jet/build/struct_impl.rs:24:10
   |
24 | pub enum __jet_Ordering { __jet_Less, __jet_Equal, __jet_Greater }
   |          ^^^^^^^^^^^^^^ help: convert the identifier to upper camel case: `JetOrdering`

warning: variant `__jet_Less` should have an upper camel case name
  --> /jet/build/struct_impl.rs:24:27
   |
24 | pub enum __jet_Ordering { __jet_Less, __jet_Equal, __jet_Greater }
   |                           ^^^^^^^^^^ help: convert the identifier to upper camel case: `JetLess`

warning: variant `__jet_Equal` should have an upper camel case name
  --> /jet/build/struct_impl.rs:24:39
   |
24 | pub enum __jet_Ordering { __jet_Less, __jet_Equal, __jet_Greater }
   |                                       ^^^^^^^^^^^ help: convert the identifier to upper camel case: `JetEqual`

warning: variant `__jet_Greater` should have an upper camel case name
  --> /jet/build/struct_impl.rs:24:52
   |
24 | pub enum __jet_Ordering { __jet_Less, __jet_Equal, __jet_Greater }
   |                                                    ^^^^^^^^^^^^^ help: convert the identifier to upper camel case: `JetGreater`

warning: trait `__jet_Comparable` should have an upper camel case name
  --> /jet/build/struct_impl.rs:26:11
   |
26 | pub trait __jet_Comparable: Sized { fn compare(&self, rhs: &Self) -> __jet_Ordering; }
   |           ^^^^^^^^^^^^^^^^ help: convert the identifier to upper camel case: `JetComparable`

warning: trait `__jet_Add` should have an upper camel case name
  --> /jet/build/struct_impl.rs:38:11
   |
38 | pub trait __jet_Add<Rhs = Self>: Sized { type Output; fn add(&self, rhs: &Rhs) -> Self::Output; }
   |           ^^^^^^^^^ help: convert the identifier to upper camel case: `JetAdd`

warning: trait `__jet_Sub` should have an upper camel case name
  --> /jet/build/struct_impl.rs:39:11
   |
39 | pub trait __jet_Sub<Rhs = Self>: Sized { type Output; fn sub(&self, rhs: &Rhs) -> Self::Output; }
   |           ^^^^^^^^^ help: convert the identifier to upper camel case: `JetSub`

warning: trait `__jet_Mul` should have an upper camel case name
  --> /jet/build/struct_impl.rs:40:11
   |
40 | pub trait __jet_Mul<Rhs = Self>: Sized { type Output; fn mul(&self, rhs: &Rhs) -> Self::Output; }
   |           ^^^^^^^^^ help: convert the identifier to upper camel case: `JetMul`

warning: trait `__jet_Div` should have an upper camel case name
  --> /jet/build/struct_impl.rs:41:11
   |
41 | pub trait __jet_Div<Rhs = Self>: Sized { type Output; fn div(&self, rhs: &Rhs) -> Self::Output; }
   |           ^^^^^^^^^ help: convert the identifier to upper camel case: `JetDiv`

warning: trait `__jet_Serialize` should have an upper camel case name
     --> /jet/build/struct_impl.rs:39798:7
      |
39798 | trait __jet_Serialize {
      |       ^^^^^^^^^^^^^^^ help: convert the identifier to upper camel case: `JetSerialize`

warning: unused import: `Cell`
     --> /jet/build/struct_impl.rs:44272:21
      |
44272 |     use std::cell::{Cell, RefCell};
      |                     ^^^^
      |
      = note: `#[warn(unused_imports)]` (part of `#[warn(unused)]`) on by default

warning: unused import: `JetUninit`
     --> /jet/build/struct_impl.rs:44276:43
      |
44276 |     pub use super::jet_uninit_semantics::{JetUninit, JetUninitFixed};
      |                                           ^^^^^^^^^

warning: unused imports: `JetSentryFrame`, `JetSentryGuard`, `jet_sentry_current_frame`, `jet_sentry_fenced_scope`, `jet_sentry_frame`, `jet_sentry_policy_scope`, `jet_sentry_reset`, `jet_sentry_scope`, and `jet_sentry_set_hardened`
     --> /jet/build/struct_impl.rs:44289:35
      |
44289 |         jet_memory_ledger_record, jet_sentry_current_frame, jet_sentry_fenced_scope,
      |                                   ^^^^^^^^^^^^^^^^^^^^^^^^  ^^^^^^^^^^^^^^^^^^^^^^^
44290 |         jet_sentry_frame, jet_sentry_policy_scope, jet_sentry_reset, jet_sentry_scope,
      |         ^^^^^^^^^^^^^^^^  ^^^^^^^^^^^^^^^^^^^^^^^  ^^^^^^^^^^^^^^^^  ^^^^^^^^^^^^^^^^
44291 |         jet_sentry_set_hardened, JetSentryFrame, JetSentryGuard, MemoryLedgerWitness,
      |         ^^^^^^^^^^^^^^^^^^^^^^^  ^^^^^^^^^^^^^^  ^^^^^^^^^^^^^^

warning: unused import: `crate::jet_encoding_json::render_json`
     --> /jet/build/struct_impl.rs:64248:13
      |
64248 |     pub use crate::jet_encoding_json::render_json;
      |             ^^^^^^^^^^^^^^^^^^^^^^^^^^^^^^^^^^^^^

warning: unnecessary parentheses around block return value
     --> /jet/build/struct_impl.rs:68187:13
      |
68187 |             (((exponent as u64 + 1023) << 52) | (top & ((1u64 << 52) - 1)))
      |             ^                                                             ^
      |
      = note: `#[warn(unused_parens)]` (part of `#[warn(unused)]`) on by default
help: remove these parentheses
      |
68187 -             (((exponent as u64 + 1023) << 52) | (top & ((1u64 << 52) - 1)))
68187 +             ((exponent as u64 + 1023) << 52) | (top & ((1u64 << 52) - 1))
      |

warning: unused import: `crate::jet_int_compare_hot`
     --> /jet/build/struct_impl.rs:68525:9
      |
68525 | pub use crate::jet_int_compare_hot;
      |         ^^^^^^^^^^^^^^^^^^^^^^^^^^

warning: unused import: `crate::jet_int_add_hot`
     --> /jet/build/struct_impl.rs:68549:9
      |
68549 | pub use crate::jet_int_add_hot;
      |         ^^^^^^^^^^^^^^^^^^^^^^

warning: unused import: `crate::jet_int_sub_hot`
     --> /jet/build/struct_impl.rs:68573:9
      |
68573 | pub use crate::jet_int_sub_hot;
      |         ^^^^^^^^^^^^^^^^^^^^^^

warning: unused import: `crate::jet_int_mul_hot`
     --> /jet/build/struct_impl.rs:68597:9
      |
68597 | pub use crate::jet_int_mul_hot;
      |         ^^^^^^^^^^^^^^^^^^^^^^

warning: unused import: `crate::jet_int_add_inline`
     --> /jet/build/struct_impl.rs:68611:9
      |
68611 | pub use crate::jet_int_add_inline;
      |         ^^^^^^^^^^^^^^^^^^^^^^^^^

warning: unused import: `crate::jet_int_sub_inline`
     --> /jet/build/struct_impl.rs:68621:9
      |
68621 | pub use crate::jet_int_sub_inline;
      |         ^^^^^^^^^^^^^^^^^^^^^^^^^

warning: unused import: `crate::jet_int_mul_inline`
     --> /jet/build/struct_impl.rs:68631:9
      |
68631 | pub use crate::jet_int_mul_inline;
      |         ^^^^^^^^^^^^^^^^^^^^^^^^^

warning: unused import: `crate::jet_int_compare_inline`
     --> /jet/build/struct_impl.rs:68645:9
      |
68645 | pub use crate::jet_int_compare_inline;
      |         ^^^^^^^^^^^^^^^^^^^^^^^^^^^^^

warning: unused import: `crate::jet_int_neg_inline`
     --> /jet/build/struct_impl.rs:68654:9
      |
68654 | pub use crate::jet_int_neg_inline;
      |         ^^^^^^^^^^^^^^^^^^^^^^^^^

warning: unused import: `crate::jet_int_bit_and_hot`
     --> /jet/build/struct_impl.rs:68673:9
      |
68673 | pub use crate::jet_int_bit_and_hot;
      |         ^^^^^^^^^^^^^^^^^^^^^^^^^^

warning: unused import: `crate::jet_int_bit_or_hot`
     --> /jet/build/struct_impl.rs:68689:9
      |
68689 | pub use crate::jet_int_bit_or_hot;
      |         ^^^^^^^^^^^^^^^^^^^^^^^^^

warning: unused import: `crate::jet_int_bit_xor_hot`
     --> /jet/build/struct_impl.rs:68705:9
      |
68705 | pub use crate::jet_int_bit_xor_hot;
      |         ^^^^^^^^^^^^^^^^^^^^^^^^^^

warning: unused imports: `JetCellEditGuard` and `JetCellReadGuard`
     --> /jet/build/struct_impl.rs:74376:35
      |
74376 | pub use self::jet_cell::{JetCell, JetCellEditGuard, JetCellReadGuard};
      |                                   ^^^^^^^^^^^^^^^^  ^^^^^^^^^^^^^^^^

warning: unused imports: `JetStreamSender` and `jet_stream_task`
     --> /jet/build/struct_impl.rs:75279:21
      |
75279 |     pub use super::{jet_stream_task, JetStream, JetStreamSender};
      |                     ^^^^^^^^^^^^^^^             ^^^^^^^^^^^^^^^

warning: unused import: `std::io::Write`
     --> /jet/build/struct_impl.rs:94408:13
      |
94408 |         use std::io::Write;
      |             ^^^^^^^^^^^^^^

warning: unused import: `core::cell::Cell`
      --> /jet/build/struct_impl.rs:112613:5
       |
112613 | use core::cell::Cell;
       |     ^^^^^^^^^^^^^^^^

warning: unused import: `jet_foundation::Devtools::JetDevtoolsEvent as JetWebStoreDevtoolsEvent`
      --> /jet/build/struct_impl.rs:112616:5
       |
112616 | use jet_foundation::Devtools::JetDevtoolsEvent as JetWebStoreDevtoolsEvent;
       |     ^^^^^^^^^^^^^^^^^^^^^^^^^^^^^^^^^^^^^^^^^^^^^^^^^^^^^^^^^^^^^^^^^^^^^^

warning: unused import: `TypeId as JetWebStoreTypeId`
      --> /jet/build/struct_impl.rs:112618:39
       |
112618 | use std::any::{Any as JetWebStoreAny, TypeId as JetWebStoreTypeId};
       |                                       ^^^^^^^^^^^^^^^^^^^^^^^^^^^

warning: unused imports: `BTreeMap as JetWebFormMap`, `BTreeMap as JetWebTablePages`, `BTreeSet as JetWebTableSet`, `HashMap as JetWebStoreMap`, and `VecDeque as JetWebStoreDeque`
      --> /jet/build/struct_impl.rs:112619:62
       |
112619 | ...t, BTreeMap as JetWebFormMap, VecDeque as JetWebStoreDeque, HashMap as JetWebStoreMap, BTreeMap as JetWebTablePages, BTreeSet as JetWebTableSet, V...
       |       ^^^^^^^^^^^^^^^^^^^^^^^^^  ^^^^^^^^^^^^^^^^^^^^^^^^^^^^  ^^^^^^^^^^^^^^^^^^^^^^^^^  ^^^^^^^^^^^^^^^^^^^^^^^^^^^^  ^^^^^^^^^^^^^^^^^^^^^^^^^^

warning: unused import: `std::fs::OpenOptions`
      --> /jet/build/struct_impl.rs:112620:5
       |
112620 | use std::fs::OpenOptions;
       |     ^^^^^^^^^^^^^^^^^^^^

warning: unused imports: `SeekFrom` and `Seek`
      --> /jet/build/struct_impl.rs:112621:21
       |
112621 | use std::io::{Read, Seek, SeekFrom, Write};
       |                     ^^^^  ^^^^^^^^

warning: unused imports: `Component`, `PathBuf`, and `Path`
      --> /jet/build/struct_impl.rs:112624:17
       |
112624 | use std::path::{Component, Path, PathBuf};
       |                 ^^^^^^^^^  ^^^^  ^^^^^^^

warning: unused imports: `Arc as JetWebFormArc`, `Arc as JetWebQueryArc`, `Arc as JetWebStoreArc`, `Arc as JetWebTableArc`, `Condvar as JetWebStoreCondvar`, `LazyLock as JetWebStoreLazyLock`, `LazyLock`, `Mutex as JetWebFormMutex`, `Mutex as JetWebQueryMutex`, `Mutex as JetWebStoreMutex`, and `Mutex as JetWebTableMutex`
      --> /jet/build/struct_impl.rs:112625:54
       |
112625 | ...c, Arc as JetWebFormArc, Mutex as JetWebFormMutex, Arc as JetWebQueryArc, Mutex as JetWebQueryMutex, Arc as JetWebStoreArc, Condvar as JetWebStoreCondvar, LazyLock as JetWebStoreLazyLock, Mutex as JetWebStoreMutex, Arc as JetWebTableArc, Mutex as JetWebTableMutex, LazyLock, M...
       |       ^^^^^^^^^^^^^^^^^^^^  ^^^^^^^^^^^^^^^^^^^^^^^^  ^^^^^^^^^^^^^^^^^^^^^  ^^^^^^^^^^^^^^^^^^^^^^^^^  ^^^^^^^^^^^^^^^^^^^^^  ^^^^^^^^^^^^^^^^^^^^^^^^^^^^^  ^^^^^^^^^^^^^^^^^^^^^^^^^^^^^^^  ^^^^^^^^^^^^^^^^^^^^^^^^^  ^^^^^^^^^^^^^^^^^^^^^  ^^^^^^^^^^^^^^^^^^^^^^^^^  ^^^^^^^^

warning: unused import: `Ordering as JetWebFormOrdering`
      --> /jet/build/struct_impl.rs:112626:60
       |
112626 | use std::sync::atomic::{AtomicBool, AtomicU8, AtomicUsize, Ordering as JetWebFormOrdering};
       |                                                            ^^^^^^^^^^^^^^^^^^^^^^^^^^^^^^

warning: unused imports: `SystemTime as JetWebStoreSystemTime`, `SystemTime`, `UNIX_EPOCH as JetWebStoreUnixEpoch`, and `UNIX_EPOCH`
      --> /jet/build/struct_impl.rs:112627:36
       |
112627 | ...tion, Instant, SystemTime as JetWebStoreSystemTime, UNIX_EPOCH as JetWebStoreUnixEpoch, SystemTime, UNIX_EPOCH};
       |                   ^^^^^^^^^^^^^^^^^^^^^^^^^^^^^^^^^^^  ^^^^^^^^^^^^^^^^^^^^^^^^^^^^^^^^^^  ^^^^^^^^^^  ^^^^^^^^^^

warning: type `__jet__shome_snate_s_dcache_sjet_hluna_sdx3_s_udefects_sexact_himpl_c_cstruct_uimpl_djet_c_cD` should have an upper camel case name
      --> /jet/build/struct_impl.rs:135309:8
       |
135309 | struct __jet__shome_snate_s_dcache_sjet_hluna_sdx3_s_udefects_sexact_himpl_c_cstruct_uimpl_djet_c_cD {
       |        ^^^^^^^^^^^^^^^^^^^^^^^^^^^^^^^^^^^^^^^^^^^^^^^^^^^^^^^^^^^^^^^^^^^^^^^^^^^^^^^^^^^^^^^^^^^^^ help: convert the identifier to upper camel case: `JetShomeSnateSDcacheSjetHlunaSdx3SUdefectsSexactHimplCCstructUimplDjetCCD`

warning: type `__jet__shome_snate_s_dcache_sjet_hluna_sdx3_s_udefects_sexact_himpl_c_cstruct_uimpl_djet_c_cPair` should have an upper camel case name
      --> /jet/build/struct_impl.rs:135314:8
       |
135314 | struct __jet__shome_snate_s_dcache_sjet_hluna_sdx3_s_udefects_sexact_himpl_c_cstruct_uimpl_djet_c_cPair {
       |        ^^^^^^^^^^^^^^^^^^^^^^^^^^^^^^^^^^^^^^^^^^^^^^^^^^^^^^^^^^^^^^^^^^^^^^^^^^^^^^^^^^^^^^^^^^^^^^^^ help: convert the identifier to upper camel case: `JetShomeSnateSDcacheSjetHlunaSdx3SUdefectsSexactHimplCCstructUimplDjetCCPair`

warning: type `__jet__shome_snate_s_dcache_sjet_hluna_sdx3_s_udefects_sexact_himpl_c_cstruct_uimpl_djet_c_cTime` should have an upper camel case name
      --> /jet/build/struct_impl.rs:135320:10
       |
135320 | pub enum __jet__shome_snate_s_dcache_sjet_hluna_sdx3_s_udefects_sexact_himpl_c_cstruct_uimpl_djet_c_cTime {
       |          ^^^^^^^^^^^^^^^^^^^^^^^^^^^^^^^^^^^^^^^^^^^^^^^^^^^^^^^^^^^^^^^^^^^^^^^^^^^^^^^^^^^^^^^^^^^^^^^^ help: convert the identifier to upper camel case: `JetShomeSnateSDcacheSjetHlunaSdx3SUdefectsSexactHimplCCstructUimplDjetCCTime`

warning: unnecessary parentheses around function argument
      --> /jet/build/struct_impl.rs:135661:53
       |
135661 |                 __jet_v_11075994125420131472 = Some((!(*(__jet_v_18233499652844049410.as_ref().expect("MIR value")))));
       |                                                     ^                                                               ^
       |
help: remove these parentheses
       |
135661 -                 __jet_v_11075994125420131472 = Some((!(*(__jet_v_18233499652844049410.as_ref().expect("MIR value")))));
135661 +                 __jet_v_11075994125420131472 = Some(!(*(__jet_v_18233499652844049410.as_ref().expect("MIR value"))));
       |

warning: unnecessary parentheses around function argument
      --> /jet/build/struct_impl.rs:135704:53
       |
135704 |                 __jet_v_12172230304594908140 = Some((!(*(__jet_v_5456373807480182627.as_ref().expect("MIR value")))));
       |                                                     ^                                                              ^
       |
help: remove these parentheses
       |
135704 -                 __jet_v_12172230304594908140 = Some((!(*(__jet_v_5456373807480182627.as_ref().expect("MIR value")))));
135704 +                 __jet_v_12172230304594908140 = Some(!(*(__jet_v_5456373807480182627.as_ref().expect("MIR value"))));
       |

warning: unnecessary parentheses around function argument
      --> /jet/build/struct_impl.rs:135735:52
       |
135735 | ...me((((__jet_v_4285761197681103200.as_ref().expect("MIR value")).clone()) == ((__jet_v_8203166321643875836.as_ref().expect("MIR value")).clone())));
       |       ^                                                                                                                                            ^
       |
help: remove these parentheses
       |
135735 -                 __jet_v_8856020494590469308 = Some((((__jet_v_4285761197681103200.as_ref().expect("MIR value")).clone()) == ((__jet_v_8203166321643875836.as_ref().expect("MIR value")).clone())));
135735 +                 __jet_v_8856020494590469308 = Some(((__jet_v_4285761197681103200.as_ref().expect("MIR value")).clone()) == ((__jet_v_8203166321643875836.as_ref().expect("MIR value")).clone()));
       |

warning: unnecessary parentheses around function argument
      --> /jet/build/struct_impl.rs:135767:51
       |
135767 |                 __jet_v_130285806755500644 = Some((!(*(__jet_v_4580611504975746802.as_ref().expect("MIR value")))));
       |                                                   ^                                                              ^
       |
help: remove these parentheses
       |
135767 -                 __jet_v_130285806755500644 = Some((!(*(__jet_v_4580611504975746802.as_ref().expect("MIR value")))));
135767 +                 __jet_v_130285806755500644 = Some(!(*(__jet_v_4580611504975746802.as_ref().expect("MIR value"))));
       |

warning: unnecessary parentheses around function argument
      --> /jet/build/struct_impl.rs:136179:52
       |
136179 | ...me((((__jet_v_16639849030042292232.as_ref().expect("MIR value")).clone()) == ((__jet_v_14802677585160175367.as_ref().expect("MIR value")).clone())));
       |       ^                                                                                                                                              ^
       |
help: remove these parentheses
       |
136179 -                 __jet_v_9386374778408533641 = Some((((__jet_v_16639849030042292232.as_ref().expect("MIR value")).clone()) == ((__jet_v_14802677585160175367.as_ref().expect("MIR value")).clone())));
136179 +                 __jet_v_9386374778408533641 = Some(((__jet_v_16639849030042292232.as_ref().expect("MIR value")).clone()) == ((__jet_v_14802677585160175367.as_ref().expect("MIR value")).clone()));
       |

warning: unnecessary parentheses around function argument
      --> /jet/build/struct_impl.rs:136219:53
       |
136219 |                 __jet_v_11937231585842128584 = Some((!(*(__jet_v_16930771926470399479.as_ref().expect("MIR value")))));
       |                                                     ^                                                               ^
       |
help: remove these parentheses
       |
136219 -                 __jet_v_11937231585842128584 = Some((!(*(__jet_v_16930771926470399479.as_ref().expect("MIR value")))));
136219 +                 __jet_v_11937231585842128584 = Some(!(*(__jet_v_16930771926470399479.as_ref().expect("MIR value"))));
       |

warning: unnecessary parentheses around function argument
      --> /jet/build/struct_impl.rs:136232:52
       |
136232 |                 __jet_v_1363298566786550623 = Some((!(*(__jet_v_8717325223487458549.as_ref().expect("MIR value")))));
       |                                                    ^                                                              ^
       |
help: remove these parentheses
       |
136232 -                 __jet_v_1363298566786550623 = Some((!(*(__jet_v_8717325223487458549.as_ref().expect("MIR value")))));
136232 +                 __jet_v_1363298566786550623 = Some(!(*(__jet_v_8717325223487458549.as_ref().expect("MIR value"))));
       |

warning: unnecessary parentheses around function argument
      --> /jet/build/struct_impl.rs:136486:53
       |
136486 | ...me((((__jet_v_6312187931473188317.as_ref().expect("MIR value")).clone()) == ((__jet_v_11898667598271559509.as_ref().expect("MIR value")).clone())));
       |       ^                                                                                                                                             ^
       |
help: remove these parentheses
       |
136486 -                 __jet_v_15739819544732240039 = Some((((__jet_v_6312187931473188317.as_ref().expect("MIR value")).clone()) == ((__jet_v_11898667598271559509.as_ref().expect("MIR value")).clone())));
136486 +                 __jet_v_15739819544732240039 = Some(((__jet_v_6312187931473188317.as_ref().expect("MIR value")).clone()) == ((__jet_v_11898667598271559509.as_ref().expect("MIR value")).clone()));
       |

warning: unnecessary parentheses around function argument
      --> /jet/build/struct_impl.rs:136504:53
       |
136504 |                 __jet_v_17047263082928674396 = Some((!(*(__jet_v_13605372689001639545.as_ref().expect("MIR value")))));
       |                                                     ^                                                               ^
       |
help: remove these parentheses
       |
136504 -                 __jet_v_17047263082928674396 = Some((!(*(__jet_v_13605372689001639545.as_ref().expect("MIR value")))));
136504 +                 __jet_v_17047263082928674396 = Some(!(*(__jet_v_13605372689001639545.as_ref().expect("MIR value"))));
       |

warning: unnecessary parentheses around function argument
      --> /jet/build/struct_impl.rs:136597:52
       |
136597 |                 __jet_v_7142155096938034031 = Some((!(*(__jet_v_17862116004946034098.as_ref().expect("MIR value")))));
       |                                                    ^                                                               ^
       |
help: remove these parentheses
       |
136597 -                 __jet_v_7142155096938034031 = Some((!(*(__jet_v_17862116004946034098.as_ref().expect("MIR value")))));
136597 +                 __jet_v_7142155096938034031 = Some(!(*(__jet_v_17862116004946034098.as_ref().expect("MIR value"))));
       |

warning: unnecessary parentheses around function argument
      --> /jet/build/struct_impl.rs:136861:53
       |
136861 |                 __jet_v_16838984975217836148 = Some((!(*(__jet_v_7256406176113089398.as_ref().expect("MIR value")))));
       |                                                     ^                                                              ^
       |
help: remove these parentheses
       |
136861 -                 __jet_v_16838984975217836148 = Some((!(*(__jet_v_7256406176113089398.as_ref().expect("MIR value")))));
136861 +                 __jet_v_16838984975217836148 = Some(!(*(__jet_v_7256406176113089398.as_ref().expect("MIR value"))));
       |

warning: unnecessary parentheses around function argument
      --> /jet/build/struct_impl.rs:136925:52
       |
136925 | ...me((((__jet_v_17591119847260272926.as_ref().expect("MIR value")).clone()) > ((__jet_v_16669675330020137732.as_ref().expect("MIR value")).clone())));
       |       ^                                                                                                                                             ^
       |
help: remove these parentheses
       |
136925 -                 __jet_v_8914588802461510854 = Some((((__jet_v_17591119847260272926.as_ref().expect("MIR value")).clone()) > ((__jet_v_16669675330020137732.as_ref().expect("MIR value")).clone())));
136925 +                 __jet_v_8914588802461510854 = Some(((__jet_v_17591119847260272926.as_ref().expect("MIR value")).clone()) > ((__jet_v_16669675330020137732.as_ref().expect("MIR value")).clone()));
       |

warning: unnecessary parentheses around function argument
      --> /jet/build/struct_impl.rs:136950:52
       |
136950 | ...me((((__jet_v_6903496689458543462.as_ref().expect("MIR value")).clone()) < ((__jet_v_13369568928763258687.as_ref().expect("MIR value")).clone())));
       |       ^                                                                                                                                            ^
       |
help: remove these parentheses
       |
136950 -                 __jet_v_3269432066673052095 = Some((((__jet_v_6903496689458543462.as_ref().expect("MIR value")).clone()) < ((__jet_v_13369568928763258687.as_ref().expect("MIR value")).clone())));
136950 +                 __jet_v_3269432066673052095 = Some(((__jet_v_6903496689458543462.as_ref().expect("MIR value")).clone()) < ((__jet_v_13369568928763258687.as_ref().expect("MIR value")).clone()));
       |

warning: unnecessary parentheses around function argument
      --> /jet/build/struct_impl.rs:137008:52
       |
137008 | ...me((((__jet_v_8942298724011696950.as_ref().expect("MIR value")).clone()) != ((__jet_v_16431216368214142734.as_ref().expect("MIR value")).clone())));
       |       ^                                                                                                                                             ^
       |
help: remove these parentheses
       |
137008 -                 __jet_v_2168143279331300351 = Some((((__jet_v_8942298724011696950.as_ref().expect("MIR value")).clone()) != ((__jet_v_16431216368214142734.as_ref().expect("MIR value")).clone())));
137008 +                 __jet_v_2168143279331300351 = Some(((__jet_v_8942298724011696950.as_ref().expect("MIR value")).clone()) != ((__jet_v_16431216368214142734.as_ref().expect("MIR value")).clone()));
       |

warning: unnecessary parentheses around function argument
      --> /jet/build/struct_impl.rs:137042:52
       |
137042 | ...me((((__jet_v_7724804551539170479.as_ref().expect("MIR value")).clone()) != ((__jet_v_8969871996244709438.as_ref().expect("MIR value")).clone())));
       |       ^                                                                                                                                            ^
       |
help: remove these parentheses
       |
137042 -                 __jet_v_5313695139713599257 = Some((((__jet_v_7724804551539170479.as_ref().expect("MIR value")).clone()) != ((__jet_v_8969871996244709438.as_ref().expect("MIR value")).clone())));
137042 +                 __jet_v_5313695139713599257 = Some(((__jet_v_7724804551539170479.as_ref().expect("MIR value")).clone()) != ((__jet_v_8969871996244709438.as_ref().expect("MIR value")).clone()));
       |

warning: unused label
      --> /jet/build/struct_impl.rs:137082:5
       |
137082 |     'mir_dispatch: loop {
       |     ^^^^^^^^^^^^^
       |
       = note: `#[warn(unused_labels)]` (part of `#[warn(unused)]`) on by default

warning: unnecessary parentheses around function argument
      --> /jet/build/struct_impl.rs:137159:52
       |
137159 | ...me((((__jet_v_14205666343071105689.as_ref().expect("MIR value")).clone()) < ((__jet_v_10800693430638904699.as_ref().expect("MIR value")).clone())));
       |       ^                                                                                                                                             ^
       |
help: remove these parentheses
       |
137159 -                 __jet_v_8009185457721215433 = Some((((__jet_v_14205666343071105689.as_ref().expect("MIR value")).clone()) < ((__jet_v_10800693430638904699.as_ref().expect("MIR value")).clone())));
137159 +                 __jet_v_8009185457721215433 = Some(((__jet_v_14205666343071105689.as_ref().expect("MIR value")).clone()) < ((__jet_v_10800693430638904699.as_ref().expect("MIR value")).clone()));
       |

warning: unnecessary parentheses around function argument
      --> /jet/build/struct_impl.rs:137189:53
       |
137189 | ...me((((__jet_v_12524425984936095062.as_ref().expect("MIR value")).clone()) < ((__jet_v_18079671126944859311.as_ref().expect("MIR value")).clone())));
       |       ^                                                                                                                                             ^
       |
help: remove these parentheses
       |
137189 -                 __jet_v_13146890860271333930 = Some((((__jet_v_12524425984936095062.as_ref().expect("MIR value")).clone()) < ((__jet_v_18079671126944859311.as_ref().expect("MIR value")).clone())));
137189 +                 __jet_v_13146890860271333930 = Some(((__jet_v_12524425984936095062.as_ref().expect("MIR value")).clone()) < ((__jet_v_18079671126944859311.as_ref().expect("MIR value")).clone()));
       |

warning: unnecessary parentheses around function argument
      --> /jet/build/struct_impl.rs:137205:53
       |
137205 | ...me((((__jet_v_12306724919997153683.as_ref().expect("MIR value")).clone()) > ((__jet_v_7387633874024753402.as_ref().expect("MIR value")).clone())));
       |       ^                                                                                                                                            ^
       |
help: remove these parentheses
       |
137205 -                 __jet_v_14070635792762406054 = Some((((__jet_v_12306724919997153683.as_ref().expect("MIR value")).clone()) > ((__jet_v_7387633874024753402.as_ref().expect("MIR value")).clone())));
137205 +                 __jet_v_14070635792762406054 = Some(((__jet_v_12306724919997153683.as_ref().expect("MIR value")).clone()) > ((__jet_v_7387633874024753402.as_ref().expect("MIR value")).clone()));
       |

warning: unnecessary parentheses around function argument
      --> /jet/build/struct_impl.rs:137229:53
       |
137229 | ...me((((__jet_v_16848587964833740729.as_ref().expect("MIR value")).clone()) > ((__jet_v_3464005985844744055.as_ref().expect("MIR value")).clone())));
       |       ^                                                                                                                                            ^
       |
help: remove these parentheses
       |
137229 -                 __jet_v_11210837106965189184 = Some((((__jet_v_16848587964833740729.as_ref().expect("MIR value")).clone()) > ((__jet_v_3464005985844744055.as_ref().expect("MIR value")).clone())));
137229 +                 __jet_v_11210837106965189184 = Some(((__jet_v_16848587964833740729.as_ref().expect("MIR value")).clone()) > ((__jet_v_3464005985844744055.as_ref().expect("MIR value")).clone()));
       |

warning: unnecessary parentheses around function argument
      --> /jet/build/struct_impl.rs:137272:52
       |
137272 | ...me((((__jet_v_17388244218554780076.as_ref().expect("MIR value")).clone()) != ((__jet_v_1110812689101803198.as_ref().expect("MIR value")).clone())));
       |       ^                                                                                                                                             ^
       |
help: remove these parentheses
       |
137272 -                 __jet_v_6699769541756784532 = Some((((__jet_v_17388244218554780076.as_ref().expect("MIR value")).clone()) != ((__jet_v_1110812689101803198.as_ref().expect("MIR value")).clone())));
137272 +                 __jet_v_6699769541756784532 = Some(((__jet_v_17388244218554780076.as_ref().expect("MIR value")).clone()) != ((__jet_v_1110812689101803198.as_ref().expect("MIR value")).clone()));
       |

warning: unused label
      --> /jet/build/struct_impl.rs:137316:5
       |
137316 |     'mir_dispatch: loop {
       |     ^^^^^^^^^^^^^

warning: unused label
      --> /jet/build/struct_impl.rs:137347:5
       |
137347 |     'mir_dispatch: loop {
       |     ^^^^^^^^^^^^^

warning: unused label
      --> /jet/build/struct_impl.rs:137374:5
       |
137374 |     'mir_dispatch: loop {
       |     ^^^^^^^^^^^^^

warning: unreachable call
      --> /jet/build/struct_impl.rs:135371:48
       |
135371 | ...201528043068 = Some(jet_entry_error_exit_jet(__jet_v_17341327099159589303.take().expect("MIR value")));
       |                   ^^^^ --------------------------------------------------------------------------------- any code following this expression is unreachable
       |                   |
       |                   unreachable call
       |
       = note: `#[warn(unreachable_code)]` (part of `#[warn(unused)]`) on by default

error[E0277]: the trait bound `__jet__shome_snate_s_dcache_sjet_hluna_sdx3_s_udefects_sexact_himpl_c_cstruct_uimpl_djet_c_cD: JetDisplay` is not satisfied
      --> /jet/build/struct_impl.rs:137382:68
       |
137382 |                 __jet_v_1675241156212420454 = Some(jet_fmt_display(__jet_v_12163262622726987136.as_ref().expect("MIR value")));
       |                                                    --------------- ^^^^^^^^^^^^^^^^^^^^^^^^^^^^^^^^^^^^^^^^^^^^^^^^^^^^^^^^^ unsatisfied trait bound
       |                                                    |
       |                                                    required by a bound introduced by this call
       |
help: the trait `JetDisplay` is not implemented for `__jet__shome_snate_s_dcache_sjet_hluna_sdx3_s_udefects_sexact_himpl_c_cstruct_uimpl_djet_c_cD`
      --> /jet/build/struct_impl.rs:135309:1
       |
135309 | struct __jet__shome_snate_s_dcache_sjet_hluna_sdx3_s_udefects_sexact_himpl_c_cstruct_uimpl_djet_c_cD {
       | ^^^^^^^^^^^^^^^^^^^^^^^^^^^^^^^^^^^^^^^^^^^^^^^^^^^^^^^^^^^^^^^^^^^^^^^^^^^^^^^^^^^^^^^^^^^^^^^^^^^^
       = help: the following other types implement trait `JetDisplay`:
                 &T
                 AllocError
                 BTreeMap<K, V>
                 BTreeSet<T>
                 BinaryHeap<T>
                 DBError
                 DBValue
                 DataError
               and 94 others
note: required by a bound in `jet_fmt_display`
      --> /jet/build/struct_impl.rs:17721:23
       |
 17721 | fn jet_fmt_display<T: JetDisplay + ?Sized>(value: &T) -> String {
       |                       ^^^^^^^^^^ required by this bound in `jet_fmt_display`

warning: unused import: `Read`
      --> /jet/build/struct_impl.rs:112621:15
       |
112621 | use std::io::{Read, Seek, SeekFrom, Write};
       |               ^^^^

warning: unused import: `Write`
      --> /jet/build/struct_impl.rs:112621:37
       |
112621 | use std::io::{Read, Seek, SeekFrom, Write};
       |                                     ^^^^^

warning: unused import: `Any`
      --> /jet/build/struct_impl.rs:112618:16
       |
112618 | use std::any::{Any as JetWebStoreAny, TypeId as JetWebStoreTypeId};
       |                ^^^

warning: value assigned to `cursor` is never read
      --> /jet/build/struct_impl.rs:119731:17
       |
119731 |                 cursor += 2;
       |                 ^^^^^^^^^^^ this value is reassigned later and never used
...
119734 |                 cursor += 1;
       |                 ----------- `cursor` is overwritten here before the previous value is read
       |
       = note: `#[warn(unused_assignments)]` (part of `#[warn(unused)]`) on by default

warning: value assigned to `cursor` is never read
      --> /jet/build/struct_impl.rs:119734:17
       |
119734 |                 cursor += 1;
       |                 ^^^^^^^^^^^
       |
       = help: maybe it is overwritten before being read?

warning: unused variable: `prior`
      --> /jet/build/struct_impl.rs:129867:9
       |
129867 |         prior: &[jet_std::DataWatchEntry<jet_std::GroupValue<K, V>>],
       |         ^^^^^ help: if this is intentional, prefix it with an underscore: `_prior`
       |
       = note: `#[warn(unused_variables)]` (part of `#[warn(unused)]`) on by default

error: aborting due to 1 previous error; 76 warnings emitted

For more information about this error, try `rustc --explain E0277`.
