warning: trait `__jet_Display` should have an upper camel case name
 --> /jet/build/symbolic2_min2.rs:4:11
  |
4 | pub trait __jet_Display {
  |           ^^^^^^^^^^^^^ help: convert the identifier to upper camel case: `JetDisplay`
  |
  = note: `#[warn(non_camel_case_types)]` (part of `#[warn(nonstandard_style)]`) on by default

warning: trait `__jet_Equatable` should have an upper camel case name
 --> /jet/build/symbolic2_min2.rs:8:11
  |
8 | pub trait __jet_Equatable: Sized { fn equal(&self, rhs: &Self) -> bool; }
  |           ^^^^^^^^^^^^^^^ help: convert the identifier to upper camel case: `JetEquatable`

warning: type `__jet_Ordering` should have an upper camel case name
  --> /jet/build/symbolic2_min2.rs:24:10
   |
24 | pub enum __jet_Ordering { __jet_Less, __jet_Equal, __jet_Greater }
   |          ^^^^^^^^^^^^^^ help: convert the identifier to upper camel case: `JetOrdering`

warning: variant `__jet_Less` should have an upper camel case name
  --> /jet/build/symbolic2_min2.rs:24:27
   |
24 | pub enum __jet_Ordering { __jet_Less, __jet_Equal, __jet_Greater }
   |                           ^^^^^^^^^^ help: convert the identifier to upper camel case: `JetLess`

warning: variant `__jet_Equal` should have an upper camel case name
  --> /jet/build/symbolic2_min2.rs:24:39
   |
24 | pub enum __jet_Ordering { __jet_Less, __jet_Equal, __jet_Greater }
   |                                       ^^^^^^^^^^^ help: convert the identifier to upper camel case: `JetEqual`

warning: variant `__jet_Greater` should have an upper camel case name
  --> /jet/build/symbolic2_min2.rs:24:52
   |
24 | pub enum __jet_Ordering { __jet_Less, __jet_Equal, __jet_Greater }
   |                                                    ^^^^^^^^^^^^^ help: convert the identifier to upper camel case: `JetGreater`

warning: trait `__jet_Comparable` should have an upper camel case name
  --> /jet/build/symbolic2_min2.rs:26:11
   |
26 | pub trait __jet_Comparable: Sized { fn compare(&self, rhs: &Self) -> __jet_Ordering; }
   |           ^^^^^^^^^^^^^^^^ help: convert the identifier to upper camel case: `JetComparable`

warning: trait `__jet_Serialize` should have an upper camel case name
     --> /jet/build/symbolic2_min2.rs:39794:7
      |
39794 | trait __jet_Serialize {
      |       ^^^^^^^^^^^^^^^ help: convert the identifier to upper camel case: `JetSerialize`

warning: unused import: `Cell`
     --> /jet/build/symbolic2_min2.rs:44268:21
      |
44268 |     use std::cell::{Cell, RefCell};
      |                     ^^^^
      |
      = note: `#[warn(unused_imports)]` (part of `#[warn(unused)]`) on by default

warning: unused import: `JetUninit`
     --> /jet/build/symbolic2_min2.rs:44272:43
      |
44272 |     pub use super::jet_uninit_semantics::{JetUninit, JetUninitFixed};
      |                                           ^^^^^^^^^

warning: unused imports: `JetSentryFrame`, `JetSentryGuard`, `jet_sentry_current_frame`, `jet_sentry_fenced_scope`, `jet_sentry_frame`, `jet_sentry_policy_scope`, `jet_sentry_reset`, `jet_sentry_scope`, and `jet_sentry_set_hardened`
     --> /jet/build/symbolic2_min2.rs:44285:35
      |
44285 |         jet_memory_ledger_record, jet_sentry_current_frame, jet_sentry_fenced_scope,
      |                                   ^^^^^^^^^^^^^^^^^^^^^^^^  ^^^^^^^^^^^^^^^^^^^^^^^
44286 |         jet_sentry_frame, jet_sentry_policy_scope, jet_sentry_reset, jet_sentry_scope,
      |         ^^^^^^^^^^^^^^^^  ^^^^^^^^^^^^^^^^^^^^^^^  ^^^^^^^^^^^^^^^^  ^^^^^^^^^^^^^^^^
44287 |         jet_sentry_set_hardened, JetSentryFrame, JetSentryGuard, MemoryLedgerWitness,
      |         ^^^^^^^^^^^^^^^^^^^^^^^  ^^^^^^^^^^^^^^  ^^^^^^^^^^^^^^

warning: unused import: `crate::jet_encoding_json::render_json`
     --> /jet/build/symbolic2_min2.rs:64244:13
      |
64244 |     pub use crate::jet_encoding_json::render_json;
      |             ^^^^^^^^^^^^^^^^^^^^^^^^^^^^^^^^^^^^^

warning: unnecessary parentheses around block return value
     --> /jet/build/symbolic2_min2.rs:68183:13
      |
68183 |             (((exponent as u64 + 1023) << 52) | (top & ((1u64 << 52) - 1)))
      |             ^                                                             ^
      |
      = note: `#[warn(unused_parens)]` (part of `#[warn(unused)]`) on by default
help: remove these parentheses
      |
68183 -             (((exponent as u64 + 1023) << 52) | (top & ((1u64 << 52) - 1)))
68183 +             ((exponent as u64 + 1023) << 52) | (top & ((1u64 << 52) - 1))
      |

warning: unused import: `crate::jet_int_compare_hot`
     --> /jet/build/symbolic2_min2.rs:68521:9
      |
68521 | pub use crate::jet_int_compare_hot;
      |         ^^^^^^^^^^^^^^^^^^^^^^^^^^

warning: unused import: `crate::jet_int_add_hot`
     --> /jet/build/symbolic2_min2.rs:68545:9
      |
68545 | pub use crate::jet_int_add_hot;
      |         ^^^^^^^^^^^^^^^^^^^^^^

warning: unused import: `crate::jet_int_sub_hot`
     --> /jet/build/symbolic2_min2.rs:68569:9
      |
68569 | pub use crate::jet_int_sub_hot;
      |         ^^^^^^^^^^^^^^^^^^^^^^

warning: unused import: `crate::jet_int_mul_hot`
     --> /jet/build/symbolic2_min2.rs:68593:9
      |
68593 | pub use crate::jet_int_mul_hot;
      |         ^^^^^^^^^^^^^^^^^^^^^^

warning: unused import: `crate::jet_int_add_inline`
     --> /jet/build/symbolic2_min2.rs:68607:9
      |
68607 | pub use crate::jet_int_add_inline;
      |         ^^^^^^^^^^^^^^^^^^^^^^^^^

warning: unused import: `crate::jet_int_sub_inline`
     --> /jet/build/symbolic2_min2.rs:68617:9
      |
68617 | pub use crate::jet_int_sub_inline;
      |         ^^^^^^^^^^^^^^^^^^^^^^^^^

warning: unused import: `crate::jet_int_mul_inline`
     --> /jet/build/symbolic2_min2.rs:68627:9
      |
68627 | pub use crate::jet_int_mul_inline;
      |         ^^^^^^^^^^^^^^^^^^^^^^^^^

warning: unused import: `crate::jet_int_compare_inline`
     --> /jet/build/symbolic2_min2.rs:68641:9
      |
68641 | pub use crate::jet_int_compare_inline;
      |         ^^^^^^^^^^^^^^^^^^^^^^^^^^^^^

warning: unused import: `crate::jet_int_neg_inline`
     --> /jet/build/symbolic2_min2.rs:68650:9
      |
68650 | pub use crate::jet_int_neg_inline;
      |         ^^^^^^^^^^^^^^^^^^^^^^^^^

warning: unused import: `crate::jet_int_bit_and_hot`
     --> /jet/build/symbolic2_min2.rs:68669:9
      |
68669 | pub use crate::jet_int_bit_and_hot;
      |         ^^^^^^^^^^^^^^^^^^^^^^^^^^

warning: unused import: `crate::jet_int_bit_or_hot`
     --> /jet/build/symbolic2_min2.rs:68685:9
      |
68685 | pub use crate::jet_int_bit_or_hot;
      |         ^^^^^^^^^^^^^^^^^^^^^^^^^

warning: unused import: `crate::jet_int_bit_xor_hot`
     --> /jet/build/symbolic2_min2.rs:68701:9
      |
68701 | pub use crate::jet_int_bit_xor_hot;
      |         ^^^^^^^^^^^^^^^^^^^^^^^^^^

warning: unused imports: `JetCellEditGuard` and `JetCellReadGuard`
     --> /jet/build/symbolic2_min2.rs:74372:35
      |
74372 | pub use self::jet_cell::{JetCell, JetCellEditGuard, JetCellReadGuard};
      |                                   ^^^^^^^^^^^^^^^^  ^^^^^^^^^^^^^^^^

warning: unused imports: `JetStreamSender` and `jet_stream_task`
     --> /jet/build/symbolic2_min2.rs:75275:21
      |
75275 |     pub use super::{jet_stream_task, JetStream, JetStreamSender};
      |                     ^^^^^^^^^^^^^^^             ^^^^^^^^^^^^^^^

warning: unused import: `std::io::Write`
     --> /jet/build/symbolic2_min2.rs:94404:13
      |
94404 |         use std::io::Write;
      |             ^^^^^^^^^^^^^^

warning: unused import: `core::cell::Cell`
      --> /jet/build/symbolic2_min2.rs:112609:5
       |
112609 | use core::cell::Cell;
       |     ^^^^^^^^^^^^^^^^

warning: unused import: `jet_foundation::Devtools::JetDevtoolsEvent as JetWebStoreDevtoolsEvent`
      --> /jet/build/symbolic2_min2.rs:112612:5
       |
112612 | use jet_foundation::Devtools::JetDevtoolsEvent as JetWebStoreDevtoolsEvent;
       |     ^^^^^^^^^^^^^^^^^^^^^^^^^^^^^^^^^^^^^^^^^^^^^^^^^^^^^^^^^^^^^^^^^^^^^^

warning: unused import: `TypeId as JetWebStoreTypeId`
      --> /jet/build/symbolic2_min2.rs:112614:39
       |
112614 | use std::any::{Any as JetWebStoreAny, TypeId as JetWebStoreTypeId};
       |                                       ^^^^^^^^^^^^^^^^^^^^^^^^^^^

warning: unused imports: `BTreeMap as JetWebFormMap`, `BTreeMap as JetWebTablePages`, `BTreeSet as JetWebTableSet`, `HashMap as JetWebStoreMap`, and `VecDeque as JetWebStoreDeque`
      --> /jet/build/symbolic2_min2.rs:112615:62
       |
112615 | ...t, BTreeMap as JetWebFormMap, VecDeque as JetWebStoreDeque, HashMap as JetWebStoreMap, BTreeMap as JetWebTablePages, BTreeSet as JetWebTableSet, V...
       |       ^^^^^^^^^^^^^^^^^^^^^^^^^  ^^^^^^^^^^^^^^^^^^^^^^^^^^^^  ^^^^^^^^^^^^^^^^^^^^^^^^^  ^^^^^^^^^^^^^^^^^^^^^^^^^^^^  ^^^^^^^^^^^^^^^^^^^^^^^^^^

warning: unused import: `std::fs::OpenOptions`
      --> /jet/build/symbolic2_min2.rs:112616:5
       |
112616 | use std::fs::OpenOptions;
       |     ^^^^^^^^^^^^^^^^^^^^

warning: unused imports: `SeekFrom` and `Seek`
      --> /jet/build/symbolic2_min2.rs:112617:21
       |
112617 | use std::io::{Read, Seek, SeekFrom, Write};
       |                     ^^^^  ^^^^^^^^

warning: unused imports: `Component`, `PathBuf`, and `Path`
      --> /jet/build/symbolic2_min2.rs:112620:17
       |
112620 | use std::path::{Component, Path, PathBuf};
       |                 ^^^^^^^^^  ^^^^  ^^^^^^^

warning: unused imports: `Arc as JetWebFormArc`, `Arc as JetWebQueryArc`, `Arc as JetWebStoreArc`, `Arc as JetWebTableArc`, `Condvar as JetWebStoreCondvar`, `LazyLock as JetWebStoreLazyLock`, `LazyLock`, `Mutex as JetWebFormMutex`, `Mutex as JetWebQueryMutex`, `Mutex as JetWebStoreMutex`, and `Mutex as JetWebTableMutex`
      --> /jet/build/symbolic2_min2.rs:112621:54
       |
112621 | ...c, Arc as JetWebFormArc, Mutex as JetWebFormMutex, Arc as JetWebQueryArc, Mutex as JetWebQueryMutex, Arc as JetWebStoreArc, Condvar as JetWebStoreCondvar, LazyLock as JetWebStoreLazyLock, Mutex as JetWebStoreMutex, Arc as JetWebTableArc, Mutex as JetWebTableMutex, LazyLock, M...
       |       ^^^^^^^^^^^^^^^^^^^^  ^^^^^^^^^^^^^^^^^^^^^^^^  ^^^^^^^^^^^^^^^^^^^^^  ^^^^^^^^^^^^^^^^^^^^^^^^^  ^^^^^^^^^^^^^^^^^^^^^  ^^^^^^^^^^^^^^^^^^^^^^^^^^^^^  ^^^^^^^^^^^^^^^^^^^^^^^^^^^^^^^  ^^^^^^^^^^^^^^^^^^^^^^^^^  ^^^^^^^^^^^^^^^^^^^^^  ^^^^^^^^^^^^^^^^^^^^^^^^^  ^^^^^^^^

warning: unused import: `Ordering as JetWebFormOrdering`
      --> /jet/build/symbolic2_min2.rs:112622:60
       |
112622 | use std::sync::atomic::{AtomicBool, AtomicU8, AtomicUsize, Ordering as JetWebFormOrdering};
       |                                                            ^^^^^^^^^^^^^^^^^^^^^^^^^^^^^^

warning: unused imports: `SystemTime as JetWebStoreSystemTime`, `SystemTime`, `UNIX_EPOCH as JetWebStoreUnixEpoch`, and `UNIX_EPOCH`
      --> /jet/build/symbolic2_min2.rs:112623:36
       |
112623 | ...tion, Instant, SystemTime as JetWebStoreSystemTime, UNIX_EPOCH as JetWebStoreUnixEpoch, SystemTime, UNIX_EPOCH};
       |                   ^^^^^^^^^^^^^^^^^^^^^^^^^^^^^^^^^^^  ^^^^^^^^^^^^^^^^^^^^^^^^^^^^^^^^^^  ^^^^^^^^^^  ^^^^^^^^^^

warning: type `__jet__shome_snate_s_dcache_sjet_hluna_sdx3_s_udefects_sdsl_hsymbolic_spkg_c_csymbolic2_umin2_djet_c_cKind` should have an upper camel case name
      --> /jet/build/symbolic2_min2.rs:135305:6
       |
135305 | enum __jet__shome_snate_s_dcache_sjet_hluna_sdx3_s_udefects_sdsl_hsymbolic_spkg_c_csymbolic2_umin2_djet_c_cKind {
       |      ^^^^^^^^^^^^^^^^^^^^^^^^^^^^^^^^^^^^^^^^^^^^^^^^^^^^^^^^^^^^^^^^^^^^^^^^^^^^^^^^^^^^^^^^^^^^^^^^^^^^^^^^^^ help: convert the identifier to upper camel case: `JetShomeSnateSDcacheSjetHlunaSdx3SUdefectsSdslHsymbolicSpkgCCsymbolic2Umin2DjetCCKind`

warning: variant `__jet_Pair` should have an upper camel case name
      --> /jet/build/symbolic2_min2.rs:135306:5
       |
135306 |     __jet_Pair {
       |     ^^^^^^^^^^ help: convert the identifier to upper camel case: `JetPair`

warning: unnecessary parentheses around function argument
      --> /jet/build/symbolic2_min2.rs:135483:52
       |
135483 | ...me((((__jet_v_2456047474314288541.as_ref().expect("MIR value")).clone()) > ((__jet_v_12494469930742955422.as_ref().expect("MIR value")).clone())));
       |       ^                                                                                                                                            ^
       |
help: remove these parentheses
       |
135483 -                 __jet_v_1598304588848276976 = Some((((__jet_v_2456047474314288541.as_ref().expect("MIR value")).clone()) > ((__jet_v_12494469930742955422.as_ref().expect("MIR value")).clone())));
135483 +                 __jet_v_1598304588848276976 = Some(((__jet_v_2456047474314288541.as_ref().expect("MIR value")).clone()) > ((__jet_v_12494469930742955422.as_ref().expect("MIR value")).clone()));
       |

warning: unnecessary parentheses around function argument
      --> /jet/build/symbolic2_min2.rs:135505:52
       |
135505 | ...me((((__jet_v_420848763298421721.as_ref().expect("MIR value")).clone()) < ((__jet_v_11764294495351289824.as_ref().expect("MIR value")).clone())));
       |       ^                                                                                                                                           ^
       |
help: remove these parentheses
       |
135505 -                 __jet_v_7515152938639384015 = Some((((__jet_v_420848763298421721.as_ref().expect("MIR value")).clone()) < ((__jet_v_11764294495351289824.as_ref().expect("MIR value")).clone())));
135505 +                 __jet_v_7515152938639384015 = Some(((__jet_v_420848763298421721.as_ref().expect("MIR value")).clone()) < ((__jet_v_11764294495351289824.as_ref().expect("MIR value")).clone()));
       |

warning: unnecessary parentheses around function argument
      --> /jet/build/symbolic2_min2.rs:135549:53
       |
135549 | ...me((((__jet_v_5021965898830106137.as_ref().expect("MIR value")).clone()) < ((__jet_v_18165777640809417466.as_ref().expect("MIR value")).clone())));
       |       ^                                                                                                                                            ^
       |
help: remove these parentheses
       |
135549 -                 __jet_v_14859179992923426904 = Some((((__jet_v_5021965898830106137.as_ref().expect("MIR value")).clone()) < ((__jet_v_18165777640809417466.as_ref().expect("MIR value")).clone())));
135549 +                 __jet_v_14859179992923426904 = Some(((__jet_v_5021965898830106137.as_ref().expect("MIR value")).clone()) < ((__jet_v_18165777640809417466.as_ref().expect("MIR value")).clone()));
       |

warning: unnecessary parentheses around function argument
      --> /jet/build/symbolic2_min2.rs:135626:51
       |
135626 | ...me((((__jet_v_4809911221721940445.as_ref().expect("MIR value")).clone()) > ((__jet_v_1966507725386187164.as_ref().expect("MIR value")).clone())));
       |       ^                                                                                                                                           ^
       |
help: remove these parentheses
       |
135626 -                 __jet_v_221496899647874419 = Some((((__jet_v_4809911221721940445.as_ref().expect("MIR value")).clone()) > ((__jet_v_1966507725386187164.as_ref().expect("MIR value")).clone())));
135626 +                 __jet_v_221496899647874419 = Some(((__jet_v_4809911221721940445.as_ref().expect("MIR value")).clone()) > ((__jet_v_1966507725386187164.as_ref().expect("MIR value")).clone()));
       |

warning: unnecessary parentheses around function argument
      --> /jet/build/symbolic2_min2.rs:135845:52
       |
135845 |                 __jet_v_7026897245009120304 = Some((!(*(__jet_v_6418350614853168999.as_ref().expect("MIR value")))));
       |                                                    ^                                                              ^
       |
help: remove these parentheses
       |
135845 -                 __jet_v_7026897245009120304 = Some((!(*(__jet_v_6418350614853168999.as_ref().expect("MIR value")))));
135845 +                 __jet_v_7026897245009120304 = Some(!(*(__jet_v_6418350614853168999.as_ref().expect("MIR value"))));
       |

warning: unnecessary parentheses around function argument
      --> /jet/build/symbolic2_min2.rs:135884:53
       |
135884 |                 __jet_v_10735317043636697212 = Some((!(*(__jet_v_15032730987162090175.as_ref().expect("MIR value")))));
       |                                                     ^                                                               ^
       |
help: remove these parentheses
       |
135884 -                 __jet_v_10735317043636697212 = Some((!(*(__jet_v_15032730987162090175.as_ref().expect("MIR value")))));
135884 +                 __jet_v_10735317043636697212 = Some(!(*(__jet_v_15032730987162090175.as_ref().expect("MIR value"))));
       |

warning: unnecessary parentheses around function argument
      --> /jet/build/symbolic2_min2.rs:136241:53
       |
136241 | ...me((((__jet_v_4009967496990926886.as_ref().expect("MIR value")).clone()) != ((__jet_v_11242261019388133177.as_ref().expect("MIR value")).clone())));
       |       ^                                                                                                                                             ^
       |
help: remove these parentheses
       |
136241 -                 __jet_v_17891339304090263681 = Some((((__jet_v_4009967496990926886.as_ref().expect("MIR value")).clone()) != ((__jet_v_11242261019388133177.as_ref().expect("MIR value")).clone())));
136241 +                 __jet_v_17891339304090263681 = Some(((__jet_v_4009967496990926886.as_ref().expect("MIR value")).clone()) != ((__jet_v_11242261019388133177.as_ref().expect("MIR value")).clone()));
       |

warning: unnecessary parentheses around function argument
      --> /jet/build/symbolic2_min2.rs:136286:52
       |
136286 | ...me((((__jet_v_9501817837148431894.as_ref().expect("MIR value")).clone()) != ((__jet_v_11979285083116109412.as_ref().expect("MIR value")).clone())));
       |       ^                                                                                                                                             ^
       |
help: remove these parentheses
       |
136286 -                 __jet_v_5782162600126889285 = Some((((__jet_v_9501817837148431894.as_ref().expect("MIR value")).clone()) != ((__jet_v_11979285083116109412.as_ref().expect("MIR value")).clone())));
136286 +                 __jet_v_5782162600126889285 = Some(((__jet_v_9501817837148431894.as_ref().expect("MIR value")).clone()) != ((__jet_v_11979285083116109412.as_ref().expect("MIR value")).clone()));
       |

error[E0026]: variant `__jet__shome_snate_s_dcache_sjet_hluna_sdx3_s_udefects_sdsl_hsymbolic_spkg_c_csymbolic2_umin2_djet_c_cKind::__jet_Pair` does not have a field named `__jet_left`
      --> /jet/build/symbolic2_min2.rs:135374:236
       |
135374 | ..._csymbolic2_umin2_djet_c_cKind::__jet_Pair { __jet_left: payload, .. } => payload, _ => unreachable!("MIR enum payload varian...
       |                                                 ^^^^^^^^^^ variant `__jet__shome_snate_s_dcache_sjet_hluna_sdx3_s_udefects_sdsl_hsymbolic_spkg_c_csymbolic2_umin2_djet_c_cKind::__jet_Pair` does not have this field

error[E0026]: variant `__jet__shome_snate_s_dcache_sjet_hluna_sdx3_s_udefects_sdsl_hsymbolic_spkg_c_csymbolic2_umin2_djet_c_cKind::__jet_Pair` does not have a field named `__jet_right`
      --> /jet/build/symbolic2_min2.rs:135376:236
       |
135376 | ..._csymbolic2_umin2_djet_c_cKind::__jet_Pair { __jet_right: payload, .. } => payload, _ => unreachable!("MIR enum payload varia...
       |                                                 ^^^^^^^^^^^ variant `__jet__shome_snate_s_dcache_sjet_hluna_sdx3_s_udefects_sdsl_hsymbolic_spkg_c_csymbolic2_umin2_djet_c_cKind::__jet_Pair` does not have this field

error[E0026]: variant `__jet__shome_snate_s_dcache_sjet_hluna_sdx3_s_udefects_sdsl_hsymbolic_spkg_c_csymbolic2_umin2_djet_c_cKind::__jet_Pair` does not have a field named `__jet_left`
      --> /jet/build/symbolic2_min2.rs:135521:237
       |
135521 | ..._csymbolic2_umin2_djet_c_cKind::__jet_Pair { __jet_left: payload, .. } => payload, _ => unreachable!("MIR enum payload varian...
       |                                                 ^^^^^^^^^^ variant `__jet__shome_snate_s_dcache_sjet_hluna_sdx3_s_udefects_sdsl_hsymbolic_spkg_c_csymbolic2_umin2_djet_c_cKind::__jet_Pair` does not have this field

error[E0026]: variant `__jet__shome_snate_s_dcache_sjet_hluna_sdx3_s_udefects_sdsl_hsymbolic_spkg_c_csymbolic2_umin2_djet_c_cKind::__jet_Pair` does not have a field named `__jet_right`
      --> /jet/build/symbolic2_min2.rs:135523:237
       |
135523 | ..._csymbolic2_umin2_djet_c_cKind::__jet_Pair { __jet_right: payload, .. } => payload, _ => unreachable!("MIR enum payload varia...
       |                                                 ^^^^^^^^^^^ variant `__jet__shome_snate_s_dcache_sjet_hluna_sdx3_s_udefects_sdsl_hsymbolic_spkg_c_csymbolic2_umin2_djet_c_cKind::__jet_Pair` does not have this field

error[E0026]: variant `__jet__shome_snate_s_dcache_sjet_hluna_sdx3_s_udefects_sdsl_hsymbolic_spkg_c_csymbolic2_umin2_djet_c_cKind::__jet_Pair` does not have a field named `__jet_left`
      --> /jet/build/symbolic2_min2.rs:135588:237
       |
135588 | ..._csymbolic2_umin2_djet_c_cKind::__jet_Pair { __jet_left: payload, .. } => payload, _ => unreachable!("MIR enum payload varian...
       |                                                 ^^^^^^^^^^ variant `__jet__shome_snate_s_dcache_sjet_hluna_sdx3_s_udefects_sdsl_hsymbolic_spkg_c_csymbolic2_umin2_djet_c_cKind::__jet_Pair` does not have this field

error[E0026]: variant `__jet__shome_snate_s_dcache_sjet_hluna_sdx3_s_udefects_sdsl_hsymbolic_spkg_c_csymbolic2_umin2_djet_c_cKind::__jet_Pair` does not have a field named `__jet_right`
      --> /jet/build/symbolic2_min2.rs:135590:237
       |
135590 | ..._csymbolic2_umin2_djet_c_cKind::__jet_Pair { __jet_right: payload, .. } => payload, _ => unreachable!("MIR enum payload varia...
       |                                                 ^^^^^^^^^^^ variant `__jet__shome_snate_s_dcache_sjet_hluna_sdx3_s_udefects_sdsl_hsymbolic_spkg_c_csymbolic2_umin2_djet_c_cKind::__jet_Pair` does not have this field

error[E0559]: variant `__jet__shome_snate_s_dcache_sjet_hluna_sdx3_s_udefects_sdsl_hsymbolic_spkg_c_csymbolic2_umin2_djet_c_cKind::__jet_Pair` has no field named `__jet_left`
      --> /jet/build/symbolic2_min2.rs:135866:173
       |
135866 | ...pkg_c_csymbolic2_umin2_djet_c_cKind::__jet_Pair { __jet_left: __jet_v_3026799792246253154.take().expect("MIR value"), __jet_r...
       |                                                      ^^^^^^^^^^ unknown field
       |
help: a field with a similar name exists
       |
135866 |                 __jet_v_8070557701001814124 = Some(__jet__shome_snate_s_dcache_sjet_hluna_sdx3_s_udefects_sdsl_hsymbolic_spkg_c_csymbolic2_umin2_djet_c_cKind::__jet_Pair { __jet_leftpub: __jet_v_3026799792246253154.take().expect("MIR value"), __jet_right: __jet_v_9655396576981303719.take().expect("MIR value") });
       |                                                                                                                                                                                       +++

error[E0559]: variant `__jet__shome_snate_s_dcache_sjet_hluna_sdx3_s_udefects_sdsl_hsymbolic_spkg_c_csymbolic2_umin2_djet_c_cKind::__jet_Pair` has no field named `__jet_right`
      --> /jet/build/symbolic2_min2.rs:135866:241
       |
135866 | ...v_3026799792246253154.take().expect("MIR value"), __jet_right: __jet_v_9655396576981303719.take().expect("MIR value") });
       |                                                      ^^^^^^^^^^^ unknown field
       |
help: a field with a similar name exists
       |
135866 |                 __jet_v_8070557701001814124 = Some(__jet__shome_snate_s_dcache_sjet_hluna_sdx3_s_udefects_sdsl_hsymbolic_spkg_c_csymbolic2_umin2_djet_c_cKind::__jet_Pair { __jet_left: __jet_v_3026799792246253154.take().expect("MIR value"), __jet_rightpub: __jet_v_9655396576981303719.take().expect("MIR value") });
       |                                                                                                                                                                                                                                                            +++

error[E0026]: variant `__jet__shome_snate_s_dcache_sjet_hluna_sdx3_s_udefects_sdsl_hsymbolic_spkg_c_csymbolic2_umin2_djet_c_cKind::__jet_Pair` does not have a field named `__jet_left`
      --> /jet/build/symbolic2_min2.rs:136275:237
       |
136275 | ..._csymbolic2_umin2_djet_c_cKind::__jet_Pair { __jet_left: payload, .. } => payload, _ => unreachable!("MIR enum payload varian...
       |                                                 ^^^^^^^^^^ variant `__jet__shome_snate_s_dcache_sjet_hluna_sdx3_s_udefects_sdsl_hsymbolic_spkg_c_csymbolic2_umin2_djet_c_cKind::__jet_Pair` does not have this field

error[E0026]: variant `__jet__shome_snate_s_dcache_sjet_hluna_sdx3_s_udefects_sdsl_hsymbolic_spkg_c_csymbolic2_umin2_djet_c_cKind::__jet_Pair` does not have a field named `__jet_right`
      --> /jet/build/symbolic2_min2.rs:136277:237
       |
136277 | ..._csymbolic2_umin2_djet_c_cKind::__jet_Pair { __jet_right: payload, .. } => payload, _ => unreachable!("MIR enum payload varia...
       |                                                 ^^^^^^^^^^^ variant `__jet__shome_snate_s_dcache_sjet_hluna_sdx3_s_udefects_sdsl_hsymbolic_spkg_c_csymbolic2_umin2_djet_c_cKind::__jet_Pair` does not have this field

error[E0026]: variant `__jet__shome_snate_s_dcache_sjet_hluna_sdx3_s_udefects_sdsl_hsymbolic_spkg_c_csymbolic2_umin2_djet_c_cKind::__jet_Pair` does not have a field named `__jet_left`
      --> /jet/build/symbolic2_min2.rs:136302:235
       |
136302 | ..._csymbolic2_umin2_djet_c_cKind::__jet_Pair { __jet_left: payload, .. } => payload, _ => unreachable!("MIR enum payload varian...
       |                                                 ^^^^^^^^^^ variant `__jet__shome_snate_s_dcache_sjet_hluna_sdx3_s_udefects_sdsl_hsymbolic_spkg_c_csymbolic2_umin2_djet_c_cKind::__jet_Pair` does not have this field

error[E0026]: variant `__jet__shome_snate_s_dcache_sjet_hluna_sdx3_s_udefects_sdsl_hsymbolic_spkg_c_csymbolic2_umin2_djet_c_cKind::__jet_Pair` does not have a field named `__jet_right`
      --> /jet/build/symbolic2_min2.rs:136304:235
       |
136304 | ..._csymbolic2_umin2_djet_c_cKind::__jet_Pair { __jet_right: payload, .. } => payload, _ => unreachable!("MIR enum payload varia...
       |                                                 ^^^^^^^^^^^ variant `__jet__shome_snate_s_dcache_sjet_hluna_sdx3_s_udefects_sdsl_hsymbolic_spkg_c_csymbolic2_umin2_djet_c_cKind::__jet_Pair` does not have this field

error[E0026]: variant `__jet__shome_snate_s_dcache_sjet_hluna_sdx3_s_udefects_sdsl_hsymbolic_spkg_c_csymbolic2_umin2_djet_c_cKind::__jet_Pair` does not have a field named `__jet_left`
      --> /jet/build/symbolic2_min2.rs:136388:236
       |
136388 | ..._csymbolic2_umin2_djet_c_cKind::__jet_Pair { __jet_left: payload, .. } => payload, _ => unreachable!("MIR enum payload varian...
       |                                                 ^^^^^^^^^^ variant `__jet__shome_snate_s_dcache_sjet_hluna_sdx3_s_udefects_sdsl_hsymbolic_spkg_c_csymbolic2_umin2_djet_c_cKind::__jet_Pair` does not have this field

error[E0026]: variant `__jet__shome_snate_s_dcache_sjet_hluna_sdx3_s_udefects_sdsl_hsymbolic_spkg_c_csymbolic2_umin2_djet_c_cKind::__jet_Pair` does not have a field named `__jet_right`
      --> /jet/build/symbolic2_min2.rs:136390:236
       |
136390 | ..._csymbolic2_umin2_djet_c_cKind::__jet_Pair { __jet_right: payload, .. } => payload, _ => unreachable!("MIR enum payload varia...
       |                                                 ^^^^^^^^^^^ variant `__jet__shome_snate_s_dcache_sjet_hluna_sdx3_s_udefects_sdsl_hsymbolic_spkg_c_csymbolic2_umin2_djet_c_cKind::__jet_Pair` does not have this field

error[E0559]: variant `__jet__shome_snate_s_dcache_sjet_hluna_sdx3_s_udefects_sdsl_hsymbolic_spkg_c_csymbolic2_umin2_djet_c_cKind::__jet_Pair` has no field named `__jet_left`
      --> /jet/build/symbolic2_min2.rs:136399:173
       |
136399 | ...pkg_c_csymbolic2_umin2_djet_c_cKind::__jet_Pair { __jet_left: __jet_v_16470983394348661372.take().expect("MIR value"), __jet_...
       |                                                      ^^^^^^^^^^ unknown field
       |
help: a field with a similar name exists
       |
136399 |                 __jet_v_7695089318543939154 = Some(__jet__shome_snate_s_dcache_sjet_hluna_sdx3_s_udefects_sdsl_hsymbolic_spkg_c_csymbolic2_umin2_djet_c_cKind::__jet_Pair { __jet_leftpub: __jet_v_16470983394348661372.take().expect("MIR value"), __jet_right: __jet_v_10972024410811933397.take().expect("MIR value") });
       |                                                                                                                                                                                       +++

error[E0559]: variant `__jet__shome_snate_s_dcache_sjet_hluna_sdx3_s_udefects_sdsl_hsymbolic_spkg_c_csymbolic2_umin2_djet_c_cKind::__jet_Pair` has no field named `__jet_right`
      --> /jet/build/symbolic2_min2.rs:136399:242
       |
136399 | ..._16470983394348661372.take().expect("MIR value"), __jet_right: __jet_v_10972024410811933397.take().expect("MIR value") });
       |                                                      ^^^^^^^^^^^ unknown field
       |
help: a field with a similar name exists
       |
136399 |                 __jet_v_7695089318543939154 = Some(__jet__shome_snate_s_dcache_sjet_hluna_sdx3_s_udefects_sdsl_hsymbolic_spkg_c_csymbolic2_umin2_djet_c_cKind::__jet_Pair { __jet_left: __jet_v_16470983394348661372.take().expect("MIR value"), __jet_rightpub: __jet_v_10972024410811933397.take().expect("MIR value") });
       |                                                                                                                                                                                                                                                             +++

warning: unused import: `Read`
      --> /jet/build/symbolic2_min2.rs:112617:15
       |
112617 | use std::io::{Read, Seek, SeekFrom, Write};
       |               ^^^^

warning: unused import: `Write`
      --> /jet/build/symbolic2_min2.rs:112617:37
       |
112617 | use std::io::{Read, Seek, SeekFrom, Write};
       |                                     ^^^^^

warning: unused import: `Any`
      --> /jet/build/symbolic2_min2.rs:112614:16
       |
112614 | use std::any::{Any as JetWebStoreAny, TypeId as JetWebStoreTypeId};
       |                ^^^

warning: value assigned to `cursor` is never read
      --> /jet/build/symbolic2_min2.rs:119727:17
       |
119727 |                 cursor += 2;
       |                 ^^^^^^^^^^^ this value is reassigned later and never used
...
119730 |                 cursor += 1;
       |                 ----------- `cursor` is overwritten here before the previous value is read
       |
       = note: `#[warn(unused_assignments)]` (part of `#[warn(unused)]`) on by default

warning: value assigned to `cursor` is never read
      --> /jet/build/symbolic2_min2.rs:119730:17
       |
119730 |                 cursor += 1;
       |                 ^^^^^^^^^^^
       |
       = help: maybe it is overwritten before being read?

warning: unused variable: `prior`
      --> /jet/build/symbolic2_min2.rs:129863:9
       |
129863 |         prior: &[jet_std::DataWatchEntry<jet_std::GroupValue<K, V>>],
       |         ^^^^^ help: if this is intentional, prefix it with an underscore: `_prior`
       |
       = note: `#[warn(unused_variables)]` (part of `#[warn(unused)]`) on by default

error: aborting due to 16 previous errors; 54 warnings emitted

Some errors have detailed explanations: E0026, E0559.
For more information about an error, try `rustc --explain E0026`.
