warning: trait `__jet_Display` should have an upper camel case name
 --> /jet/build/user_defined.rs:4:11
  |
4 | pub trait __jet_Display {
  |           ^^^^^^^^^^^^^ help: convert the identifier to upper camel case: `JetDisplay`
  |
  = note: `#[warn(non_camel_case_types)]` (part of `#[warn(nonstandard_style)]`) on by default

warning: trait `__jet_Equatable` should have an upper camel case name
 --> /jet/build/user_defined.rs:8:11
  |
8 | pub trait __jet_Equatable: Sized { fn equal(&self, rhs: &Self) -> bool; }
  |           ^^^^^^^^^^^^^^^ help: convert the identifier to upper camel case: `JetEquatable`

warning: type `__jet_Ordering` should have an upper camel case name
  --> /jet/build/user_defined.rs:24:10
   |
24 | pub enum __jet_Ordering { __jet_Less, __jet_Equal, __jet_Greater }
   |          ^^^^^^^^^^^^^^ help: convert the identifier to upper camel case: `JetOrdering`

warning: variant `__jet_Less` should have an upper camel case name
  --> /jet/build/user_defined.rs:24:27
   |
24 | pub enum __jet_Ordering { __jet_Less, __jet_Equal, __jet_Greater }
   |                           ^^^^^^^^^^ help: convert the identifier to upper camel case: `JetLess`

warning: variant `__jet_Equal` should have an upper camel case name
  --> /jet/build/user_defined.rs:24:39
   |
24 | pub enum __jet_Ordering { __jet_Less, __jet_Equal, __jet_Greater }
   |                                       ^^^^^^^^^^^ help: convert the identifier to upper camel case: `JetEqual`

warning: variant `__jet_Greater` should have an upper camel case name
  --> /jet/build/user_defined.rs:24:52
   |
24 | pub enum __jet_Ordering { __jet_Less, __jet_Equal, __jet_Greater }
   |                                                    ^^^^^^^^^^^^^ help: convert the identifier to upper camel case: `JetGreater`

warning: trait `__jet_Comparable` should have an upper camel case name
  --> /jet/build/user_defined.rs:26:11
   |
26 | pub trait __jet_Comparable: Sized { fn compare(&self, rhs: &Self) -> __jet_Ordering; }
   |           ^^^^^^^^^^^^^^^^ help: convert the identifier to upper camel case: `JetComparable`

warning: trait `__jet_Add` should have an upper camel case name
  --> /jet/build/user_defined.rs:38:11
   |
38 | pub trait __jet_Add<Rhs = Self>: Sized { type Output; fn add(&self, rhs: &Rhs) -> Self::Output; }
   |           ^^^^^^^^^ help: convert the identifier to upper camel case: `JetAdd`

warning: trait `__jet_Sub` should have an upper camel case name
  --> /jet/build/user_defined.rs:39:11
   |
39 | pub trait __jet_Sub<Rhs = Self>: Sized { type Output; fn sub(&self, rhs: &Rhs) -> Self::Output; }
   |           ^^^^^^^^^ help: convert the identifier to upper camel case: `JetSub`

warning: trait `__jet_Mul` should have an upper camel case name
  --> /jet/build/user_defined.rs:40:11
   |
40 | pub trait __jet_Mul<Rhs = Self>: Sized { type Output; fn mul(&self, rhs: &Rhs) -> Self::Output; }
   |           ^^^^^^^^^ help: convert the identifier to upper camel case: `JetMul`

warning: trait `__jet_Div` should have an upper camel case name
  --> /jet/build/user_defined.rs:41:11
   |
41 | pub trait __jet_Div<Rhs = Self>: Sized { type Output; fn div(&self, rhs: &Rhs) -> Self::Output; }
   |           ^^^^^^^^^ help: convert the identifier to upper camel case: `JetDiv`

warning: trait `__jet_Serialize` should have an upper camel case name
     --> /jet/build/user_defined.rs:40368:7
      |
40368 | trait __jet_Serialize {
      |       ^^^^^^^^^^^^^^^ help: convert the identifier to upper camel case: `JetSerialize`

warning: unused import: `Cell`
     --> /jet/build/user_defined.rs:44862:21
      |
44862 |     use std::cell::{Cell, RefCell};
      |                     ^^^^
      |
      = note: `#[warn(unused_imports)]` (part of `#[warn(unused)]`) on by default

warning: unused import: `JetUninit`
     --> /jet/build/user_defined.rs:44866:43
      |
44866 |     pub use super::jet_uninit_semantics::{JetUninit, JetUninitFixed};
      |                                           ^^^^^^^^^

warning: unused imports: `JetSentryFrame`, `JetSentryGuard`, `jet_sentry_current_frame`, `jet_sentry_fenced_scope`, `jet_sentry_frame`, `jet_sentry_policy_scope`, `jet_sentry_reset`, `jet_sentry_scope`, and `jet_sentry_set_hardened`
     --> /jet/build/user_defined.rs:44879:35
      |
44879 |         jet_memory_ledger_record, jet_sentry_current_frame, jet_sentry_fenced_scope,
      |                                   ^^^^^^^^^^^^^^^^^^^^^^^^  ^^^^^^^^^^^^^^^^^^^^^^^
44880 |         jet_sentry_frame, jet_sentry_policy_scope, jet_sentry_reset, jet_sentry_scope,
      |         ^^^^^^^^^^^^^^^^  ^^^^^^^^^^^^^^^^^^^^^^^  ^^^^^^^^^^^^^^^^  ^^^^^^^^^^^^^^^^
44881 |         jet_sentry_set_hardened, JetSentryFrame, JetSentryGuard, MemoryLedgerWitness,
      |         ^^^^^^^^^^^^^^^^^^^^^^^  ^^^^^^^^^^^^^^  ^^^^^^^^^^^^^^

warning: unused import: `crate::jet_encoding_json::render_json`
     --> /jet/build/user_defined.rs:64855:13
      |
64855 |     pub use crate::jet_encoding_json::render_json;
      |             ^^^^^^^^^^^^^^^^^^^^^^^^^^^^^^^^^^^^^

warning: unnecessary parentheses around block return value
     --> /jet/build/user_defined.rs:68844:13
      |
68844 |             (((exponent as u64 + 1023) << 52) | (top & ((1u64 << 52) - 1)))
      |             ^                                                             ^
      |
      = note: `#[warn(unused_parens)]` (part of `#[warn(unused)]`) on by default
help: remove these parentheses
      |
68844 -             (((exponent as u64 + 1023) << 52) | (top & ((1u64 << 52) - 1)))
68844 +             ((exponent as u64 + 1023) << 52) | (top & ((1u64 << 52) - 1))
      |

warning: unused import: `crate::jet_int_compare_hot`
     --> /jet/build/user_defined.rs:69189:9
      |
69189 | pub use crate::jet_int_compare_hot;
      |         ^^^^^^^^^^^^^^^^^^^^^^^^^^

warning: unused import: `crate::jet_int_add_hot`
     --> /jet/build/user_defined.rs:69213:9
      |
69213 | pub use crate::jet_int_add_hot;
      |         ^^^^^^^^^^^^^^^^^^^^^^

warning: unused import: `crate::jet_int_sub_hot`
     --> /jet/build/user_defined.rs:69237:9
      |
69237 | pub use crate::jet_int_sub_hot;
      |         ^^^^^^^^^^^^^^^^^^^^^^

warning: unused import: `crate::jet_int_mul_hot`
     --> /jet/build/user_defined.rs:69261:9
      |
69261 | pub use crate::jet_int_mul_hot;
      |         ^^^^^^^^^^^^^^^^^^^^^^

warning: unused import: `crate::jet_int_add_inline`
     --> /jet/build/user_defined.rs:69275:9
      |
69275 | pub use crate::jet_int_add_inline;
      |         ^^^^^^^^^^^^^^^^^^^^^^^^^

warning: unused import: `crate::jet_int_sub_inline`
     --> /jet/build/user_defined.rs:69285:9
      |
69285 | pub use crate::jet_int_sub_inline;
      |         ^^^^^^^^^^^^^^^^^^^^^^^^^

warning: unused import: `crate::jet_int_mul_inline`
     --> /jet/build/user_defined.rs:69295:9
      |
69295 | pub use crate::jet_int_mul_inline;
      |         ^^^^^^^^^^^^^^^^^^^^^^^^^

warning: unused import: `crate::jet_int_compare_inline`
     --> /jet/build/user_defined.rs:69309:9
      |
69309 | pub use crate::jet_int_compare_inline;
      |         ^^^^^^^^^^^^^^^^^^^^^^^^^^^^^

warning: unused import: `crate::jet_int_neg_inline`
     --> /jet/build/user_defined.rs:69318:9
      |
69318 | pub use crate::jet_int_neg_inline;
      |         ^^^^^^^^^^^^^^^^^^^^^^^^^

warning: unused import: `crate::jet_int_bit_and_hot`
     --> /jet/build/user_defined.rs:69337:9
      |
69337 | pub use crate::jet_int_bit_and_hot;
      |         ^^^^^^^^^^^^^^^^^^^^^^^^^^

warning: unused import: `crate::jet_int_bit_or_hot`
     --> /jet/build/user_defined.rs:69353:9
      |
69353 | pub use crate::jet_int_bit_or_hot;
      |         ^^^^^^^^^^^^^^^^^^^^^^^^^

warning: unused import: `crate::jet_int_bit_xor_hot`
     --> /jet/build/user_defined.rs:69369:9
      |
69369 | pub use crate::jet_int_bit_xor_hot;
      |         ^^^^^^^^^^^^^^^^^^^^^^^^^^

warning: unused imports: `JetCellEditGuard` and `JetCellReadGuard`
     --> /jet/build/user_defined.rs:75123:35
      |
75123 | pub use self::jet_cell::{JetCell, JetCellEditGuard, JetCellReadGuard};
      |                                   ^^^^^^^^^^^^^^^^  ^^^^^^^^^^^^^^^^

warning: unused imports: `JetStreamSender` and `jet_stream_task`
     --> /jet/build/user_defined.rs:76064:21
      |
76064 |     pub use super::{jet_stream_task, JetStream, JetStreamSender};
      |                     ^^^^^^^^^^^^^^^             ^^^^^^^^^^^^^^^

warning: unused import: `std::io::Write`
     --> /jet/build/user_defined.rs:92178:13
      |
92178 |         use std::io::Write;
      |             ^^^^^^^^^^^^^^

warning: unused import: `core::cell::Cell`
      --> /jet/build/user_defined.rs:110971:5
       |
110971 | use core::cell::Cell;
       |     ^^^^^^^^^^^^^^^^

warning: unused import: `jet_foundation::Devtools::JetDevtoolsEvent as JetWebStoreDevtoolsEvent`
      --> /jet/build/user_defined.rs:110974:5
       |
110974 | use jet_foundation::Devtools::JetDevtoolsEvent as JetWebStoreDevtoolsEvent;
       |     ^^^^^^^^^^^^^^^^^^^^^^^^^^^^^^^^^^^^^^^^^^^^^^^^^^^^^^^^^^^^^^^^^^^^^^

warning: unused import: `TypeId as JetWebStoreTypeId`
      --> /jet/build/user_defined.rs:110976:39
       |
110976 | use std::any::{Any as JetWebStoreAny, TypeId as JetWebStoreTypeId};
       |                                       ^^^^^^^^^^^^^^^^^^^^^^^^^^^

warning: unused imports: `BTreeMap as JetWebFormMap`, `BTreeMap as JetWebTablePages`, `BTreeMap`, `BTreeSet as JetWebTableSet`, `BTreeSet`, `HashMap as JetWebStoreMap`, and `VecDeque as JetWebStoreDeque`
      --> /jet/build/user_defined.rs:110977:24
       |
110977 | ...::{BTreeMap, BTreeSet, HashMap, HashSet, BTreeMap as JetWebFormMap, VecDeque as JetWebStoreDeque, HashMap as JetWebStoreMap, BTreeMap as JetWebTablePages, BTreeSet as JetWebTableSet, V...
       |       ^^^^^^^^  ^^^^^^^^                    ^^^^^^^^^^^^^^^^^^^^^^^^^  ^^^^^^^^^^^^^^^^^^^^^^^^^^^^  ^^^^^^^^^^^^^^^^^^^^^^^^^  ^^^^^^^^^^^^^^^^^^^^^^^^^^^^  ^^^^^^^^^^^^^^^^^^^^^^^^^^

warning: unused import: `std::fs::OpenOptions`
      --> /jet/build/user_defined.rs:110978:5
       |
110978 | use std::fs::OpenOptions;
       |     ^^^^^^^^^^^^^^^^^^^^

warning: unused imports: `SeekFrom` and `Seek`
      --> /jet/build/user_defined.rs:110979:21
       |
110979 | use std::io::{Read, Seek, SeekFrom, Write};
       |                     ^^^^  ^^^^^^^^

warning: unused imports: `Component`, `PathBuf`, and `Path`
      --> /jet/build/user_defined.rs:110982:17
       |
110982 | use std::path::{Component, Path, PathBuf};
       |                 ^^^^^^^^^  ^^^^  ^^^^^^^

warning: unused imports: `Arc as JetDataPlotArc`, `Arc as JetWebFormArc`, `Arc as JetWebQueryArc`, `Arc as JetWebStoreArc`, `Arc as JetWebTableArc`, `Condvar as JetWebStoreCondvar`, `LazyLock as JetWebStoreLazyLock`, `LazyLock`, `Mutex as JetWebFormMutex`, `Mutex as JetWebQueryMutex`, `Mutex as JetWebStoreMutex`, and `Mutex as JetWebTableMutex`
      --> /jet/build/user_defined.rs:110983:31
       |
110983 | ...r, Arc as JetDataPlotArc, Arc as JetWebFormArc, Mutex as JetWebFormMutex, Arc as JetWebQueryArc, Mutex as JetWebQueryMutex, Arc as JetWebStoreArc, Condvar as JetWebStoreCondvar, LazyLock as JetWebStoreLazyLock, Mutex as JetWebStoreMutex, Arc as JetWebTableArc, Mutex as JetWebTableMutex, LazyLock, M...
       |       ^^^^^^^^^^^^^^^^^^^^^  ^^^^^^^^^^^^^^^^^^^^  ^^^^^^^^^^^^^^^^^^^^^^^^  ^^^^^^^^^^^^^^^^^^^^^  ^^^^^^^^^^^^^^^^^^^^^^^^^  ^^^^^^^^^^^^^^^^^^^^^  ^^^^^^^^^^^^^^^^^^^^^^^^^^^^^  ^^^^^^^^^^^^^^^^^^^^^^^^^^^^^^^  ^^^^^^^^^^^^^^^^^^^^^^^^^  ^^^^^^^^^^^^^^^^^^^^^  ^^^^^^^^^^^^^^^^^^^^^^^^^  ^^^^^^^^

warning: unused import: `Ordering as JetWebFormOrdering`
      --> /jet/build/user_defined.rs:110984:60
       |
110984 | use std::sync::atomic::{AtomicBool, AtomicU8, AtomicUsize, Ordering as JetWebFormOrdering};
       |                                                            ^^^^^^^^^^^^^^^^^^^^^^^^^^^^^^

warning: unused imports: `SystemTime as JetWebStoreSystemTime`, `SystemTime`, `UNIX_EPOCH as JetWebStoreUnixEpoch`, and `UNIX_EPOCH`
      --> /jet/build/user_defined.rs:110985:36
       |
110985 | ...tion, Instant, SystemTime as JetWebStoreSystemTime, UNIX_EPOCH as JetWebStoreUnixEpoch, SystemTime, UNIX_EPOCH};
       |                   ^^^^^^^^^^^^^^^^^^^^^^^^^^^^^^^^^^^  ^^^^^^^^^^^^^^^^^^^^^^^^^^^^^^^^^^  ^^^^^^^^^^  ^^^^^^^^^^

warning: type `__jet__shome_snate_sProjects_sGithub_sjet_sexamples_sfeatures_soperators_c_cuser_udefined_djet_c_cTime` should have an upper camel case name
      --> /jet/build/user_defined.rs:123366:10
       |
123366 | pub enum __jet__shome_snate_sProjects_sGithub_sjet_sexamples_sfeatures_soperators_c_cuser_udefined_djet_c_cTime {
       |          ^^^^^^^^^^^^^^^^^^^^^^^^^^^^^^^^^^^^^^^^^^^^^^^^^^^^^^^^^^^^^^^^^^^^^^^^^^^^^^^^^^^^^^^^^^^^^^^^^^^^^^ help: convert the identifier to upper camel case: `JetShomeSnateSProjectsSGithubSjetSexamplesSfeaturesSoperatorsCCuserUdefinedDjetCCTime`

warning: type `__jet__shome_snate_sProjects_sGithub_sjet_sexamples_sfeatures_soperators_c_cuser_udefined_djet_c_cProbe` should have an upper camel case name
      --> /jet/build/user_defined.rs:123370:8
       |
123370 | struct __jet__shome_snate_sProjects_sGithub_sjet_sexamples_sfeatures_soperators_c_cuser_udefined_djet_c_cProbe {
       |        ^^^^^^^^^^^^^^^^^^^^^^^^^^^^^^^^^^^^^^^^^^^^^^^^^^^^^^^^^^^^^^^^^^^^^^^^^^^^^^^^^^^^^^^^^^^^^^^^^^^^^^^ help: convert the identifier to upper camel case: `JetShomeSnateSProjectsSGithubSjetSexamplesSfeaturesSoperatorsCCuserUdefinedDjetCCProbe`

warning: type `__jet_ParseError` should have an upper camel case name
      --> /jet/build/user_defined.rs:123390:10
       |
123390 | pub type __jet_ParseError = String;
       |          ^^^^^^^^^^^^^^^^ help: convert the identifier to upper camel case: `JetParseError`

warning: type `__jet__shome_snate_sProjects_sGithub_sjet_sexamples_sfeatures_soperators_c_cuser_udefined_djet_c_cVec2` should have an upper camel case name
      --> /jet/build/user_defined.rs:123393:8
       |
123393 | struct __jet__shome_snate_sProjects_sGithub_sjet_sexamples_sfeatures_soperators_c_cuser_udefined_djet_c_cVec2 {
       |        ^^^^^^^^^^^^^^^^^^^^^^^^^^^^^^^^^^^^^^^^^^^^^^^^^^^^^^^^^^^^^^^^^^^^^^^^^^^^^^^^^^^^^^^^^^^^^^^^^^^^^^ help: convert the identifier to upper camel case: `JetShomeSnateSProjectsSGithubSjetSexamplesSfeaturesSoperatorsCCuserUdefinedDjetCCVec2`

warning: type `__jet__shome_snate_sProjects_sGithub_sjet_sexamples_sfeatures_soperators_c_cuser_udefined_djet_c_cHolder` should have an upper camel case name
      --> /jet/build/user_defined.rs:123417:8
       |
123417 | struct __jet__shome_snate_sProjects_sGithub_sjet_sexamples_sfeatures_soperators_c_cuser_udefined_djet_c_cHolder {
       |        ^^^^^^^^^^^^^^^^^^^^^^^^^^^^^^^^^^^^^^^^^^^^^^^^^^^^^^^^^^^^^^^^^^^^^^^^^^^^^^^^^^^^^^^^^^^^^^^^^^^^^^^^ help: convert the identifier to upper camel case: `JetShomeSnateSProjectsSGithubSjetSexamplesSfeaturesSoperatorsCCuserUdefinedDjetCCHolder`

warning: unnecessary parentheses around function argument
      --> /jet/build/user_defined.rs:123951:53
       |
123951 |                 __jet_v_12017830394795555488 = Some((!(*(__jet_v_8124116481078579938.as_ref().expect("MIR value")))));
       |                                                     ^                                                              ^
       |
help: remove these parentheses
       |
123951 -                 __jet_v_12017830394795555488 = Some((!(*(__jet_v_8124116481078579938.as_ref().expect("MIR value")))));
123951 +                 __jet_v_12017830394795555488 = Some(!(*(__jet_v_8124116481078579938.as_ref().expect("MIR value"))));
       |

warning: unnecessary parentheses around function argument
      --> /jet/build/user_defined.rs:124077:53
       |
124077 | ...me((((__jet_v_4472891194932537566.as_ref().expect("MIR value")).clone()) == ((__jet_v_10841123624538845421.as_ref().expect("MIR value")).clone())));
       |       ^                                                                                                                                             ^
       |
help: remove these parentheses
       |
124077 -                 __jet_v_17465293093350579898 = Some((((__jet_v_4472891194932537566.as_ref().expect("MIR value")).clone()) == ((__jet_v_10841123624538845421.as_ref().expect("MIR value")).clone())));
124077 +                 __jet_v_17465293093350579898 = Some(((__jet_v_4472891194932537566.as_ref().expect("MIR value")).clone()) == ((__jet_v_10841123624538845421.as_ref().expect("MIR value")).clone()));
       |

warning: unnecessary parentheses around function argument
      --> /jet/build/user_defined.rs:124116:53
       |
124116 |                 __jet_v_13022280951801086583 = Some((!(*(__jet_v_13696284338125759880.as_ref().expect("MIR value")))));
       |                                                     ^                                                               ^
       |
help: remove these parentheses
       |
124116 -                 __jet_v_13022280951801086583 = Some((!(*(__jet_v_13696284338125759880.as_ref().expect("MIR value")))));
124116 +                 __jet_v_13022280951801086583 = Some(!(*(__jet_v_13696284338125759880.as_ref().expect("MIR value"))));
       |

warning: unnecessary parentheses around function argument
      --> /jet/build/user_defined.rs:124187:53
       |
124187 |                 __jet_v_14354696137620208361 = Some((!(*(__jet_v_1197075289781196336.as_ref().expect("MIR value")))));
       |                                                     ^                                                              ^
       |
help: remove these parentheses
       |
124187 -                 __jet_v_14354696137620208361 = Some((!(*(__jet_v_1197075289781196336.as_ref().expect("MIR value")))));
124187 +                 __jet_v_14354696137620208361 = Some(!(*(__jet_v_1197075289781196336.as_ref().expect("MIR value"))));
       |

warning: unnecessary parentheses around function argument
      --> /jet/build/user_defined.rs:124320:52
       |
124320 | ...me((((__jet_v_9884502854835096998.as_ref().expect("MIR value")).clone()) > ((__jet_v_8472223540785744646.as_ref().expect("MIR value")).clone())));
       |       ^                                                                                                                                           ^
       |
help: remove these parentheses
       |
124320 -                 __jet_v_2754169739284547052 = Some((((__jet_v_9884502854835096998.as_ref().expect("MIR value")).clone()) > ((__jet_v_8472223540785744646.as_ref().expect("MIR value")).clone())));
124320 +                 __jet_v_2754169739284547052 = Some(((__jet_v_9884502854835096998.as_ref().expect("MIR value")).clone()) > ((__jet_v_8472223540785744646.as_ref().expect("MIR value")).clone()));
       |

warning: unnecessary parentheses around function argument
      --> /jet/build/user_defined.rs:124341:51
       |
124341 | ...me((((__jet_v_6690660730348121642.as_ref().expect("MIR value")).clone()) < ((__jet_v_16820225962095421358.as_ref().expect("MIR value")).clone())));
       |       ^                                                                                                                                            ^
       |
help: remove these parentheses
       |
124341 -                 __jet_v_662311785229487477 = Some((((__jet_v_6690660730348121642.as_ref().expect("MIR value")).clone()) < ((__jet_v_16820225962095421358.as_ref().expect("MIR value")).clone())));
124341 +                 __jet_v_662311785229487477 = Some(((__jet_v_6690660730348121642.as_ref().expect("MIR value")).clone()) < ((__jet_v_16820225962095421358.as_ref().expect("MIR value")).clone()));
       |

warning: unused label
      --> /jet/build/user_defined.rs:124397:5
       |
124397 |     'mir_dispatch: loop {
       |     ^^^^^^^^^^^^^
       |
       = note: `#[warn(unused_labels)]` (part of `#[warn(unused)]`) on by default

warning: unnecessary parentheses around function argument
      --> /jet/build/user_defined.rs:124468:53
       |
124468 | ...me((((__jet_v_10531936639071666327.as_ref().expect("MIR value")).clone()) == ((__jet_v_1655968440876549300.as_ref().expect("MIR value")).clone())));
       |       ^                                                                                                                                             ^
       |
help: remove these parentheses
       |
124468 -                 __jet_v_10280999067209576261 = Some((((__jet_v_10531936639071666327.as_ref().expect("MIR value")).clone()) == ((__jet_v_1655968440876549300.as_ref().expect("MIR value")).clone())));
124468 +                 __jet_v_10280999067209576261 = Some(((__jet_v_10531936639071666327.as_ref().expect("MIR value")).clone()) == ((__jet_v_1655968440876549300.as_ref().expect("MIR value")).clone()));
       |

warning: unnecessary parentheses around function argument
      --> /jet/build/user_defined.rs:124525:52
       |
124525 | ...me((((__jet_v_11346499332859350332.as_ref().expect("MIR value")).clone()) > ((__jet_v_5937629127018383436.as_ref().expect("MIR value")).clone())));
       |       ^                                                                                                                                            ^
       |
help: remove these parentheses
       |
124525 -                 __jet_v_1947061795015618375 = Some((((__jet_v_11346499332859350332.as_ref().expect("MIR value")).clone()) > ((__jet_v_5937629127018383436.as_ref().expect("MIR value")).clone())));
124525 +                 __jet_v_1947061795015618375 = Some(((__jet_v_11346499332859350332.as_ref().expect("MIR value")).clone()) > ((__jet_v_5937629127018383436.as_ref().expect("MIR value")).clone()));
       |

warning: unnecessary parentheses around function argument
      --> /jet/build/user_defined.rs:124541:52
       |
124541 | ...me((((__jet_v_5027660570723540359.as_ref().expect("MIR value")).clone()) < ((__jet_v_14918707186537550488.as_ref().expect("MIR value")).clone())));
       |       ^                                                                                                                                            ^
       |
help: remove these parentheses
       |
124541 -                 __jet_v_8503636072784225888 = Some((((__jet_v_5027660570723540359.as_ref().expect("MIR value")).clone()) < ((__jet_v_14918707186537550488.as_ref().expect("MIR value")).clone())));
124541 +                 __jet_v_8503636072784225888 = Some(((__jet_v_5027660570723540359.as_ref().expect("MIR value")).clone()) < ((__jet_v_14918707186537550488.as_ref().expect("MIR value")).clone()));
       |

warning: unnecessary parentheses around function argument
      --> /jet/build/user_defined.rs:124885:52
       |
124885 | ...me((((__jet_v_9519101316063238166.as_ref().expect("MIR value")).clone()) == ((__jet_v_13376259019338962519.as_ref().expect("MIR value")).clone())));
       |       ^                                                                                                                                             ^
       |
help: remove these parentheses
       |
124885 -                 __jet_v_4797619678026641456 = Some((((__jet_v_9519101316063238166.as_ref().expect("MIR value")).clone()) == ((__jet_v_13376259019338962519.as_ref().expect("MIR value")).clone())));
124885 +                 __jet_v_4797619678026641456 = Some(((__jet_v_9519101316063238166.as_ref().expect("MIR value")).clone()) == ((__jet_v_13376259019338962519.as_ref().expect("MIR value")).clone()));
       |

warning: unnecessary parentheses around function argument
      --> /jet/build/user_defined.rs:124909:52
       |
124909 |                 __jet_v_2075799004404891020 = Some((!(*(__jet_v_14312569039607893004.as_ref().expect("MIR value")))));
       |                                                    ^                                                               ^
       |
help: remove these parentheses
       |
124909 -                 __jet_v_2075799004404891020 = Some((!(*(__jet_v_14312569039607893004.as_ref().expect("MIR value")))));
124909 +                 __jet_v_2075799004404891020 = Some(!(*(__jet_v_14312569039607893004.as_ref().expect("MIR value"))));
       |

warning: unnecessary parentheses around function argument
      --> /jet/build/user_defined.rs:125132:53
       |
125132 |                 __jet_v_17334840979151440649 = Some((!(*(__jet_v_11269910971289104285.as_ref().expect("MIR value")))));
       |                                                     ^                                                               ^
       |
help: remove these parentheses
       |
125132 -                 __jet_v_17334840979151440649 = Some((!(*(__jet_v_11269910971289104285.as_ref().expect("MIR value")))));
125132 +                 __jet_v_17334840979151440649 = Some(!(*(__jet_v_11269910971289104285.as_ref().expect("MIR value"))));
       |

warning: unnecessary parentheses around function argument
      --> /jet/build/user_defined.rs:125219:53
       |
125219 |                 __jet_v_14582466990168167250 = Some((!(*(__jet_v_15183984771227190709.as_ref().expect("MIR value")))));
       |                                                     ^                                                               ^
       |
help: remove these parentheses
       |
125219 -                 __jet_v_14582466990168167250 = Some((!(*(__jet_v_15183984771227190709.as_ref().expect("MIR value")))));
125219 +                 __jet_v_14582466990168167250 = Some(!(*(__jet_v_15183984771227190709.as_ref().expect("MIR value"))));
       |

warning: unnecessary parentheses around function argument
      --> /jet/build/user_defined.rs:125280:53
       |
125280 | ...me((((__jet_v_1846724562273784636.as_ref().expect("MIR value")).clone()) != ((__jet_v_1797852927753862902.as_ref().expect("MIR value")).clone())));
       |       ^                                                                                                                                            ^
       |
help: remove these parentheses
       |
125280 -                 __jet_v_12507498621780217746 = Some((((__jet_v_1846724562273784636.as_ref().expect("MIR value")).clone()) != ((__jet_v_1797852927753862902.as_ref().expect("MIR value")).clone())));
125280 +                 __jet_v_12507498621780217746 = Some(((__jet_v_1846724562273784636.as_ref().expect("MIR value")).clone()) != ((__jet_v_1797852927753862902.as_ref().expect("MIR value")).clone()));
       |

warning: unnecessary parentheses around function argument
      --> /jet/build/user_defined.rs:125724:53
       |
125724 |                 __jet_v_10247826304091576721 = Some((!(*(__jet_v_10872808027511371352.as_ref().expect("MIR value")))));
       |                                                     ^                                                               ^
       |
help: remove these parentheses
       |
125724 -                 __jet_v_10247826304091576721 = Some((!(*(__jet_v_10872808027511371352.as_ref().expect("MIR value")))));
125724 +                 __jet_v_10247826304091576721 = Some(!(*(__jet_v_10872808027511371352.as_ref().expect("MIR value"))));
       |

warning: unnecessary parentheses around function argument
      --> /jet/build/user_defined.rs:125910:53
       |
125910 |                 __jet_v_11195560580802828885 = Some((!(*(__jet_v_2618104979765057700.as_ref().expect("MIR value")))));
       |                                                     ^                                                              ^
       |
help: remove these parentheses
       |
125910 -                 __jet_v_11195560580802828885 = Some((!(*(__jet_v_2618104979765057700.as_ref().expect("MIR value")))));
125910 +                 __jet_v_11195560580802828885 = Some(!(*(__jet_v_2618104979765057700.as_ref().expect("MIR value"))));
       |

warning: unnecessary parentheses around function argument
      --> /jet/build/user_defined.rs:125935:52
       |
125935 |                 __jet_v_4651737182866830419 = Some((!(*(__jet_v_8872833297911843878.as_ref().expect("MIR value")))));
       |                                                    ^                                                              ^
       |
help: remove these parentheses
       |
125935 -                 __jet_v_4651737182866830419 = Some((!(*(__jet_v_8872833297911843878.as_ref().expect("MIR value")))));
125935 +                 __jet_v_4651737182866830419 = Some(!(*(__jet_v_8872833297911843878.as_ref().expect("MIR value"))));
       |

warning: unnecessary parentheses around function argument
      --> /jet/build/user_defined.rs:125977:53
       |
125977 |                 __jet_v_12140074248421473576 = Some((!(*(__jet_v_14540710833708745753.as_ref().expect("MIR value")))));
       |                                                     ^                                                               ^
       |
help: remove these parentheses
       |
125977 -                 __jet_v_12140074248421473576 = Some((!(*(__jet_v_14540710833708745753.as_ref().expect("MIR value")))));
125977 +                 __jet_v_12140074248421473576 = Some(!(*(__jet_v_14540710833708745753.as_ref().expect("MIR value"))));
       |

warning: unnecessary parentheses around function argument
      --> /jet/build/user_defined.rs:125995:53
       |
125995 |                 __jet_v_10161290585107603750 = Some((!(*(__jet_v_16148119569396538036.as_ref().expect("MIR value")))));
       |                                                     ^                                                               ^
       |
help: remove these parentheses
       |
125995 -                 __jet_v_10161290585107603750 = Some((!(*(__jet_v_16148119569396538036.as_ref().expect("MIR value")))));
125995 +                 __jet_v_10161290585107603750 = Some(!(*(__jet_v_16148119569396538036.as_ref().expect("MIR value"))));
       |

warning: unnecessary parentheses around function argument
      --> /jet/build/user_defined.rs:126026:52
       |
126026 | ...me((((__jet_v_1754658458282481920.as_ref().expect("MIR value")).clone()) == ((__jet_v_2158651730008601583.as_ref().expect("MIR value")).clone())));
       |       ^                                                                                                                                            ^
       |
help: remove these parentheses
       |
126026 -                 __jet_v_2894184903554791733 = Some((((__jet_v_1754658458282481920.as_ref().expect("MIR value")).clone()) == ((__jet_v_2158651730008601583.as_ref().expect("MIR value")).clone())));
126026 +                 __jet_v_2894184903554791733 = Some(((__jet_v_1754658458282481920.as_ref().expect("MIR value")).clone()) == ((__jet_v_2158651730008601583.as_ref().expect("MIR value")).clone()));
       |

warning: unnecessary parentheses around function argument
      --> /jet/build/user_defined.rs:126102:53
       |
126102 | ...me((((__jet_v_14981053434822643112.as_ref().expect("MIR value")).clone()) == ((__jet_v_8395845329771198562.as_ref().expect("MIR value")).clone())));
       |       ^                                                                                                                                             ^
       |
help: remove these parentheses
       |
126102 -                 __jet_v_15543458984745950448 = Some((((__jet_v_14981053434822643112.as_ref().expect("MIR value")).clone()) == ((__jet_v_8395845329771198562.as_ref().expect("MIR value")).clone())));
126102 +                 __jet_v_15543458984745950448 = Some(((__jet_v_14981053434822643112.as_ref().expect("MIR value")).clone()) == ((__jet_v_8395845329771198562.as_ref().expect("MIR value")).clone()));
       |

warning: unused label
      --> /jet/build/user_defined.rs:126353:5
       |
126353 |     'mir_dispatch: loop {
       |     ^^^^^^^^^^^^^

warning: unnecessary parentheses around function argument
      --> /jet/build/user_defined.rs:126360:53
       |
126360 | ...me((((__jet_v_7866314417278862106.as_ref().expect("MIR value")).clone()) == ((__jet_v_12466707231899068259.as_ref().expect("MIR value")).clone())));
       |       ^                                                                                                                                             ^
       |
help: remove these parentheses
       |
126360 -                 __jet_v_12293549602410169700 = Some((((__jet_v_7866314417278862106.as_ref().expect("MIR value")).clone()) == ((__jet_v_12466707231899068259.as_ref().expect("MIR value")).clone())));
126360 +                 __jet_v_12293549602410169700 = Some(((__jet_v_7866314417278862106.as_ref().expect("MIR value")).clone()) == ((__jet_v_12466707231899068259.as_ref().expect("MIR value")).clone()));
       |

warning: unnecessary parentheses around function argument
      --> /jet/build/user_defined.rs:126365:53
       |
126365 | ...me((((__jet_v_17971697582560198173.as_ref().expect("MIR value")).clone()) == ((__jet_v_12146129962164113576.as_ref().expect("MIR value")).clone())));
       |       ^                                                                                                                                              ^
       |
help: remove these parentheses
       |
126365 -                 __jet_v_18250156301568179325 = Some((((__jet_v_17971697582560198173.as_ref().expect("MIR value")).clone()) == ((__jet_v_12146129962164113576.as_ref().expect("MIR value")).clone())));
126365 +                 __jet_v_18250156301568179325 = Some(((__jet_v_17971697582560198173.as_ref().expect("MIR value")).clone()) == ((__jet_v_12146129962164113576.as_ref().expect("MIR value")).clone()));
       |

warning: unnecessary parentheses around function argument
      --> /jet/build/user_defined.rs:126366:52
       |
126366 | ...me((((__jet_v_12293549602410169700.as_ref().expect("MIR value")).clone()) && ((__jet_v_18250156301568179325.as_ref().expect("MIR value")).clone())));
       |       ^                                                                                                                                              ^
       |
help: remove these parentheses
       |
126366 -                 __jet_v_7249321808871091388 = Some((((__jet_v_12293549602410169700.as_ref().expect("MIR value")).clone()) && ((__jet_v_18250156301568179325.as_ref().expect("MIR value")).clone())));
126366 +                 __jet_v_7249321808871091388 = Some(((__jet_v_12293549602410169700.as_ref().expect("MIR value")).clone()) && ((__jet_v_18250156301568179325.as_ref().expect("MIR value")).clone()));
       |

error[E0609]: no field `x` on type `&...`
      --> /jet/build/user_defined.rs:123493:113
       |
123493 |                 __jet_v_13979725757515929000 = Some((__jet_v_10106242074967553346.as_ref().expect("MIR value")).x.clone());
       |                                                                                                                 ^ unknown field
       |
       = note: available fields are: `__jet_x`, `__jet_y`
       = note: the full name for the type has been written to 'build/.work.user_defined.631798/user_defined.long-type-2039170717627733461.txt'
       = note: consider using `--verbose` to print the full type name to the console

error[E0609]: no field `y` on type `&...`
      --> /jet/build/user_defined.rs:123498:111
       |
123498 |                 __jet_v_7604905151532139794 = Some((__jet_v_7181648528728107270.as_ref().expect("MIR value")).y.clone());
       |                                                                                                               ^ unknown field
       |
       = note: available fields are: `__jet_x`, `__jet_y`
       = note: the full name for the type has been written to 'build/.work.user_defined.631798/user_defined.long-type-17144094942926483699.txt'
       = note: consider using `--verbose` to print the full type name to the console

error[E0609]: no field `x` on type `&...`
      --> /jet/build/user_defined.rs:124317:112
       |
124317 |                 __jet_v_9884502854835096998 = Some((__jet_v_11635890560672209353.as_ref().expect("MIR value")).x.clone());
       |                                                                                                                ^ unknown field
       |
       = note: available fields are: `__jet_x`, `__jet_y`
       = note: the full name for the type has been written to 'build/.work.user_defined.631798/user_defined.long-type-11246560425976931840.txt'
       = note: consider using `--verbose` to print the full type name to the console

error[E0609]: no field `x` on type `&...`
      --> /jet/build/user_defined.rs:124319:112
       |
124319 |                 __jet_v_8472223540785744646 = Some((__jet_v_14328015787291920833.as_ref().expect("MIR value")).x.clone());
       |                                                                                                                ^ unknown field
       |
       = note: available fields are: `__jet_x`, `__jet_y`
       = note: the full name for the type has been written to 'build/.work.user_defined.631798/user_defined.long-type-1410887693244456910.txt'
       = note: consider using `--verbose` to print the full type name to the console

error[E0609]: no field `x` on type `&...`
      --> /jet/build/user_defined.rs:124338:112
       |
124338 |                 __jet_v_6690660730348121642 = Some((__jet_v_13905398771216907809.as_ref().expect("MIR value")).x.clone());
       |                                                                                                                ^ unknown field
       |
       = note: available fields are: `__jet_x`, `__jet_y`
       = note: the full name for the type has been written to 'build/.work.user_defined.631798/user_defined.long-type-10362718123892993611.txt'
       = note: consider using `--verbose` to print the full type name to the console

error[E0609]: no field `x` on type `&...`
      --> /jet/build/user_defined.rs:124340:112
       |
124340 |                 __jet_v_16820225962095421358 = Some((__jet_v_5869515026992591209.as_ref().expect("MIR value")).x.clone());
       |                                                                                                                ^ unknown field
       |
       = note: available fields are: `__jet_x`, `__jet_y`
       = note: the full name for the type has been written to 'build/.work.user_defined.631798/user_defined.long-type-4545446118081941579.txt'
       = note: consider using `--verbose` to print the full type name to the console

error[E0609]: no field `x` on type `&...`
      --> /jet/build/user_defined.rs:124401:113
       |
124401 |                 __jet_v_13392438603586761818 = Some((__jet_v_14181758517657426626.as_ref().expect("MIR value")).x.clone());
       |                                                                                                                 ^ unknown field
       |
       = note: available fields are: `__jet_x`, `__jet_y`
       = note: the full name for the type has been written to 'build/.work.user_defined.631798/user_defined.long-type-11246560425976931840.txt'
       = note: consider using `--verbose` to print the full type name to the console

error[E0609]: no field `x` on type `&...`
      --> /jet/build/user_defined.rs:124403:112
       |
124403 |                 __jet_v_11150482520364904035 = Some((__jet_v_7646742580548132298.as_ref().expect("MIR value")).x.clone());
       |                                                                                                                ^ unknown field
       |
       = note: available fields are: `__jet_x`, `__jet_y`
       = note: the full name for the type has been written to 'build/.work.user_defined.631798/user_defined.long-type-1410887693244456910.txt'
       = note: consider using `--verbose` to print the full type name to the console

error[E0609]: no field `y` on type `&...`
      --> /jet/build/user_defined.rs:124406:110
       |
124406 |                 __jet_v_5422597481592822907 = Some((__jet_v_772420238822419078.as_ref().expect("MIR value")).y.clone());
       |                                                                                                              ^ unknown field
       |
       = note: available fields are: `__jet_x`, `__jet_y`
       = note: the full name for the type has been written to 'build/.work.user_defined.631798/user_defined.long-type-15730865026034129496.txt'
       = note: consider using `--verbose` to print the full type name to the console

error[E0609]: no field `y` on type `&...`
      --> /jet/build/user_defined.rs:124408:112
       |
124408 |                 __jet_v_9795054961967993182 = Some((__jet_v_10284692130522138734.as_ref().expect("MIR value")).y.clone());
       |                                                                                                                ^ unknown field
       |
       = note: available fields are: `__jet_x`, `__jet_y`
       = note: the full name for the type has been written to 'build/.work.user_defined.631798/user_defined.long-type-10362718123892993611.txt'
       = note: consider using `--verbose` to print the full type name to the console

error[E0560]: struct `Vec2` has no field named `x`
      --> /jet/build/user_defined.rs:124410:68
       |
 75213 |     pub struct Vec2(pub [f64; 2]);
       |                ---- `Vec2` defined here
...
124410 |                 __jet_v_2660528990920970336 = Some(jet_std::Vec2 { x: __jet_v_15615724453474852661.take().expect("MIR value"), y...
       |                                                                    ^ field does not exist
       |
help: `Vec2` is a tuple struct, use the appropriate syntax
       |
124410 -                 __jet_v_2660528990920970336 = Some(jet_std::Vec2 { x: __jet_v_15615724453474852661.take().expect("MIR value"), y: __jet_v_12690744992175865944.take().expect("MIR value") });
124410 +                 __jet_v_2660528990920970336 = Some(Vec2(/* [f64; 2] */));
       |

error[E0560]: struct `Vec2` has no field named `y`
      --> /jet/build/user_defined.rs:124410:128
       |
 75213 | ...ruct Vec2(pub [f64; 2]);
       |         ---- `Vec2` defined here
...
124410 | ...      __jet_v_2660528990920970336 = Some(jet_std::Vec2 { x: __jet_v_15615724453474852661.take().expect("MIR value"), y: __jet...
       |                                                                                                                         ^ field does not exist
       |
help: `Vec2` is a tuple struct, use the appropriate syntax
       |
124410 -                 __jet_v_2660528990920970336 = Some(jet_std::Vec2 { x: __jet_v_15615724453474852661.take().expect("MIR value"), y: __jet_v_12690744992175865944.take().expect("MIR value") });
124410 +                 __jet_v_2660528990920970336 = Some(Vec2(/* [f64; 2] */));
       |

error[E0308]: mismatched types
      --> /jet/build/user_defined.rs:124410:52
       |
124410 | ... = Some(jet_std::Vec2 { x: __jet_v_15615724453474852661.take().expect("MIR value"), y: __jet_v_12690744992175865944.take().expect("MIR value") });
       |       ---- ^^^^^^^^^^^^^^^^^^^^^^^^^^^^^^^^^^^^^^^^^^^^^^^^^^^^^^^^^^^^^^^^^^^^^^^^^^^^^^^^^^^^^^^^^^^^^^^^^^^^^^^^^^^^^^^^^^^^^^^^^^^^^^^^^^^^^^^^ expected `__jet__shome_snate_sProjects_sGithub_sjet_sexamples_sfeatures_soperators_c_cuser_udefined_djet_c_cVec2`, found `Vec2`
       |       |
       |       arguments to this enum variant are incorrect
       |
help: the type constructed contains `Vec2` due to the type of the argument passed
      --> /jet/build/user_defined.rs:124410:47
       |
124410 | ... = Some(jet_std::Vec2 { x: __jet_v_15615724453474852661.take().expect("MIR value"), y: __jet_v_12690744992175865944.take().expect("MIR value") });
       |       ^^^^^----------------------------------------------------------------------------------------------------------------------------------------^
       |            |
       |            this argument influences the type of `Some`
note: tuple variant defined here
      --> /rustc/8bab26f4f68e0e26f0bb7960be334d5b520ea452/library/core/src/option.rs:605:4

error[E0609]: no field `x` on type `&...`
      --> /jet/build/user_defined.rs:126357:111
       |
126357 |                 __jet_v_7866314417278862106 = Some((__jet_v_4830187142489206816.as_ref().expect("MIR value")).x.clone());
       |                                                                                                               ^ unknown field
       |
       = note: available fields are: `__jet_x`, `__jet_y`
       = note: the full name for the type has been written to 'build/.work.user_defined.631798/user_defined.long-type-11246560425976931840.txt'
       = note: consider using `--verbose` to print the full type name to the console

error[E0609]: no field `x` on type `&...`
      --> /jet/build/user_defined.rs:126359:110
       |
126359 |                 __jet_v_12466707231899068259 = Some((__jet_v_31890372588479322.as_ref().expect("MIR value")).x.clone());
       |                                                                                                              ^ unknown field
       |
       = note: available fields are: `__jet_x`, `__jet_y`
       = note: the full name for the type has been written to 'build/.work.user_defined.631798/user_defined.long-type-1410887693244456910.txt'
       = note: consider using `--verbose` to print the full type name to the console

error[E0609]: no field `y` on type `&...`
      --> /jet/build/user_defined.rs:126362:112
       |
126362 |                 __jet_v_17971697582560198173 = Some((__jet_v_3887349867352470264.as_ref().expect("MIR value")).y.clone());
       |                                                                                                                ^ unknown field
       |
       = note: available fields are: `__jet_x`, `__jet_y`
       = note: the full name for the type has been written to 'build/.work.user_defined.631798/user_defined.long-type-15730865026034129496.txt'
       = note: consider using `--verbose` to print the full type name to the console

error[E0609]: no field `y` on type `&...`
      --> /jet/build/user_defined.rs:126364:112
       |
126364 |                 __jet_v_12146129962164113576 = Some((__jet_v_8174812313034953438.as_ref().expect("MIR value")).y.clone());
       |                                                                                                                ^ unknown field
       |
       = note: available fields are: `__jet_x`, `__jet_y`
       = note: the full name for the type has been written to 'build/.work.user_defined.631798/user_defined.long-type-10362718123892993611.txt'
       = note: consider using `--verbose` to print the full type name to the console

error[E0609]: no field `x` on type `&...`
      --> /jet/build/user_defined.rs:126568:111
       |
126568 |                 __jet_v_769602635439707971 = Some((__jet_v_17073654259046370307.as_ref().expect("MIR value")).x.clone());
       |                                                                                                               ^ unknown field
       |
       = note: available fields are: `__jet_x`, `__jet_y`
       = note: the full name for the type has been written to 'build/.work.user_defined.631798/user_defined.long-type-13241179953817383309.txt'
       = note: consider using `--verbose` to print the full type name to the console

error[E0609]: no field `y` on type `&...`
      --> /jet/build/user_defined.rs:126571:113
       |
126571 |                 __jet_v_12294678983141431735 = Some((__jet_v_15950090108570400675.as_ref().expect("MIR value")).y.clone());
       |                                                                                                                 ^ unknown field
       |
       = note: available fields are: `__jet_x`, `__jet_y`
       = note: the full name for the type has been written to 'build/.work.user_defined.631798/user_defined.long-type-5253500798276529735.txt'
       = note: consider using `--verbose` to print the full type name to the console

error[E0609]: no field `x` on type `&...`
      --> /jet/build/user_defined.rs:126575:111
       |
126575 |                 __jet_v_3825477407696422449 = Some((__jet_v_7941396865138492996.as_ref().expect("MIR value")).x.clone());
       |                                                                                                               ^ unknown field
       |
       = note: available fields are: `__jet_x`, `__jet_y`
       = note: the full name for the type has been written to 'build/.work.user_defined.631798/user_defined.long-type-4574544295424105197.txt'
       = note: consider using `--verbose` to print the full type name to the console

error[E0609]: no field `y` on type `&...`
      --> /jet/build/user_defined.rs:126579:113
       |
126579 |                 __jet_v_12285418525244288121 = Some((__jet_v_17386858414025384429.as_ref().expect("MIR value")).y.clone());
       |                                                                                                                 ^ unknown field
       |
       = note: available fields are: `__jet_x`, `__jet_y`
       = note: the full name for the type has been written to 'build/.work.user_defined.631798/user_defined.long-type-17433607636223073157.txt'
       = note: consider using `--verbose` to print the full type name to the console

warning: unused import: `Read`
      --> /jet/build/user_defined.rs:110979:15
       |
110979 | use std::io::{Read, Seek, SeekFrom, Write};
       |               ^^^^

warning: unused import: `Write`
      --> /jet/build/user_defined.rs:110979:37
       |
110979 | use std::io::{Read, Seek, SeekFrom, Write};
       |                                     ^^^^^

warning: unused import: `Any`
      --> /jet/build/user_defined.rs:110976:16
       |
110976 | use std::any::{Any as JetWebStoreAny, TypeId as JetWebStoreTypeId};
       |                ^^^

warning: value assigned to `cursor` is never read
      --> /jet/build/user_defined.rs:118089:17
       |
118089 |                 cursor += 2;
       |                 ^^^^^^^^^^^ this value is reassigned later and never used
...
118092 |                 cursor += 1;
       |                 ----------- `cursor` is overwritten here before the previous value is read
       |
       = note: `#[warn(unused_assignments)]` (part of `#[warn(unused)]`) on by default

warning: value assigned to `cursor` is never read
      --> /jet/build/user_defined.rs:118092:17
       |
118092 |                 cursor += 1;
       |                 ^^^^^^^^^^^
       |
       = help: maybe it is overwritten before being read?

error: aborting due to 21 previous errors; 78 warnings emitted

Some errors have detailed explanations: E0308, E0560, E0609.
For more information about an error, try `rustc --explain E0308`.
