CASE	f1_000	format	2008-10-28T02:04:06.124000000Z
CASE	f1_000	to_timestamp	1225159446
CASE	f1_000	roundtrip_ms	1225159446124
CASE	f1_001	format	1964-07-06T02:32:45.730000000Z
CASE	f1_001	to_timestamp	-173222835
CASE	f1_001	roundtrip_ms	-173222834270
CASE	f1_002	format	2093-01-03T00:09:34.506000000Z
CASE	f1_002	to_timestamp	3881779774
CASE	f1_002	roundtrip_ms	3881779774506
CASE	f1_003	format	2066-12-02T00:15:53.664000000Z
CASE	f1_003	to_timestamp	3058474553
CASE	f1_003	roundtrip_ms	3058474553664
CASE	f1_004	format	1914-07-20T01:23:22.059000000Z
CASE	f1_004	to_timestamp	-1749940598
CASE	f1_004	roundtrip_ms	-1749940597941
CASE	f1_005	format	2044-03-16T22:30:04.146000000Z
CASE	f1_005	to_timestamp	2341780204
CASE	f1_005	roundtrip_ms	2341780204146
CASE	f1_006	format	2014-04-26T04:23:29.152000000Z
CASE	f1_006	to_timestamp	1398486209
CASE	f1_006	roundtrip_ms	1398486209152
CASE	f1_007	format	1939-05-14T11:52:03.978000000Z
CASE	f1_007	to_timestamp	-966773277
CASE	f1_007	roundtrip_ms	-966773276022
CASE	f1_008	format	2068-01-11T04:34:48.647000000Z
CASE	f1_008	to_timestamp	3093482088
CASE	f1_008	roundtrip_ms	3093482088647
CASE	f1_009	format	2055-03-28T23:45:53.270000000Z
CASE	f1_009	to_timestamp	2689890353
CASE	f1_009	roundtrip_ms	2689890353270
CASE	f1_010	format	2069-04-03T04:56:28.445000000Z
CASE	f1_010	to_timestamp	3132190588
CASE	f1_010	roundtrip_ms	3132190588445
CASE	f1_011	format	2096-09-11T12:11:36.208000000Z
CASE	f1_011	to_timestamp	3998203896
CASE	f1_011	roundtrip_ms	3998203896208
CASE	f1_012	format	2078-09-02T00:03:34.597000000Z
CASE	f1_012	to_timestamp	3429302614
CASE	f1_012	roundtrip_ms	3429302614597
CASE	f1_013	format	1974-09-22T13:36:12.581000000Z
CASE	f1_013	to_timestamp	149088972
CASE	f1_013	roundtrip_ms	149088972581
CASE	f1_014	format	1976-05-26T15:41:31.978000000Z
CASE	f1_014	to_timestamp	201973291
CASE	f1_014	roundtrip_ms	201973291978
CASE	f1_015	format	1952-07-30T22:46:39.853000000Z
CASE	f1_015	to_timestamp	-549767601
CASE	f1_015	roundtrip_ms	-549767600147
CASE	f1_016	format	1934-05-05T15:49:30.782000000Z
CASE	f1_016	to_timestamp	-1125303030
CASE	f1_016	roundtrip_ms	-1125303029218
CASE	f1_017	format	1993-10-17T08:44:41.060000000Z
CASE	f1_017	to_timestamp	750847481
CASE	f1_017	roundtrip_ms	750847481060
CASE	f1_018	format	2077-08-10T10:16:13.474000000Z
CASE	f1_018	to_timestamp	3395816173
CASE	f1_018	roundtrip_ms	3395816173474
CASE	f1_019	format	1915-01-11T07:54:02.302000000Z
CASE	f1_019	to_timestamp	-1734797158
CASE	f1_019	roundtrip_ms	-1734797157698
CASE	f1_020	format	2077-01-12T12:31:25.183000000Z
CASE	f1_020	to_timestamp	3377680285
CASE	f1_020	roundtrip_ms	3377680285183
CASE	f1_021	format	2066-02-12T21:59:20.199000000Z
CASE	f1_021	to_timestamp	3033237560
CASE	f1_021	roundtrip_ms	3033237560199
CASE	f1_022	format	1912-08-13T23:37:27.211000000Z
CASE	f1_022	to_timestamp	-1810858953
CASE	f1_022	roundtrip_ms	-1810858952789
CASE	f1_023	format	1939-02-09T07:18:23.740000000Z
CASE	f1_023	to_timestamp	-974911297
CASE	f1_023	roundtrip_ms	-974911296260
CASE	f1_024	format	2082-03-05T01:43:14.009000000Z
CASE	f1_024	to_timestamp	3539900594
CASE	f1_024	roundtrip_ms	3539900594009
CASE	f1_025	format	1974-01-26T06:06:51.831000000Z
CASE	f1_025	to_timestamp	128412411
CASE	f1_025	roundtrip_ms	128412411831
CASE	f1_026	format	2065-12-22T03:32:28.619000000Z
CASE	f1_026	to_timestamp	3028678348
CASE	f1_026	roundtrip_ms	3028678348619
CASE	f1_027	format	2030-06-15T03:37:02.310000000Z
CASE	f1_027	to_timestamp	1907725022
CASE	f1_027	roundtrip_ms	1907725022310
CASE	f1_028	format	1996-08-20T11:26:42.434000000Z
CASE	f1_028	to_timestamp	840540402
CASE	f1_028	roundtrip_ms	840540402434
CASE	f1_029	format	1945-02-08T14:07:37.381000000Z
CASE	f1_029	to_timestamp	-785584343
CASE	f1_029	roundtrip_ms	-785584342619
CASE	f1_030	format	1993-02-24T23:26:38.423000000Z
CASE	f1_030	to_timestamp	730596398
CASE	f1_030	roundtrip_ms	730596398423
CASE	f1_031	format	2034-07-22T16:27:56.518000000Z
CASE	f1_031	to_timestamp	2037198476
CASE	f1_031	roundtrip_ms	2037198476518
CASE	f1_032	format	2055-08-21T15:07:14.472000000Z
CASE	f1_032	to_timestamp	2702473634
CASE	f1_032	roundtrip_ms	2702473634472
CASE	f1_033	format	1936-12-05T02:46:28.079000000Z
CASE	f1_033	to_timestamp	-1043702012
CASE	f1_033	roundtrip_ms	-1043702011921
CASE	f1_034	format	2082-11-27T02:28:31.756000000Z
CASE	f1_034	to_timestamp	3562972111
CASE	f1_034	roundtrip_ms	3562972111756
CASE	f1_035	format	1991-05-01T14:31:07.285000000Z
CASE	f1_035	to_timestamp	673108267
CASE	f1_035	roundtrip_ms	673108267285
CASE	f1_036	format	2089-05-31T12:12:40.590000000Z
CASE	f1_036	to_timestamp	3768379960
CASE	f1_036	roundtrip_ms	3768379960590
CASE	f1_037	format	1942-11-06T01:33:33.556000000Z
CASE	f1_037	to_timestamp	-856909587
CASE	f1_037	roundtrip_ms	-856909586444
CASE	f1_038	format	1922-04-24T16:53:14.522000000Z
CASE	f1_038	to_timestamp	-1504940806
CASE	f1_038	roundtrip_ms	-1504940805478
CASE	f1_039	format	1990-10-28T11:09:50.185000000Z
CASE	f1_039	to_timestamp	657112190
CASE	f1_039	roundtrip_ms	657112190185
CASE	f1_040	format	1973-01-17T00:30:51.304000000Z
CASE	f1_040	to_timestamp	96078651
CASE	f1_040	roundtrip_ms	96078651304
CASE	f1_041	format	1943-01-08T09:27:16.562000000Z
CASE	f1_041	to_timestamp	-851437964
CASE	f1_041	roundtrip_ms	-851437963438
CASE	f1_042	format	2038-03-30T01:30:18.637000000Z
CASE	f1_042	to_timestamp	2153525418
CASE	f1_042	roundtrip_ms	2153525418637
CASE	f1_043	format	2085-02-14T01:13:32.175000000Z
CASE	f1_043	to_timestamp	3632951612
CASE	f1_043	roundtrip_ms	3632951612175
CASE	f1_044	format	1988-10-13T03:33:59.541000000Z
CASE	f1_044	to_timestamp	592716839
CASE	f1_044	roundtrip_ms	592716839541
CASE	f1_045	format	2061-04-18T10:48:17.127000000Z
CASE	f1_045	to_timestamp	2881046897
CASE	f1_045	roundtrip_ms	2881046897127
CASE	f1_046	format	1951-08-14T07:42:42.892000000Z
CASE	f1_046	to_timestamp	-580148238
CASE	f1_046	roundtrip_ms	-580148237108
CASE	f1_047	format	1944-04-29T20:23:24.244000000Z
CASE	f1_047	to_timestamp	-810185796
CASE	f1_047	roundtrip_ms	-810185795756
CASE	f1_048	format	1963-11-06T22:51:02.888000000Z
CASE	f1_048	to_timestamp	-194144938
CASE	f1_048	roundtrip_ms	-194144937112
CASE	f1_049	format	1927-05-02T23:13:22.083000000Z
CASE	f1_049	to_timestamp	-1346460398
CASE	f1_049	roundtrip_ms	-1346460397917
CASE	f1_050	format	1960-09-12T18:29:08.776000000Z
CASE	f1_050	to_timestamp	-293520652
CASE	f1_050	roundtrip_ms	-293520651224
CASE	f1_051	format	1955-03-03T17:51:08.261000000Z
CASE	f1_051	to_timestamp	-468050932
CASE	f1_051	roundtrip_ms	-468050931739
CASE	f1_052	format	2069-01-27T00:14:38.522000000Z
CASE	f1_052	to_timestamp	3126471278
CASE	f1_052	roundtrip_ms	3126471278522
CASE	f1_053	format	2023-08-10T04:00:28.422000000Z
CASE	f1_053	to_timestamp	1691640028
CASE	f1_053	roundtrip_ms	1691640028422
CASE	f1_054	format	1949-10-21T17:37:18.311000000Z
CASE	f1_054	to_timestamp	-637309362
CASE	f1_054	roundtrip_ms	-637309361689
CASE	f1_055	format	1914-08-12T20:51:17.287000000Z
CASE	f1_055	to_timestamp	-1747883323
CASE	f1_055	roundtrip_ms	-1747883322713
CASE	f1_056	format	2038-08-16T12:19:19.585000000Z
CASE	f1_056	to_timestamp	2165573959
CASE	f1_056	roundtrip_ms	2165573959585
CASE	f1_057	format	1965-01-25T16:15:31.492000000Z
CASE	f1_057	to_timestamp	-155634269
CASE	f1_057	roundtrip_ms	-155634268508
CASE	f1_058	format	2096-09-24T15:06:09.864000000Z
CASE	f1_058	to_timestamp	3999337569
CASE	f1_058	roundtrip_ms	3999337569864
CASE	f1_059	format	2082-02-08T10:07:54.322000000Z
CASE	f1_059	to_timestamp	3537770874
CASE	f1_059	roundtrip_ms	3537770874322
CASE	f1_060	format	1917-03-21T21:40:57.291000000Z
CASE	f1_060	to_timestamp	-1665627543
CASE	f1_060	roundtrip_ms	-1665627542709
CASE	f1_061	format	1964-04-08T03:41:14.442000000Z
CASE	f1_061	to_timestamp	-180908326
CASE	f1_061	roundtrip_ms	-180908325558
CASE	f1_062	format	2040-07-11T11:07:13.716000000Z
CASE	f1_062	to_timestamp	2225617633
CASE	f1_062	roundtrip_ms	2225617633716
CASE	f1_063	format	1971-01-31T01:45:47.293000000Z
CASE	f1_063	to_timestamp	34134347
CASE	f1_063	roundtrip_ms	34134347293
CASE	f1_064	format	1954-07-03T10:32:41.979000000Z
CASE	f1_064	to_timestamp	-489072439
CASE	f1_064	roundtrip_ms	-489072438021
CASE	f1_065	format	1925-01-22T18:21:45.529000000Z
CASE	f1_065	to_timestamp	-1418189895
CASE	f1_065	roundtrip_ms	-1418189894471
CASE	f1_066	format	2070-03-23T09:05:15.504000000Z
CASE	f1_066	to_timestamp	3162791115
CASE	f1_066	roundtrip_ms	3162791115504
CASE	f1_067	format	2002-12-22T07:52:15.617000000Z
CASE	f1_067	to_timestamp	1040543535
CASE	f1_067	roundtrip_ms	1040543535617
CASE	f1_068	format	2024-09-15T09:37:12.199000000Z
CASE	f1_068	to_timestamp	1726393032
CASE	f1_068	roundtrip_ms	1726393032199
CASE	f1_069	format	2051-02-12T12:00:04.471000000Z
CASE	f1_069	to_timestamp	2559816004
CASE	f1_069	roundtrip_ms	2559816004471
CASE	f1_070	format	2053-11-26T02:17:03.056000000Z
CASE	f1_070	to_timestamp	2647736223
CASE	f1_070	roundtrip_ms	2647736223056
CASE	f1_071	format	2076-02-11T19:25:26.962000000Z
CASE	f1_071	to_timestamp	3348674726
CASE	f1_071	roundtrip_ms	3348674726962
CASE	f1_072	format	2056-09-20T05:02:35.188000000Z
CASE	f1_072	to_timestamp	2736651755
CASE	f1_072	roundtrip_ms	2736651755188
CASE	f1_073	format	1969-06-10T14:14:08.939000000Z
CASE	f1_073	to_timestamp	-17660752
CASE	f1_073	roundtrip_ms	-17660751061
CASE	f1_074	format	1986-10-27T05:01:36.758000000Z
CASE	f1_074	to_timestamp	530773296
CASE	f1_074	roundtrip_ms	530773296758
CASE	f1_075	format	2078-10-21T05:18:51.926000000Z
CASE	f1_075	to_timestamp	3433555131
CASE	f1_075	roundtrip_ms	3433555131926
CASE	f1_076	format	2051-04-30T10:49:46.108000000Z
CASE	f1_076	to_timestamp	2566464586
CASE	f1_076	roundtrip_ms	2566464586108
CASE	f1_077	format	2051-07-31T11:02:47.861000000Z
CASE	f1_077	to_timestamp	2574414167
CASE	f1_077	roundtrip_ms	2574414167861
CASE	f1_078	format	2022-04-10T16:22:39.683000000Z
CASE	f1_078	to_timestamp	1649607759
CASE	f1_078	roundtrip_ms	1649607759683
CASE	f1_079	format	2008-11-17T08:30:13.769000000Z
CASE	f1_079	to_timestamp	1226910613
CASE	f1_079	roundtrip_ms	1226910613769
CASE	f1_080	format	2055-08-27T19:54:08.391000000Z
CASE	f1_080	to_timestamp	2703009248
CASE	f1_080	roundtrip_ms	2703009248391
CASE	f1_081	format	1908-08-07T08:08:06.976000000Z
CASE	f1_081	to_timestamp	-1937663514
CASE	f1_081	roundtrip_ms	-1937663513024
CASE	f1_082	format	2064-10-09T15:24:21.932000000Z
CASE	f1_082	to_timestamp	2990791461
CASE	f1_082	roundtrip_ms	2990791461932
CASE	f1_083	format	2086-11-14T10:08:54.547000000Z
CASE	f1_083	to_timestamp	3688106934
CASE	f1_083	roundtrip_ms	3688106934547
CASE	f1_084	format	1991-05-07T10:30:10.008000000Z
CASE	f1_084	to_timestamp	673612210
CASE	f1_084	roundtrip_ms	673612210008
CASE	f1_085	format	2032-11-29T19:59:45.550000000Z
CASE	f1_085	to_timestamp	1985371185
CASE	f1_085	roundtrip_ms	1985371185550
CASE	f1_086	format	1980-09-06T19:14:41.328000000Z
CASE	f1_086	to_timestamp	337115681
CASE	f1_086	roundtrip_ms	337115681328
CASE	f1_087	format	2021-05-08T05:41:12.084000000Z
CASE	f1_087	to_timestamp	1620452472
CASE	f1_087	roundtrip_ms	1620452472084
CASE	f1_088	format	2010-05-15T19:44:14.572000000Z
CASE	f1_088	to_timestamp	1273952654
CASE	f1_088	roundtrip_ms	1273952654572
CASE	f1_089	format	1930-12-26T09:55:15.791000000Z
CASE	f1_089	to_timestamp	-1231250685
CASE	f1_089	roundtrip_ms	-1231250684209
CASE	f1_090	format	2009-05-24T11:15:22.609000000Z
CASE	f1_090	to_timestamp	1243163722
CASE	f1_090	roundtrip_ms	1243163722609
CASE	f1_091	format	1935-05-05T10:44:26.402000000Z
CASE	f1_091	to_timestamp	-1093785334
CASE	f1_091	roundtrip_ms	-1093785333598
CASE	f1_092	format	1981-09-29T07:27:56.133000000Z
CASE	f1_092	to_timestamp	370596476
CASE	f1_092	roundtrip_ms	370596476133
CASE	f1_093	format	2094-06-18T07:37:04.001000000Z
CASE	f1_093	to_timestamp	3927685024
CASE	f1_093	roundtrip_ms	3927685024001
CASE	f1_094	format	1996-03-25T10:05:04.969000000Z
CASE	f1_094	to_timestamp	827748304
CASE	f1_094	roundtrip_ms	827748304969
CASE	f1_095	format	1912-05-04T05:31:25.282000000Z
CASE	f1_095	to_timestamp	-1819650515
CASE	f1_095	roundtrip_ms	-1819650514718
CASE	f1_096	format	2014-07-11T01:15:36.844000000Z
CASE	f1_096	to_timestamp	1405041336
CASE	f1_096	roundtrip_ms	1405041336844
CASE	f1_097	format	2077-01-23T19:59:08.155000000Z
CASE	f1_097	to_timestamp	3378657548
CASE	f1_097	roundtrip_ms	3378657548155
CASE	f1_098	format	1972-09-23T01:09:11.204000000Z
CASE	f1_098	to_timestamp	86058551
CASE	f1_098	roundtrip_ms	86058551204
CASE	f1_099	format	2046-01-13T17:33:29.183000000Z
CASE	f1_099	to_timestamp	2399477609
CASE	f1_099	roundtrip_ms	2399477609183
CASE	f1_100	format	2034-09-12T13:51:51.739000000Z
CASE	f1_100	to_timestamp	2041681911
CASE	f1_100	roundtrip_ms	2041681911739
CASE	f1_101	format	1972-06-18T18:25:37.771000000Z
CASE	f1_101	to_timestamp	77739937
CASE	f1_101	roundtrip_ms	77739937771
CASE	f1_102	format	2037-09-25T19:29:08.187000000Z
CASE	f1_102	to_timestamp	2137519748
CASE	f1_102	roundtrip_ms	2137519748187
CASE	f1_103	format	1994-08-16T08:33:42.586000000Z
CASE	f1_103	to_timestamp	777026022
CASE	f1_103	roundtrip_ms	777026022586
CASE	f1_104	format	2032-03-06T15:44:24.541000000Z
CASE	f1_104	to_timestamp	1962200664
CASE	f1_104	roundtrip_ms	1962200664541
CASE	f1_105	format	2049-04-22T15:01:37.569000000Z
CASE	f1_105	to_timestamp	2502716497
CASE	f1_105	roundtrip_ms	2502716497569
CASE	f1_106	format	2072-04-14T10:48:36.675000000Z
CASE	f1_106	to_timestamp	3227856516
CASE	f1_106	roundtrip_ms	3227856516675
CASE	f1_107	format	1992-09-15T18:56:10.483000000Z
CASE	f1_107	to_timestamp	716583370
CASE	f1_107	roundtrip_ms	716583370483
CASE	f1_108	format	1914-08-31T04:32:29.405000000Z
CASE	f1_108	to_timestamp	-1746300451
CASE	f1_108	roundtrip_ms	-1746300450595
CASE	f1_109	format	2050-09-29T17:22:47.040000000Z
CASE	f1_109	to_timestamp	2548084967
CASE	f1_109	roundtrip_ms	2548084967040
CASE	f1_110	format	1936-03-02T04:00:26.610000000Z
CASE	f1_110	to_timestamp	-1067716774
CASE	f1_110	roundtrip_ms	-1067716773390
CASE	f1_111	format	1987-02-25T15:24:10.036000000Z
CASE	f1_111	to_timestamp	541265050
CASE	f1_111	roundtrip_ms	541265050036
CASE	f1_112	format	2085-08-22T15:20:19.926000000Z
CASE	f1_112	to_timestamp	3649332019
CASE	f1_112	roundtrip_ms	3649332019926
CASE	f1_113	format	1977-09-27T23:25:38.517000000Z
CASE	f1_113	to_timestamp	244250738
CASE	f1_113	roundtrip_ms	244250738517
CASE	f1_114	format	1997-07-15T21:42:45.653000000Z
CASE	f1_114	to_timestamp	869002965
CASE	f1_114	roundtrip_ms	869002965653
CASE	f1_115	format	1989-09-17T04:20:13.121000000Z
CASE	f1_115	to_timestamp	622009213
CASE	f1_115	roundtrip_ms	622009213121
CASE	f1_116	format	2036-04-20T20:50:24.251000000Z
CASE	f1_116	to_timestamp	2092337424
CASE	f1_116	roundtrip_ms	2092337424251
CASE	f1_117	format	2070-08-27T10:17:18.361000000Z
CASE	f1_117	to_timestamp	3176360238
CASE	f1_117	roundtrip_ms	3176360238361
CASE	f1_118	format	2020-12-21T04:08:20.319000000Z
CASE	f1_118	to_timestamp	1608523700
CASE	f1_118	roundtrip_ms	1608523700319
CASE	f1_119	format	2064-07-30T11:26:47.364000000Z
CASE	f1_119	to_timestamp	2984642807
CASE	f1_119	roundtrip_ms	2984642807364
CASE	f1_120	format	1907-11-12T17:01:38.770000000Z
CASE	f1_120	to_timestamp	-1960873102
CASE	f1_120	roundtrip_ms	-1960873101230
CASE	f1_121	format	2070-06-30T12:56:20.893000000Z
CASE	f1_121	to_timestamp	3171358580
CASE	f1_121	roundtrip_ms	3171358580893
CASE	f1_122	format	2000-01-19T01:43:43.187000000Z
CASE	f1_122	to_timestamp	948246223
CASE	f1_122	roundtrip_ms	948246223187
CASE	f1_123	format	2085-08-03T18:37:45.072000000Z
CASE	f1_123	to_timestamp	3647702265
CASE	f1_123	roundtrip_ms	3647702265072
CASE	f1_124	format	1977-09-24T07:21:00.012000000Z
CASE	f1_124	to_timestamp	243933660
CASE	f1_124	roundtrip_ms	243933660012
CASE	f1_125	format	1908-12-05T16:28:02.144000000Z
CASE	f1_125	to_timestamp	-1927265518
CASE	f1_125	roundtrip_ms	-1927265517856
CASE	f1_126	format	1958-06-21T02:02:25.283000000Z
CASE	f1_126	to_timestamp	-363909455
CASE	f1_126	roundtrip_ms	-363909454717
CASE	f1_127	format	2014-03-04T12:51:15.578000000Z
CASE	f1_127	to_timestamp	1393937475
CASE	f1_127	roundtrip_ms	1393937475578
CASE	f1_128	format	2049-06-17T19:18:02.442000000Z
CASE	f1_128	to_timestamp	2507570282
CASE	f1_128	roundtrip_ms	2507570282442
CASE	f1_129	format	1945-10-06T10:35:33.379000000Z
CASE	f1_129	to_timestamp	-764861067
CASE	f1_129	roundtrip_ms	-764861066621
CASE	f1_130	format	1947-04-24T18:28:56.778000000Z
CASE	f1_130	to_timestamp	-716016664
CASE	f1_130	roundtrip_ms	-716016663222
CASE	f1_131	format	2043-06-16T08:45:36.400000000Z
CASE	f1_131	to_timestamp	2318057136
CASE	f1_131	roundtrip_ms	2318057136400
CASE	f1_132	format	1942-02-06T23:13:47.561000000Z
CASE	f1_132	to_timestamp	-880418773
CASE	f1_132	roundtrip_ms	-880418772439
CASE	f1_133	format	1979-11-19T05:19:57.602000000Z
CASE	f1_133	to_timestamp	311836797
CASE	f1_133	roundtrip_ms	311836797602
CASE	f1_134	format	1938-12-05T10:12:14.172000000Z
CASE	f1_134	to_timestamp	-980603266
CASE	f1_134	roundtrip_ms	-980603265828
CASE	f1_135	format	2063-03-20T18:07:40.928000000Z
CASE	f1_135	to_timestamp	2941639660
CASE	f1_135	roundtrip_ms	2941639660928
CASE	f1_136	format	2033-07-15T18:41:41.073000000Z
CASE	f1_136	to_timestamp	2005065701
CASE	f1_136	roundtrip_ms	2005065701073
CASE	f1_137	format	2022-06-19T11:03:05.931000000Z
CASE	f1_137	to_timestamp	1655636585
CASE	f1_137	roundtrip_ms	1655636585931
CASE	f1_138	format	1935-01-27T21:28:11.475000000Z
CASE	f1_138	to_timestamp	-1102213909
CASE	f1_138	roundtrip_ms	-1102213908525
CASE	f1_139	format	1959-09-20T13:26:49.324000000Z
CASE	f1_139	to_timestamp	-324469991
CASE	f1_139	roundtrip_ms	-324469990676
CASE	f1_140	format	1943-04-15T08:17:31.938000000Z
CASE	f1_140	to_timestamp	-843061349
CASE	f1_140	roundtrip_ms	-843061348062
CASE	f1_141	format	1938-07-30T11:11:43.725000000Z
CASE	f1_141	to_timestamp	-991658897
CASE	f1_141	roundtrip_ms	-991658896275
CASE	f1_142	format	1993-02-15T02:10:50.378000000Z
CASE	f1_142	to_timestamp	729742250
CASE	f1_142	roundtrip_ms	729742250378
CASE	f1_143	format	2031-01-06T13:36:00.955000000Z
CASE	f1_143	to_timestamp	1925472960
CASE	f1_143	roundtrip_ms	1925472960955
CASE	f1_144	format	1937-05-21T18:56:21.587000000Z
CASE	f1_144	to_timestamp	-1029215019
CASE	f1_144	roundtrip_ms	-1029215018413
CASE	f1_145	format	1937-03-28T01:10:48.797000000Z
CASE	f1_145	to_timestamp	-1033944552
CASE	f1_145	roundtrip_ms	-1033944551203
CASE	f1_146	format	2014-12-13T13:35:15.003000000Z
CASE	f1_146	to_timestamp	1418477715
CASE	f1_146	roundtrip_ms	1418477715003
CASE	f1_147	format	1960-10-15T19:06:06.916000000Z
CASE	f1_147	to_timestamp	-290667234
CASE	f1_147	roundtrip_ms	-290667233084
CASE	f1_148	format	1973-10-30T23:17:51.664000000Z
CASE	f1_148	to_timestamp	120871071
CASE	f1_148	roundtrip_ms	120871071664
CASE	f1_149	format	2028-07-29T07:14:44.487000000Z
CASE	f1_149	to_timestamp	1848467684
CASE	f1_149	roundtrip_ms	1848467684487
CASE	f5_000	format_parse_format	1915-02-26T22:31:44.775000000Z
CASE	f5_001	format_parse_format	1961-06-25T12:57:53.855000000Z
CASE	f5_002	format_parse_format	1930-09-08T15:58:36.328000000Z
CASE	f5_003	format_parse_format	2071-11-07T05:52:12.298000000Z
CASE	f5_004	format_parse_format	2049-07-26T22:41:32.560000000Z
CASE	f5_005	format_parse_format	2073-09-03T13:34:06.297000000Z
CASE	f5_006	format_parse_format	1916-08-28T19:54:07.564000000Z
CASE	f5_007	format_parse_format	1930-07-26T05:48:05.187000000Z
CASE	f5_008	format_parse_format	1940-04-16T10:26:29.140000000Z
CASE	f5_009	format_parse_format	1956-05-12T06:53:53.284000000Z
CASE	f5_010	format_parse_format	1908-10-06T15:22:15.963000000Z
CASE	f5_011	format_parse_format	1981-01-29T22:03:02.726000000Z
CASE	f5_012	format_parse_format	2063-05-06T19:56:46.539000000Z
CASE	f5_013	format_parse_format	1949-11-29T01:09:08.046000000Z
CASE	f5_014	format_parse_format	1951-08-14T19:48:30.780000000Z
CASE	f5_015	format_parse_format	2019-06-06T03:55:34.667000000Z
CASE	f5_016	format_parse_format	2058-08-03T15:30:18.895000000Z
CASE	f5_017	format_parse_format	2066-01-27T13:40:55.682000000Z
CASE	f5_018	format_parse_format	2040-09-25T08:38:56.762000000Z
CASE	f5_019	format_parse_format	2030-02-07T20:51:07.335000000Z
CASE	f5_020	format_parse_format	1969-03-09T01:44:56.517000000Z
CASE	f5_021	format_parse_format	2022-01-07T11:43:59.927000000Z
CASE	f5_022	format_parse_format	1919-09-09T06:43:16.941000000Z
CASE	f5_023	format_parse_format	1946-02-03T02:34:27.737000000Z
CASE	f5_024	format_parse_format	2093-10-13T12:06:21.087000000Z
CASE	f5_025	format_parse_format	2076-01-08T04:41:23.937000000Z
CASE	f5_026	format_parse_format	2036-05-09T10:54:34.428000000Z
CASE	f5_027	format_parse_format	2077-05-20T09:04:18.192000000Z
CASE	f5_028	format_parse_format	2069-09-07T07:50:47.240000000Z
CASE	f5_029	format_parse_format	1953-03-30T23:12:35.716000000Z
CASE	f5_030	format_parse_format	1996-08-11T07:27:48.161000000Z
CASE	f5_031	format_parse_format	2034-02-14T21:58:25.470000000Z
CASE	f5_032	format_parse_format	2032-08-24T21:01:40.899000000Z
CASE	f5_033	format_parse_format	2063-06-08T18:53:48.159000000Z
CASE	f5_034	format_parse_format	1908-08-21T06:30:45.738000000Z
CASE	f5_035	format_parse_format	2084-07-16T10:07:09.053000000Z
CASE	f5_036	format_parse_format	1989-10-29T04:34:16.990000000Z
CASE	f5_037	format_parse_format	1927-05-12T16:10:51.652000000Z
CASE	f5_038	format_parse_format	1915-12-19T13:57:57.645000000Z
CASE	f5_039	format_parse_format	1912-08-31T10:36:33.325000000Z
CASE	f5_040	format_parse_format	1964-05-21T08:29:55.813000000Z
CASE	f5_041	format_parse_format	2038-08-09T07:30:26.504000000Z
CASE	f5_042	format_parse_format	1922-03-22T13:32:03.819000000Z
CASE	f5_043	format_parse_format	1951-10-21T22:50:33.652000000Z
CASE	f5_044	format_parse_format	2077-03-29T01:17:39.328000000Z
CASE	f5_045	format_parse_format	2081-01-20T12:08:57.342000000Z
CASE	f5_046	format_parse_format	1965-12-05T23:48:46.780000000Z
CASE	f5_047	format_parse_format	2068-05-31T14:41:02.178000000Z
CASE	f5_048	format_parse_format	2069-04-30T04:31:53.425000000Z
CASE	f5_049	format_parse_format	1956-07-21T21:04:48.952000000Z
CASE	f5_050	format_parse_format	1937-01-26T10:46:33.375000000Z
CASE	f5_051	format_parse_format	2033-01-10T18:04:03.540000000Z
CASE	f5_052	format_parse_format	2006-02-03T03:50:32.824000000Z
CASE	f5_053	format_parse_format	1920-05-18T00:27:39.071000000Z
CASE	f5_054	format_parse_format	2006-06-02T13:26:33.873000000Z
CASE	f5_055	format_parse_format	2065-08-28T06:12:02.018000000Z
CASE	f5_056	format_parse_format	1963-07-02T21:07:31.342000000Z
CASE	f5_057	format_parse_format	2058-08-25T21:50:42.676000000Z
CASE	f5_058	format_parse_format	1986-02-09T14:34:25.001000000Z
CASE	f5_059	format_parse_format	1982-04-25T03:03:41.830000000Z
CASE	f5_060	format_parse_format	2042-05-23T22:15:52.772000000Z
CASE	f5_061	format_parse_format	2069-03-30T00:14:51.432000000Z
CASE	f5_062	format_parse_format	1997-02-18T12:50:49.936000000Z
CASE	f5_063	format_parse_format	1934-11-20T04:59:50.627000000Z
CASE	f5_064	format_parse_format	2054-02-20T17:17:20.546000000Z
CASE	f5_065	format_parse_format	2006-06-18T20:14:36.002000000Z
CASE	f5_066	format_parse_format	1932-12-16T13:11:59.263000000Z
CASE	f5_067	format_parse_format	1943-12-25T07:20:33.526000000Z
CASE	f5_068	format_parse_format	1931-01-23T19:12:51.392000000Z
CASE	f5_069	format_parse_format	1923-11-21T23:22:48.222000000Z
CASE	f5_070	format_parse_format	1992-02-11T08:39:35.911000000Z
CASE	f5_071	format_parse_format	2080-08-03T05:25:08.326000000Z
CASE	f5_072	format_parse_format	1977-06-07T07:05:43.913000000Z
CASE	f5_073	format_parse_format	2006-09-22T22:59:39.184000000Z
CASE	f5_074	format_parse_format	1972-04-22T12:46:32.670000000Z
CASE	f5_075	format_parse_format	1918-12-21T14:04:57.672000000Z
CASE	f5_076	format_parse_format	2095-08-30T04:26:38.663000000Z
CASE	f5_077	format_parse_format	2085-12-06T22:25:12.358000000Z
CASE	f5_078	format_parse_format	1961-11-08T15:23:07.197000000Z
CASE	f5_079	format_parse_format	1914-03-11T16:02:04.150000000Z
CASE	f5_080	format_parse_format	2076-11-08T19:07:48.049000000Z
CASE	f5_081	format_parse_format	1994-02-22T08:44:35.006000000Z
CASE	f5_082	format_parse_format	2077-07-27T02:40:44.649000000Z
CASE	f5_083	format_parse_format	2092-01-03T06:15:40.127000000Z
CASE	f5_084	format_parse_format	1913-07-03T13:43:30.445000000Z
CASE	f5_085	format_parse_format	2072-05-28T23:45:48.611000000Z
CASE	f5_086	format_parse_format	2002-09-28T22:57:37.912000000Z
CASE	f5_087	format_parse_format	2081-08-24T18:04:21.383000000Z
CASE	f5_088	format_parse_format	1989-02-19T13:22:28.826000000Z
CASE	f5_089	format_parse_format	1950-07-13T11:59:14.366000000Z
CASE	f5_090	format_parse_format	2053-09-22T11:24:22.184000000Z
CASE	f5_091	format_parse_format	1925-04-16T06:48:26.283000000Z
CASE	f5_092	format_parse_format	2065-04-09T00:43:02.679000000Z
CASE	f5_093	format_parse_format	1937-03-13T10:32:59.015000000Z
CASE	f5_094	format_parse_format	1942-01-15T11:07:58.795000000Z
CASE	f5_095	format_parse_format	1976-10-31T19:58:10.878000000Z
CASE	f5_096	format_parse_format	1964-12-07T17:51:22.664000000Z
CASE	f5_097	format_parse_format	1910-08-31T08:13:31.621000000Z
CASE	f5_098	format_parse_format	1996-08-20T05:55:50.259000000Z
CASE	f5_099	format_parse_format	2092-02-16T04:30:41.252000000Z
CASE	f5_malformed_garbage_0	parse_status	rejected
CASE	f5_malformed_month_13	parse_status	rejected
CASE	f5_malformed_day_32	parse_status	rejected
CASE	f5_malformed_hour_24	parse_status	rejected
CASE	f5_malformed_leap_second	parse_status	rejected
CASE	f5_malformed_offset_plus_24	parse_status	rejected
CASE	parse_format_000	parse_format_round_trip	true
CASE	parse_format_001	parse_format_round_trip	true
CASE	parse_format_002	parse_format_round_trip	true
CASE	parse_format_003	parse_format_round_trip	true
CASE	parse_format_004	parse_format_round_trip	true
CASE	parse_format_005	parse_format_round_trip	true
CASE	parse_format_006	parse_format_round_trip	true
CASE	parse_format_007	parse_format_round_trip	true
CASE	parse_format_008	parse_format_round_trip	true
CASE	parse_format_009	parse_format_round_trip	true
CASE	parse_format_010	parse_format_round_trip	true
CASE	parse_format_011	parse_format_round_trip	true
CASE	parse_format_012	parse_format_round_trip	true
CASE	parse_format_013	parse_format_round_trip	true
CASE	parse_format_014	parse_format_round_trip	true
CASE	parse_format_015	parse_format_round_trip	true
CASE	parse_format_016	parse_format_round_trip	true
CASE	parse_format_017	parse_format_round_trip	true
CASE	parse_format_018	parse_format_round_trip	true
CASE	parse_format_019	parse_format_round_trip	true
CASE	parse_format_020	parse_format_round_trip	true
CASE	parse_format_021	parse_format_round_trip	true
CASE	parse_format_022	parse_format_round_trip	true
CASE	parse_format_023	parse_format_round_trip	true
CASE	parse_format_024	parse_format_round_trip	true
CASE	parse_format_025	parse_format_round_trip	true
CASE	parse_format_026	parse_format_round_trip	true
CASE	parse_format_027	parse_format_round_trip	true
CASE	parse_format_028	parse_format_round_trip	true
CASE	parse_format_029	parse_format_round_trip	true
CASE	parse_format_030	parse_format_round_trip	true
CASE	parse_format_031	parse_format_round_trip	true
CASE	parse_format_032	parse_format_round_trip	true
CASE	parse_format_033	parse_format_round_trip	true
CASE	parse_format_034	parse_format_round_trip	true
CASE	parse_format_035	parse_format_round_trip	true
CASE	parse_format_036	parse_format_round_trip	true
CASE	parse_format_037	parse_format_round_trip	true
CASE	parse_format_038	parse_format_round_trip	true
CASE	parse_format_039	parse_format_round_trip	true
CASE	parse_format_040	parse_format_round_trip	true
CASE	parse_format_041	parse_format_round_trip	true
CASE	parse_format_042	parse_format_round_trip	true
CASE	parse_format_043	parse_format_round_trip	true
CASE	parse_format_044	parse_format_round_trip	true
CASE	parse_format_045	parse_format_round_trip	true
CASE	parse_format_046	parse_format_round_trip	true
CASE	parse_format_047	parse_format_round_trip	true
CASE	parse_format_048	parse_format_round_trip	true
CASE	parse_format_049	parse_format_round_trip	true
CASE	parse_format_050	parse_format_round_trip	true
CASE	parse_format_051	parse_format_round_trip	true
CASE	parse_format_052	parse_format_round_trip	true
CASE	parse_format_053	parse_format_round_trip	true
CASE	parse_format_054	parse_format_round_trip	true
CASE	parse_format_055	parse_format_round_trip	true
CASE	parse_format_056	parse_format_round_trip	true
CASE	parse_format_057	parse_format_round_trip	true
CASE	parse_format_058	parse_format_round_trip	true
CASE	parse_format_059	parse_format_round_trip	true
CASE	parse_format_060	parse_format_round_trip	true
CASE	parse_format_061	parse_format_round_trip	true
CASE	parse_format_062	parse_format_round_trip	true
CASE	parse_format_063	parse_format_round_trip	true
CASE	parse_format_064	parse_format_round_trip	true
CASE	parse_format_065	parse_format_round_trip	true
CASE	parse_format_066	parse_format_round_trip	true
CASE	parse_format_067	parse_format_round_trip	true
CASE	parse_format_068	parse_format_round_trip	true
CASE	parse_format_069	parse_format_round_trip	true
CASE	parse_format_070	parse_format_round_trip	true
CASE	parse_format_071	parse_format_round_trip	true
CASE	parse_format_072	parse_format_round_trip	true
CASE	parse_format_073	parse_format_round_trip	true
CASE	parse_format_074	parse_format_round_trip	true
CASE	parse_format_075	parse_format_round_trip	true
CASE	parse_format_076	parse_format_round_trip	true
CASE	parse_format_077	parse_format_round_trip	true
CASE	parse_format_078	parse_format_round_trip	true
CASE	parse_format_079	parse_format_round_trip	true
CASE	parse_format_080	parse_format_round_trip	true
CASE	parse_format_081	parse_format_round_trip	true
CASE	parse_format_082	parse_format_round_trip	true
CASE	parse_format_083	parse_format_round_trip	true
CASE	parse_format_084	parse_format_round_trip	true
CASE	parse_format_085	parse_format_round_trip	true
CASE	parse_format_086	parse_format_round_trip	true
CASE	parse_format_087	parse_format_round_trip	true
CASE	parse_format_088	parse_format_round_trip	true
CASE	parse_format_089	parse_format_round_trip	true
CASE	parse_format_090	parse_format_round_trip	true
CASE	parse_format_091	parse_format_round_trip	true
CASE	parse_format_092	parse_format_round_trip	true
CASE	parse_format_093	parse_format_round_trip	true
CASE	parse_format_094	parse_format_round_trip	true
CASE	parse_format_095	parse_format_round_trip	true
CASE	parse_format_096	parse_format_round_trip	true
CASE	parse_format_097	parse_format_round_trip	true
CASE	parse_format_098	parse_format_round_trip	true
CASE	parse_format_099	parse_format_round_trip	true
