CASE	cal_000	weekday	1
CASE	cal_000	iso_weekday	1
CASE	cal_001	weekday	2
CASE	cal_001	iso_weekday	2
CASE	cal_002	weekday	3
CASE	cal_002	iso_weekday	3
CASE	cal_003	weekday	4
CASE	cal_003	iso_weekday	4
CASE	cal_004	weekday	5
CASE	cal_004	iso_weekday	5
CASE	cal_005	weekday	6
CASE	cal_005	iso_weekday	6
CASE	cal_006	weekday	0
CASE	cal_006	iso_weekday	7
CASE	f2_000	weekday	3
CASE	f2_000	iso_weekday	3
CASE	f2_000	day_of_year	59
CASE	f2_000	iso_week	9
CASE	f2_000	days_in_month	28
CASE	f2_000	is_leap_year	false
CASE	f2_000	quarter	1
CASE	f2_001	weekday	2
CASE	f2_001	iso_weekday	2
CASE	f2_001	day_of_year	60
CASE	f2_001	iso_week	9
CASE	f2_001	days_in_month	29
CASE	f2_001	is_leap_year	true
CASE	f2_001	quarter	1
CASE	f2_002	weekday	0
CASE	f2_002	iso_weekday	7
CASE	f2_002	day_of_year	59
CASE	f2_002	iso_week	8
CASE	f2_002	days_in_month	28
CASE	f2_002	is_leap_year	false
CASE	f2_002	quarter	1
CASE	f2_003	weekday	2
CASE	f2_003	iso_weekday	2
CASE	f2_003	day_of_year	60
CASE	f2_003	iso_week	9
CASE	f2_003	days_in_month	29
CASE	f2_003	is_leap_year	true
CASE	f2_003	quarter	1
CASE	f2_004	weekday	6
CASE	f2_004	iso_weekday	6
CASE	f2_004	day_of_year	252
CASE	f2_004	iso_week	36
CASE	f2_004	days_in_month	30
CASE	f2_004	is_leap_year	false
CASE	f2_004	quarter	3
CASE	f2_005	weekday	3
CASE	f2_005	iso_weekday	3
CASE	f2_005	day_of_year	365
CASE	f2_005	iso_week	53
CASE	f2_005	days_in_month	31
CASE	f2_005	is_leap_year	true
CASE	f2_005	quarter	4
CASE	f2_006	weekday	1
CASE	f2_006	iso_weekday	1
CASE	f2_006	day_of_year	252
CASE	f2_006	iso_week	37
CASE	f2_006	days_in_month	30
CASE	f2_006	is_leap_year	false
CASE	f2_006	quarter	3
CASE	f2_007	weekday	4
CASE	f2_007	iso_weekday	4
CASE	f2_007	day_of_year	182
CASE	f2_007	iso_week	26
CASE	f2_007	days_in_month	31
CASE	f2_007	is_leap_year	false
CASE	f2_007	quarter	3
CASE	f2_008	weekday	5
CASE	f2_008	iso_weekday	5
CASE	f2_008	day_of_year	205
CASE	f2_008	iso_week	30
CASE	f2_008	days_in_month	31
CASE	f2_008	is_leap_year	false
CASE	f2_008	quarter	3
CASE	f2_009	weekday	4
CASE	f2_009	iso_weekday	4
CASE	f2_009	day_of_year	274
CASE	f2_009	iso_week	40
CASE	f2_009	days_in_month	31
CASE	f2_009	is_leap_year	false
CASE	f2_009	quarter	4
CASE	f2_010	weekday	1
CASE	f2_010	iso_weekday	1
CASE	f2_010	day_of_year	357
CASE	f2_010	iso_week	52
CASE	f2_010	days_in_month	31
CASE	f2_010	is_leap_year	false
CASE	f2_010	quarter	4
CASE	f2_011	weekday	4
CASE	f2_011	iso_weekday	4
CASE	f2_011	day_of_year	261
CASE	f2_011	iso_week	38
CASE	f2_011	days_in_month	30
CASE	f2_011	is_leap_year	true
CASE	f2_011	quarter	3
CASE	f2_012	weekday	0
CASE	f2_012	iso_weekday	7
CASE	f2_012	day_of_year	310
CASE	f2_012	iso_week	44
CASE	f2_012	days_in_month	30
CASE	f2_012	is_leap_year	false
CASE	f2_012	quarter	4
CASE	f2_013	weekday	1
CASE	f2_013	iso_weekday	1
CASE	f2_013	day_of_year	224
CASE	f2_013	iso_week	33
CASE	f2_013	days_in_month	31
CASE	f2_013	is_leap_year	false
CASE	f2_013	quarter	3
CASE	f2_014	weekday	2
CASE	f2_014	iso_weekday	2
CASE	f2_014	day_of_year	168
CASE	f2_014	iso_week	25
CASE	f2_014	days_in_month	30
CASE	f2_014	is_leap_year	true
CASE	f2_014	quarter	2
CASE	f2_015	weekday	0
CASE	f2_015	iso_weekday	7
CASE	f2_015	day_of_year	273
CASE	f2_015	iso_week	39
CASE	f2_015	days_in_month	30
CASE	f2_015	is_leap_year	false
CASE	f2_015	quarter	3
CASE	f2_016	weekday	6
CASE	f2_016	iso_weekday	6
CASE	f2_016	day_of_year	65
CASE	f2_016	iso_week	9
CASE	f2_016	days_in_month	31
CASE	f2_016	is_leap_year	false
CASE	f2_016	quarter	1
CASE	f2_017	weekday	0
CASE	f2_017	iso_weekday	7
CASE	f2_017	day_of_year	100
CASE	f2_017	iso_week	14
CASE	f2_017	days_in_month	30
CASE	f2_017	is_leap_year	false
CASE	f2_017	quarter	2
CASE	f2_018	weekday	3
CASE	f2_018	iso_weekday	3
CASE	f2_018	day_of_year	317
CASE	f2_018	iso_week	46
CASE	f2_018	days_in_month	30
CASE	f2_018	is_leap_year	false
CASE	f2_018	quarter	4
CASE	f2_019	weekday	3
CASE	f2_019	iso_weekday	3
CASE	f2_019	day_of_year	14
CASE	f2_019	iso_week	3
CASE	f2_019	days_in_month	31
CASE	f2_019	is_leap_year	false
CASE	f2_019	quarter	1
CASE	f2_020	weekday	1
CASE	f2_020	iso_weekday	1
CASE	f2_020	day_of_year	70
CASE	f2_020	iso_week	11
CASE	f2_020	days_in_month	31
CASE	f2_020	is_leap_year	true
CASE	f2_020	quarter	1
CASE	f2_021	weekday	3
CASE	f2_021	iso_weekday	3
CASE	f2_021	day_of_year	341
CASE	f2_021	iso_week	49
CASE	f2_021	days_in_month	31
CASE	f2_021	is_leap_year	true
CASE	f2_021	quarter	4
CASE	f2_022	weekday	0
CASE	f2_022	iso_weekday	7
CASE	f2_022	day_of_year	203
CASE	f2_022	iso_week	29
CASE	f2_022	days_in_month	31
CASE	f2_022	is_leap_year	false
CASE	f2_022	quarter	3
CASE	f2_023	weekday	1
CASE	f2_023	iso_weekday	1
CASE	f2_023	day_of_year	288
CASE	f2_023	iso_week	42
CASE	f2_023	days_in_month	31
CASE	f2_023	is_leap_year	false
CASE	f2_023	quarter	4
CASE	f2_024	weekday	4
CASE	f2_024	iso_weekday	4
CASE	f2_024	day_of_year	37
CASE	f2_024	iso_week	6
CASE	f2_024	days_in_month	28
CASE	f2_024	is_leap_year	false
CASE	f2_024	quarter	1
CASE	f2_025	weekday	5
CASE	f2_025	iso_weekday	5
CASE	f2_025	day_of_year	331
CASE	f2_025	iso_week	48
CASE	f2_025	days_in_month	30
CASE	f2_025	is_leap_year	false
CASE	f2_025	quarter	4
CASE	f2_026	weekday	6
CASE	f2_026	iso_weekday	6
CASE	f2_026	day_of_year	180
CASE	f2_026	iso_week	26
CASE	f2_026	days_in_month	30
CASE	f2_026	is_leap_year	false
CASE	f2_026	quarter	2
CASE	f2_027	weekday	3
CASE	f2_027	iso_weekday	3
CASE	f2_027	day_of_year	60
CASE	f2_027	iso_week	9
CASE	f2_027	days_in_month	31
CASE	f2_027	is_leap_year	false
CASE	f2_027	quarter	1
CASE	f2_028	weekday	5
CASE	f2_028	iso_weekday	5
CASE	f2_028	day_of_year	299
CASE	f2_028	iso_week	43
CASE	f2_028	days_in_month	31
CASE	f2_028	is_leap_year	false
CASE	f2_028	quarter	4
CASE	f2_029	weekday	2
CASE	f2_029	iso_weekday	2
CASE	f2_029	day_of_year	29
CASE	f2_029	iso_week	5
CASE	f2_029	days_in_month	31
CASE	f2_029	is_leap_year	false
CASE	f2_029	quarter	1
CASE	f2_030	weekday	2
CASE	f2_030	iso_weekday	2
CASE	f2_030	day_of_year	231
CASE	f2_030	iso_week	34
CASE	f2_030	days_in_month	31
CASE	f2_030	is_leap_year	false
CASE	f2_030	quarter	3
CASE	f2_031	weekday	4
CASE	f2_031	iso_weekday	4
CASE	f2_031	day_of_year	196
CASE	f2_031	iso_week	28
CASE	f2_031	days_in_month	31
CASE	f2_031	is_leap_year	false
CASE	f2_031	quarter	3
CASE	f2_032	weekday	6
CASE	f2_032	iso_weekday	6
CASE	f2_032	day_of_year	250
CASE	f2_032	iso_week	36
CASE	f2_032	days_in_month	30
CASE	f2_032	is_leap_year	false
CASE	f2_032	quarter	3
CASE	f2_033	weekday	4
CASE	f2_033	iso_weekday	4
CASE	f2_033	day_of_year	302
CASE	f2_033	iso_week	44
CASE	f2_033	days_in_month	31
CASE	f2_033	is_leap_year	true
CASE	f2_033	quarter	4
CASE	f2_034	weekday	4
CASE	f2_034	iso_weekday	4
CASE	f2_034	day_of_year	188
CASE	f2_034	iso_week	27
CASE	f2_034	days_in_month	31
CASE	f2_034	is_leap_year	false
CASE	f2_034	quarter	3
CASE	f2_035	weekday	3
CASE	f2_035	iso_weekday	3
CASE	f2_035	day_of_year	75
CASE	f2_035	iso_week	11
CASE	f2_035	days_in_month	31
CASE	f2_035	is_leap_year	false
CASE	f2_035	quarter	1
CASE	f2_036	weekday	1
CASE	f2_036	iso_weekday	1
CASE	f2_036	day_of_year	199
CASE	f2_036	iso_week	29
CASE	f2_036	days_in_month	31
CASE	f2_036	is_leap_year	false
CASE	f2_036	quarter	3
CASE	f2_037	weekday	6
CASE	f2_037	iso_weekday	6
CASE	f2_037	day_of_year	295
CASE	f2_037	iso_week	42
CASE	f2_037	days_in_month	31
CASE	f2_037	is_leap_year	false
CASE	f2_037	quarter	4
CASE	f2_038	weekday	2
CASE	f2_038	iso_weekday	2
CASE	f2_038	day_of_year	49
CASE	f2_038	iso_week	8
CASE	f2_038	days_in_month	28
CASE	f2_038	is_leap_year	false
CASE	f2_038	quarter	1
CASE	f2_039	weekday	6
CASE	f2_039	iso_weekday	6
CASE	f2_039	day_of_year	319
CASE	f2_039	iso_week	46
CASE	f2_039	days_in_month	30
CASE	f2_039	is_leap_year	false
CASE	f2_039	quarter	4
CASE	f2_040	weekday	6
CASE	f2_040	iso_weekday	6
CASE	f2_040	day_of_year	280
CASE	f2_040	iso_week	40
CASE	f2_040	days_in_month	31
CASE	f2_040	is_leap_year	true
CASE	f2_040	quarter	4
CASE	f2_041	weekday	3
CASE	f2_041	iso_weekday	3
CASE	f2_041	day_of_year	131
CASE	f2_041	iso_week	19
CASE	f2_041	days_in_month	31
CASE	f2_041	is_leap_year	false
CASE	f2_041	quarter	2
CASE	f2_042	weekday	3
CASE	f2_042	iso_weekday	3
CASE	f2_042	day_of_year	235
CASE	f2_042	iso_week	34
CASE	f2_042	days_in_month	31
CASE	f2_042	is_leap_year	false
CASE	f2_042	quarter	3
CASE	f2_043	weekday	0
CASE	f2_043	iso_weekday	7
CASE	f2_043	day_of_year	176
CASE	f2_043	iso_week	25
CASE	f2_043	days_in_month	30
CASE	f2_043	is_leap_year	false
CASE	f2_043	quarter	2
CASE	f2_044	weekday	0
CASE	f2_044	iso_weekday	7
CASE	f2_044	day_of_year	188
CASE	f2_044	iso_week	27
CASE	f2_044	days_in_month	31
CASE	f2_044	is_leap_year	false
CASE	f2_044	quarter	3
CASE	f2_045	weekday	3
CASE	f2_045	iso_weekday	3
CASE	f2_045	day_of_year	214
CASE	f2_045	iso_week	31
CASE	f2_045	days_in_month	31
CASE	f2_045	is_leap_year	false
CASE	f2_045	quarter	3
CASE	f2_046	weekday	0
CASE	f2_046	iso_weekday	7
CASE	f2_046	day_of_year	318
CASE	f2_046	iso_week	45
CASE	f2_046	days_in_month	30
CASE	f2_046	is_leap_year	true
CASE	f2_046	quarter	4
CASE	f2_047	weekday	1
CASE	f2_047	iso_weekday	1
CASE	f2_047	day_of_year	139
CASE	f2_047	iso_week	21
CASE	f2_047	days_in_month	31
CASE	f2_047	is_leap_year	false
CASE	f2_047	quarter	2
CASE	f2_048	weekday	0
CASE	f2_048	iso_weekday	7
CASE	f2_048	day_of_year	335
CASE	f2_048	iso_week	48
CASE	f2_048	days_in_month	31
CASE	f2_048	is_leap_year	false
CASE	f2_048	quarter	4
CASE	f2_049	weekday	0
CASE	f2_049	iso_weekday	7
CASE	f2_049	day_of_year	8
CASE	f2_049	iso_week	1
CASE	f2_049	days_in_month	31
CASE	f2_049	is_leap_year	false
CASE	f2_049	quarter	1
CASE	f2_050	weekday	5
CASE	f2_050	iso_weekday	5
CASE	f2_050	day_of_year	98
CASE	f2_050	iso_week	14
CASE	f2_050	days_in_month	30
CASE	f2_050	is_leap_year	true
CASE	f2_050	quarter	2
CASE	f2_051	weekday	4
CASE	f2_051	iso_weekday	4
CASE	f2_051	day_of_year	40
CASE	f2_051	iso_week	6
CASE	f2_051	days_in_month	29
CASE	f2_051	is_leap_year	true
CASE	f2_051	quarter	1
CASE	f2_052	weekday	3
CASE	f2_052	iso_weekday	3
CASE	f2_052	day_of_year	8
CASE	f2_052	iso_week	2
CASE	f2_052	days_in_month	31
CASE	f2_052	is_leap_year	false
CASE	f2_052	quarter	1
CASE	f2_053	weekday	3
CASE	f2_053	iso_weekday	3
CASE	f2_053	day_of_year	306
CASE	f2_053	iso_week	44
CASE	f2_053	days_in_month	30
CASE	f2_053	is_leap_year	false
CASE	f2_053	quarter	4
CASE	f2_054	weekday	3
CASE	f2_054	iso_weekday	3
CASE	f2_054	day_of_year	191
CASE	f2_054	iso_week	28
CASE	f2_054	days_in_month	31
CASE	f2_054	is_leap_year	false
CASE	f2_054	quarter	3
CASE	f2_055	weekday	3
CASE	f2_055	iso_weekday	3
CASE	f2_055	day_of_year	220
CASE	f2_055	iso_week	32
CASE	f2_055	days_in_month	31
CASE	f2_055	is_leap_year	false
CASE	f2_055	quarter	3
CASE	f2_056	weekday	1
CASE	f2_056	iso_weekday	1
CASE	f2_056	day_of_year	127
CASE	f2_056	iso_week	19
CASE	f2_056	days_in_month	31
CASE	f2_056	is_leap_year	false
CASE	f2_056	quarter	2
CASE	f2_057	weekday	5
CASE	f2_057	iso_weekday	5
CASE	f2_057	day_of_year	276
CASE	f2_057	iso_week	40
CASE	f2_057	days_in_month	31
CASE	f2_057	is_leap_year	false
CASE	f2_057	quarter	4
CASE	f2_058	weekday	4
CASE	f2_058	iso_weekday	4
CASE	f2_058	day_of_year	63
CASE	f2_058	iso_week	9
CASE	f2_058	days_in_month	31
CASE	f2_058	is_leap_year	false
CASE	f2_058	quarter	1
CASE	f2_059	weekday	5
CASE	f2_059	iso_weekday	5
CASE	f2_059	day_of_year	69
CASE	f2_059	iso_week	10
CASE	f2_059	days_in_month	31
CASE	f2_059	is_leap_year	false
CASE	f2_059	quarter	1
CASE	f2_060	weekday	3
CASE	f2_060	iso_weekday	3
CASE	f2_060	day_of_year	80
CASE	f2_060	iso_week	12
CASE	f2_060	days_in_month	31
CASE	f2_060	is_leap_year	false
CASE	f2_060	quarter	1
CASE	f2_061	weekday	6
CASE	f2_061	iso_weekday	6
CASE	f2_061	day_of_year	194
CASE	f2_061	iso_week	28
CASE	f2_061	days_in_month	31
CASE	f2_061	is_leap_year	false
CASE	f2_061	quarter	3
CASE	f2_062	weekday	1
CASE	f2_062	iso_weekday	1
CASE	f2_062	day_of_year	19
CASE	f2_062	iso_week	4
CASE	f2_062	days_in_month	31
CASE	f2_062	is_leap_year	true
CASE	f2_062	quarter	1
CASE	f2_063	weekday	1
CASE	f2_063	iso_weekday	1
CASE	f2_063	day_of_year	335
CASE	f2_063	iso_week	49
CASE	f2_063	days_in_month	31
CASE	f2_063	is_leap_year	false
CASE	f2_063	quarter	4
CASE	f2_064	weekday	3
CASE	f2_064	iso_weekday	3
CASE	f2_064	day_of_year	160
CASE	f2_064	iso_week	23
CASE	f2_064	days_in_month	30
CASE	f2_064	is_leap_year	false
CASE	f2_064	quarter	2
CASE	f2_065	weekday	1
CASE	f2_065	iso_weekday	1
CASE	f2_065	day_of_year	103
CASE	f2_065	iso_week	16
CASE	f2_065	days_in_month	30
CASE	f2_065	is_leap_year	false
CASE	f2_065	quarter	2
CASE	f2_066	weekday	0
CASE	f2_066	iso_weekday	7
CASE	f2_066	day_of_year	40
CASE	f2_066	iso_week	6
CASE	f2_066	days_in_month	28
CASE	f2_066	is_leap_year	false
CASE	f2_066	quarter	1
CASE	f2_067	weekday	0
CASE	f2_067	iso_weekday	7
CASE	f2_067	day_of_year	215
CASE	f2_067	iso_week	31
CASE	f2_067	days_in_month	31
CASE	f2_067	is_leap_year	false
CASE	f2_067	quarter	3
CASE	f2_068	weekday	6
CASE	f2_068	iso_weekday	6
CASE	f2_068	day_of_year	113
CASE	f2_068	iso_week	16
CASE	f2_068	days_in_month	30
CASE	f2_068	is_leap_year	false
CASE	f2_068	quarter	2
CASE	f2_069	weekday	5
CASE	f2_069	iso_weekday	5
CASE	f2_069	day_of_year	273
CASE	f2_069	iso_week	39
CASE	f2_069	days_in_month	30
CASE	f2_069	is_leap_year	false
CASE	f2_069	quarter	3
CASE	f2_070	weekday	6
CASE	f2_070	iso_weekday	6
CASE	f2_070	day_of_year	63
CASE	f2_070	iso_week	9
CASE	f2_070	days_in_month	31
CASE	f2_070	is_leap_year	false
CASE	f2_070	quarter	1
CASE	f2_071	weekday	2
CASE	f2_071	iso_weekday	2
CASE	f2_071	day_of_year	287
CASE	f2_071	iso_week	42
CASE	f2_071	days_in_month	31
CASE	f2_071	is_leap_year	false
CASE	f2_071	quarter	4
CASE	f2_072	weekday	4
CASE	f2_072	iso_weekday	4
CASE	f2_072	day_of_year	166
CASE	f2_072	iso_week	24
CASE	f2_072	days_in_month	30
CASE	f2_072	is_leap_year	false
CASE	f2_072	quarter	2
CASE	f2_073	weekday	4
CASE	f2_073	iso_weekday	4
CASE	f2_073	day_of_year	301
CASE	f2_073	iso_week	43
CASE	f2_073	days_in_month	31
CASE	f2_073	is_leap_year	false
CASE	f2_073	quarter	4
CASE	f2_074	weekday	3
CASE	f2_074	iso_weekday	3
CASE	f2_074	day_of_year	186
CASE	f2_074	iso_week	27
CASE	f2_074	days_in_month	31
CASE	f2_074	is_leap_year	false
CASE	f2_074	quarter	3
CASE	f2_075	weekday	1
CASE	f2_075	iso_weekday	1
CASE	f2_075	day_of_year	309
CASE	f2_075	iso_week	45
CASE	f2_075	days_in_month	30
CASE	f2_075	is_leap_year	true
CASE	f2_075	quarter	4
CASE	f2_076	weekday	4
CASE	f2_076	iso_weekday	4
CASE	f2_076	day_of_year	16
CASE	f2_076	iso_week	3
CASE	f2_076	days_in_month	31
CASE	f2_076	is_leap_year	true
CASE	f2_076	quarter	1
CASE	f2_077	weekday	5
CASE	f2_077	iso_weekday	5
CASE	f2_077	day_of_year	354
CASE	f2_077	iso_week	51
CASE	f2_077	days_in_month	31
CASE	f2_077	is_leap_year	true
CASE	f2_077	quarter	4
CASE	f2_078	weekday	2
CASE	f2_078	iso_weekday	2
CASE	f2_078	day_of_year	203
CASE	f2_078	iso_week	30
CASE	f2_078	days_in_month	31
CASE	f2_078	is_leap_year	true
CASE	f2_078	quarter	3
CASE	f2_079	weekday	5
CASE	f2_079	iso_weekday	5
CASE	f2_079	day_of_year	133
CASE	f2_079	iso_week	19
CASE	f2_079	days_in_month	31
CASE	f2_079	is_leap_year	false
CASE	f2_079	quarter	2
CASE	f2_080	weekday	0
CASE	f2_080	iso_weekday	7
CASE	f2_080	day_of_year	6
CASE	f2_080	iso_week	1
CASE	f2_080	days_in_month	31
CASE	f2_080	is_leap_year	false
CASE	f2_080	quarter	1
CASE	f2_081	weekday	2
CASE	f2_081	iso_weekday	2
CASE	f2_081	day_of_year	109
CASE	f2_081	iso_week	16
CASE	f2_081	days_in_month	30
CASE	f2_081	is_leap_year	true
CASE	f2_081	quarter	2
CASE	f2_082	weekday	3
CASE	f2_082	iso_weekday	3
CASE	f2_082	day_of_year	98
CASE	f2_082	iso_week	15
CASE	f2_082	days_in_month	30
CASE	f2_082	is_leap_year	true
CASE	f2_082	quarter	2
CASE	f2_083	weekday	6
CASE	f2_083	iso_weekday	6
CASE	f2_083	day_of_year	232
CASE	f2_083	iso_week	33
CASE	f2_083	days_in_month	31
CASE	f2_083	is_leap_year	true
CASE	f2_083	quarter	3
CASE	f2_084	weekday	0
CASE	f2_084	iso_weekday	7
CASE	f2_084	day_of_year	185
CASE	f2_084	iso_week	26
CASE	f2_084	days_in_month	31
CASE	f2_084	is_leap_year	false
CASE	f2_084	quarter	3
CASE	f2_085	weekday	4
CASE	f2_085	iso_weekday	4
CASE	f2_085	day_of_year	198
CASE	f2_085	iso_week	29
CASE	f2_085	days_in_month	31
CASE	f2_085	is_leap_year	false
CASE	f2_085	quarter	3
CASE	f2_086	weekday	5
CASE	f2_086	iso_weekday	5
CASE	f2_086	day_of_year	242
CASE	f2_086	iso_week	35
CASE	f2_086	days_in_month	31
CASE	f2_086	is_leap_year	false
CASE	f2_086	quarter	3
CASE	f2_087	weekday	0
CASE	f2_087	iso_weekday	7
CASE	f2_087	day_of_year	328
CASE	f2_087	iso_week	47
CASE	f2_087	days_in_month	30
CASE	f2_087	is_leap_year	false
CASE	f2_087	quarter	4
CASE	f2_088	weekday	1
CASE	f2_088	iso_weekday	1
CASE	f2_088	day_of_year	259
CASE	f2_088	iso_week	38
CASE	f2_088	days_in_month	30
CASE	f2_088	is_leap_year	true
CASE	f2_088	quarter	3
CASE	f2_089	weekday	4
CASE	f2_089	iso_weekday	4
CASE	f2_089	day_of_year	27
CASE	f2_089	iso_week	4
CASE	f2_089	days_in_month	31
CASE	f2_089	is_leap_year	true
CASE	f2_089	quarter	1
CASE	f2_090	weekday	1
CASE	f2_090	iso_weekday	1
CASE	f2_090	day_of_year	25
CASE	f2_090	iso_week	4
CASE	f2_090	days_in_month	31
CASE	f2_090	is_leap_year	false
CASE	f2_090	quarter	1
CASE	f2_091	weekday	2
CASE	f2_091	iso_weekday	2
CASE	f2_091	day_of_year	361
CASE	f2_091	iso_week	52
CASE	f2_091	days_in_month	31
CASE	f2_091	is_leap_year	true
CASE	f2_091	quarter	4
CASE	f2_092	weekday	1
CASE	f2_092	iso_weekday	1
CASE	f2_092	day_of_year	12
CASE	f2_092	iso_week	3
CASE	f2_092	days_in_month	31
CASE	f2_092	is_leap_year	false
CASE	f2_092	quarter	1
CASE	f2_093	weekday	4
CASE	f2_093	iso_weekday	4
CASE	f2_093	day_of_year	342
CASE	f2_093	iso_week	49
CASE	f2_093	days_in_month	31
CASE	f2_093	is_leap_year	false
CASE	f2_093	quarter	4
CASE	f2_094	weekday	1
CASE	f2_094	iso_weekday	1
CASE	f2_094	day_of_year	353
CASE	f2_094	iso_week	51
CASE	f2_094	days_in_month	31
CASE	f2_094	is_leap_year	false
CASE	f2_094	quarter	4
CASE	f2_095	weekday	4
CASE	f2_095	iso_weekday	4
CASE	f2_095	day_of_year	245
CASE	f2_095	iso_week	35
CASE	f2_095	days_in_month	30
CASE	f2_095	is_leap_year	false
CASE	f2_095	quarter	3
CASE	f2_096	weekday	2
CASE	f2_096	iso_weekday	2
CASE	f2_096	day_of_year	346
CASE	f2_096	iso_week	50
CASE	f2_096	days_in_month	31
CASE	f2_096	is_leap_year	true
CASE	f2_096	quarter	4
CASE	f2_097	weekday	1
CASE	f2_097	iso_weekday	1
CASE	f2_097	day_of_year	235
CASE	f2_097	iso_week	34
CASE	f2_097	days_in_month	31
CASE	f2_097	is_leap_year	false
CASE	f2_097	quarter	3
CASE	f2_098	weekday	1
CASE	f2_098	iso_weekday	1
CASE	f2_098	day_of_year	223
CASE	f2_098	iso_week	33
CASE	f2_098	days_in_month	31
CASE	f2_098	is_leap_year	false
CASE	f2_098	quarter	3
CASE	f2_099	weekday	0
CASE	f2_099	iso_weekday	7
CASE	f2_099	day_of_year	213
CASE	f2_099	iso_week	30
CASE	f2_099	days_in_month	31
CASE	f2_099	is_leap_year	false
CASE	f2_099	quarter	3
CASE	f2_100	weekday	2
CASE	f2_100	iso_weekday	2
CASE	f2_100	day_of_year	24
CASE	f2_100	iso_week	4
CASE	f2_100	days_in_month	31
CASE	f2_100	is_leap_year	false
CASE	f2_100	quarter	1
CASE	f2_101	weekday	5
CASE	f2_101	iso_weekday	5
CASE	f2_101	day_of_year	275
CASE	f2_101	iso_week	40
CASE	f2_101	days_in_month	31
CASE	f2_101	is_leap_year	true
CASE	f2_101	quarter	4
CASE	f2_102	weekday	2
CASE	f2_102	iso_weekday	2
CASE	f2_102	day_of_year	313
CASE	f2_102	iso_week	45
CASE	f2_102	days_in_month	30
CASE	f2_102	is_leap_year	true
CASE	f2_102	quarter	4
CASE	f2_103	weekday	6
CASE	f2_103	iso_weekday	6
CASE	f2_103	day_of_year	32
CASE	f2_103	iso_week	5
CASE	f2_103	days_in_month	29
CASE	f2_103	is_leap_year	true
CASE	f2_103	quarter	1
CASE	f2_104	weekday	6
CASE	f2_104	iso_weekday	6
CASE	f2_104	day_of_year	258
CASE	f2_104	iso_week	37
CASE	f2_104	days_in_month	30
CASE	f2_104	is_leap_year	true
CASE	f2_104	quarter	3
CASE	f2_105	weekday	4
CASE	f2_105	iso_weekday	4
CASE	f2_105	day_of_year	342
CASE	f2_105	iso_week	49
CASE	f2_105	days_in_month	31
CASE	f2_105	is_leap_year	true
CASE	f2_105	quarter	4
CASE	f2_106	weekday	3
CASE	f2_106	iso_weekday	3
CASE	f2_106	day_of_year	13
CASE	f2_106	iso_week	2
CASE	f2_106	days_in_month	31
CASE	f2_106	is_leap_year	false
CASE	f2_106	quarter	1
CASE	f2_107	weekday	4
CASE	f2_107	iso_weekday	4
CASE	f2_107	day_of_year	137
CASE	f2_107	iso_week	20
CASE	f2_107	days_in_month	31
CASE	f2_107	is_leap_year	false
CASE	f2_107	quarter	2
CASE	f2_108	weekday	2
CASE	f2_108	iso_weekday	2
CASE	f2_108	day_of_year	118
CASE	f2_108	iso_week	18
CASE	f2_108	days_in_month	30
CASE	f2_108	is_leap_year	false
CASE	f2_108	quarter	2
CASE	f2_109	weekday	3
CASE	f2_109	iso_weekday	3
CASE	f2_109	day_of_year	109
CASE	f2_109	iso_week	16
CASE	f2_109	days_in_month	30
CASE	f2_109	is_leap_year	false
CASE	f2_109	quarter	2
CASE	f2_110	weekday	2
CASE	f2_110	iso_weekday	2
CASE	f2_110	day_of_year	20
CASE	f2_110	iso_week	4
CASE	f2_110	days_in_month	31
CASE	f2_110	is_leap_year	false
CASE	f2_110	quarter	1
CASE	f2_111	weekday	1
CASE	f2_111	iso_weekday	1
CASE	f2_111	day_of_year	252
CASE	f2_111	iso_week	37
CASE	f2_111	days_in_month	30
CASE	f2_111	is_leap_year	true
CASE	f2_111	quarter	3
CASE	f2_112	weekday	1
CASE	f2_112	iso_weekday	1
CASE	f2_112	day_of_year	144
CASE	f2_112	iso_week	21
CASE	f2_112	days_in_month	31
CASE	f2_112	is_leap_year	false
CASE	f2_112	quarter	2
CASE	f2_113	weekday	0
CASE	f2_113	iso_weekday	7
CASE	f2_113	day_of_year	173
CASE	f2_113	iso_week	25
CASE	f2_113	days_in_month	30
CASE	f2_113	is_leap_year	false
CASE	f2_113	quarter	2
CASE	f2_114	weekday	3
CASE	f2_114	iso_weekday	3
CASE	f2_114	day_of_year	211
CASE	f2_114	iso_week	31
CASE	f2_114	days_in_month	31
CASE	f2_114	is_leap_year	false
CASE	f2_114	quarter	3
CASE	f2_115	weekday	0
CASE	f2_115	iso_weekday	7
CASE	f2_115	day_of_year	37
CASE	f2_115	iso_week	5
CASE	f2_115	days_in_month	28
CASE	f2_115	is_leap_year	false
CASE	f2_115	quarter	1
CASE	f2_116	weekday	0
CASE	f2_116	iso_weekday	7
CASE	f2_116	day_of_year	229
CASE	f2_116	iso_week	33
CASE	f2_116	days_in_month	31
CASE	f2_116	is_leap_year	false
CASE	f2_116	quarter	3
CASE	f2_117	weekday	4
CASE	f2_117	iso_weekday	4
CASE	f2_117	day_of_year	214
CASE	f2_117	iso_week	31
CASE	f2_117	days_in_month	31
CASE	f2_117	is_leap_year	false
CASE	f2_117	quarter	3
CASE	f2_118	weekday	4
CASE	f2_118	iso_weekday	4
CASE	f2_118	day_of_year	350
CASE	f2_118	iso_week	50
CASE	f2_118	days_in_month	31
CASE	f2_118	is_leap_year	false
CASE	f2_118	quarter	4
CASE	f2_119	weekday	4
CASE	f2_119	iso_weekday	4
CASE	f2_119	day_of_year	110
CASE	f2_119	iso_week	16
CASE	f2_119	days_in_month	30
CASE	f2_119	is_leap_year	false
CASE	f2_119	quarter	2
CASE	f2_120	weekday	1
CASE	f2_120	iso_weekday	1
CASE	f2_120	day_of_year	121
CASE	f2_120	iso_week	18
CASE	f2_120	days_in_month	31
CASE	f2_120	is_leap_year	false
CASE	f2_120	quarter	2
CASE	f2_121	weekday	5
CASE	f2_121	iso_weekday	5
CASE	f2_121	day_of_year	307
CASE	f2_121	iso_week	44
CASE	f2_121	days_in_month	30
CASE	f2_121	is_leap_year	false
CASE	f2_121	quarter	4
CASE	f2_122	weekday	6
CASE	f2_122	iso_weekday	6
CASE	f2_122	day_of_year	147
CASE	f2_122	iso_week	21
CASE	f2_122	days_in_month	31
CASE	f2_122	is_leap_year	true
CASE	f2_122	quarter	2
CASE	f2_123	weekday	5
CASE	f2_123	iso_weekday	5
CASE	f2_123	day_of_year	343
CASE	f2_123	iso_week	49
CASE	f2_123	days_in_month	31
CASE	f2_123	is_leap_year	true
CASE	f2_123	quarter	4
CASE	f2_124	weekday	1
CASE	f2_124	iso_weekday	1
CASE	f2_124	day_of_year	25
CASE	f2_124	iso_week	4
CASE	f2_124	days_in_month	31
CASE	f2_124	is_leap_year	false
CASE	f2_124	quarter	1
CASE	f2_125	weekday	0
CASE	f2_125	iso_weekday	7
CASE	f2_125	day_of_year	282
CASE	f2_125	iso_week	40
CASE	f2_125	days_in_month	31
CASE	f2_125	is_leap_year	false
CASE	f2_125	quarter	4
CASE	f2_126	weekday	5
CASE	f2_126	iso_weekday	5
CASE	f2_126	day_of_year	38
CASE	f2_126	iso_week	6
CASE	f2_126	days_in_month	28
CASE	f2_126	is_leap_year	false
CASE	f2_126	quarter	1
CASE	f2_127	weekday	1
CASE	f2_127	iso_weekday	1
CASE	f2_127	day_of_year	353
CASE	f2_127	iso_week	51
CASE	f2_127	days_in_month	31
CASE	f2_127	is_leap_year	false
CASE	f2_127	quarter	4
CASE	f2_128	weekday	3
CASE	f2_128	iso_weekday	3
CASE	f2_128	day_of_year	158
CASE	f2_128	iso_week	23
CASE	f2_128	days_in_month	30
CASE	f2_128	is_leap_year	false
CASE	f2_128	quarter	2
CASE	f2_129	weekday	2
CASE	f2_129	iso_weekday	2
CASE	f2_129	day_of_year	112
CASE	f2_129	iso_week	17
CASE	f2_129	days_in_month	30
CASE	f2_129	is_leap_year	false
CASE	f2_129	quarter	2
CASE	f2_130	weekday	2
CASE	f2_130	iso_weekday	2
CASE	f2_130	day_of_year	147
CASE	f2_130	iso_week	22
CASE	f2_130	days_in_month	31
CASE	f2_130	is_leap_year	true
CASE	f2_130	quarter	2
CASE	f2_131	weekday	0
CASE	f2_131	iso_weekday	7
CASE	f2_131	day_of_year	266
CASE	f2_131	iso_week	38
CASE	f2_131	days_in_month	30
CASE	f2_131	is_leap_year	false
CASE	f2_131	quarter	3
CASE	f2_132	weekday	0
CASE	f2_132	iso_weekday	7
CASE	f2_132	day_of_year	116
CASE	f2_132	iso_week	17
CASE	f2_132	days_in_month	30
CASE	f2_132	is_leap_year	true
CASE	f2_132	quarter	2
CASE	f2_133	weekday	6
CASE	f2_133	iso_weekday	6
CASE	f2_133	day_of_year	283
CASE	f2_133	iso_week	41
CASE	f2_133	days_in_month	31
CASE	f2_133	is_leap_year	false
CASE	f2_133	quarter	4
CASE	f2_134	weekday	1
CASE	f2_134	iso_weekday	1
CASE	f2_134	day_of_year	246
CASE	f2_134	iso_week	36
CASE	f2_134	days_in_month	30
CASE	f2_134	is_leap_year	false
CASE	f2_134	quarter	3
CASE	f2_135	weekday	5
CASE	f2_135	iso_weekday	5
CASE	f2_135	day_of_year	226
CASE	f2_135	iso_week	33
CASE	f2_135	days_in_month	31
CASE	f2_135	is_leap_year	false
CASE	f2_135	quarter	3
CASE	f2_136	weekday	4
CASE	f2_136	iso_weekday	4
CASE	f2_136	day_of_year	138
CASE	f2_136	iso_week	20
CASE	f2_136	days_in_month	31
CASE	f2_136	is_leap_year	false
CASE	f2_136	quarter	2
CASE	f2_137	weekday	3
CASE	f2_137	iso_weekday	3
CASE	f2_137	day_of_year	252
CASE	f2_137	iso_week	37
CASE	f2_137	days_in_month	30
CASE	f2_137	is_leap_year	true
CASE	f2_137	quarter	3
CASE	f2_138	weekday	1
CASE	f2_138	iso_weekday	1
CASE	f2_138	day_of_year	355
CASE	f2_138	iso_week	52
CASE	f2_138	days_in_month	31
CASE	f2_138	is_leap_year	false
CASE	f2_138	quarter	4
CASE	f2_139	weekday	4
CASE	f2_139	iso_weekday	4
CASE	f2_139	day_of_year	50
CASE	f2_139	iso_week	8
CASE	f2_139	days_in_month	28
CASE	f2_139	is_leap_year	false
CASE	f2_139	quarter	1
CASE	f2_140	weekday	1
CASE	f2_140	iso_weekday	1
CASE	f2_140	day_of_year	115
CASE	f2_140	iso_week	17
CASE	f2_140	days_in_month	30
CASE	f2_140	is_leap_year	false
CASE	f2_140	quarter	2
CASE	f2_141	weekday	0
CASE	f2_141	iso_weekday	7
CASE	f2_141	day_of_year	115
CASE	f2_141	iso_week	16
CASE	f2_141	days_in_month	30
CASE	f2_141	is_leap_year	true
CASE	f2_141	quarter	2
CASE	f2_142	weekday	6
CASE	f2_142	iso_weekday	6
CASE	f2_142	day_of_year	300
CASE	f2_142	iso_week	43
CASE	f2_142	days_in_month	31
CASE	f2_142	is_leap_year	false
CASE	f2_142	quarter	4
CASE	f2_143	weekday	4
CASE	f2_143	iso_weekday	4
CASE	f2_143	day_of_year	31
CASE	f2_143	iso_week	5
CASE	f2_143	days_in_month	31
CASE	f2_143	is_leap_year	true
CASE	f2_143	quarter	1
CASE	f2_144	weekday	6
CASE	f2_144	iso_weekday	6
CASE	f2_144	day_of_year	129
CASE	f2_144	iso_week	19
CASE	f2_144	days_in_month	31
CASE	f2_144	is_leap_year	false
CASE	f2_144	quarter	2
CASE	f2_145	weekday	4
CASE	f2_145	iso_weekday	4
CASE	f2_145	day_of_year	142
CASE	f2_145	iso_week	21
CASE	f2_145	days_in_month	31
CASE	f2_145	is_leap_year	false
CASE	f2_145	quarter	2
CASE	f2_146	weekday	2
CASE	f2_146	iso_weekday	2
CASE	f2_146	day_of_year	133
CASE	f2_146	iso_week	20
CASE	f2_146	days_in_month	31
CASE	f2_146	is_leap_year	false
CASE	f2_146	quarter	2
CASE	f2_147	weekday	5
CASE	f2_147	iso_weekday	5
CASE	f2_147	day_of_year	128
CASE	f2_147	iso_week	19
CASE	f2_147	days_in_month	31
CASE	f2_147	is_leap_year	true
CASE	f2_147	quarter	2
CASE	f2_148	weekday	4
CASE	f2_148	iso_weekday	4
CASE	f2_148	day_of_year	169
CASE	f2_148	iso_week	25
CASE	f2_148	days_in_month	30
CASE	f2_148	is_leap_year	false
CASE	f2_148	quarter	2
CASE	f2_149	weekday	6
CASE	f2_149	iso_weekday	6
CASE	f2_149	day_of_year	339
CASE	f2_149	iso_week	49
CASE	f2_149	days_in_month	31
CASE	f2_149	is_leap_year	true
CASE	f2_149	quarter	4
CASE	f3_add_days_000	add_days	2134-03-29
CASE	f3_add_days_001	add_days	1954-05-27
CASE	f3_add_days_002	add_days	2058-12-27
CASE	f3_add_days_003	add_days	1774-06-10
CASE	f3_add_days_004	add_days	1824-04-26
CASE	f3_add_days_005	add_days	1949-11-07
CASE	f3_add_days_006	add_days	2484-10-30
CASE	f3_add_days_007	add_days	1601-10-20
CASE	f3_add_days_008	add_days	2078-04-15
CASE	f3_add_days_009	add_days	2096-05-06
CASE	f3_add_days_010	add_days	2263-12-10
CASE	f3_add_days_011	add_days	2537-02-28
CASE	f3_add_days_012	add_days	1764-08-27
CASE	f3_add_days_013	add_days	1901-11-23
CASE	f3_add_days_014	add_days	1730-09-25
CASE	f3_add_days_015	add_days	1718-03-09
CASE	f3_add_days_016	add_days	2319-11-05
CASE	f3_add_days_017	add_days	2038-03-19
CASE	f3_add_days_018	add_days	1780-09-23
CASE	f3_add_days_019	add_days	2488-10-02
CASE	f3_add_days_020	add_days	2563-08-10
CASE	f3_add_days_021	add_days	1720-08-22
CASE	f3_add_days_022	add_days	2111-07-10
CASE	f3_add_days_023	add_days	1908-07-12
CASE	f3_add_days_024	add_days	1845-07-22
CASE	f3_add_days_025	add_days	2217-07-23
CASE	f3_add_days_026	add_days	2384-07-16
CASE	f3_add_days_027	add_days	2470-11-18
CASE	f3_add_days_028	add_days	2457-01-26
CASE	f3_add_days_029	add_days	2395-04-03
CASE	f3_add_days_030	add_days	1952-03-11
CASE	f3_add_days_031	add_days	1731-10-20
CASE	f3_add_days_032	add_days	2282-10-14
CASE	f3_add_days_033	add_days	2548-12-09
CASE	f3_add_days_034	add_days	1831-09-06
CASE	f3_add_days_035	add_days	2438-11-10
CASE	f3_add_days_036	add_days	2109-11-19
CASE	f3_add_days_037	add_days	1733-12-15
CASE	f3_add_days_038	add_days	1772-05-03
CASE	f3_add_days_039	add_days	1855-12-24
CASE	f3_add_days_040	add_days	2059-08-03
CASE	f3_add_days_041	add_days	2198-10-01
CASE	f3_add_days_042	add_days	1719-03-29
CASE	f3_add_days_043	add_days	2321-09-14
CASE	f3_add_days_044	add_days	1922-06-02
CASE	f3_add_days_045	add_days	2255-07-29
CASE	f3_add_days_046	add_days	1802-10-10
CASE	f3_add_days_047	add_days	1878-07-30
CASE	f3_add_days_048	add_days	1989-05-16
CASE	f3_add_days_049	add_days	2009-07-23
CASE	f3_add_days_050	add_days	2231-08-02
CASE	f3_add_days_051	add_days	2049-10-14
CASE	f3_add_days_052	add_days	2029-05-08
CASE	f3_add_days_053	add_days	2389-01-08
CASE	f3_add_days_054	add_days	2100-05-10
CASE	f3_add_days_055	add_days	2090-01-15
CASE	f3_add_days_056	add_days	2147-12-10
CASE	f3_add_days_057	add_days	2152-02-15
CASE	f3_add_days_058	add_days	1834-03-16
CASE	f3_add_days_059	add_days	2149-07-11
CASE	f3_diff_a_000	diff_days	221896
CASE	f3_diff_b_000	diff_days	-221896
CASE	f3_diff_a_001	diff_days	135959
CASE	f3_diff_b_001	diff_days	-135959
CASE	f3_diff_a_002	diff_days	-123296
CASE	f3_diff_b_002	diff_days	123296
CASE	f3_diff_a_003	diff_days	116896
CASE	f3_diff_b_003	diff_days	-116896
CASE	f3_diff_a_004	diff_days	179459
CASE	f3_diff_b_004	diff_days	-179459
CASE	f3_diff_a_005	diff_days	-20861
CASE	f3_diff_b_005	diff_days	20861
CASE	f3_diff_a_006	diff_days	35248
CASE	f3_diff_b_006	diff_days	-35248
CASE	f3_diff_a_007	diff_days	-164085
CASE	f3_diff_b_007	diff_days	164085
CASE	f3_diff_a_008	diff_days	-204967
CASE	f3_diff_b_008	diff_days	204967
CASE	f3_diff_a_009	diff_days	-70798
CASE	f3_diff_b_009	diff_days	70798
CASE	f3_diff_a_010	diff_days	-194544
CASE	f3_diff_b_010	diff_days	194544
CASE	f3_diff_a_011	diff_days	-106639
CASE	f3_diff_b_011	diff_days	106639
CASE	f3_diff_a_012	diff_days	117738
CASE	f3_diff_b_012	diff_days	-117738
CASE	f3_diff_a_013	diff_days	236687
CASE	f3_diff_b_013	diff_days	-236687
CASE	f3_diff_a_014	diff_days	-68054
CASE	f3_diff_b_014	diff_days	68054
CASE	f3_diff_a_015	diff_days	93196
CASE	f3_diff_b_015	diff_days	-93196
CASE	f3_diff_a_016	diff_days	22629
CASE	f3_diff_b_016	diff_days	-22629
CASE	f3_diff_a_017	diff_days	-48066
CASE	f3_diff_b_017	diff_days	48066
CASE	f3_diff_a_018	diff_days	164680
CASE	f3_diff_b_018	diff_days	-164680
CASE	f3_diff_a_019	diff_days	54899
CASE	f3_diff_b_019	diff_days	-54899
CASE	f3_diff_a_020	diff_days	-34527
CASE	f3_diff_b_020	diff_days	34527
CASE	f3_diff_a_021	diff_days	38271
CASE	f3_diff_b_021	diff_days	-38271
CASE	f3_diff_a_022	diff_days	10001
CASE	f3_diff_b_022	diff_days	-10001
CASE	f3_diff_a_023	diff_days	129816
CASE	f3_diff_b_023	diff_days	-129816
CASE	f3_diff_a_024	diff_days	5380
CASE	f3_diff_b_024	diff_days	-5380
CASE	f3_diff_a_025	diff_days	13160
CASE	f3_diff_b_025	diff_days	-13160
CASE	f3_diff_a_026	diff_days	13913
CASE	f3_diff_b_026	diff_days	-13913
CASE	f3_diff_a_027	diff_days	-50304
CASE	f3_diff_b_027	diff_days	50304
CASE	f3_diff_a_028	diff_days	-72492
CASE	f3_diff_b_028	diff_days	72492
CASE	f3_diff_a_029	diff_days	183060
CASE	f3_diff_b_029	diff_days	-183060
CASE	f3_diff_a_030	diff_days	64350
CASE	f3_diff_b_030	diff_days	-64350
CASE	f3_diff_a_031	diff_days	-123200
CASE	f3_diff_b_031	diff_days	123200
CASE	f3_diff_a_032	diff_days	72130
CASE	f3_diff_b_032	diff_days	-72130
CASE	f3_diff_a_033	diff_days	177799
CASE	f3_diff_b_033	diff_days	-177799
CASE	f3_diff_a_034	diff_days	121171
CASE	f3_diff_b_034	diff_days	-121171
CASE	f3_diff_a_035	diff_days	-4921
CASE	f3_diff_b_035	diff_days	4921
CASE	f3_diff_a_036	diff_days	203887
CASE	f3_diff_b_036	diff_days	-203887
CASE	f3_diff_a_037	diff_days	134798
CASE	f3_diff_b_037	diff_days	-134798
CASE	f3_diff_a_038	diff_days	-17421
CASE	f3_diff_b_038	diff_days	17421
CASE	f3_diff_a_039	diff_days	-86145
CASE	f3_diff_b_039	diff_days	86145
CASE	f3_add_months_000	add_months	1770-01-04
CASE	f3_add_months_001	add_months	1734-11-12
CASE	f3_add_months_002	add_months	1647-06-19
CASE	f3_add_months_003	add_months	1501-12-22
CASE	f3_add_months_004	add_months	1941-08-15
CASE	f3_add_months_005	add_months	2401-08-01
CASE	f3_add_months_006	add_months	1983-10-28
CASE	f3_add_months_007	add_months	1869-03-27
CASE	f3_add_months_008	add_months	1865-05-05
CASE	f3_add_months_009	add_months	1659-09-21
CASE	f3_add_months_010	add_months	1963-08-18
CASE	f3_add_months_011	add_months	1624-10-31
CASE	f3_add_months_012	add_months	2402-12-02
CASE	f3_add_months_013	add_months	1803-02-26
CASE	f3_add_months_014	add_months	1457-04-29
CASE	f3_add_months_015	add_months	1875-02-06
CASE	f3_add_months_016	add_months	1715-04-21
CASE	f3_add_months_017	add_months	2338-08-07
CASE	f3_add_months_018	add_months	1708-04-24
CASE	f3_add_months_019	add_months	1528-11-30
CASE	f3_add_months_020	add_months	1973-03-02
CASE	f3_add_months_021	add_months	1592-06-18
CASE	f3_add_months_022	add_months	1853-11-11
CASE	f3_add_months_023	add_months	2344-10-08
CASE	f3_add_months_024	add_months	2231-09-09
CASE	f3_add_months_025	add_months	2145-07-23
CASE	f3_add_months_026	add_months	1775-05-24
CASE	f3_add_months_027	add_months	1731-09-04
CASE	f3_add_months_028	add_months	1613-12-03
CASE	f3_add_months_029	add_months	1835-07-13
CASE	f3_add_months_030	add_months	1731-07-26
CASE	f3_add_months_031	add_months	2364-11-12
CASE	f3_add_months_032	add_months	1726-10-26
CASE	f3_add_months_033	add_months	2443-09-29
CASE	f3_add_months_034	add_months	1889-09-12
CASE	f3_add_months_035	add_months	2323-08-18
CASE	f3_add_months_036	add_months	1815-10-02
CASE	f3_add_months_037	add_months	2076-08-06
CASE	f3_add_months_038	add_months	2147-06-02
CASE	f3_add_months_039	add_months	2029-11-07
CASE	f3_add_months_040	add_months	1655-07-02
CASE	f3_add_months_041	add_months	1944-02-29
CASE	f3_add_months_042	add_months	2152-08-19
CASE	f3_add_months_043	add_months	1838-07-05
CASE	f3_add_months_044	add_months	1694-06-07
CASE	f3_add_months_045	add_months	1515-01-23
CASE	f3_add_months_046	add_months	1757-11-04
CASE	f3_add_months_047	add_months	1557-09-28
CASE	f3_add_months_048	add_months	1771-06-15
CASE	f3_add_months_049	add_months	1672-09-29
CASE	f3_clamp_jan31_plus1	add_months	2024-02-29
CASE	f3_clamp_may31_plus1	add_months	2024-06-30
CASE	f3_clamp_feb29_plus12	add_months	2025-02-28
CASE	f3_clamp_feb29_minus12	add_months	2023-02-28
CASE	f3_clamp_dec31_plus1	add_months	2025-01-31
CASE	f3_clamp_dec31_plus2	add_months	2025-02-28
CASE	f3_clamp_dec31_plus3	add_months	2025-03-31
CASE	f3_clamp_dec31_plus4	add_months	2025-04-30
CASE	f3_clamp_dec31_plus5	add_months	2025-05-31
CASE	f3_clamp_dec31_plus6	add_months	2025-06-30
CASE	f3_clamp_dec31_plus7	add_months	2025-07-31
CASE	f3_clamp_dec31_plus8	add_months	2025-08-31
CASE	f3_clamp_dec31_plus9	add_months	2025-09-30
CASE	f3_clamp_dec31_plus10	add_months	2025-10-31
CASE	f3_clamp_dec31_plus11	add_months	2025-11-30
CASE	f3_clamp_dec31_plus12	add_months	2025-12-31
CASE	f3_clamp_dec31_plus13	add_months	2026-01-31
CASE	f3_clamp_dec31_plus14	add_months	2026-02-28
CASE	f3_clamp_dec31_plus15	add_months	2026-03-31
CASE	f3_clamp_dec31_plus16	add_months	2026-04-30
CASE	f3_clamp_dec31_plus17	add_months	2026-05-31
CASE	f3_clamp_dec31_plus18	add_months	2026-06-30
CASE	f3_clamp_dec31_plus19	add_months	2026-07-31
CASE	f3_clamp_dec31_plus20	add_months	2026-08-31
CASE	f3_clamp_dec31_plus21	add_months	2026-09-30
CASE	f3_clamp_dec31_plus22	add_months	2026-10-31
CASE	f3_clamp_dec31_plus23	add_months	2026-11-30
CASE	f3_clamp_dec31_plus24	add_months	2026-12-31
CASE	f3_path_000	path_vs_direct	path=2002-10-18|direct=2002-10-18
CASE	f3_path_001	path_vs_direct	path=1740-07-09|direct=1740-07-09
CASE	f3_path_002	path_vs_direct	path=1826-09-28|direct=1826-09-28
CASE	f3_path_003	path_vs_direct	path=2064-03-02|direct=2064-03-02
CASE	f3_path_004	path_vs_direct	path=1708-11-21|direct=1708-11-21
CASE	f3_path_005	path_vs_direct	path=2037-12-12|direct=2037-12-12
CASE	f3_path_006	path_vs_direct	path=1938-08-20|direct=1938-08-20
CASE	f3_path_007	path_vs_direct	path=1723-10-13|direct=1723-10-13
CASE	f3_path_008	path_vs_direct	path=2352-10-10|direct=2352-10-10
CASE	f3_path_009	path_vs_direct	path=2237-11-22|direct=2237-11-22
CASE	f3_path_010	path_vs_direct	path=1787-04-20|direct=1787-04-20
CASE	f3_path_011	path_vs_direct	path=2376-11-28|direct=2376-11-28
CASE	f3_path_012	path_vs_direct	path=1785-02-28|direct=1785-02-28
CASE	f3_path_013	path_vs_direct	path=2145-06-16|direct=2145-06-16
CASE	f3_path_014	path_vs_direct	path=2321-04-13|direct=2321-04-13
CASE	f3_path_015	path_vs_direct	path=2203-07-11|direct=2203-07-11
CASE	f3_path_016	path_vs_direct	path=2097-03-21|direct=2097-03-21
CASE	f3_path_017	path_vs_direct	path=2111-03-10|direct=2111-03-10
CASE	f3_path_018	path_vs_direct	path=2158-04-30|direct=2158-04-30
CASE	f3_path_019	path_vs_direct	path=2232-03-28|direct=2232-03-28
CASE	f3_path_020	path_vs_direct	path=2267-10-17|direct=2267-10-17
CASE	f3_path_021	path_vs_direct	path=1770-12-22|direct=1770-12-22
CASE	f3_path_022	path_vs_direct	path=1685-07-02|direct=1685-07-02
CASE	f3_path_023	path_vs_direct	path=2307-01-03|direct=2307-01-03
CASE	f3_path_024	path_vs_direct	path=2170-12-05|direct=2170-12-05
CASE	f3_path_025	path_vs_direct	path=1983-01-17|direct=1983-01-17
CASE	f3_path_026	path_vs_direct	path=1896-11-17|direct=1896-11-17
CASE	f3_path_027	path_vs_direct	path=1661-04-19|direct=1661-04-19
CASE	f3_path_028	path_vs_direct	path=2152-08-23|direct=2152-08-23
CASE	f3_path_029	path_vs_direct	path=1738-09-08|direct=1738-09-08
CASE	diff_days_000	diff_days_antisymmetry	true
CASE	diff_days_001	diff_days_antisymmetry	true
CASE	diff_days_002	diff_days_antisymmetry	true
CASE	diff_days_003	diff_days_antisymmetry	true
CASE	diff_days_004	diff_days_antisymmetry	true
CASE	diff_days_005	diff_days_antisymmetry	true
CASE	diff_days_006	diff_days_antisymmetry	true
CASE	diff_days_007	diff_days_antisymmetry	true
CASE	diff_days_008	diff_days_antisymmetry	true
CASE	diff_days_009	diff_days_antisymmetry	true
CASE	diff_days_010	diff_days_antisymmetry	true
CASE	diff_days_011	diff_days_antisymmetry	true
CASE	diff_days_012	diff_days_antisymmetry	true
CASE	diff_days_013	diff_days_antisymmetry	true
CASE	diff_days_014	diff_days_antisymmetry	true
CASE	diff_days_015	diff_days_antisymmetry	true
CASE	diff_days_016	diff_days_antisymmetry	true
CASE	diff_days_017	diff_days_antisymmetry	true
CASE	diff_days_018	diff_days_antisymmetry	true
CASE	diff_days_019	diff_days_antisymmetry	true
CASE	diff_days_020	diff_days_antisymmetry	true
CASE	diff_days_021	diff_days_antisymmetry	true
CASE	diff_days_022	diff_days_antisymmetry	true
CASE	diff_days_023	diff_days_antisymmetry	true
CASE	diff_days_024	diff_days_antisymmetry	true
CASE	diff_days_025	diff_days_antisymmetry	true
CASE	diff_days_026	diff_days_antisymmetry	true
CASE	diff_days_027	diff_days_antisymmetry	true
CASE	diff_days_028	diff_days_antisymmetry	true
CASE	diff_days_029	diff_days_antisymmetry	true
CASE	diff_days_030	diff_days_antisymmetry	true
CASE	diff_days_031	diff_days_antisymmetry	true
CASE	diff_days_032	diff_days_antisymmetry	true
CASE	diff_days_033	diff_days_antisymmetry	true
CASE	diff_days_034	diff_days_antisymmetry	true
CASE	diff_days_035	diff_days_antisymmetry	true
CASE	diff_days_036	diff_days_antisymmetry	true
CASE	diff_days_037	diff_days_antisymmetry	true
CASE	diff_days_038	diff_days_antisymmetry	true
CASE	diff_days_039	diff_days_antisymmetry	true
CASE	add_days_000	add_days_composition	true
CASE	add_days_001	add_days_composition	true
CASE	add_days_002	add_days_composition	true
CASE	add_days_003	add_days_composition	true
CASE	add_days_004	add_days_composition	true
CASE	add_days_005	add_days_composition	true
CASE	add_days_006	add_days_composition	true
CASE	add_days_007	add_days_composition	true
CASE	add_days_008	add_days_composition	true
CASE	add_days_009	add_days_composition	true
CASE	add_days_010	add_days_composition	true
CASE	add_days_011	add_days_composition	true
CASE	add_days_012	add_days_composition	true
CASE	add_days_013	add_days_composition	true
CASE	add_days_014	add_days_composition	true
CASE	add_days_015	add_days_composition	true
CASE	add_days_016	add_days_composition	true
CASE	add_days_017	add_days_composition	true
CASE	add_days_018	add_days_composition	true
CASE	add_days_019	add_days_composition	true
CASE	add_days_020	add_days_composition	true
CASE	add_days_021	add_days_composition	true
CASE	add_days_022	add_days_composition	true
CASE	add_days_023	add_days_composition	true
CASE	add_days_024	add_days_composition	true
CASE	add_days_025	add_days_composition	true
CASE	add_days_026	add_days_composition	true
CASE	add_days_027	add_days_composition	true
CASE	add_days_028	add_days_composition	true
CASE	add_days_029	add_days_composition	true
CASE	add_days_030	add_days_composition	true
CASE	add_days_031	add_days_composition	true
CASE	add_days_032	add_days_composition	true
CASE	add_days_033	add_days_composition	true
CASE	add_days_034	add_days_composition	true
CASE	add_days_035	add_days_composition	true
CASE	add_days_036	add_days_composition	true
CASE	add_days_037	add_days_composition	true
CASE	add_days_038	add_days_composition	true
CASE	add_days_039	add_days_composition	true
CASE	add_days_040	add_days_composition	true
CASE	add_days_041	add_days_composition	true
CASE	add_days_042	add_days_composition	true
CASE	add_days_043	add_days_composition	true
CASE	add_days_044	add_days_composition	true
CASE	add_days_045	add_days_composition	true
CASE	add_days_046	add_days_composition	true
CASE	add_days_047	add_days_composition	true
CASE	add_days_048	add_days_composition	true
CASE	add_days_049	add_days_composition	true
CASE	add_days_050	add_days_composition	true
CASE	add_days_051	add_days_composition	true
CASE	add_days_052	add_days_composition	true
CASE	add_days_053	add_days_composition	true
CASE	add_days_054	add_days_composition	true
CASE	add_days_055	add_days_composition	true
CASE	add_days_056	add_days_composition	true
CASE	add_days_057	add_days_composition	true
CASE	add_days_058	add_days_composition	true
CASE	add_days_059	add_days_composition	true
CASE	clamp_000	add_months_clamping	true
CASE	clamp_001	add_months_clamping	true
CASE	clamp_002	add_months_clamping	true
CASE	clamp_003	add_months_clamping	true
CASE	clamp_004	add_months_clamping	true
CASE	clamp_005	add_months_clamping	true
CASE	clamp_006	add_months_clamping	true
CASE	clamp_007	add_months_clamping	true
CASE	clamp_008	add_months_clamping	true
CASE	clamp_009	add_months_clamping	true
CASE	clamp_010	add_months_clamping	true
CASE	clamp_011	add_months_clamping	true
CASE	clamp_012	add_months_clamping	true
CASE	clamp_013	add_months_clamping	true
CASE	clamp_014	add_months_clamping	true
CASE	clamp_015	add_months_clamping	true
CASE	clamp_016	add_months_clamping	true
CASE	clamp_017	add_months_clamping	true
CASE	clamp_018	add_months_clamping	true
CASE	clamp_019	add_months_clamping	true
CASE	clamp_020	add_months_clamping	true
CASE	clamp_021	add_months_clamping	true
CASE	clamp_022	add_months_clamping	true
CASE	clamp_023	add_months_clamping	true
CASE	clamp_024	add_months_clamping	true
CASE	clamp_025	add_months_clamping	true
CASE	clamp_026	add_months_clamping	true
CASE	clamp_027	add_months_clamping	true
