CASE	f4_Europe_London_t0_-3600	view_format	2026-03-29 00:00:00 Europe/London +00:00
CASE	f4_Europe_London_t0_-3600	view_offset	0
CASE	f4_Europe_London_t0_-3600	view_dst	false
CASE	f4_Europe_London_t0_-1	view_format	2026-03-29 00:59:59 Europe/London +00:00
CASE	f4_Europe_London_t0_-1	view_offset	0
CASE	f4_Europe_London_t0_-1	view_dst	false
CASE	f4_Europe_London_t0_+0	view_format	2026-03-29 02:00:00 Europe/London +01:00
CASE	f4_Europe_London_t0_+0	view_offset	3600
CASE	f4_Europe_London_t0_+0	view_dst	true
CASE	f4_Europe_London_t0_+1	view_format	2026-03-29 02:00:01 Europe/London +01:00
CASE	f4_Europe_London_t0_+1	view_offset	3600
CASE	f4_Europe_London_t0_+1	view_dst	true
CASE	f4_Europe_London_t0_+3600	view_format	2026-03-29 03:00:00 Europe/London +01:00
CASE	f4_Europe_London_t0_+3600	view_offset	3600
CASE	f4_Europe_London_t0_+3600	view_dst	true
CASE	f4_Europe_London_t1_-3600	view_format	2026-10-25 01:00:00 Europe/London +01:00
CASE	f4_Europe_London_t1_-3600	view_offset	3600
CASE	f4_Europe_London_t1_-3600	view_dst	true
CASE	f4_Europe_London_t1_-1	view_format	2026-10-25 01:59:59 Europe/London +01:00
CASE	f4_Europe_London_t1_-1	view_offset	3600
CASE	f4_Europe_London_t1_-1	view_dst	true
CASE	f4_Europe_London_t1_+0	view_format	2026-10-25 01:00:00 Europe/London +00:00
CASE	f4_Europe_London_t1_+0	view_offset	0
CASE	f4_Europe_London_t1_+0	view_dst	false
CASE	f4_Europe_London_t1_+1	view_format	2026-10-25 01:00:01 Europe/London +00:00
CASE	f4_Europe_London_t1_+1	view_offset	0
CASE	f4_Europe_London_t1_+1	view_dst	false
CASE	f4_Europe_London_t1_+3600	view_format	2026-10-25 02:00:00 Europe/London +00:00
CASE	f4_Europe_London_t1_+3600	view_offset	0
CASE	f4_Europe_London_t1_+3600	view_dst	false
CASE	f4_Europe_London_midyear	view_format	2026-06-01 01:00:00 Europe/London +01:00
CASE	f4_Europe_London_midyear	view_offset	3600
CASE	f4_Europe_London_midyear	view_dst	true
CASE	f4_Europe_London_pre1970	view_format	1966-02-02 02:26:51 Europe/London +00:00
CASE	f4_Europe_London_pre1970	view_offset	0
CASE	f4_Europe_London_pre1970	view_dst	false
CASE	f4_America_New_York_t0_-3600	view_format	2026-03-08 01:00:00 America/New_York -05:00
CASE	f4_America_New_York_t0_-3600	view_offset	-18000
CASE	f4_America_New_York_t0_-3600	view_dst	false
CASE	f4_America_New_York_t0_-1	view_format	2026-03-08 01:59:59 America/New_York -05:00
CASE	f4_America_New_York_t0_-1	view_offset	-18000
CASE	f4_America_New_York_t0_-1	view_dst	false
CASE	f4_America_New_York_t0_+0	view_format	2026-03-08 03:00:00 America/New_York -04:00
CASE	f4_America_New_York_t0_+0	view_offset	-14400
CASE	f4_America_New_York_t0_+0	view_dst	true
CASE	f4_America_New_York_t0_+1	view_format	2026-03-08 03:00:01 America/New_York -04:00
CASE	f4_America_New_York_t0_+1	view_offset	-14400
CASE	f4_America_New_York_t0_+1	view_dst	true
CASE	f4_America_New_York_t0_+3600	view_format	2026-03-08 04:00:00 America/New_York -04:00
CASE	f4_America_New_York_t0_+3600	view_offset	-14400
CASE	f4_America_New_York_t0_+3600	view_dst	true
CASE	f4_America_New_York_t1_-3600	view_format	2026-11-01 01:00:00 America/New_York -04:00
CASE	f4_America_New_York_t1_-3600	view_offset	-14400
CASE	f4_America_New_York_t1_-3600	view_dst	true
CASE	f4_America_New_York_t1_-1	view_format	2026-11-01 01:59:59 America/New_York -04:00
CASE	f4_America_New_York_t1_-1	view_offset	-14400
CASE	f4_America_New_York_t1_-1	view_dst	true
CASE	f4_America_New_York_t1_+0	view_format	2026-11-01 01:00:00 America/New_York -05:00
CASE	f4_America_New_York_t1_+0	view_offset	-18000
CASE	f4_America_New_York_t1_+0	view_dst	false
CASE	f4_America_New_York_t1_+1	view_format	2026-11-01 01:00:01 America/New_York -05:00
CASE	f4_America_New_York_t1_+1	view_offset	-18000
CASE	f4_America_New_York_t1_+1	view_dst	false
CASE	f4_America_New_York_t1_+3600	view_format	2026-11-01 02:00:00 America/New_York -05:00
CASE	f4_America_New_York_t1_+3600	view_offset	-18000
CASE	f4_America_New_York_t1_+3600	view_dst	false
CASE	f4_America_New_York_midyear	view_format	2026-05-31 20:00:00 America/New_York -04:00
CASE	f4_America_New_York_midyear	view_offset	-14400
CASE	f4_America_New_York_midyear	view_dst	true
CASE	f4_America_New_York_pre1970	view_format	1966-02-01 21:26:51 America/New_York -05:00
CASE	f4_America_New_York_pre1970	view_offset	-18000
CASE	f4_America_New_York_pre1970	view_dst	false
CASE	f4_Australia_Lord_Howe_t0_-3600	view_format	2026-04-05 01:00:00 Australia/Lord_Howe +11:00
CASE	f4_Australia_Lord_Howe_t0_-3600	view_offset	39600
CASE	f4_Australia_Lord_Howe_t0_-3600	view_dst	true
CASE	f4_Australia_Lord_Howe_t0_-1	view_format	2026-04-05 01:59:59 Australia/Lord_Howe +11:00
CASE	f4_Australia_Lord_Howe_t0_-1	view_offset	39600
CASE	f4_Australia_Lord_Howe_t0_-1	view_dst	true
CASE	f4_Australia_Lord_Howe_t0_+0	view_format	2026-04-05 01:30:00 Australia/Lord_Howe +10:30
CASE	f4_Australia_Lord_Howe_t0_+0	view_offset	37800
CASE	f4_Australia_Lord_Howe_t0_+0	view_dst	false
CASE	f4_Australia_Lord_Howe_t0_+1	view_format	2026-04-05 01:30:01 Australia/Lord_Howe +10:30
CASE	f4_Australia_Lord_Howe_t0_+1	view_offset	37800
CASE	f4_Australia_Lord_Howe_t0_+1	view_dst	false
CASE	f4_Australia_Lord_Howe_t0_+3600	view_format	2026-04-05 02:30:00 Australia/Lord_Howe +10:30
CASE	f4_Australia_Lord_Howe_t0_+3600	view_offset	37800
CASE	f4_Australia_Lord_Howe_t0_+3600	view_dst	false
CASE	f4_Australia_Lord_Howe_t1_-3600	view_format	2026-10-04 01:00:00 Australia/Lord_Howe +10:30
CASE	f4_Australia_Lord_Howe_t1_-3600	view_offset	37800
CASE	f4_Australia_Lord_Howe_t1_-3600	view_dst	false
CASE	f4_Australia_Lord_Howe_t1_-1	view_format	2026-10-04 01:59:59 Australia/Lord_Howe +10:30
CASE	f4_Australia_Lord_Howe_t1_-1	view_offset	37800
CASE	f4_Australia_Lord_Howe_t1_-1	view_dst	false
CASE	f4_Australia_Lord_Howe_t1_+0	view_format	2026-10-04 02:30:00 Australia/Lord_Howe +11:00
CASE	f4_Australia_Lord_Howe_t1_+0	view_offset	39600
CASE	f4_Australia_Lord_Howe_t1_+0	view_dst	true
CASE	f4_Australia_Lord_Howe_t1_+1	view_format	2026-10-04 02:30:01 Australia/Lord_Howe +11:00
CASE	f4_Australia_Lord_Howe_t1_+1	view_offset	39600
CASE	f4_Australia_Lord_Howe_t1_+1	view_dst	true
CASE	f4_Australia_Lord_Howe_t1_+3600	view_format	2026-10-04 03:30:00 Australia/Lord_Howe +11:00
CASE	f4_Australia_Lord_Howe_t1_+3600	view_offset	39600
CASE	f4_Australia_Lord_Howe_t1_+3600	view_dst	true
CASE	f4_Australia_Lord_Howe_midyear	view_format	2026-06-01 10:30:00 Australia/Lord_Howe +10:30
CASE	f4_Australia_Lord_Howe_midyear	view_offset	37800
CASE	f4_Australia_Lord_Howe_midyear	view_dst	false
CASE	f4_Australia_Lord_Howe_pre1970	view_format	1966-02-02 12:26:51 Australia/Lord_Howe +10:00
CASE	f4_Australia_Lord_Howe_pre1970	view_offset	36000
CASE	f4_Australia_Lord_Howe_pre1970	view_dst	false
CASE	f4_Asia_Kathmandu_midyear	view_format	2026-06-01 05:45:00 Asia/Kathmandu +05:45
CASE	f4_Asia_Kathmandu_midyear	view_offset	20700
CASE	f4_Asia_Kathmandu_midyear	view_dst	false
CASE	f4_Asia_Kathmandu_pre1970	view_format	1966-02-02 07:56:51 Asia/Kathmandu +05:30
CASE	f4_Asia_Kathmandu_pre1970	view_offset	19800
CASE	f4_Asia_Kathmandu_pre1970	view_dst	false
CASE	f4_Pacific_Apia_midyear	view_format	2026-06-01 13:00:00 Pacific/Apia +13:00
CASE	f4_Pacific_Apia_midyear	view_offset	46800
CASE	f4_Pacific_Apia_midyear	view_dst	false
CASE	f4_Pacific_Apia_pre1970	view_format	1966-02-01 15:26:51 Pacific/Apia -11:00
CASE	f4_Pacific_Apia_pre1970	view_offset	-39600
CASE	f4_Pacific_Apia_pre1970	view_dst	false
CASE	f4_Pacific_Chatham_t0_-3600	view_format	2026-04-05 02:45:00 Pacific/Chatham +13:45
CASE	f4_Pacific_Chatham_t0_-3600	view_offset	49500
CASE	f4_Pacific_Chatham_t0_-3600	view_dst	true
CASE	f4_Pacific_Chatham_t0_-1	view_format	2026-04-05 03:44:59 Pacific/Chatham +13:45
CASE	f4_Pacific_Chatham_t0_-1	view_offset	49500
CASE	f4_Pacific_Chatham_t0_-1	view_dst	true
CASE	f4_Pacific_Chatham_t0_+0	view_format	2026-04-05 02:45:00 Pacific/Chatham +12:45
CASE	f4_Pacific_Chatham_t0_+0	view_offset	45900
CASE	f4_Pacific_Chatham_t0_+0	view_dst	false
CASE	f4_Pacific_Chatham_t0_+1	view_format	2026-04-05 02:45:01 Pacific/Chatham +12:45
CASE	f4_Pacific_Chatham_t0_+1	view_offset	45900
CASE	f4_Pacific_Chatham_t0_+1	view_dst	false
CASE	f4_Pacific_Chatham_t0_+3600	view_format	2026-04-05 03:45:00 Pacific/Chatham +12:45
CASE	f4_Pacific_Chatham_t0_+3600	view_offset	45900
CASE	f4_Pacific_Chatham_t0_+3600	view_dst	false
CASE	f4_Pacific_Chatham_t1_-3600	view_format	2026-09-27 01:45:00 Pacific/Chatham +12:45
CASE	f4_Pacific_Chatham_t1_-3600	view_offset	45900
CASE	f4_Pacific_Chatham_t1_-3600	view_dst	false
CASE	f4_Pacific_Chatham_t1_-1	view_format	2026-09-27 02:44:59 Pacific/Chatham +12:45
CASE	f4_Pacific_Chatham_t1_-1	view_offset	45900
CASE	f4_Pacific_Chatham_t1_-1	view_dst	false
CASE	f4_Pacific_Chatham_t1_+0	view_format	2026-09-27 03:45:00 Pacific/Chatham +13:45
CASE	f4_Pacific_Chatham_t1_+0	view_offset	49500
CASE	f4_Pacific_Chatham_t1_+0	view_dst	true
CASE	f4_Pacific_Chatham_t1_+1	view_format	2026-09-27 03:45:01 Pacific/Chatham +13:45
CASE	f4_Pacific_Chatham_t1_+1	view_offset	49500
CASE	f4_Pacific_Chatham_t1_+1	view_dst	true
CASE	f4_Pacific_Chatham_t1_+3600	view_format	2026-09-27 04:45:00 Pacific/Chatham +13:45
CASE	f4_Pacific_Chatham_t1_+3600	view_offset	49500
CASE	f4_Pacific_Chatham_t1_+3600	view_dst	true
CASE	f4_Pacific_Chatham_midyear	view_format	2026-06-01 12:45:00 Pacific/Chatham +12:45
CASE	f4_Pacific_Chatham_midyear	view_offset	45900
CASE	f4_Pacific_Chatham_midyear	view_dst	false
CASE	f4_Pacific_Chatham_pre1970	view_format	1966-02-02 15:11:51 Pacific/Chatham +12:45
CASE	f4_Pacific_Chatham_pre1970	view_offset	45900
CASE	f4_Pacific_Chatham_pre1970	view_dst	false
CASE	f4_Africa_Casablanca_t0_-3600	view_format	2026-02-15 02:00:00 Africa/Casablanca +01:00
CASE	f4_Africa_Casablanca_t0_-3600	view_offset	3600
CASE	f4_Africa_Casablanca_t0_-3600	view_dst	false
CASE	f4_Africa_Casablanca_t0_-1	view_format	2026-02-15 02:59:59 Africa/Casablanca +01:00
CASE	f4_Africa_Casablanca_t0_-1	view_offset	3600
CASE	f4_Africa_Casablanca_t0_-1	view_dst	false
CASE	f4_Africa_Casablanca_t0_+0	view_format	2026-02-15 02:00:00 Africa/Casablanca +00:00
CASE	f4_Africa_Casablanca_t0_+0	view_offset	0
CASE	f4_Africa_Casablanca_t0_+0	view_dst	true
CASE	f4_Africa_Casablanca_t0_+1	view_format	2026-02-15 02:00:01 Africa/Casablanca +00:00
CASE	f4_Africa_Casablanca_t0_+1	view_offset	0
CASE	f4_Africa_Casablanca_t0_+1	view_dst	true
CASE	f4_Africa_Casablanca_t0_+3600	view_format	2026-02-15 03:00:00 Africa/Casablanca +00:00
CASE	f4_Africa_Casablanca_t0_+3600	view_offset	0
CASE	f4_Africa_Casablanca_t0_+3600	view_dst	true
CASE	f4_Africa_Casablanca_t1_-3600	view_format	2026-03-22 01:00:00 Africa/Casablanca +00:00
CASE	f4_Africa_Casablanca_t1_-3600	view_offset	0
CASE	f4_Africa_Casablanca_t1_-3600	view_dst	true
CASE	f4_Africa_Casablanca_t1_-1	view_format	2026-03-22 01:59:59 Africa/Casablanca +00:00
CASE	f4_Africa_Casablanca_t1_-1	view_offset	0
CASE	f4_Africa_Casablanca_t1_-1	view_dst	true
CASE	f4_Africa_Casablanca_t1_+0	view_format	2026-03-22 03:00:00 Africa/Casablanca +01:00
CASE	f4_Africa_Casablanca_t1_+0	view_offset	3600
CASE	f4_Africa_Casablanca_t1_+0	view_dst	false
CASE	f4_Africa_Casablanca_t1_+1	view_format	2026-03-22 03:00:01 Africa/Casablanca +01:00
CASE	f4_Africa_Casablanca_t1_+1	view_offset	3600
CASE	f4_Africa_Casablanca_t1_+1	view_dst	false
CASE	f4_Africa_Casablanca_t1_+3600	view_format	2026-03-22 04:00:00 Africa/Casablanca +01:00
CASE	f4_Africa_Casablanca_t1_+3600	view_offset	3600
CASE	f4_Africa_Casablanca_t1_+3600	view_dst	false
CASE	f4_Africa_Casablanca_midyear	view_format	2026-06-01 01:00:00 Africa/Casablanca +01:00
CASE	f4_Africa_Casablanca_midyear	view_offset	3600
CASE	f4_Africa_Casablanca_midyear	view_dst	false
CASE	f4_Africa_Casablanca_pre1970	view_format	1966-02-02 02:26:51 Africa/Casablanca +00:00
CASE	f4_Africa_Casablanca_pre1970	view_offset	0
CASE	f4_Africa_Casablanca_pre1970	view_dst	false
CASE	f4_America_Sao_Paulo_midyear	view_format	2026-05-31 21:00:00 America/Sao_Paulo -03:00
CASE	f4_America_Sao_Paulo_midyear	view_offset	-10800
CASE	f4_America_Sao_Paulo_midyear	view_dst	false
CASE	f4_America_Sao_Paulo_pre1970	view_format	1966-02-02 00:26:51 America/Sao_Paulo -02:00
CASE	f4_America_Sao_Paulo_pre1970	view_offset	-7200
CASE	f4_America_Sao_Paulo_pre1970	view_dst	true
CASE	f4_America_Sao_Paulo_historical	view_format	2018-11-04 01:00:00 America/Sao_Paulo -02:00
CASE	f4_America_Sao_Paulo_historical	view_offset	-7200
CASE	f4_America_Sao_Paulo_historical	view_dst	true
CASE	f4_Asia_Tehran_midyear	view_format	2026-06-01 03:30:00 Asia/Tehran +03:30
CASE	f4_Asia_Tehran_midyear	view_offset	12600
CASE	f4_Asia_Tehran_midyear	view_dst	false
CASE	f4_Asia_Tehran_pre1970	view_format	1966-02-02 05:56:51 Asia/Tehran +03:30
CASE	f4_Asia_Tehran_pre1970	view_offset	12600
CASE	f4_Asia_Tehran_pre1970	view_dst	false
CASE	f4_UTC_midyear	view_format	2026-06-01 00:00:00 UTC +00:00
CASE	f4_UTC_midyear	view_offset	0
CASE	f4_UTC_midyear	view_dst	false
CASE	f4_UTC_pre1970	view_format	1966-02-02 02:26:51 UTC +00:00
CASE	f4_UTC_pre1970	view_offset	0
CASE	f4_UTC_pre1970	view_dst	false
CASE	f4_Pacific_Apia_skipped_day	skipped_format	2011-12-31 12:00:00 Pacific/Apia +14:00
CASE	f4_Pacific_Apia_skipped_day	skipped_offset	50400
CASE	f4_Pacific_Apia_skipped_day	skipped_dst	true
CASE	f6_Europe_London_0	duration_format	2026-03-30 01:00:00 Europe/London +01:00
CASE	f6_Europe_London_0	duration_utc_ms	1774828800000
CASE	f6_Europe_London_0	duration_offset	3600
CASE	f6_Europe_London_0	duration_dst	true
CASE	f6_Europe_London_0	period_format	2026-03-30 00:00:00 Europe/London +01:00
CASE	f6_Europe_London_0	period_utc_ms	1774825200000
CASE	f6_Europe_London_0	period_offset	3600
CASE	f6_Europe_London_0	period_dst	true
CASE	f6_Europe_London_1	duration_format	2026-03-30 03:00:00 Europe/London +01:00
CASE	f6_Europe_London_1	duration_utc_ms	1774836000000
CASE	f6_Europe_London_1	duration_offset	3600
CASE	f6_Europe_London_1	duration_dst	true
CASE	f6_Europe_London_1	period_format	2026-03-30 03:00:00 Europe/London +01:00
CASE	f6_Europe_London_1	period_utc_ms	1774836000000
CASE	f6_Europe_London_1	period_offset	3600
CASE	f6_Europe_London_1	period_dst	true
CASE	f6_Europe_London_2	duration_format	2026-10-26 00:00:00 Europe/London +00:00
CASE	f6_Europe_London_2	duration_utc_ms	1792972800000
CASE	f6_Europe_London_2	duration_offset	0
CASE	f6_Europe_London_2	duration_dst	false
CASE	f6_Europe_London_2	period_format	2026-10-26 01:00:00 Europe/London +00:00
CASE	f6_Europe_London_2	period_utc_ms	1792976400000
CASE	f6_Europe_London_2	period_offset	0
CASE	f6_Europe_London_2	period_dst	false
CASE	f6_Europe_London_ambiguous_fallback	duration_format	2026-10-25 01:29:59 Europe/London +01:00
CASE	f6_Europe_London_ambiguous_fallback	duration_utc_ms	1792888199000
CASE	f6_Europe_London_ambiguous_fallback	duration_offset	3600
CASE	f6_Europe_London_ambiguous_fallback	duration_dst	true
CASE	f6_Europe_London_ambiguous_fallback	period_format	2026-10-25 01:29:59 Europe/London +01:00
CASE	f6_Europe_London_ambiguous_fallback	period_utc_ms	1792888199000
CASE	f6_Europe_London_ambiguous_fallback	period_offset	3600
CASE	f6_Europe_London_ambiguous_fallback	period_dst	true
CASE	f6_Europe_London_ambiguous_fallback	period_candidate_valid	true
CASE	f6_America_New_York_0	duration_format	2026-03-09 02:00:00 America/New_York -04:00
CASE	f6_America_New_York_0	duration_utc_ms	1773036000000
CASE	f6_America_New_York_0	duration_offset	-14400
CASE	f6_America_New_York_0	duration_dst	true
CASE	f6_America_New_York_0	period_format	2026-03-09 01:00:00 America/New_York -04:00
CASE	f6_America_New_York_0	period_utc_ms	1773032400000
CASE	f6_America_New_York_0	period_offset	-14400
CASE	f6_America_New_York_0	period_dst	true
CASE	f6_America_New_York_1	duration_format	2026-03-09 04:00:00 America/New_York -04:00
CASE	f6_America_New_York_1	duration_utc_ms	1773043200000
CASE	f6_America_New_York_1	duration_offset	-14400
CASE	f6_America_New_York_1	duration_dst	true
CASE	f6_America_New_York_1	period_format	2026-03-09 04:00:00 America/New_York -04:00
CASE	f6_America_New_York_1	period_utc_ms	1773043200000
CASE	f6_America_New_York_1	period_offset	-14400
CASE	f6_America_New_York_1	period_dst	true
CASE	f6_America_New_York_2	duration_format	2026-11-02 00:00:00 America/New_York -05:00
CASE	f6_America_New_York_2	duration_utc_ms	1793595600000
CASE	f6_America_New_York_2	duration_offset	-18000
CASE	f6_America_New_York_2	duration_dst	false
CASE	f6_America_New_York_2	period_format	2026-11-02 01:00:00 America/New_York -05:00
CASE	f6_America_New_York_2	period_utc_ms	1793599200000
CASE	f6_America_New_York_2	period_offset	-18000
CASE	f6_America_New_York_2	period_dst	false
CASE	f6_America_New_York_ambiguous_fallback	duration_format	2026-11-01 01:29:59 America/New_York -04:00
CASE	f6_America_New_York_ambiguous_fallback	duration_utc_ms	1793510999000
CASE	f6_America_New_York_ambiguous_fallback	duration_offset	-14400
CASE	f6_America_New_York_ambiguous_fallback	duration_dst	true
CASE	f6_America_New_York_ambiguous_fallback	period_format	2026-11-01 01:29:59 America/New_York -04:00
CASE	f6_America_New_York_ambiguous_fallback	period_utc_ms	1793510999000
CASE	f6_America_New_York_ambiguous_fallback	period_offset	-14400
CASE	f6_America_New_York_ambiguous_fallback	period_dst	true
CASE	f6_America_New_York_ambiguous_fallback	period_candidate_valid	true
CASE	f6_Australia_Lord_Howe_0	duration_format	2026-04-06 00:30:00 Australia/Lord_Howe +10:30
CASE	f6_Australia_Lord_Howe_0	duration_utc_ms	1775397600000
CASE	f6_Australia_Lord_Howe_0	duration_offset	37800
CASE	f6_Australia_Lord_Howe_0	duration_dst	false
CASE	f6_Australia_Lord_Howe_0	period_format	2026-04-06 01:00:00 Australia/Lord_Howe +10:30
CASE	f6_Australia_Lord_Howe_0	period_utc_ms	1775399400000
CASE	f6_Australia_Lord_Howe_0	period_offset	37800
CASE	f6_Australia_Lord_Howe_0	period_dst	false
CASE	f6_Australia_Lord_Howe_1	duration_format	2026-04-06 02:30:00 Australia/Lord_Howe +10:30
CASE	f6_Australia_Lord_Howe_1	duration_utc_ms	1775404800000
CASE	f6_Australia_Lord_Howe_1	duration_offset	37800
CASE	f6_Australia_Lord_Howe_1	duration_dst	false
CASE	f6_Australia_Lord_Howe_1	period_format	2026-04-06 02:30:00 Australia/Lord_Howe +10:30
CASE	f6_Australia_Lord_Howe_1	period_utc_ms	1775404800000
CASE	f6_Australia_Lord_Howe_1	period_offset	37800
CASE	f6_Australia_Lord_Howe_1	period_dst	false
CASE	f6_Australia_Lord_Howe_2	duration_format	2026-10-05 01:30:00 Australia/Lord_Howe +11:00
CASE	f6_Australia_Lord_Howe_2	duration_utc_ms	1791124200000
CASE	f6_Australia_Lord_Howe_2	duration_offset	39600
CASE	f6_Australia_Lord_Howe_2	duration_dst	true
CASE	f6_Australia_Lord_Howe_2	period_format	2026-10-05 01:00:00 Australia/Lord_Howe +11:00
CASE	f6_Australia_Lord_Howe_2	period_utc_ms	1791122400000
CASE	f6_Australia_Lord_Howe_2	period_offset	39600
CASE	f6_Australia_Lord_Howe_2	period_dst	true
CASE	f6_Australia_Lord_Howe_ambiguous_fallback	duration_format	2026-04-05 01:44:59 Australia/Lord_Howe +11:00
CASE	f6_Australia_Lord_Howe_ambiguous_fallback	duration_utc_ms	1775313899000
CASE	f6_Australia_Lord_Howe_ambiguous_fallback	duration_offset	39600
CASE	f6_Australia_Lord_Howe_ambiguous_fallback	duration_dst	true
CASE	f6_Australia_Lord_Howe_ambiguous_fallback	period_format	2026-04-05 01:44:59 Australia/Lord_Howe +11:00
CASE	f6_Australia_Lord_Howe_ambiguous_fallback	period_utc_ms	1775313899000
CASE	f6_Australia_Lord_Howe_ambiguous_fallback	period_offset	39600
CASE	f6_Australia_Lord_Howe_ambiguous_fallback	period_dst	true
CASE	f6_Australia_Lord_Howe_ambiguous_fallback	period_candidate_valid	true
CASE	f6_Pacific_Chatham_0	duration_format	2026-04-06 01:45:00 Pacific/Chatham +12:45
CASE	f6_Pacific_Chatham_0	duration_utc_ms	1775394000000
CASE	f6_Pacific_Chatham_0	duration_offset	45900
CASE	f6_Pacific_Chatham_0	duration_dst	false
CASE	f6_Pacific_Chatham_0	period_format	2026-04-06 02:45:00 Pacific/Chatham +12:45
CASE	f6_Pacific_Chatham_0	period_utc_ms	1775397600000
CASE	f6_Pacific_Chatham_0	period_offset	45900
CASE	f6_Pacific_Chatham_0	period_dst	false
CASE	f6_Pacific_Chatham_1	duration_format	2026-04-06 03:45:00 Pacific/Chatham +12:45
CASE	f6_Pacific_Chatham_1	duration_utc_ms	1775401200000
CASE	f6_Pacific_Chatham_1	duration_offset	45900
CASE	f6_Pacific_Chatham_1	duration_dst	false
CASE	f6_Pacific_Chatham_1	period_format	2026-04-06 03:45:00 Pacific/Chatham +12:45
CASE	f6_Pacific_Chatham_1	period_utc_ms	1775401200000
CASE	f6_Pacific_Chatham_1	period_offset	45900
CASE	f6_Pacific_Chatham_1	period_dst	false
CASE	f6_Pacific_Chatham_2	duration_format	2026-09-28 02:45:00 Pacific/Chatham +13:45
CASE	f6_Pacific_Chatham_2	duration_utc_ms	1790514000000
CASE	f6_Pacific_Chatham_2	duration_offset	49500
CASE	f6_Pacific_Chatham_2	duration_dst	true
CASE	f6_Pacific_Chatham_2	period_format	2026-09-28 01:45:00 Pacific/Chatham +13:45
CASE	f6_Pacific_Chatham_2	period_utc_ms	1790510400000
CASE	f6_Pacific_Chatham_2	period_offset	49500
CASE	f6_Pacific_Chatham_2	period_dst	true
CASE	f6_Pacific_Chatham_ambiguous_fallback	duration_format	2026-04-05 03:14:59 Pacific/Chatham +13:45
CASE	f6_Pacific_Chatham_ambiguous_fallback	duration_utc_ms	1775309399000
CASE	f6_Pacific_Chatham_ambiguous_fallback	duration_offset	49500
CASE	f6_Pacific_Chatham_ambiguous_fallback	duration_dst	true
CASE	f6_Pacific_Chatham_ambiguous_fallback	period_format	2026-04-05 03:14:59 Pacific/Chatham +13:45
CASE	f6_Pacific_Chatham_ambiguous_fallback	period_utc_ms	1775309399000
CASE	f6_Pacific_Chatham_ambiguous_fallback	period_offset	49500
CASE	f6_Pacific_Chatham_ambiguous_fallback	period_dst	true
CASE	f6_Pacific_Chatham_ambiguous_fallback	period_candidate_valid	true
