auto/bare=AutoOwner { value: 1 }
auto/debug=AutoOwner { value: 1 }
auto/pretty=AutoOwner {
  value: 1
}
AutoOwner { value: 1 }
auto/nested=[AutoOwner { value: 1 }]|["k": AutoOwner { value: 1 }]|(tag,value) { tag: "tuple", value: AutoOwner { value: 1 } }
display-only/bare=display-only
display-only/debug=DisplayOnlyOwner { value: 2 }
display-only/pretty=DisplayOnlyOwner {
  value: 2
}
DisplayOnlyOwner { value: 2 }
display-only/nested=[display-only]|[k: display-only]|(tag,value) { tag: tuple, value: display-only }
debug-only/bare=DebugOnlyOwner { value: 3 }
debug-only/debug=debug-only
debug-only/pretty=debug-only
DebugOnlyOwner { value: 3 }
debug-only/nested=[debug-only]|["k": debug-only]|(tag,value) { tag: "tuple", value: debug-only }
display-debug/bare=display-debug-display
display-debug/debug=display-debug-debug
display-debug/pretty=display-debug-debug
DisplayDebugOwner { value: 4 }
display-debug/nested=[display-debug-display]|[k: display-debug-display]|(tag,value) { tag: tuple, value: display-debug-display }
equatable/bare=equatable-display
equatable/debug=EquatableOwner { value: 5 }
equatable/pretty=EquatableOwner {
  value: 5
}
EquatableOwner { value: 5 }
equatable/nested=[equatable-display]|[k: equatable-display]|(tag,value) { tag: tuple, value: equatable-display }
generic/bare=generic-display
generic/debug=generic-debug
generic/pretty=generic-debug
GenericOwner(value: DisplayDebugOwner { value: 4 })
generic/nested=[generic-display]|[k: generic-display]|(tag,value) { tag: tuple, value: generic-display }
enum/bare=enum-display
enum/debug=enum-debug
enum/pretty=enum-debug
Ready
enum/nested=[enum-display]|[k: enum-display]|(tag,value) { tag: tuple, value: enum-display }
unit/bare=unit-display
unit/debug=unit-debug
unit/pretty=unit-debug
UnitOwner {}
unit/nested=[unit-display]|[k: unit-display]|(tag,value) { tag: tuple, value: unit-display }
distinct/bare=9
distinct/debug=9
distinct/pretty=9
9
distinct/nested=[9]|[k: 9]|(tag,value) { tag: tuple, value: 9 }
