NaN/-2: NaN
NaN/0: NaN
NaN/2: NaN
NaN/6: NaN
NaN/9223372036854775807: NaN
positive infinity/-2: inf
positive infinity/0: inf
positive infinity/2: inf
positive infinity/6: inf
positive infinity/9223372036854775807: inf
negative infinity/-2: -inf
negative infinity/0: -inf
negative infinity/2: -inf
negative infinity/6: -inf
negative infinity/9223372036854775807: -inf
zero/0: 0e+00
zero/2: 0.00e+00
negative zero/2: 0.00e+00
positive/0: 1e+00
positive/1: 1.3e+00
positive/2: 1.25e+00
positive/6: 1.250000e+00
negative/0: -1e+00
negative/1: -1.3e+00
negative/2: -1.25e+00
negative/6: -1.250000e+00
small/2: 1.25e-03
negative small/2: -1.25e-03
large/2: 1.25e+05
negative large/2: -1.25e+05
tiny/2: 10.00e-301
huge/2: 1.00e+300
normalization boundary/2: 1.00e+01
rounding carry/2: 10.00e+00
negative precision: 2e+00
negative precision and value: -2e+00
