Org {
  title: "acme"
  note: "a{b}c"
  teams: [
    Team {
      name: "core"
      members: [
        "ada"
        "brian"
        "casey"
      ]
    }
    Team {
      name: "web"
      members: [
        "dana"
      ]
    }
  ]
}
org = Org {
  title: "acme"
  note: "a{b}c"
  teams: [
    Team {
      name: "core"
      members: [
        "ada"
        "brian"
        "casey"
      ]
    }
    Team {
      name: "web"
      members: [
        "dana"
      ]
    }
  ]
}
Org {
  title: "acme"
  note: "a{b}c"
  teams: [
    Team {
      name: "core"
      members: [
        "ada"
        "brian"
        "casey"
      ]
    }
    Team {
      name: "web"
      members: [
        "dana"
      ]
    }
  ]
}
