deflate roundtrip: ok 14 bytes
deflate truncated: Malformed
deflate copy before start: Malformed
deflate fixed repeat: ok 775 bytes
gzip roundtrip: ok 14 bytes
gzip truncated: Malformed
gzip bad crc: Checksum
gzip isize mismatch: Checksum
gzip bad payload: Malformed
zstd roundtrip: ok 14 bytes
zstd truncated: Malformed
zstd bad checksum: Checksum
zstd reference checksum: ok 3 bytes
zstd dictionary: Unsupported
zstd declared output bomb: Unsupported
zip roundtrip: ok 1 entries
zip truncated: Malformed
zip bad crc: Checksum
zip declared output bomb: Unsupported
zip ../ name: Malformed
zip absolute name: Malformed
zip 4096 entries: ok 4096 entries
zip 4097 entries: Unsupported
tar roundtrip: ok 14 bytes
tar bad checksum: Checksum
tar missing end: Malformed
tar ../ name: Malformed
tar 4097 entries: Unsupported
zip create ../ name: Malformed
zip create absolute name: Malformed
tar add ../ name: Malformed
tar add absolute name: Malformed
tar add backslash name: Malformed
