argv [two words]
argv [é ünïcødé ☕]
argv [$HOME]
argv [; echo pwned]
argv [`id`]
argv [a|b > c]
argv [*]
argv [it's]
argv [quote"s]
argv []
run false: success=false code=1 timed_out=false limit=none
run_checked false: I/O error during close `false`: process exited unsuccessfully: code=1, stderr=
run: success=false code=3 out=out err=err
run_checked: I/O error during close `sh`: process exited unsuccessfully: code=3, stderr=err
run_checked stderr bytes kept of 5000: 4096
bounded run: process resource limit exceeded: output
bounded checked: process resource limit exceeded: output
signalled: success=false code=-1 signal=15 exited=false
timeout run: success=false code=-1 timed_out=true limit=hit
timeout checked: I/O error during close `sleep`: process exited unsuccessfully: code=-1, signal=9, stderr=
tree timeout: success=false code=-1 timed_out=true limit=hit
tree descendants alive after timeout: false
streamed lines before break: 3
child after break: timed_out=false alive=false pid_positive=true
