work 33% 1/3
one
work 66% 2/3
two
work 100% 3/3
three
step 1/3
step one
step 2/3
step 3/3
step three
break 1/3
break one
collect 1/3
collect 2/3
collect 3/3
collected 3
skip 1/3
skip 2/3
skip 3/3
skipped 2
filter 1/3
filter 2/3
filter 3/3
filtered 2
unknown ?% 1/?
unknown ?% 2/?
unknown 2
map 1/3
map one
map 2/3
map two
map 3/3
map three
dedup 1/5
dedup 2/5
dedup 3/5
dedup 4/5
dedup 5/5
deduped 3
chunks 1/3
chunks 2/3
chunks 3/3
chunks 2
windows 1/4
windows 2/4
windows 3/4
windows 4/4
windows 2
short-window 1/2
short-window 2/2
short-window 0
flatten 1/3
flatten 2/3
flatten 3/3
flatten 3
intersperse 1/4
intersperse 2/4
intersperse 3/4
intersperse 4/4
intersperse 7
zip 1/3
zip 2/3
zip 3/3
zip 2
take-while 1/4
take-while 2/4
take-while 3/4
take-while 2
skip-while 1/4
skip-while 2/4
skip-while 3/4
skip-while 4/4
skip-while 2
filter-map 1/3
filter-map 2/3
filter-map 3/3
filter-map 2
try-collect 1/3
try-collect 2/3
try-collect stopped
flat-map 1/3
flat-map 2/3
flat-map 3/3
flat-map 3
