base64 canonical Zg==: [102]
base64 missing padding Zg: rejected: invalid Base64 padding; expected the RFC 4648 padding for the final quantum
base64 extra padding Zg===: rejected: invalid Base64 padding; at most two '=' characters may trail the alphabet
base64 interior padding Zg==Zg==: rejected: invalid Base64 padding; '=' may appear only at the end
base64 nonzero trailing bits Zh==: rejected: invalid Base64 encoding; non-zero unused bits
base64 url alphabet -_8=: rejected: invalid Base64 character; expected the selected RFC 4648 alphabet
base64 space: rejected: invalid Base64 character; expected the selected RFC 4648 alphabet
base64 newline: rejected: invalid Base64 character; expected the selected RFC 4648 alphabet
base64 non-ASCII byte: rejected: invalid Base64 character; expected the selected RFC 4648 alphabet
base64 single character: rejected: invalid Base64 length; encoded length cannot represent whole bytes
base64 empty: []
base64url canonical Zg: [102]
base64url padded Zg==: rejected: invalid Base64url padding; '=' is not part of the canonical URL alphabet
base64url standard alphabet +/8: rejected: invalid Base64 character; expected the selected RFC 4648 alphabet
base64url nonzero trailing bits Zh: rejected: invalid Base64 encoding; non-zero unused bits
base32 canonical MY======: [102]
base32 missing padding MY: rejected: invalid Base32 length; canonical Base32 is padded to a multiple of 8 characters
base32 lowercase my======: rejected: invalid Base32 character; expected the selected RFC 4648 alphabet
base32 nonzero trailing bits MZ======: rejected: invalid Base32 encoding; non-zero unused bits
base32 interior padding: rejected: invalid Base32 padding; '=' may appear only at the end
base32 short padding MY=====: rejected: invalid Base32 length; canonical Base32 is padded to a multiple of 8 characters
base32 empty: []
base32hex canonical CO======: [102]
base32hex standard alphabet MY======: rejected: invalid Base32 character; expected the selected RFC 4648 alphabet
hex canonical 0aFF: [10, 255]
hex odd length abc: rejected: odd-length hex string; hex text encodes whole bytes, so the length must be even
hex bad digit zz: rejected: invalid hex digit; expected 0-9, a-f, or A-F
hex 0x prefix: rejected: invalid hex digit; expected 0-9, a-f, or A-F
hex space: rejected: odd-length hex string; hex text encodes whole bytes, so the length must be even
hex empty: []
n=0: base64 0/0 base64url 0/0 base32 0/0 hex 0/0
n=1: base64 4/4 base64url 2/2 base32 8/8 hex 2/2
n=2: base64 4/4 base64url 3/3 base32 8/8 hex 4/4
n=3: base64 4/4 base64url 4/4 base32 8/8 hex 6/6
n=4: base64 8/8 base64url 6/6 base32 8/8 hex 8/8
n=5: base64 8/8 base64url 7/7 base32 8/8 hex 10/10
n=6: base64 8/8 base64url 8/8 base32 16/16 hex 12/12
n=31: base64 44/44 base64url 42/42 base32 56/56 hex 62/62
n=32: base64 44/44 base64url 43/43 base32 56/56 hex 64/64
n=33: base64 44/44 base64url 44/44 base32 56/56 hex 66/66
pack_u8(255): [255]
pack_u8(256): rejected
pack_u8(-1): rejected
pack_i8(-128): [128]
pack_i8(128): rejected
pack_u16le(255): [255, 0]
pack_u16le(65536): rejected
pack_u32be(0): [0, 0, 0, 0]
pack_u32be(4294967296): rejected
unpack_u32le 3 bytes: null
unpack_u32le 4 bytes: 67305985
unpack_u16be offset -1: null
unpack_u64le 7 bytes: null
sign_extend(255, 8): -1
sign_extend(127, 8): 127
