warning: /home/nate/Projects/Github/jet/Cargo.toml: file `/home/nate/Projects/Github/jet/Source/main.rs` found to be present in multiple build targets:
  * `bin` target `jet`
  * `bin` target `jet-cc`
  * `bin` target `jet-cxx`
   Compiling jet-pkg-model v1.0.0 (/home/nate/Projects/Github/jet/crates/jet-pkg-model)
   Compiling jet v1.0.0 (/home/nate/Projects/Github/jet)
   Compiling jet-driver v1.0.0 (/home/nate/Projects/Github/jet/crates/jet-driver)
   Compiling jet-env-model v1.0.0 (/home/nate/Projects/Github/jet/crates/jet-env-model)
   Compiling jet-jit v1.0.0 (/home/nate/Projects/Github/jet/crates/jet-jit)
   Compiling jet-semindex v0.1.0 (/home/nate/Projects/Github/jet/crates/jet-semindex)
   Compiling jet-repl v1.0.0 (/home/nate/Projects/Github/jet/crates/jet-repl)
   Compiling jet-cli v1.0.0 (/home/nate/Projects/Github/jet/crates/jet-cli)
   Compiling jet-impact v0.1.0 (/home/nate/Projects/Github/jet/crates/jet-impact)
   Compiling jet-debug v1.0.0 (/home/nate/Projects/Github/jet/crates/jet-debug)
   Compiling jet-devserver v1.0.0 (/home/nate/Projects/Github/jet/crates/jet-devserver)
   Compiling jetpack v1.0.0 (/home/nate/Projects/Github/jet/crates/jetpack)
warning: type `JetEncodingAllocationBudget` is more private than the item `CSVReader::allocation`
   --> crates/jet-jit/src/enc_stream/mod.rs:286:13
    |
286 |             pub(crate) allocation: super::JetEncodingAllocationBudget,
    |             ^^^^^^^^^^^^^^^^^^^^^^^^^^^^^^^^^^^^^^^^^^^^^^^^^^^^^^^^^ field `CSVReader::allocation` is reachable at visibility `pub(crate)`
    |
note: but type `JetEncodingAllocationBudget` is only usable at visibility `pub(self)`
   --> crates/jet-jit/src/enc_stream/../../../jet-codegen/src/Prelude/CoreLib/Top/EncodingStream.rs:64:1
    |
 64 | struct JetEncodingAllocationBudget {
    | ^^^^^^^^^^^^^^^^^^^^^^^^^^^^^^^^^^
    = note: `#[warn(private_interfaces)]` on by default

warning: `jet-jit` (lib) generated 1 warning
warning: unused variable: `runtime_bundle`
    --> Source/CmdCompile.rs:7308:5
     |
7308 |     runtime_bundle: Option<&jet::AST::ProgramBundle>,
     |     ^^^^^^^^^^^^^^ help: if this is intentional, prefix it with an underscore: `_runtime_bundle`
     |
     = note: `#[warn(unused_variables)]` (part of `#[warn(unused)]`) on by default

warning: value assigned to `checked_bundle` is never read
   --> Source/CmdInspect.rs:906:34
    |
906 |         let mut checked_bundle = None;
    |                                  ^^^^ this value is reassigned later and never used
...
927 |             checked_bundle = bundle;
    |             -------------- `checked_bundle` is overwritten here before the previous value is read
    |
    = note: `#[warn(unused_assignments)]` (part of `#[warn(unused)]`) on by default

warning: method `rustc_args` is never used
   --> Source/main.rs:423:19
    |
348 | impl ProfileConfig {
    | ------------------ method in this implementation
...
423 |     pub(crate) fn rustc_args(&self, ffi: bool) -> Vec<String> {
    |                   ^^^^^^^^^^
    |
    = note: `#[warn(dead_code)]` (part of `#[warn(unused)]`) on by default

warning: `jet` (bin "jet-cc") generated 3 warnings (1 duplicate) (run `cargo fix --bin "jet-cc" -p jet` to apply 1 suggestion)
warning: `jet` (bin "jet-cxx") generated 3 warnings (2 duplicates)
warning: `jet` (bin "jet") generated 3 warnings (3 duplicates)
    Finished `test` profile [unoptimized + debuginfo] target(s) in 2m 03s
     Running tests/dev_corpus_gate.rs (target/debug/deps/dev_corpus_gate-eba2fc82aea89468)

running 1 test
test example_corpus_strict_jit_aot_differential_gate has been running for over 60 seconds

thread 'jet-compiler' (839570) panicked at crates/jet-codegen/src/Codegen/Items.rs:3389:5:
internal compiler error: codegen reached a construct the typed IR does not cover: the expression `if outcome == {         .Continue(value) -> { print("publish…` at events.jet:19:5, in fn `show_publish` — compiler bug (I2/R7)
note: run with `RUST_BACKTRACE=1` environment variable to display a backtrace

thread 'example_corpus_strict_jit_aot_differential_gate' (821400) panicked at tests/dev_parts/support.rs:4442:5:
corpus gate classification failures:
ui/events: internal compiler error: codegen reached a construct the typed IR does not cover: the expression `if outcome == {         .Continue(value) -> { print("publish…` at events.jet:19:5, in fn `show_publish` — compiler bug (I2/R7)
test example_corpus_strict_jit_aot_differential_gate ... FAILED

failures:

failures:
    example_corpus_strict_jit_aot_differential_gate

test result: FAILED. 0 passed; 1 failed; 0 ignored; 0 measured; 17 filtered out; finished in 310.40s

error: test failed, to rerun pass `-p jet --test dev_corpus_gate`
